nohup: ignoring input
[1] order5big_0002: THEOREM (62.2s)  running={'THEOREM': 1}
[2] order5big_0018: THEOREM (60.6s)  running={'THEOREM': 2}
[3] order5big_0032: THEOREM (60.4s)  running={'THEOREM': 3}
[4] order5big_0047: THEOREM (60.7s)  running={'THEOREM': 4}
[5] order5big_0064: THEOREM (60.3s)  running={'THEOREM': 5}
[6] order5big_0075: THEOREM (62.7s)  running={'THEOREM': 6}
[7] order5big_0094: THEOREM (60.2s)  running={'THEOREM': 7}
[8] order5big_0110: THEOREM (60.3s)  running={'THEOREM': 8}
[9] order5big_0132: THEOREM (60.3s)  running={'THEOREM': 9}
[10] order5big_0157: THEOREM (60.4s)  running={'THEOREM': 10}
[11] order5big_0173: THEOREM (60.2s)  running={'THEOREM': 11}
[12] order5big_0184: THEOREM (60.3s)  running={'THEOREM': 12}
[13] order5big_0203: THEOREM (60.2s)  running={'THEOREM': 13}
[14] order5big_0222: THEOREM (60.3s)  running={'THEOREM': 14}
[15] order5big_0243: THEOREM (60.4s)  running={'THEOREM': 15}
[16] order5big_0258: THEOREM (60.2s)  running={'THEOREM': 16}
[17] order5big_0274: THEOREM (247.4s)  running={'THEOREM': 17}
[18] order5big_0300: THEOREM (60.4s)  running={'THEOREM': 18}
[19] order5big_0316: THEOREM (60.2s)  running={'THEOREM': 19}
[20] order5big_0342: THEOREM (60.2s)  running={'THEOREM': 20}
[21] order5big_0358: HARD_NONLINEAR (120.1s)  running={'THEOREM': 20, 'HARD_NONLINEAR': 1}
[22] order5big_0370: THEOREM (60.2s)  running={'THEOREM': 21, 'HARD_NONLINEAR': 1}
[23] order5big_0393: THEOREM (60.6s)  running={'THEOREM': 22, 'HARD_NONLINEAR': 1}
[24] order5big_0406: THEOREM (60.5s)  running={'THEOREM': 23, 'HARD_NONLINEAR': 1}
[25] order5big_0420: THEOREM (60.1s)  running={'THEOREM': 24, 'HARD_NONLINEAR': 1}
[26] order5big_0440: THEOREM (60.4s)  running={'THEOREM': 25, 'HARD_NONLINEAR': 1}
[27] order5big_0461: THEOREM (60.2s)  running={'THEOREM': 26, 'HARD_NONLINEAR': 1}
[28] order5big_0479: THEOREM (60.5s)  running={'THEOREM': 27, 'HARD_NONLINEAR': 1}
[29] order5big_0495: THEOREM (60.2s)  running={'THEOREM': 28, 'HARD_NONLINEAR': 1}
[30] order5big_0509: THEOREM (214.3s)  running={'THEOREM': 29, 'HARD_NONLINEAR': 1}
[31] order5big_0534: HARD_NONLINEAR (120.1s)  running={'THEOREM': 29, 'HARD_NONLINEAR': 2}
[32] order5big_0557: THEOREM (60.3s)  running={'THEOREM': 30, 'HARD_NONLINEAR': 2}
[33] order5big_0591: THEOREM (0.8s)  running={'THEOREM': 31, 'HARD_NONLINEAR': 2}
[34] order5big_0607: THEOREM (4.3s)  running={'THEOREM': 32, 'HARD_NONLINEAR': 2}
[35] order5big_0634: THEOREM (60.7s)  running={'THEOREM': 33, 'HARD_NONLINEAR': 2}
[36] order5big_0653: THEOREM (60.2s)  running={'THEOREM': 34, 'HARD_NONLINEAR': 2}
[37] order5big_0664: THEOREM (60.2s)  running={'THEOREM': 35, 'HARD_NONLINEAR': 2}
[38] order5big_0677: THEOREM (61.5s)  running={'THEOREM': 36, 'HARD_NONLINEAR': 2}
[39] order5big_0702: THEOREM (15.9s)  running={'THEOREM': 37, 'HARD_NONLINEAR': 2}
[40] order5big_0720: THEOREM (60.2s)  running={'THEOREM': 38, 'HARD_NONLINEAR': 2}
[41] order5big_0736: THEOREM (60.2s)  running={'THEOREM': 39, 'HARD_NONLINEAR': 2}
[42] order5big_0758: THEOREM (60.2s)  running={'THEOREM': 40, 'HARD_NONLINEAR': 2}
[43] order5big_0781: THEOREM (60.2s)  running={'THEOREM': 41, 'HARD_NONLINEAR': 2}
[44] order5big_0803: THEOREM (60.2s)  running={'THEOREM': 42, 'HARD_NONLINEAR': 2}
[45] order5big_0818: THEOREM (60.2s)  running={'THEOREM': 43, 'HARD_NONLINEAR': 2}
[46] order5big_0834: SOLVED_FMB (0.2s)  running={'THEOREM': 43, 'HARD_NONLINEAR': 2, 'SOLVED_FMB': 1}
[47] order5big_0852: THEOREM (60.4s)  running={'THEOREM': 44, 'HARD_NONLINEAR': 2, 'SOLVED_FMB': 1}
[48] order5big_0873: THEOREM (60.5s)  running={'THEOREM': 45, 'HARD_NONLINEAR': 2, 'SOLVED_FMB': 1}
[49] order5big_0898: THEOREM (60.2s)  running={'THEOREM': 46, 'HARD_NONLINEAR': 2, 'SOLVED_FMB': 1}
[50] order5big_0924: THEOREM (60.2s)  running={'THEOREM': 47, 'HARD_NONLINEAR': 2, 'SOLVED_FMB': 1}
[51] order5big_0941: THEOREM (60.2s)  running={'THEOREM': 48, 'HARD_NONLINEAR': 2, 'SOLVED_FMB': 1}
[52] order5big_0975: THEOREM (60.4s)  running={'THEOREM': 49, 'HARD_NONLINEAR': 2, 'SOLVED_FMB': 1}
[53] order5big_1004: THEOREM (60.2s)  running={'THEOREM': 50, 'HARD_NONLINEAR': 2, 'SOLVED_FMB': 1}
[54] order5big_1029: THEOREM (60.5s)  running={'THEOREM': 51, 'HARD_NONLINEAR': 2, 'SOLVED_FMB': 1}
[55] order5big_1042: THEOREM (62.8s)  running={'THEOREM': 52, 'HARD_NONLINEAR': 2, 'SOLVED_FMB': 1}
[56] order5big_1066: THEOREM (60.2s)  running={'THEOREM': 53, 'HARD_NONLINEAR': 2, 'SOLVED_FMB': 1}
[57] order5big_1085: THEOREM (60.2s)  running={'THEOREM': 54, 'HARD_NONLINEAR': 2, 'SOLVED_FMB': 1}
[58] order5big_1106: THEOREM (60.3s)  running={'THEOREM': 55, 'HARD_NONLINEAR': 2, 'SOLVED_FMB': 1}
[59] order5big_1130: THEOREM (60.5s)  running={'THEOREM': 56, 'HARD_NONLINEAR': 2, 'SOLVED_FMB': 1}
[60] order5big_1148: THEOREM (60.5s)  running={'THEOREM': 57, 'HARD_NONLINEAR': 2, 'SOLVED_FMB': 1}
[61] order5big_1165: THEOREM (60.2s)  running={'THEOREM': 58, 'HARD_NONLINEAR': 2, 'SOLVED_FMB': 1}
[62] order5big_1187: THEOREM (62.2s)  running={'THEOREM': 59, 'HARD_NONLINEAR': 2, 'SOLVED_FMB': 1}
[63] order5big_1212: THEOREM (60.2s)  running={'THEOREM': 60, 'HARD_NONLINEAR': 2, 'SOLVED_FMB': 1}
[64] order5big_1229: THEOREM (60.2s)  running={'THEOREM': 61, 'HARD_NONLINEAR': 2, 'SOLVED_FMB': 1}
[65] order5big_1245: THEOREM (60.2s)  running={'THEOREM': 62, 'HARD_NONLINEAR': 2, 'SOLVED_FMB': 1}
[66] order5big_1266: THEOREM (60.2s)  running={'THEOREM': 63, 'HARD_NONLINEAR': 2, 'SOLVED_FMB': 1}
[67] order5big_1297: THEOREM (60.2s)  running={'THEOREM': 64, 'HARD_NONLINEAR': 2, 'SOLVED_FMB': 1}
[68] order5big_1317: THEOREM (60.2s)  running={'THEOREM': 65, 'HARD_NONLINEAR': 2, 'SOLVED_FMB': 1}
[69] order5big_1336: THEOREM (72.9s)  running={'THEOREM': 66, 'HARD_NONLINEAR': 2, 'SOLVED_FMB': 1}
[70] order5big_1360: THEOREM (60.2s)  running={'THEOREM': 67, 'HARD_NONLINEAR': 2, 'SOLVED_FMB': 1}
[71] order5big_1373: THEOREM (60.5s)  running={'THEOREM': 68, 'HARD_NONLINEAR': 2, 'SOLVED_FMB': 1}
[72] order5big_1394: THEOREM (60.2s)  running={'THEOREM': 69, 'HARD_NONLINEAR': 2, 'SOLVED_FMB': 1}
[73] order5big_1405: THEOREM (60.2s)  running={'THEOREM': 70, 'HARD_NONLINEAR': 2, 'SOLVED_FMB': 1}
[74] order5big_1423: THEOREM (63.6s)  running={'THEOREM': 71, 'HARD_NONLINEAR': 2, 'SOLVED_FMB': 1}
[75] order5big_1443: THEOREM (60.5s)  running={'THEOREM': 72, 'HARD_NONLINEAR': 2, 'SOLVED_FMB': 1}
[76] order5big_1471: THEOREM (22.4s)  running={'THEOREM': 73, 'HARD_NONLINEAR': 2, 'SOLVED_FMB': 1}
[77] order5big_1491: THEOREM (60.4s)  running={'THEOREM': 74, 'HARD_NONLINEAR': 2, 'SOLVED_FMB': 1}
[78] order5big_1519: THEOREM (60.7s)  running={'THEOREM': 75, 'HARD_NONLINEAR': 2, 'SOLVED_FMB': 1}
[79] order5big_1540: THEOREM (60.3s)  running={'THEOREM': 76, 'HARD_NONLINEAR': 2, 'SOLVED_FMB': 1}
[80] order5big_1572: THEOREM (60.5s)  running={'THEOREM': 77, 'HARD_NONLINEAR': 2, 'SOLVED_FMB': 1}
[81] order5big_1590: THEOREM (60.2s)  running={'THEOREM': 78, 'HARD_NONLINEAR': 2, 'SOLVED_FMB': 1}
[82] order5big_1601: THEOREM (60.1s)  running={'THEOREM': 79, 'HARD_NONLINEAR': 2, 'SOLVED_FMB': 1}
[83] order5big_1617: THEOREM (60.2s)  running={'THEOREM': 80, 'HARD_NONLINEAR': 2, 'SOLVED_FMB': 1}
[84] order5big_1639: SOLVED_FMB (10.1s)  running={'THEOREM': 80, 'HARD_NONLINEAR': 2, 'SOLVED_FMB': 2}
[85] order5big_1655: THEOREM (60.1s)  running={'THEOREM': 81, 'HARD_NONLINEAR': 2, 'SOLVED_FMB': 2}
[86] order5big_1669: THEOREM (60.1s)  running={'THEOREM': 82, 'HARD_NONLINEAR': 2, 'SOLVED_FMB': 2}
[87] order5big_1695: THEOREM (60.1s)  running={'THEOREM': 83, 'HARD_NONLINEAR': 2, 'SOLVED_FMB': 2}
[88] order5big_1724: THEOREM (60.5s)  running={'THEOREM': 84, 'HARD_NONLINEAR': 2, 'SOLVED_FMB': 2}
[89] order5big_1736: THEOREM (60.3s)  running={'THEOREM': 85, 'HARD_NONLINEAR': 2, 'SOLVED_FMB': 2}
[90] order5big_1751: THEOREM (60.2s)  running={'THEOREM': 86, 'HARD_NONLINEAR': 2, 'SOLVED_FMB': 2}
[91] order5big_1766: THEOREM (60.2s)  running={'THEOREM': 87, 'HARD_NONLINEAR': 2, 'SOLVED_FMB': 2}
[92] order5big_1782: THEOREM (60.3s)  running={'THEOREM': 88, 'HARD_NONLINEAR': 2, 'SOLVED_FMB': 2}
[93] order5big_1797: THEOREM (60.2s)  running={'THEOREM': 89, 'HARD_NONLINEAR': 2, 'SOLVED_FMB': 2}
[94] order5big_1811: THEOREM (60.2s)  running={'THEOREM': 90, 'HARD_NONLINEAR': 2, 'SOLVED_FMB': 2}
[95] order5big_1834: SOLVED_FMB (0.2s)  running={'THEOREM': 90, 'HARD_NONLINEAR': 2, 'SOLVED_FMB': 3}
[96] order5big_1852: THEOREM (60.4s)  running={'THEOREM': 91, 'HARD_NONLINEAR': 2, 'SOLVED_FMB': 3}
[97] order5big_1889: THEOREM (60.2s)  running={'THEOREM': 92, 'HARD_NONLINEAR': 2, 'SOLVED_FMB': 3}
[98] order5big_1907: THEOREM (60.6s)  running={'THEOREM': 93, 'HARD_NONLINEAR': 2, 'SOLVED_FMB': 3}
[99] order5big_1919: THEOREM (60.2s)  running={'THEOREM': 94, 'HARD_NONLINEAR': 2, 'SOLVED_FMB': 3}
[100] order5big_1942: THEOREM (60.5s)  running={'THEOREM': 95, 'HARD_NONLINEAR': 2, 'SOLVED_FMB': 3}
[101] order5big_1958: THEOREM (60.2s)  running={'THEOREM': 96, 'HARD_NONLINEAR': 2, 'SOLVED_FMB': 3}
[102] order5big_1984: THEOREM (60.2s)  running={'THEOREM': 97, 'HARD_NONLINEAR': 2, 'SOLVED_FMB': 3}
[103] order5big_2004: THEOREM (60.2s)  running={'THEOREM': 98, 'HARD_NONLINEAR': 2, 'SOLVED_FMB': 3}
[104] order5big_2024: THEOREM (60.2s)  running={'THEOREM': 99, 'HARD_NONLINEAR': 2, 'SOLVED_FMB': 3}
[105] order5big_2042: THEOREM (60.2s)  running={'THEOREM': 100, 'HARD_NONLINEAR': 2, 'SOLVED_FMB': 3}
[106] order5big_2061: THEOREM (60.2s)  running={'THEOREM': 101, 'HARD_NONLINEAR': 2, 'SOLVED_FMB': 3}
[107] order5big_2079: THEOREM (60.2s)  running={'THEOREM': 102, 'HARD_NONLINEAR': 2, 'SOLVED_FMB': 3}
[108] order5big_2100: THEOREM (60.2s)  running={'THEOREM': 103, 'HARD_NONLINEAR': 2, 'SOLVED_FMB': 3}
[109] order5big_2124: THEOREM (60.6s)  running={'THEOREM': 104, 'HARD_NONLINEAR': 2, 'SOLVED_FMB': 3}
[110] order5big_2138: THEOREM (60.4s)  running={'THEOREM': 105, 'HARD_NONLINEAR': 2, 'SOLVED_FMB': 3}
[111] order5big_2155: THEOREM (60.2s)  running={'THEOREM': 106, 'HARD_NONLINEAR': 2, 'SOLVED_FMB': 3}
[112] order5big_2173: THEOREM (60.2s)  running={'THEOREM': 107, 'HARD_NONLINEAR': 2, 'SOLVED_FMB': 3}
[113] order5big_2192: THEOREM (0.3s)  running={'THEOREM': 108, 'HARD_NONLINEAR': 2, 'SOLVED_FMB': 3}
[114] order5big_2210: THEOREM (60.2s)  running={'THEOREM': 109, 'HARD_NONLINEAR': 2, 'SOLVED_FMB': 3}
[115] order5big_2238: THEOREM (73.2s)  running={'THEOREM': 110, 'HARD_NONLINEAR': 2, 'SOLVED_FMB': 3}
[116] order5big_2255: THEOREM (60.2s)  running={'THEOREM': 111, 'HARD_NONLINEAR': 2, 'SOLVED_FMB': 3}
[117] order5big_2269: THEOREM (60.4s)  running={'THEOREM': 112, 'HARD_NONLINEAR': 2, 'SOLVED_FMB': 3}
[118] order5big_2280: THEOREM (60.2s)  running={'THEOREM': 113, 'HARD_NONLINEAR': 2, 'SOLVED_FMB': 3}
[119] order5big_2299: THEOREM (60.2s)  running={'THEOREM': 114, 'HARD_NONLINEAR': 2, 'SOLVED_FMB': 3}
[120] order5big_2312: THEOREM (60.2s)  running={'THEOREM': 115, 'HARD_NONLINEAR': 2, 'SOLVED_FMB': 3}
[121] order5big_2328: THEOREM (60.2s)  running={'THEOREM': 116, 'HARD_NONLINEAR': 2, 'SOLVED_FMB': 3}
[122] order5big_2342: THEOREM (60.2s)  running={'THEOREM': 117, 'HARD_NONLINEAR': 2, 'SOLVED_FMB': 3}
[123] order5big_2359: THEOREM (60.2s)  running={'THEOREM': 118, 'HARD_NONLINEAR': 2, 'SOLVED_FMB': 3}
[124] order5big_2380: THEOREM (0.3s)  running={'THEOREM': 119, 'HARD_NONLINEAR': 2, 'SOLVED_FMB': 3}
[125] order5big_2397: THEOREM (60.6s)  running={'THEOREM': 120, 'HARD_NONLINEAR': 2, 'SOLVED_FMB': 3}
[126] order5big_2407: THEOREM (60.2s)  running={'THEOREM': 121, 'HARD_NONLINEAR': 2, 'SOLVED_FMB': 3}
[127] order5big_2431: THEOREM (60.2s)  running={'THEOREM': 122, 'HARD_NONLINEAR': 2, 'SOLVED_FMB': 3}
[128] order5big_2451: THEOREM (60.1s)  running={'THEOREM': 123, 'HARD_NONLINEAR': 2, 'SOLVED_FMB': 3}
[129] order5big_2463: THEOREM (60.2s)  running={'THEOREM': 124, 'HARD_NONLINEAR': 2, 'SOLVED_FMB': 3}
[130] order5big_2494: THEOREM (60.2s)  running={'THEOREM': 125, 'HARD_NONLINEAR': 2, 'SOLVED_FMB': 3}
[131] order5big_2513: THEOREM (60.2s)  running={'THEOREM': 126, 'HARD_NONLINEAR': 2, 'SOLVED_FMB': 3}
[132] order5big_2529: THEOREM (60.3s)  running={'THEOREM': 127, 'HARD_NONLINEAR': 2, 'SOLVED_FMB': 3}
[133] order5big_2552: THEOREM (60.2s)  running={'THEOREM': 128, 'HARD_NONLINEAR': 2, 'SOLVED_FMB': 3}
[134] order5big_2576: THEOREM (60.4s)  running={'THEOREM': 129, 'HARD_NONLINEAR': 2, 'SOLVED_FMB': 3}
[135] order5big_2593: THEOREM (60.2s)  running={'THEOREM': 130, 'HARD_NONLINEAR': 2, 'SOLVED_FMB': 3}
[136] order5big_2613: THEOREM (65.5s)  running={'THEOREM': 131, 'HARD_NONLINEAR': 2, 'SOLVED_FMB': 3}
[137] order5big_2635: THEOREM (60.5s)  running={'THEOREM': 132, 'HARD_NONLINEAR': 2, 'SOLVED_FMB': 3}
[138] order5big_2651: THEOREM (60.2s)  running={'THEOREM': 133, 'HARD_NONLINEAR': 2, 'SOLVED_FMB': 3}
[139] order5big_2667: THEOREM (60.2s)  running={'THEOREM': 134, 'HARD_NONLINEAR': 2, 'SOLVED_FMB': 3}
[140] order5big_2682: THEOREM (60.6s)  running={'THEOREM': 135, 'HARD_NONLINEAR': 2, 'SOLVED_FMB': 3}
[141] order5big_2698: THEOREM (60.5s)  running={'THEOREM': 136, 'HARD_NONLINEAR': 2, 'SOLVED_FMB': 3}
[142] order5big_2717: THEOREM (7.7s)  running={'THEOREM': 137, 'HARD_NONLINEAR': 2, 'SOLVED_FMB': 3}
[143] order5big_2736: THEOREM (60.2s)  running={'THEOREM': 138, 'HARD_NONLINEAR': 2, 'SOLVED_FMB': 3}
[144] order5big_2749: THEOREM (60.2s)  running={'THEOREM': 139, 'HARD_NONLINEAR': 2, 'SOLVED_FMB': 3}
[145] order5big_2771: THEOREM (60.2s)  running={'THEOREM': 140, 'HARD_NONLINEAR': 2, 'SOLVED_FMB': 3}
[146] order5big_2786: THEOREM (79.5s)  running={'THEOREM': 141, 'HARD_NONLINEAR': 2, 'SOLVED_FMB': 3}
[147] order5big_2798: THEOREM (60.7s)  running={'THEOREM': 142, 'HARD_NONLINEAR': 2, 'SOLVED_FMB': 3}
[148] order5big_2817: THEOREM (89.1s)  running={'THEOREM': 143, 'HARD_NONLINEAR': 2, 'SOLVED_FMB': 3}
[149] order5big_2834: THEOREM (60.3s)  running={'THEOREM': 144, 'HARD_NONLINEAR': 2, 'SOLVED_FMB': 3}
[150] order5big_2847: THEOREM (60.2s)  running={'THEOREM': 145, 'HARD_NONLINEAR': 2, 'SOLVED_FMB': 3}
[151] order5big_2871: THEOREM (60.2s)  running={'THEOREM': 146, 'HARD_NONLINEAR': 2, 'SOLVED_FMB': 3}
[152] order5big_2892: THEOREM (60.2s)  running={'THEOREM': 147, 'HARD_NONLINEAR': 2, 'SOLVED_FMB': 3}
[153] order5big_2906: THEOREM (60.3s)  running={'THEOREM': 148, 'HARD_NONLINEAR': 2, 'SOLVED_FMB': 3}
[154] order5big_2921: THEOREM (60.2s)  running={'THEOREM': 149, 'HARD_NONLINEAR': 2, 'SOLVED_FMB': 3}
[155] order5big_2939: THEOREM (60.2s)  running={'THEOREM': 150, 'HARD_NONLINEAR': 2, 'SOLVED_FMB': 3}
[156] order5big_2952: THEOREM (60.1s)  running={'THEOREM': 151, 'HARD_NONLINEAR': 2, 'SOLVED_FMB': 3}
[157] order5big_2968: THEOREM (60.2s)  running={'THEOREM': 152, 'HARD_NONLINEAR': 2, 'SOLVED_FMB': 3}
[158] order5big_2989: THEOREM (60.2s)  running={'THEOREM': 153, 'HARD_NONLINEAR': 2, 'SOLVED_FMB': 3}
[159] order5big_3009: THEOREM (60.2s)  running={'THEOREM': 154, 'HARD_NONLINEAR': 2, 'SOLVED_FMB': 3}
[160] order5big_3031: THEOREM (60.6s)  running={'THEOREM': 155, 'HARD_NONLINEAR': 2, 'SOLVED_FMB': 3}
[161] order5big_3046: THEOREM (60.2s)  running={'THEOREM': 156, 'HARD_NONLINEAR': 2, 'SOLVED_FMB': 3}
[162] order5big_3068: THEOREM (61.6s)  running={'THEOREM': 157, 'HARD_NONLINEAR': 2, 'SOLVED_FMB': 3}
[163] order5big_3095: THEOREM (62.9s)  running={'THEOREM': 158, 'HARD_NONLINEAR': 2, 'SOLVED_FMB': 3}
[164] order5big_3119: THEOREM (60.5s)  running={'THEOREM': 159, 'HARD_NONLINEAR': 2, 'SOLVED_FMB': 3}
[165] order5big_3141: THEOREM (60.2s)  running={'THEOREM': 160, 'HARD_NONLINEAR': 2, 'SOLVED_FMB': 3}
[166] order5big_3164: THEOREM (60.1s)  running={'THEOREM': 161, 'HARD_NONLINEAR': 2, 'SOLVED_FMB': 3}
[167] order5big_3188: THEOREM (65.4s)  running={'THEOREM': 162, 'HARD_NONLINEAR': 2, 'SOLVED_FMB': 3}
[168] order5big_3206: THEOREM (60.8s)  running={'THEOREM': 163, 'HARD_NONLINEAR': 2, 'SOLVED_FMB': 3}
[169] order5big_3221: THEOREM (60.4s)  running={'THEOREM': 164, 'HARD_NONLINEAR': 2, 'SOLVED_FMB': 3}
[170] order5big_3239: THEOREM (60.2s)  running={'THEOREM': 165, 'HARD_NONLINEAR': 2, 'SOLVED_FMB': 3}
[171] order5big_3257: THEOREM (60.3s)  running={'THEOREM': 166, 'HARD_NONLINEAR': 2, 'SOLVED_FMB': 3}
[172] order5big_3279: THEOREM (60.2s)  running={'THEOREM': 167, 'HARD_NONLINEAR': 2, 'SOLVED_FMB': 3}
[173] order5big_3303: THEOREM (60.2s)  running={'THEOREM': 168, 'HARD_NONLINEAR': 2, 'SOLVED_FMB': 3}
[174] order5big_3326: THEOREM (60.2s)  running={'THEOREM': 169, 'HARD_NONLINEAR': 2, 'SOLVED_FMB': 3}
[175] order5big_3354: THEOREM (61.2s)  running={'THEOREM': 170, 'HARD_NONLINEAR': 2, 'SOLVED_FMB': 3}
[176] order5big_3378: THEOREM (60.2s)  running={'THEOREM': 171, 'HARD_NONLINEAR': 2, 'SOLVED_FMB': 3}
[177] order5big_3397: THEOREM (60.7s)  running={'THEOREM': 172, 'HARD_NONLINEAR': 2, 'SOLVED_FMB': 3}
[178] order5big_3418: THEOREM (7.6s)  running={'THEOREM': 173, 'HARD_NONLINEAR': 2, 'SOLVED_FMB': 3}
[179] order5big_3442: THEOREM (60.2s)  running={'THEOREM': 174, 'HARD_NONLINEAR': 2, 'SOLVED_FMB': 3}
[180] order5big_3465: THEOREM (60.2s)  running={'THEOREM': 175, 'HARD_NONLINEAR': 2, 'SOLVED_FMB': 3}
[181] order5big_3483: THEOREM (60.4s)  running={'THEOREM': 176, 'HARD_NONLINEAR': 2, 'SOLVED_FMB': 3}
[182] order5big_3496: THEOREM (60.1s)  running={'THEOREM': 177, 'HARD_NONLINEAR': 2, 'SOLVED_FMB': 3}
[183] order5big_3514: THEOREM (60.2s)  running={'THEOREM': 178, 'HARD_NONLINEAR': 2, 'SOLVED_FMB': 3}
[184] order5big_3531: THEOREM (60.5s)  running={'THEOREM': 179, 'HARD_NONLINEAR': 2, 'SOLVED_FMB': 3}
[185] order5big_3545: THEOREM (60.1s)  running={'THEOREM': 180, 'HARD_NONLINEAR': 2, 'SOLVED_FMB': 3}
[186] order5big_3583: THEOREM (60.1s)  running={'THEOREM': 181, 'HARD_NONLINEAR': 2, 'SOLVED_FMB': 3}
[187] order5big_3603: THEOREM (60.2s)  running={'THEOREM': 182, 'HARD_NONLINEAR': 2, 'SOLVED_FMB': 3}
[188] order5big_3626: THEOREM (60.2s)  running={'THEOREM': 183, 'HARD_NONLINEAR': 2, 'SOLVED_FMB': 3}
[189] order5big_3667: THEOREM (60.5s)  running={'THEOREM': 184, 'HARD_NONLINEAR': 2, 'SOLVED_FMB': 3}
[190] order5big_3682: THEOREM (60.2s)  running={'THEOREM': 185, 'HARD_NONLINEAR': 2, 'SOLVED_FMB': 3}
[191] order5big_3698: THEOREM (60.2s)  running={'THEOREM': 186, 'HARD_NONLINEAR': 2, 'SOLVED_FMB': 3}
[192] order5big_3715: THEOREM (60.1s)  running={'THEOREM': 187, 'HARD_NONLINEAR': 2, 'SOLVED_FMB': 3}
[193] order5big_3736: THEOREM (60.2s)  running={'THEOREM': 188, 'HARD_NONLINEAR': 2, 'SOLVED_FMB': 3}
[194] order5big_3754: THEOREM (60.3s)  running={'THEOREM': 189, 'HARD_NONLINEAR': 2, 'SOLVED_FMB': 3}
[195] order5big_3775: THEOREM (60.1s)  running={'THEOREM': 190, 'HARD_NONLINEAR': 2, 'SOLVED_FMB': 3}
[196] order5big_3798: THEOREM (60.2s)  running={'THEOREM': 191, 'HARD_NONLINEAR': 2, 'SOLVED_FMB': 3}
[197] order5big_3822: THEOREM (61.3s)  running={'THEOREM': 192, 'HARD_NONLINEAR': 2, 'SOLVED_FMB': 3}
[198] order5big_3846: THEOREM (60.2s)  running={'THEOREM': 193, 'HARD_NONLINEAR': 2, 'SOLVED_FMB': 3}
[199] order5big_3862: THEOREM (61.6s)  running={'THEOREM': 194, 'HARD_NONLINEAR': 2, 'SOLVED_FMB': 3}
[200] order5big_3875: THEOREM (60.2s)  running={'THEOREM': 195, 'HARD_NONLINEAR': 2, 'SOLVED_FMB': 3}
[201] order5big_3892: THEOREM (60.1s)  running={'THEOREM': 196, 'HARD_NONLINEAR': 2, 'SOLVED_FMB': 3}
[202] order5big_3906: THEOREM (60.2s)  running={'THEOREM': 197, 'HARD_NONLINEAR': 2, 'SOLVED_FMB': 3}
[203] order5big_3918: THEOREM (60.2s)  running={'THEOREM': 198, 'HARD_NONLINEAR': 2, 'SOLVED_FMB': 3}
[204] order5big_3944: SOLVED_FMB (6.7s)  running={'THEOREM': 198, 'HARD_NONLINEAR': 2, 'SOLVED_FMB': 4}
[205] order5big_3968: THEOREM (60.4s)  running={'THEOREM': 199, 'HARD_NONLINEAR': 2, 'SOLVED_FMB': 4}
[206] order5big_3989: THEOREM (60.2s)  running={'THEOREM': 200, 'HARD_NONLINEAR': 2, 'SOLVED_FMB': 4}
[207] order5big_4007: THEOREM (60.2s)  running={'THEOREM': 201, 'HARD_NONLINEAR': 2, 'SOLVED_FMB': 4}
[208] order5big_4034: THEOREM (60.2s)  running={'THEOREM': 202, 'HARD_NONLINEAR': 2, 'SOLVED_FMB': 4}
[209] order5big_4060: THEOREM (60.7s)  running={'THEOREM': 203, 'HARD_NONLINEAR': 2, 'SOLVED_FMB': 4}
[210] order5big_4082: THEOREM (60.2s)  running={'THEOREM': 204, 'HARD_NONLINEAR': 2, 'SOLVED_FMB': 4}
[211] order5big_4107: THEOREM (60.1s)  running={'THEOREM': 205, 'HARD_NONLINEAR': 2, 'SOLVED_FMB': 4}
[212] order5big_4122: THEOREM (60.2s)  running={'THEOREM': 206, 'HARD_NONLINEAR': 2, 'SOLVED_FMB': 4}
[213] order5big_4135: THEOREM (60.2s)  running={'THEOREM': 207, 'HARD_NONLINEAR': 2, 'SOLVED_FMB': 4}
[214] order5big_4157: THEOREM (60.1s)  running={'THEOREM': 208, 'HARD_NONLINEAR': 2, 'SOLVED_FMB': 4}
[215] order5big_4169: THEOREM (60.5s)  running={'THEOREM': 209, 'HARD_NONLINEAR': 2, 'SOLVED_FMB': 4}
[216] order5big_4185: THEOREM (60.2s)  running={'THEOREM': 210, 'HARD_NONLINEAR': 2, 'SOLVED_FMB': 4}
[217] order5big_4206: THEOREM (60.5s)  running={'THEOREM': 211, 'HARD_NONLINEAR': 2, 'SOLVED_FMB': 4}
[218] order5big_4224: THEOREM (60.2s)  running={'THEOREM': 212, 'HARD_NONLINEAR': 2, 'SOLVED_FMB': 4}
[219] order5big_4245: THEOREM (60.2s)  running={'THEOREM': 213, 'HARD_NONLINEAR': 2, 'SOLVED_FMB': 4}
[220] order5big_4271: THEOREM (61.2s)  running={'THEOREM': 214, 'HARD_NONLINEAR': 2, 'SOLVED_FMB': 4}
[221] order5big_4289: THEOREM (60.3s)  running={'THEOREM': 215, 'HARD_NONLINEAR': 2, 'SOLVED_FMB': 4}
[222] order5big_4312: THEOREM (60.3s)  running={'THEOREM': 216, 'HARD_NONLINEAR': 2, 'SOLVED_FMB': 4}
[223] order5big_4354: THEOREM (205.2s)  running={'THEOREM': 217, 'HARD_NONLINEAR': 2, 'SOLVED_FMB': 4}
[224] order5big_4381: THEOREM (60.2s)  running={'THEOREM': 218, 'HARD_NONLINEAR': 2, 'SOLVED_FMB': 4}
[225] order5big_4394: THEOREM (9.8s)  running={'THEOREM': 219, 'HARD_NONLINEAR': 2, 'SOLVED_FMB': 4}
[226] order5big_4411: THEOREM (60.5s)  running={'THEOREM': 220, 'HARD_NONLINEAR': 2, 'SOLVED_FMB': 4}
[227] order5big_4431: THEOREM (60.2s)  running={'THEOREM': 221, 'HARD_NONLINEAR': 2, 'SOLVED_FMB': 4}
[228] order5big_4447: THEOREM (60.1s)  running={'THEOREM': 222, 'HARD_NONLINEAR': 2, 'SOLVED_FMB': 4}
[229] order5big_4466: THEOREM (60.2s)  running={'THEOREM': 223, 'HARD_NONLINEAR': 2, 'SOLVED_FMB': 4}
[230] order5big_4485: THEOREM (61.0s)  running={'THEOREM': 224, 'HARD_NONLINEAR': 2, 'SOLVED_FMB': 4}
[231] order5big_4502: THEOREM (60.2s)  running={'THEOREM': 225, 'HARD_NONLINEAR': 2, 'SOLVED_FMB': 4}
[232] order5big_4525: THEOREM (62.3s)  running={'THEOREM': 226, 'HARD_NONLINEAR': 2, 'SOLVED_FMB': 4}
[233] order5big_4544: THEOREM (60.4s)  running={'THEOREM': 227, 'HARD_NONLINEAR': 2, 'SOLVED_FMB': 4}
[234] order5big_4577: THEOREM (60.2s)  running={'THEOREM': 228, 'HARD_NONLINEAR': 2, 'SOLVED_FMB': 4}
[235] order5big_4597: THEOREM (73.8s)  running={'THEOREM': 229, 'HARD_NONLINEAR': 2, 'SOLVED_FMB': 4}
[236] order5big_4617: THEOREM (20.9s)  running={'THEOREM': 230, 'HARD_NONLINEAR': 2, 'SOLVED_FMB': 4}
[237] order5big_4632: THEOREM (64.2s)  running={'THEOREM': 231, 'HARD_NONLINEAR': 2, 'SOLVED_FMB': 4}
[238] order5big_4660: THEOREM (73.1s)  running={'THEOREM': 232, 'HARD_NONLINEAR': 2, 'SOLVED_FMB': 4}
[239] order5big_4687: THEOREM (78.3s)  running={'THEOREM': 233, 'HARD_NONLINEAR': 2, 'SOLVED_FMB': 4}
[240] order5big_4708: THEOREM (60.2s)  running={'THEOREM': 234, 'HARD_NONLINEAR': 2, 'SOLVED_FMB': 4}
[241] order5big_4722: THEOREM (60.2s)  running={'THEOREM': 235, 'HARD_NONLINEAR': 2, 'SOLVED_FMB': 4}
[242] order5big_4734: THEOREM (60.2s)  running={'THEOREM': 236, 'HARD_NONLINEAR': 2, 'SOLVED_FMB': 4}
[243] order5big_4750: THEOREM (60.1s)  running={'THEOREM': 237, 'HARD_NONLINEAR': 2, 'SOLVED_FMB': 4}
[244] order5big_4775: THEOREM (60.2s)  running={'THEOREM': 238, 'HARD_NONLINEAR': 2, 'SOLVED_FMB': 4}
[245] order5big_4796: THEOREM (60.2s)  running={'THEOREM': 239, 'HARD_NONLINEAR': 2, 'SOLVED_FMB': 4}
[246] order5big_4832: THEOREM (37.6s)  running={'THEOREM': 240, 'HARD_NONLINEAR': 2, 'SOLVED_FMB': 4}
[247] order5big_4852: THEOREM (60.2s)  running={'THEOREM': 241, 'HARD_NONLINEAR': 2, 'SOLVED_FMB': 4}
[248] order5big_4867: THEOREM (60.2s)  running={'THEOREM': 242, 'HARD_NONLINEAR': 2, 'SOLVED_FMB': 4}
[249] order5big_4886: THEOREM (60.2s)  running={'THEOREM': 243, 'HARD_NONLINEAR': 2, 'SOLVED_FMB': 4}
[250] order5big_4900: THEOREM (60.2s)  running={'THEOREM': 244, 'HARD_NONLINEAR': 2, 'SOLVED_FMB': 4}
[251] order5big_4927: THEOREM (60.2s)  running={'THEOREM': 245, 'HARD_NONLINEAR': 2, 'SOLVED_FMB': 4}
[252] order5big_4951: THEOREM (60.2s)  running={'THEOREM': 246, 'HARD_NONLINEAR': 2, 'SOLVED_FMB': 4}
[253] order5big_4969: THEOREM (62.0s)  running={'THEOREM': 247, 'HARD_NONLINEAR': 2, 'SOLVED_FMB': 4}
[254] order5big_4985: THEOREM (60.2s)  running={'THEOREM': 248, 'HARD_NONLINEAR': 2, 'SOLVED_FMB': 4}
[255] order5big_5002: THEOREM (60.2s)  running={'THEOREM': 249, 'HARD_NONLINEAR': 2, 'SOLVED_FMB': 4}
[256] order5big_5031: THEOREM (60.2s)  running={'THEOREM': 250, 'HARD_NONLINEAR': 2, 'SOLVED_FMB': 4}
[257] order5big_5053: THEOREM (60.2s)  running={'THEOREM': 251, 'HARD_NONLINEAR': 2, 'SOLVED_FMB': 4}
[258] order5big_5072: THEOREM (60.6s)  running={'THEOREM': 252, 'HARD_NONLINEAR': 2, 'SOLVED_FMB': 4}
[259] order5big_5099: THEOREM (60.5s)  running={'THEOREM': 253, 'HARD_NONLINEAR': 2, 'SOLVED_FMB': 4}
[260] order5big_5122: THEOREM (60.2s)  running={'THEOREM': 254, 'HARD_NONLINEAR': 2, 'SOLVED_FMB': 4}
[261] order5big_5136: THEOREM (60.2s)  running={'THEOREM': 255, 'HARD_NONLINEAR': 2, 'SOLVED_FMB': 4}
[262] order5big_5155: THEOREM (60.2s)  running={'THEOREM': 256, 'HARD_NONLINEAR': 2, 'SOLVED_FMB': 4}
[263] order5big_5195: THEOREM (60.2s)  running={'THEOREM': 257, 'HARD_NONLINEAR': 2, 'SOLVED_FMB': 4}
[264] order5big_5213: THEOREM (60.2s)  running={'THEOREM': 258, 'HARD_NONLINEAR': 2, 'SOLVED_FMB': 4}
[265] order5big_5240: THEOREM (60.8s)  running={'THEOREM': 259, 'HARD_NONLINEAR': 2, 'SOLVED_FMB': 4}
[266] order5big_5253: THEOREM (60.2s)  running={'THEOREM': 260, 'HARD_NONLINEAR': 2, 'SOLVED_FMB': 4}
[267] order5big_5267: THEOREM (60.2s)  running={'THEOREM': 261, 'HARD_NONLINEAR': 2, 'SOLVED_FMB': 4}
[268] order5big_5294: THEOREM (65.3s)  running={'THEOREM': 262, 'HARD_NONLINEAR': 2, 'SOLVED_FMB': 4}
[269] order5big_5317: THEOREM (60.2s)  running={'THEOREM': 263, 'HARD_NONLINEAR': 2, 'SOLVED_FMB': 4}
[270] order5big_5347: SOLVED_FMB (4.2s)  running={'THEOREM': 263, 'HARD_NONLINEAR': 2, 'SOLVED_FMB': 5}
[271] order5big_5362: THEOREM (60.1s)  running={'THEOREM': 264, 'HARD_NONLINEAR': 2, 'SOLVED_FMB': 5}
[272] order5big_5382: THEOREM (60.4s)  running={'THEOREM': 265, 'HARD_NONLINEAR': 2, 'SOLVED_FMB': 5}
[273] order5big_5408: THEOREM (60.2s)  running={'THEOREM': 266, 'HARD_NONLINEAR': 2, 'SOLVED_FMB': 5}
[274] order5big_5433: THEOREM (60.2s)  running={'THEOREM': 267, 'HARD_NONLINEAR': 2, 'SOLVED_FMB': 5}
[275] order5big_5447: THEOREM (60.2s)  running={'THEOREM': 268, 'HARD_NONLINEAR': 2, 'SOLVED_FMB': 5}
[276] order5big_5461: THEOREM (60.2s)  running={'THEOREM': 269, 'HARD_NONLINEAR': 2, 'SOLVED_FMB': 5}
[277] order5big_5487: THEOREM (60.2s)  running={'THEOREM': 270, 'HARD_NONLINEAR': 2, 'SOLVED_FMB': 5}
[278] order5big_5512: THEOREM (64.1s)  running={'THEOREM': 271, 'HARD_NONLINEAR': 2, 'SOLVED_FMB': 5}
[279] order5big_5524: THEOREM (60.2s)  running={'THEOREM': 272, 'HARD_NONLINEAR': 2, 'SOLVED_FMB': 5}
[280] order5big_5544: THEOREM (60.1s)  running={'THEOREM': 273, 'HARD_NONLINEAR': 2, 'SOLVED_FMB': 5}
[281] order5big_5567: THEOREM (60.2s)  running={'THEOREM': 274, 'HARD_NONLINEAR': 2, 'SOLVED_FMB': 5}
[282] order5big_5588: THEOREM (60.2s)  running={'THEOREM': 275, 'HARD_NONLINEAR': 2, 'SOLVED_FMB': 5}
[283] order5big_5604: THEOREM (60.2s)  running={'THEOREM': 276, 'HARD_NONLINEAR': 2, 'SOLVED_FMB': 5}
[284] order5big_5618: THEOREM (60.1s)  running={'THEOREM': 277, 'HARD_NONLINEAR': 2, 'SOLVED_FMB': 5}
[285] order5big_5639: THEOREM (73.3s)  running={'THEOREM': 278, 'HARD_NONLINEAR': 2, 'SOLVED_FMB': 5}
[286] order5big_5662: THEOREM (60.2s)  running={'THEOREM': 279, 'HARD_NONLINEAR': 2, 'SOLVED_FMB': 5}
[287] order5big_5678: THEOREM (60.2s)  running={'THEOREM': 280, 'HARD_NONLINEAR': 2, 'SOLVED_FMB': 5}
[288] order5big_5694: SOLVED_FMB (1.5s)  running={'THEOREM': 280, 'HARD_NONLINEAR': 2, 'SOLVED_FMB': 6}
[289] order5big_5720: THEOREM (60.4s)  running={'THEOREM': 281, 'HARD_NONLINEAR': 2, 'SOLVED_FMB': 6}
[290] order5big_5750: THEOREM (60.2s)  running={'THEOREM': 282, 'HARD_NONLINEAR': 2, 'SOLVED_FMB': 6}
[291] order5big_5772: THEOREM (73.2s)  running={'THEOREM': 283, 'HARD_NONLINEAR': 2, 'SOLVED_FMB': 6}
[292] order5big_5789: THEOREM (60.2s)  running={'THEOREM': 284, 'HARD_NONLINEAR': 2, 'SOLVED_FMB': 6}
[293] order5big_5814: THEOREM (60.2s)  running={'THEOREM': 285, 'HARD_NONLINEAR': 2, 'SOLVED_FMB': 6}
[294] order5big_5835: THEOREM (60.4s)  running={'THEOREM': 286, 'HARD_NONLINEAR': 2, 'SOLVED_FMB': 6}
[295] order5big_5854: THEOREM (60.3s)  running={'THEOREM': 287, 'HARD_NONLINEAR': 2, 'SOLVED_FMB': 6}
[296] order5big_5883: THEOREM (60.1s)  running={'THEOREM': 288, 'HARD_NONLINEAR': 2, 'SOLVED_FMB': 6}
[297] order5big_5898: THEOREM (60.2s)  running={'THEOREM': 289, 'HARD_NONLINEAR': 2, 'SOLVED_FMB': 6}
[298] order5big_5910: THEOREM (60.2s)  running={'THEOREM': 290, 'HARD_NONLINEAR': 2, 'SOLVED_FMB': 6}
[299] order5big_5939: THEOREM (60.2s)  running={'THEOREM': 291, 'HARD_NONLINEAR': 2, 'SOLVED_FMB': 6}
[300] order5big_5958: THEOREM (1.4s)  running={'THEOREM': 292, 'HARD_NONLINEAR': 2, 'SOLVED_FMB': 6}
[301] order5big_5990: THEOREM (60.2s)  running={'THEOREM': 293, 'HARD_NONLINEAR': 2, 'SOLVED_FMB': 6}
[302] order5big_6015: THEOREM (60.2s)  running={'THEOREM': 294, 'HARD_NONLINEAR': 2, 'SOLVED_FMB': 6}
[303] order5big_6037: THEOREM (60.2s)  running={'THEOREM': 295, 'HARD_NONLINEAR': 2, 'SOLVED_FMB': 6}
[304] order5big_6070: THEOREM (1.0s)  running={'THEOREM': 296, 'HARD_NONLINEAR': 2, 'SOLVED_FMB': 6}
[305] order5big_6090: THEOREM (60.5s)  running={'THEOREM': 297, 'HARD_NONLINEAR': 2, 'SOLVED_FMB': 6}
[306] order5big_6106: THEOREM (60.2s)  running={'THEOREM': 298, 'HARD_NONLINEAR': 2, 'SOLVED_FMB': 6}
[307] order5big_6131: THEOREM (60.2s)  running={'THEOREM': 299, 'HARD_NONLINEAR': 2, 'SOLVED_FMB': 6}
[308] order5big_6156: THEOREM (60.2s)  running={'THEOREM': 300, 'HARD_NONLINEAR': 2, 'SOLVED_FMB': 6}
[309] order5big_6171: THEOREM (60.2s)  running={'THEOREM': 301, 'HARD_NONLINEAR': 2, 'SOLVED_FMB': 6}
[310] order5big_6195: THEOREM (60.2s)  running={'THEOREM': 302, 'HARD_NONLINEAR': 2, 'SOLVED_FMB': 6}
[311] order5big_6223: THEOREM (60.1s)  running={'THEOREM': 303, 'HARD_NONLINEAR': 2, 'SOLVED_FMB': 6}
[312] order5big_6247: THEOREM (60.1s)  running={'THEOREM': 304, 'HARD_NONLINEAR': 2, 'SOLVED_FMB': 6}
[313] order5big_6266: THEOREM (60.4s)  running={'THEOREM': 305, 'HARD_NONLINEAR': 2, 'SOLVED_FMB': 6}
[314] order5big_6289: THEOREM (60.2s)  running={'THEOREM': 306, 'HARD_NONLINEAR': 2, 'SOLVED_FMB': 6}
[315] order5big_6303: THEOREM (62.1s)  running={'THEOREM': 307, 'HARD_NONLINEAR': 2, 'SOLVED_FMB': 6}
[316] order5big_6329: SOLVED_FMB (0.2s)  running={'THEOREM': 307, 'HARD_NONLINEAR': 2, 'SOLVED_FMB': 7}
[317] order5big_6350: THEOREM (60.2s)  running={'THEOREM': 308, 'HARD_NONLINEAR': 2, 'SOLVED_FMB': 7}
[318] order5big_6378: THEOREM (61.2s)  running={'THEOREM': 309, 'HARD_NONLINEAR': 2, 'SOLVED_FMB': 7}
[319] order5big_6410: THEOREM (60.2s)  running={'THEOREM': 310, 'HARD_NONLINEAR': 2, 'SOLVED_FMB': 7}
[320] order5big_6441: THEOREM (60.2s)  running={'THEOREM': 311, 'HARD_NONLINEAR': 2, 'SOLVED_FMB': 7}
[321] order5big_6462: THEOREM (60.7s)  running={'THEOREM': 312, 'HARD_NONLINEAR': 2, 'SOLVED_FMB': 7}
[322] order5big_6479: THEOREM (60.2s)  running={'THEOREM': 313, 'HARD_NONLINEAR': 2, 'SOLVED_FMB': 7}
[323] order5big_6492: THEOREM (60.2s)  running={'THEOREM': 314, 'HARD_NONLINEAR': 2, 'SOLVED_FMB': 7}
[324] order5big_6512: THEOREM (65.4s)  running={'THEOREM': 315, 'HARD_NONLINEAR': 2, 'SOLVED_FMB': 7}
[325] order5big_6531: THEOREM (60.3s)  running={'THEOREM': 316, 'HARD_NONLINEAR': 2, 'SOLVED_FMB': 7}
[326] order5big_6549: THEOREM (60.4s)  running={'THEOREM': 317, 'HARD_NONLINEAR': 2, 'SOLVED_FMB': 7}
[327] order5big_6575: THEOREM (61.6s)  running={'THEOREM': 318, 'HARD_NONLINEAR': 2, 'SOLVED_FMB': 7}
[328] order5big_6600: THEOREM (60.4s)  running={'THEOREM': 319, 'HARD_NONLINEAR': 2, 'SOLVED_FMB': 7}
[329] order5big_6622: THEOREM (60.2s)  running={'THEOREM': 320, 'HARD_NONLINEAR': 2, 'SOLVED_FMB': 7}
[330] order5big_6642: SOLVED_FMB (0.1s)  running={'THEOREM': 320, 'HARD_NONLINEAR': 2, 'SOLVED_FMB': 8}
[331] order5big_6682: THEOREM (62.9s)  running={'THEOREM': 321, 'HARD_NONLINEAR': 2, 'SOLVED_FMB': 8}
[332] order5big_6700: THEOREM (60.2s)  running={'THEOREM': 322, 'HARD_NONLINEAR': 2, 'SOLVED_FMB': 8}
[333] order5big_6718: THEOREM (60.1s)  running={'THEOREM': 323, 'HARD_NONLINEAR': 2, 'SOLVED_FMB': 8}
[334] order5big_6744: THEOREM (60.2s)  running={'THEOREM': 324, 'HARD_NONLINEAR': 2, 'SOLVED_FMB': 8}
[335] order5big_6765: THEOREM (60.5s)  running={'THEOREM': 325, 'HARD_NONLINEAR': 2, 'SOLVED_FMB': 8}
[336] order5big_6780: THEOREM (60.5s)  running={'THEOREM': 326, 'HARD_NONLINEAR': 2, 'SOLVED_FMB': 8}
[337] order5big_6803: THEOREM (60.3s)  running={'THEOREM': 327, 'HARD_NONLINEAR': 2, 'SOLVED_FMB': 8}
[338] order5big_6829: THEOREM (60.2s)  running={'THEOREM': 328, 'HARD_NONLINEAR': 2, 'SOLVED_FMB': 8}
[339] order5big_6842: THEOREM (60.2s)  running={'THEOREM': 329, 'HARD_NONLINEAR': 2, 'SOLVED_FMB': 8}
[340] order5big_6855: THEOREM (60.4s)  running={'THEOREM': 330, 'HARD_NONLINEAR': 2, 'SOLVED_FMB': 8}
[341] order5big_6871: THEOREM (60.2s)  running={'THEOREM': 331, 'HARD_NONLINEAR': 2, 'SOLVED_FMB': 8}
[342] order5big_6899: THEOREM (61.2s)  running={'THEOREM': 332, 'HARD_NONLINEAR': 2, 'SOLVED_FMB': 8}
[343] order5big_6915: THEOREM (60.2s)  running={'THEOREM': 333, 'HARD_NONLINEAR': 2, 'SOLVED_FMB': 8}
[344] order5big_6936: THEOREM (62.0s)  running={'THEOREM': 334, 'HARD_NONLINEAR': 2, 'SOLVED_FMB': 8}
[345] order5big_6954: THEOREM (60.2s)  running={'THEOREM': 335, 'HARD_NONLINEAR': 2, 'SOLVED_FMB': 8}
[346] order5big_6966: THEOREM (60.2s)  running={'THEOREM': 336, 'HARD_NONLINEAR': 2, 'SOLVED_FMB': 8}
[347] order5big_6978: THEOREM (61.2s)  running={'THEOREM': 337, 'HARD_NONLINEAR': 2, 'SOLVED_FMB': 8}
[348] order5big_6993: THEOREM (60.2s)  running={'THEOREM': 338, 'HARD_NONLINEAR': 2, 'SOLVED_FMB': 8}
[349] order5big_7013: THEOREM (60.2s)  running={'THEOREM': 339, 'HARD_NONLINEAR': 2, 'SOLVED_FMB': 8}
[350] order5big_7035: THEOREM (60.2s)  running={'THEOREM': 340, 'HARD_NONLINEAR': 2, 'SOLVED_FMB': 8}
[351] order5big_7065: THEOREM (8.2s)  running={'THEOREM': 341, 'HARD_NONLINEAR': 2, 'SOLVED_FMB': 8}
[352] order5big_7091: THEOREM (60.1s)  running={'THEOREM': 342, 'HARD_NONLINEAR': 2, 'SOLVED_FMB': 8}
[353] order5big_7109: THEOREM (60.5s)  running={'THEOREM': 343, 'HARD_NONLINEAR': 2, 'SOLVED_FMB': 8}
[354] order5big_7124: THEOREM (60.2s)  running={'THEOREM': 344, 'HARD_NONLINEAR': 2, 'SOLVED_FMB': 8}
[355] order5big_7145: THEOREM (60.5s)  running={'THEOREM': 345, 'HARD_NONLINEAR': 2, 'SOLVED_FMB': 8}
[356] order5big_7155: THEOREM (60.2s)  running={'THEOREM': 346, 'HARD_NONLINEAR': 2, 'SOLVED_FMB': 8}
[357] order5big_7170: THEOREM (60.1s)  running={'THEOREM': 347, 'HARD_NONLINEAR': 2, 'SOLVED_FMB': 8}
[358] order5big_7190: THEOREM (60.1s)  running={'THEOREM': 348, 'HARD_NONLINEAR': 2, 'SOLVED_FMB': 8}
[359] order5big_7207: THEOREM (60.5s)  running={'THEOREM': 349, 'HARD_NONLINEAR': 2, 'SOLVED_FMB': 8}
[360] order5big_7233: THEOREM (60.2s)  running={'THEOREM': 350, 'HARD_NONLINEAR': 2, 'SOLVED_FMB': 8}
[361] order5big_7255: THEOREM (60.2s)  running={'THEOREM': 351, 'HARD_NONLINEAR': 2, 'SOLVED_FMB': 8}
[362] order5big_7271: THEOREM (60.4s)  running={'THEOREM': 352, 'HARD_NONLINEAR': 2, 'SOLVED_FMB': 8}
[363] order5big_7296: THEOREM (60.2s)  running={'THEOREM': 353, 'HARD_NONLINEAR': 2, 'SOLVED_FMB': 8}
[364] order5big_7315: THEOREM (60.2s)  running={'THEOREM': 354, 'HARD_NONLINEAR': 2, 'SOLVED_FMB': 8}
[365] order5big_7337: THEOREM (61.2s)  running={'THEOREM': 355, 'HARD_NONLINEAR': 2, 'SOLVED_FMB': 8}
[366] order5big_7358: THEOREM (60.2s)  running={'THEOREM': 356, 'HARD_NONLINEAR': 2, 'SOLVED_FMB': 8}
[367] order5big_7373: THEOREM (60.3s)  running={'THEOREM': 357, 'HARD_NONLINEAR': 2, 'SOLVED_FMB': 8}
[368] order5big_7395: THEOREM (62.8s)  running={'THEOREM': 358, 'HARD_NONLINEAR': 2, 'SOLVED_FMB': 8}
[369] order5big_7425: THEOREM (60.2s)  running={'THEOREM': 359, 'HARD_NONLINEAR': 2, 'SOLVED_FMB': 8}
[370] order5big_7450: THEOREM (60.3s)  running={'THEOREM': 360, 'HARD_NONLINEAR': 2, 'SOLVED_FMB': 8}
[371] order5big_7480: THEOREM (60.2s)  running={'THEOREM': 361, 'HARD_NONLINEAR': 2, 'SOLVED_FMB': 8}
[372] order5big_7500: THEOREM (73.5s)  running={'THEOREM': 362, 'HARD_NONLINEAR': 2, 'SOLVED_FMB': 8}
[373] order5big_7526: THEOREM (60.5s)  running={'THEOREM': 363, 'HARD_NONLINEAR': 2, 'SOLVED_FMB': 8}
[374] order5big_7547: THEOREM (60.4s)  running={'THEOREM': 364, 'HARD_NONLINEAR': 2, 'SOLVED_FMB': 8}
[375] order5big_7563: THEOREM (60.2s)  running={'THEOREM': 365, 'HARD_NONLINEAR': 2, 'SOLVED_FMB': 8}
[376] order5big_7584: THEOREM (62.9s)  running={'THEOREM': 366, 'HARD_NONLINEAR': 2, 'SOLVED_FMB': 8}
[377] order5big_7607: THEOREM (60.4s)  running={'THEOREM': 367, 'HARD_NONLINEAR': 2, 'SOLVED_FMB': 8}
[378] order5big_7622: THEOREM (0.9s)  running={'THEOREM': 368, 'HARD_NONLINEAR': 2, 'SOLVED_FMB': 8}
[379] order5big_7639: THEOREM (60.2s)  running={'THEOREM': 369, 'HARD_NONLINEAR': 2, 'SOLVED_FMB': 8}
[380] order5big_7674: THEOREM (60.2s)  running={'THEOREM': 370, 'HARD_NONLINEAR': 2, 'SOLVED_FMB': 8}
[381] order5big_7696: THEOREM (5.2s)  running={'THEOREM': 371, 'HARD_NONLINEAR': 2, 'SOLVED_FMB': 8}
[382] order5big_7714: THEOREM (60.2s)  running={'THEOREM': 372, 'HARD_NONLINEAR': 2, 'SOLVED_FMB': 8}
[383] order5big_7729: THEOREM (60.2s)  running={'THEOREM': 373, 'HARD_NONLINEAR': 2, 'SOLVED_FMB': 8}
[384] order5big_7742: THEOREM (60.4s)  running={'THEOREM': 374, 'HARD_NONLINEAR': 2, 'SOLVED_FMB': 8}
[385] order5big_7759: THEOREM (60.2s)  running={'THEOREM': 375, 'HARD_NONLINEAR': 2, 'SOLVED_FMB': 8}
[386] order5big_7779: THEOREM (62.0s)  running={'THEOREM': 376, 'HARD_NONLINEAR': 2, 'SOLVED_FMB': 8}
[387] order5big_7797: THEOREM (60.2s)  running={'THEOREM': 377, 'HARD_NONLINEAR': 2, 'SOLVED_FMB': 8}
[388] order5big_7814: THEOREM (60.2s)  running={'THEOREM': 378, 'HARD_NONLINEAR': 2, 'SOLVED_FMB': 8}
[389] order5big_7836: THEOREM (62.6s)  running={'THEOREM': 379, 'HARD_NONLINEAR': 2, 'SOLVED_FMB': 8}
[390] order5big_7857: THEOREM (60.2s)  running={'THEOREM': 380, 'HARD_NONLINEAR': 2, 'SOLVED_FMB': 8}
[391] order5big_7887: THEOREM (5.8s)  running={'THEOREM': 381, 'HARD_NONLINEAR': 2, 'SOLVED_FMB': 8}
[392] order5big_7906: THEOREM (60.5s)  running={'THEOREM': 382, 'HARD_NONLINEAR': 2, 'SOLVED_FMB': 8}
[393] order5big_7931: THEOREM (60.2s)  running={'THEOREM': 383, 'HARD_NONLINEAR': 2, 'SOLVED_FMB': 8}
[394] order5big_7960: THEOREM (60.4s)  running={'THEOREM': 384, 'HARD_NONLINEAR': 2, 'SOLVED_FMB': 8}
[395] order5big_7985: THEOREM (60.2s)  running={'THEOREM': 385, 'HARD_NONLINEAR': 2, 'SOLVED_FMB': 8}
[396] order5big_8006: THEOREM (60.2s)  running={'THEOREM': 386, 'HARD_NONLINEAR': 2, 'SOLVED_FMB': 8}
[397] order5big_8025: THEOREM (60.2s)  running={'THEOREM': 387, 'HARD_NONLINEAR': 2, 'SOLVED_FMB': 8}
[398] order5big_8046: THEOREM (60.2s)  running={'THEOREM': 388, 'HARD_NONLINEAR': 2, 'SOLVED_FMB': 8}
done: 398 new rows -> paper/results/bench_shard_0.jsonl; tiers={'THEOREM': 388, 'HARD_NONLINEAR': 2, 'SOLVED_FMB': 8}
