nohup: ignoring input
[1] order5big_0003: THEOREM (60.2s)  running={'THEOREM': 1}
[2] order5big_0020: THEOREM (60.6s)  running={'THEOREM': 2}
[3] order5big_0034: THEOREM (60.3s)  running={'THEOREM': 3}
[4] order5big_0050: THEOREM (60.2s)  running={'THEOREM': 4}
[5] order5big_0065: THEOREM (60.2s)  running={'THEOREM': 5}
[6] order5big_0076: THEOREM (60.2s)  running={'THEOREM': 6}
[7] order5big_0098: THEOREM (61.2s)  running={'THEOREM': 7}
[8] order5big_0111: THEOREM (60.2s)  running={'THEOREM': 8}
[9] order5big_0137: THEOREM (60.3s)  running={'THEOREM': 9}
[10] order5big_0161: THEOREM (60.4s)  running={'THEOREM': 10}
[11] order5big_0174: THEOREM (60.2s)  running={'THEOREM': 11}
[12] order5big_0186: THEOREM (60.2s)  running={'THEOREM': 12}
[13] order5big_0205: THEOREM (60.2s)  running={'THEOREM': 13}
[14] order5big_0224: THEOREM (60.2s)  running={'THEOREM': 14}
[15] order5big_0245: THEOREM (60.2s)  running={'THEOREM': 15}
[16] order5big_0262: THEOREM (60.4s)  running={'THEOREM': 16}
[17] order5big_0279: THEOREM (60.6s)  running={'THEOREM': 17}
[18] order5big_0305: THEOREM (61.4s)  running={'THEOREM': 18}
[19] order5big_0319: SOLVED_FMB (1.6s)  running={'THEOREM': 18, 'SOLVED_FMB': 1}
[20] order5big_0346: THEOREM (60.7s)  running={'THEOREM': 19, 'SOLVED_FMB': 1}
[21] order5big_0360: THEOREM (60.2s)  running={'THEOREM': 20, 'SOLVED_FMB': 1}
[22] order5big_0374: THEOREM (60.2s)  running={'THEOREM': 21, 'SOLVED_FMB': 1}
[23] order5big_0394: THEOREM (60.2s)  running={'THEOREM': 22, 'SOLVED_FMB': 1}
[24] order5big_0407: THEOREM (60.2s)  running={'THEOREM': 23, 'SOLVED_FMB': 1}
[25] order5big_0422: THEOREM (60.1s)  running={'THEOREM': 24, 'SOLVED_FMB': 1}
[26] order5big_0441: THEOREM (60.2s)  running={'THEOREM': 25, 'SOLVED_FMB': 1}
[27] order5big_0462: THEOREM (61.3s)  running={'THEOREM': 26, 'SOLVED_FMB': 1}
[28] order5big_0481: THEOREM (60.6s)  running={'THEOREM': 27, 'SOLVED_FMB': 1}
[29] order5big_0497: THEOREM (60.2s)  running={'THEOREM': 28, 'SOLVED_FMB': 1}
[30] order5big_0512: THEOREM (60.6s)  running={'THEOREM': 29, 'SOLVED_FMB': 1}
[31] order5big_0538: THEOREM (65.4s)  running={'THEOREM': 30, 'SOLVED_FMB': 1}
[32] order5big_0562: THEOREM (60.2s)  running={'THEOREM': 31, 'SOLVED_FMB': 1}
[33] order5big_0593: THEOREM (60.2s)  running={'THEOREM': 32, 'SOLVED_FMB': 1}
[34] order5big_0611: THEOREM (60.2s)  running={'THEOREM': 33, 'SOLVED_FMB': 1}
[35] order5big_0635: THEOREM (60.2s)  running={'THEOREM': 34, 'SOLVED_FMB': 1}
[36] order5big_0656: THEOREM (60.6s)  running={'THEOREM': 35, 'SOLVED_FMB': 1}
[37] order5big_0665: THEOREM (60.6s)  running={'THEOREM': 36, 'SOLVED_FMB': 1}
[38] order5big_0678: THEOREM (60.2s)  running={'THEOREM': 37, 'SOLVED_FMB': 1}
[39] order5big_0704: THEOREM (60.2s)  running={'THEOREM': 38, 'SOLVED_FMB': 1}
[40] order5big_0721: THEOREM (60.4s)  running={'THEOREM': 39, 'SOLVED_FMB': 1}
[41] order5big_0743: THEOREM (60.6s)  running={'THEOREM': 40, 'SOLVED_FMB': 1}
[42] order5big_0761: THEOREM (60.2s)  running={'THEOREM': 41, 'SOLVED_FMB': 1}
[43] order5big_0784: THEOREM (60.2s)  running={'THEOREM': 42, 'SOLVED_FMB': 1}
[44] order5big_0804: THEOREM (61.1s)  running={'THEOREM': 43, 'SOLVED_FMB': 1}
[45] order5big_0819: THEOREM (60.1s)  running={'THEOREM': 44, 'SOLVED_FMB': 1}
[46] order5big_0836: THEOREM (60.2s)  running={'THEOREM': 45, 'SOLVED_FMB': 1}
[47] order5big_0854: THEOREM (60.2s)  running={'THEOREM': 46, 'SOLVED_FMB': 1}
[48] order5big_0875: THEOREM (60.2s)  running={'THEOREM': 47, 'SOLVED_FMB': 1}
[49] order5big_0900: THEOREM (60.2s)  running={'THEOREM': 48, 'SOLVED_FMB': 1}
[50] order5big_0928: THEOREM (72.0s)  running={'THEOREM': 49, 'SOLVED_FMB': 1}
[51] order5big_0946: THEOREM (60.2s)  running={'THEOREM': 50, 'SOLVED_FMB': 1}
[52] order5big_0976: THEOREM (60.2s)  running={'THEOREM': 51, 'SOLVED_FMB': 1}
[53] order5big_1005: THEOREM (60.2s)  running={'THEOREM': 52, 'SOLVED_FMB': 1}
[54] order5big_1031: THEOREM (60.2s)  running={'THEOREM': 53, 'SOLVED_FMB': 1}
[55] order5big_1047: THEOREM (15.9s)  running={'THEOREM': 54, 'SOLVED_FMB': 1}
[56] order5big_1067: THEOREM (65.2s)  running={'THEOREM': 55, 'SOLVED_FMB': 1}
[57] order5big_1088: THEOREM (60.2s)  running={'THEOREM': 56, 'SOLVED_FMB': 1}
[58] order5big_1109: THEOREM (60.4s)  running={'THEOREM': 57, 'SOLVED_FMB': 1}
[59] order5big_1132: THEOREM (60.5s)  running={'THEOREM': 58, 'SOLVED_FMB': 1}
[60] order5big_1150: THEOREM (60.7s)  running={'THEOREM': 59, 'SOLVED_FMB': 1}
[61] order5big_1166: THEOREM (73.0s)  running={'THEOREM': 60, 'SOLVED_FMB': 1}
[62] order5big_1190: THEOREM (60.1s)  running={'THEOREM': 61, 'SOLVED_FMB': 1}
[63] order5big_1214: THEOREM (60.1s)  running={'THEOREM': 62, 'SOLVED_FMB': 1}
[64] order5big_1233: THEOREM (60.3s)  running={'THEOREM': 63, 'SOLVED_FMB': 1}
[65] order5big_1247: THEOREM (60.6s)  running={'THEOREM': 64, 'SOLVED_FMB': 1}
[66] order5big_1272: THEOREM (60.2s)  running={'THEOREM': 65, 'SOLVED_FMB': 1}
[67] order5big_1298: THEOREM (62.2s)  running={'THEOREM': 66, 'SOLVED_FMB': 1}
[68] order5big_1318: HARD_NONLINEAR (120.2s)  running={'THEOREM': 66, 'SOLVED_FMB': 1, 'HARD_NONLINEAR': 1}
[69] order5big_1337: THEOREM (60.6s)  running={'THEOREM': 67, 'SOLVED_FMB': 1, 'HARD_NONLINEAR': 1}
[70] order5big_1361: THEOREM (60.2s)  running={'THEOREM': 68, 'SOLVED_FMB': 1, 'HARD_NONLINEAR': 1}
[71] order5big_1376: THEOREM (60.7s)  running={'THEOREM': 69, 'SOLVED_FMB': 1, 'HARD_NONLINEAR': 1}
[72] order5big_1395: THEOREM (60.2s)  running={'THEOREM': 70, 'SOLVED_FMB': 1, 'HARD_NONLINEAR': 1}
[73] order5big_1406: THEOREM (65.3s)  running={'THEOREM': 71, 'SOLVED_FMB': 1, 'HARD_NONLINEAR': 1}
[74] order5big_1425: THEOREM (60.4s)  running={'THEOREM': 72, 'SOLVED_FMB': 1, 'HARD_NONLINEAR': 1}
[75] order5big_1454: THEOREM (61.1s)  running={'THEOREM': 73, 'SOLVED_FMB': 1, 'HARD_NONLINEAR': 1}
[76] order5big_1479: THEOREM (3.3s)  running={'THEOREM': 74, 'SOLVED_FMB': 1, 'HARD_NONLINEAR': 1}
[77] order5big_1495: THEOREM (60.2s)  running={'THEOREM': 75, 'SOLVED_FMB': 1, 'HARD_NONLINEAR': 1}
[78] order5big_1520: THEOREM (60.2s)  running={'THEOREM': 76, 'SOLVED_FMB': 1, 'HARD_NONLINEAR': 1}
[79] order5big_1545: THEOREM (62.0s)  running={'THEOREM': 77, 'SOLVED_FMB': 1, 'HARD_NONLINEAR': 1}
[80] order5big_1576: THEOREM (60.2s)  running={'THEOREM': 78, 'SOLVED_FMB': 1, 'HARD_NONLINEAR': 1}
[81] order5big_1591: THEOREM (60.1s)  running={'THEOREM': 79, 'SOLVED_FMB': 1, 'HARD_NONLINEAR': 1}
[82] order5big_1603: THEOREM (60.2s)  running={'THEOREM': 80, 'SOLVED_FMB': 1, 'HARD_NONLINEAR': 1}
[83] order5big_1623: THEOREM (60.2s)  running={'THEOREM': 81, 'SOLVED_FMB': 1, 'HARD_NONLINEAR': 1}
[84] order5big_1640: THEOREM (60.1s)  running={'THEOREM': 82, 'SOLVED_FMB': 1, 'HARD_NONLINEAR': 1}
[85] order5big_1656: THEOREM (60.4s)  running={'THEOREM': 83, 'SOLVED_FMB': 1, 'HARD_NONLINEAR': 1}
[86] order5big_1670: THEOREM (60.2s)  running={'THEOREM': 84, 'SOLVED_FMB': 1, 'HARD_NONLINEAR': 1}
[87] order5big_1697: THEOREM (60.4s)  running={'THEOREM': 85, 'SOLVED_FMB': 1, 'HARD_NONLINEAR': 1}
[88] order5big_1726: THEOREM (60.2s)  running={'THEOREM': 86, 'SOLVED_FMB': 1, 'HARD_NONLINEAR': 1}
[89] order5big_1737: THEOREM (60.2s)  running={'THEOREM': 87, 'SOLVED_FMB': 1, 'HARD_NONLINEAR': 1}
[90] order5big_1754: THEOREM (62.6s)  running={'THEOREM': 88, 'SOLVED_FMB': 1, 'HARD_NONLINEAR': 1}
[91] order5big_1772: SOLVED_FMB (0.1s)  running={'THEOREM': 88, 'SOLVED_FMB': 2, 'HARD_NONLINEAR': 1}
[92] order5big_1787: THEOREM (60.2s)  running={'THEOREM': 89, 'SOLVED_FMB': 2, 'HARD_NONLINEAR': 1}
[93] order5big_1802: THEOREM (60.2s)  running={'THEOREM': 90, 'SOLVED_FMB': 2, 'HARD_NONLINEAR': 1}
[94] order5big_1814: THEOREM (60.5s)  running={'THEOREM': 91, 'SOLVED_FMB': 2, 'HARD_NONLINEAR': 1}
[95] order5big_1836: THEOREM (60.6s)  running={'THEOREM': 92, 'SOLVED_FMB': 2, 'HARD_NONLINEAR': 1}
[96] order5big_1856: THEOREM (60.2s)  running={'THEOREM': 93, 'SOLVED_FMB': 2, 'HARD_NONLINEAR': 1}
[97] order5big_1890: THEOREM (60.2s)  running={'THEOREM': 94, 'SOLVED_FMB': 2, 'HARD_NONLINEAR': 1}
[98] order5big_1908: THEOREM (62.1s)  running={'THEOREM': 95, 'SOLVED_FMB': 2, 'HARD_NONLINEAR': 1}
[99] order5big_1921: SOLVED_FMB (0.9s)  running={'THEOREM': 95, 'SOLVED_FMB': 3, 'HARD_NONLINEAR': 1}
[100] order5big_1943: THEOREM (60.6s)  running={'THEOREM': 96, 'SOLVED_FMB': 3, 'HARD_NONLINEAR': 1}
[101] order5big_1961: THEOREM (60.2s)  running={'THEOREM': 97, 'SOLVED_FMB': 3, 'HARD_NONLINEAR': 1}
[102] order5big_1989: THEOREM (60.6s)  running={'THEOREM': 98, 'SOLVED_FMB': 3, 'HARD_NONLINEAR': 1}
[103] order5big_2006: THEOREM (60.3s)  running={'THEOREM': 99, 'SOLVED_FMB': 3, 'HARD_NONLINEAR': 1}
[104] order5big_2025: THEOREM (60.4s)  running={'THEOREM': 100, 'SOLVED_FMB': 3, 'HARD_NONLINEAR': 1}
[105] order5big_2044: THEOREM (73.2s)  running={'THEOREM': 101, 'SOLVED_FMB': 3, 'HARD_NONLINEAR': 1}
[106] order5big_2064: THEOREM (60.2s)  running={'THEOREM': 102, 'SOLVED_FMB': 3, 'HARD_NONLINEAR': 1}
[107] order5big_2082: THEOREM (61.2s)  running={'THEOREM': 103, 'SOLVED_FMB': 3, 'HARD_NONLINEAR': 1}
[108] order5big_2106: THEOREM (60.2s)  running={'THEOREM': 104, 'SOLVED_FMB': 3, 'HARD_NONLINEAR': 1}
[109] order5big_2125: THEOREM (60.3s)  running={'THEOREM': 105, 'SOLVED_FMB': 3, 'HARD_NONLINEAR': 1}
[110] order5big_2140: THEOREM (60.6s)  running={'THEOREM': 106, 'SOLVED_FMB': 3, 'HARD_NONLINEAR': 1}
[111] order5big_2157: THEOREM (60.1s)  running={'THEOREM': 107, 'SOLVED_FMB': 3, 'HARD_NONLINEAR': 1}
[112] order5big_2174: THEOREM (60.1s)  running={'THEOREM': 108, 'SOLVED_FMB': 3, 'HARD_NONLINEAR': 1}
[113] order5big_2193: THEOREM (60.2s)  running={'THEOREM': 109, 'SOLVED_FMB': 3, 'HARD_NONLINEAR': 1}
[114] order5big_2211: THEOREM (89.8s)  running={'THEOREM': 110, 'SOLVED_FMB': 3, 'HARD_NONLINEAR': 1}
[115] order5big_2243: THEOREM (60.2s)  running={'THEOREM': 111, 'SOLVED_FMB': 3, 'HARD_NONLINEAR': 1}
[116] order5big_2257: THEOREM (60.4s)  running={'THEOREM': 112, 'SOLVED_FMB': 3, 'HARD_NONLINEAR': 1}
[117] order5big_2270: THEOREM (60.6s)  running={'THEOREM': 113, 'SOLVED_FMB': 3, 'HARD_NONLINEAR': 1}
[118] order5big_2282: THEOREM (65.3s)  running={'THEOREM': 114, 'SOLVED_FMB': 3, 'HARD_NONLINEAR': 1}
[119] order5big_2300: THEOREM (60.2s)  running={'THEOREM': 115, 'SOLVED_FMB': 3, 'HARD_NONLINEAR': 1}
[120] order5big_2313: THEOREM (60.1s)  running={'THEOREM': 116, 'SOLVED_FMB': 3, 'HARD_NONLINEAR': 1}
[121] order5big_2329: THEOREM (60.1s)  running={'THEOREM': 117, 'SOLVED_FMB': 3, 'HARD_NONLINEAR': 1}
[122] order5big_2345: THEOREM (60.2s)  running={'THEOREM': 118, 'SOLVED_FMB': 3, 'HARD_NONLINEAR': 1}
[123] order5big_2363: THEOREM (60.2s)  running={'THEOREM': 119, 'SOLVED_FMB': 3, 'HARD_NONLINEAR': 1}
[124] order5big_2381: THEOREM (3.1s)  running={'THEOREM': 120, 'SOLVED_FMB': 3, 'HARD_NONLINEAR': 1}
[125] order5big_2398: THEOREM (217.4s)  running={'THEOREM': 121, 'SOLVED_FMB': 3, 'HARD_NONLINEAR': 1}
[126] order5big_2410: THEOREM (60.2s)  running={'THEOREM': 122, 'SOLVED_FMB': 3, 'HARD_NONLINEAR': 1}
[127] order5big_2433: THEOREM (60.4s)  running={'THEOREM': 123, 'SOLVED_FMB': 3, 'HARD_NONLINEAR': 1}
[128] order5big_2452: THEOREM (60.2s)  running={'THEOREM': 124, 'SOLVED_FMB': 3, 'HARD_NONLINEAR': 1}
[129] order5big_2464: THEOREM (62.5s)  running={'THEOREM': 125, 'SOLVED_FMB': 3, 'HARD_NONLINEAR': 1}
[130] order5big_2495: THEOREM (60.2s)  running={'THEOREM': 126, 'SOLVED_FMB': 3, 'HARD_NONLINEAR': 1}
[131] order5big_2514: THEOREM (60.6s)  running={'THEOREM': 127, 'SOLVED_FMB': 3, 'HARD_NONLINEAR': 1}
[132] order5big_2531: THEOREM (60.7s)  running={'THEOREM': 128, 'SOLVED_FMB': 3, 'HARD_NONLINEAR': 1}
[133] order5big_2553: THEOREM (60.2s)  running={'THEOREM': 129, 'SOLVED_FMB': 3, 'HARD_NONLINEAR': 1}
[134] order5big_2578: THEOREM (60.6s)  running={'THEOREM': 130, 'SOLVED_FMB': 3, 'HARD_NONLINEAR': 1}
[135] order5big_2594: THEOREM (60.2s)  running={'THEOREM': 131, 'SOLVED_FMB': 3, 'HARD_NONLINEAR': 1}
[136] order5big_2615: THEOREM (0.4s)  running={'THEOREM': 132, 'SOLVED_FMB': 3, 'HARD_NONLINEAR': 1}
[137] order5big_2636: THEOREM (60.2s)  running={'THEOREM': 133, 'SOLVED_FMB': 3, 'HARD_NONLINEAR': 1}
[138] order5big_2652: THEOREM (60.2s)  running={'THEOREM': 134, 'SOLVED_FMB': 3, 'HARD_NONLINEAR': 1}
[139] order5big_2669: THEOREM (72.3s)  running={'THEOREM': 135, 'SOLVED_FMB': 3, 'HARD_NONLINEAR': 1}
[140] order5big_2684: THEOREM (60.5s)  running={'THEOREM': 136, 'SOLVED_FMB': 3, 'HARD_NONLINEAR': 1}
[141] order5big_2699: THEOREM (60.2s)  running={'THEOREM': 137, 'SOLVED_FMB': 3, 'HARD_NONLINEAR': 1}
[142] order5big_2719: THEOREM (60.7s)  running={'THEOREM': 138, 'SOLVED_FMB': 3, 'HARD_NONLINEAR': 1}
[143] order5big_2737: THEOREM (60.2s)  running={'THEOREM': 139, 'SOLVED_FMB': 3, 'HARD_NONLINEAR': 1}
[144] order5big_2750: THEOREM (60.2s)  running={'THEOREM': 140, 'SOLVED_FMB': 3, 'HARD_NONLINEAR': 1}
[145] order5big_2772: THEOREM (60.2s)  running={'THEOREM': 141, 'SOLVED_FMB': 3, 'HARD_NONLINEAR': 1}
[146] order5big_2789: THEOREM (61.2s)  running={'THEOREM': 142, 'SOLVED_FMB': 3, 'HARD_NONLINEAR': 1}
[147] order5big_2800: THEOREM (60.4s)  running={'THEOREM': 143, 'SOLVED_FMB': 3, 'HARD_NONLINEAR': 1}
[148] order5big_2818: THEOREM (60.2s)  running={'THEOREM': 144, 'SOLVED_FMB': 3, 'HARD_NONLINEAR': 1}
[149] order5big_2836: THEOREM (60.4s)  running={'THEOREM': 145, 'SOLVED_FMB': 3, 'HARD_NONLINEAR': 1}
[150] order5big_2854: THEOREM (60.2s)  running={'THEOREM': 146, 'SOLVED_FMB': 3, 'HARD_NONLINEAR': 1}
[151] order5big_2873: THEOREM (60.2s)  running={'THEOREM': 147, 'SOLVED_FMB': 3, 'HARD_NONLINEAR': 1}
[152] order5big_2893: THEOREM (60.1s)  running={'THEOREM': 148, 'SOLVED_FMB': 3, 'HARD_NONLINEAR': 1}
[153] order5big_2907: THEOREM (60.4s)  running={'THEOREM': 149, 'SOLVED_FMB': 3, 'HARD_NONLINEAR': 1}
[154] order5big_2923: THEOREM (60.1s)  running={'THEOREM': 150, 'SOLVED_FMB': 3, 'HARD_NONLINEAR': 1}
[155] order5big_2940: THEOREM (60.4s)  running={'THEOREM': 151, 'SOLVED_FMB': 3, 'HARD_NONLINEAR': 1}
[156] order5big_2955: THEOREM (60.6s)  running={'THEOREM': 152, 'SOLVED_FMB': 3, 'HARD_NONLINEAR': 1}
[157] order5big_2974: THEOREM (60.2s)  running={'THEOREM': 153, 'SOLVED_FMB': 3, 'HARD_NONLINEAR': 1}
[158] order5big_2990: THEOREM (60.2s)  running={'THEOREM': 154, 'SOLVED_FMB': 3, 'HARD_NONLINEAR': 1}
[159] order5big_3016: THEOREM (60.2s)  running={'THEOREM': 155, 'SOLVED_FMB': 3, 'HARD_NONLINEAR': 1}
[160] order5big_3032: THEOREM (60.2s)  running={'THEOREM': 156, 'SOLVED_FMB': 3, 'HARD_NONLINEAR': 1}
[161] order5big_3049: THEOREM (60.2s)  running={'THEOREM': 157, 'SOLVED_FMB': 3, 'HARD_NONLINEAR': 1}
[162] order5big_3073: THEOREM (60.4s)  running={'THEOREM': 158, 'SOLVED_FMB': 3, 'HARD_NONLINEAR': 1}
[163] order5big_3097: THEOREM (6.1s)  running={'THEOREM': 159, 'SOLVED_FMB': 3, 'HARD_NONLINEAR': 1}
[164] order5big_3126: THEOREM (60.2s)  running={'THEOREM': 160, 'SOLVED_FMB': 3, 'HARD_NONLINEAR': 1}
[165] order5big_3143: THEOREM (60.2s)  running={'THEOREM': 161, 'SOLVED_FMB': 3, 'HARD_NONLINEAR': 1}
[166] order5big_3168: THEOREM (60.6s)  running={'THEOREM': 162, 'SOLVED_FMB': 3, 'HARD_NONLINEAR': 1}
[167] order5big_3190: THEOREM (60.7s)  running={'THEOREM': 163, 'SOLVED_FMB': 3, 'HARD_NONLINEAR': 1}
[168] order5big_3207: THEOREM (60.2s)  running={'THEOREM': 164, 'SOLVED_FMB': 3, 'HARD_NONLINEAR': 1}
[169] order5big_3224: THEOREM (60.2s)  running={'THEOREM': 165, 'SOLVED_FMB': 3, 'HARD_NONLINEAR': 1}
[170] order5big_3244: THEOREM (61.1s)  running={'THEOREM': 166, 'SOLVED_FMB': 3, 'HARD_NONLINEAR': 1}
[171] order5big_3259: THEOREM (60.2s)  running={'THEOREM': 167, 'SOLVED_FMB': 3, 'HARD_NONLINEAR': 1}
[172] order5big_3282: THEOREM (60.2s)  running={'THEOREM': 168, 'SOLVED_FMB': 3, 'HARD_NONLINEAR': 1}
[173] order5big_3307: THEOREM (60.3s)  running={'THEOREM': 169, 'SOLVED_FMB': 3, 'HARD_NONLINEAR': 1}
[174] order5big_3329: THEOREM (60.2s)  running={'THEOREM': 170, 'SOLVED_FMB': 3, 'HARD_NONLINEAR': 1}
[175] order5big_3355: THEOREM (60.4s)  running={'THEOREM': 171, 'SOLVED_FMB': 3, 'HARD_NONLINEAR': 1}
[176] order5big_3381: THEOREM (60.2s)  running={'THEOREM': 172, 'SOLVED_FMB': 3, 'HARD_NONLINEAR': 1}
[177] order5big_3400: THEOREM (60.2s)  running={'THEOREM': 173, 'SOLVED_FMB': 3, 'HARD_NONLINEAR': 1}
[178] order5big_3422: SOLVED_FMB (5.0s)  running={'THEOREM': 173, 'SOLVED_FMB': 4, 'HARD_NONLINEAR': 1}
[179] order5big_3444: THEOREM (60.2s)  running={'THEOREM': 174, 'SOLVED_FMB': 4, 'HARD_NONLINEAR': 1}
[180] order5big_3466: THEOREM (60.2s)  running={'THEOREM': 175, 'SOLVED_FMB': 4, 'HARD_NONLINEAR': 1}
[181] order5big_3485: THEOREM (60.2s)  running={'THEOREM': 176, 'SOLVED_FMB': 4, 'HARD_NONLINEAR': 1}
[182] order5big_3499: SOLVED_FMB (0.2s)  running={'THEOREM': 176, 'SOLVED_FMB': 5, 'HARD_NONLINEAR': 1}
[183] order5big_3516: THEOREM (60.2s)  running={'THEOREM': 177, 'SOLVED_FMB': 5, 'HARD_NONLINEAR': 1}
[184] order5big_3533: THEOREM (61.0s)  running={'THEOREM': 178, 'SOLVED_FMB': 5, 'HARD_NONLINEAR': 1}
[185] order5big_3550: THEOREM (60.2s)  running={'THEOREM': 179, 'SOLVED_FMB': 5, 'HARD_NONLINEAR': 1}
[186] order5big_3584: THEOREM (60.2s)  running={'THEOREM': 180, 'SOLVED_FMB': 5, 'HARD_NONLINEAR': 1}
[187] order5big_3604: THEOREM (60.6s)  running={'THEOREM': 181, 'SOLVED_FMB': 5, 'HARD_NONLINEAR': 1}
[188] order5big_3630: THEOREM (60.2s)  running={'THEOREM': 182, 'SOLVED_FMB': 5, 'HARD_NONLINEAR': 1}
[189] order5big_3668: THEOREM (60.4s)  running={'THEOREM': 183, 'SOLVED_FMB': 5, 'HARD_NONLINEAR': 1}
[190] order5big_3684: THEOREM (60.5s)  running={'THEOREM': 184, 'SOLVED_FMB': 5, 'HARD_NONLINEAR': 1}
[191] order5big_3701: THEOREM (60.1s)  running={'THEOREM': 185, 'SOLVED_FMB': 5, 'HARD_NONLINEAR': 1}
[192] order5big_3717: THEOREM (62.9s)  running={'THEOREM': 186, 'SOLVED_FMB': 5, 'HARD_NONLINEAR': 1}
[193] order5big_3737: THEOREM (60.4s)  running={'THEOREM': 187, 'SOLVED_FMB': 5, 'HARD_NONLINEAR': 1}
[194] order5big_3756: THEOREM (60.2s)  running={'THEOREM': 188, 'SOLVED_FMB': 5, 'HARD_NONLINEAR': 1}
[195] order5big_3776: THEOREM (60.2s)  running={'THEOREM': 189, 'SOLVED_FMB': 5, 'HARD_NONLINEAR': 1}
[196] order5big_3801: THEOREM (60.2s)  running={'THEOREM': 190, 'SOLVED_FMB': 5, 'HARD_NONLINEAR': 1}
[197] order5big_3829: THEOREM (60.1s)  running={'THEOREM': 191, 'SOLVED_FMB': 5, 'HARD_NONLINEAR': 1}
[198] order5big_3848: THEOREM (60.7s)  running={'THEOREM': 192, 'SOLVED_FMB': 5, 'HARD_NONLINEAR': 1}
[199] order5big_3865: THEOREM (60.2s)  running={'THEOREM': 193, 'SOLVED_FMB': 5, 'HARD_NONLINEAR': 1}
[200] order5big_3877: THEOREM (60.9s)  running={'THEOREM': 194, 'SOLVED_FMB': 5, 'HARD_NONLINEAR': 1}
[201] order5big_3893: THEOREM (60.2s)  running={'THEOREM': 195, 'SOLVED_FMB': 5, 'HARD_NONLINEAR': 1}
[202] order5big_3907: THEOREM (60.2s)  running={'THEOREM': 196, 'SOLVED_FMB': 5, 'HARD_NONLINEAR': 1}
[203] order5big_3923: THEOREM (60.2s)  running={'THEOREM': 197, 'SOLVED_FMB': 5, 'HARD_NONLINEAR': 1}
[204] order5big_3947: THEOREM (62.1s)  running={'THEOREM': 198, 'SOLVED_FMB': 5, 'HARD_NONLINEAR': 1}
[205] order5big_3970: THEOREM (61.4s)  running={'THEOREM': 199, 'SOLVED_FMB': 5, 'HARD_NONLINEAR': 1}
[206] order5big_3990: THEOREM (83.7s)  running={'THEOREM': 200, 'SOLVED_FMB': 5, 'HARD_NONLINEAR': 1}
[207] order5big_4008: THEOREM (60.2s)  running={'THEOREM': 201, 'SOLVED_FMB': 5, 'HARD_NONLINEAR': 1}
[208] order5big_4035: THEOREM (60.2s)  running={'THEOREM': 202, 'SOLVED_FMB': 5, 'HARD_NONLINEAR': 1}
[209] order5big_4064: THEOREM (60.4s)  running={'THEOREM': 203, 'SOLVED_FMB': 5, 'HARD_NONLINEAR': 1}
[210] order5big_4084: THEOREM (60.2s)  running={'THEOREM': 204, 'SOLVED_FMB': 5, 'HARD_NONLINEAR': 1}
[211] order5big_4108: THEOREM (60.2s)  running={'THEOREM': 205, 'SOLVED_FMB': 5, 'HARD_NONLINEAR': 1}
[212] order5big_4123: THEOREM (60.4s)  running={'THEOREM': 206, 'SOLVED_FMB': 5, 'HARD_NONLINEAR': 1}
[213] order5big_4138: THEOREM (60.2s)  running={'THEOREM': 207, 'SOLVED_FMB': 5, 'HARD_NONLINEAR': 1}
[214] order5big_4159: THEOREM (60.2s)  running={'THEOREM': 208, 'SOLVED_FMB': 5, 'HARD_NONLINEAR': 1}
[215] order5big_4173: THEOREM (60.2s)  running={'THEOREM': 209, 'SOLVED_FMB': 5, 'HARD_NONLINEAR': 1}
[216] order5big_4186: THEOREM (60.3s)  running={'THEOREM': 210, 'SOLVED_FMB': 5, 'HARD_NONLINEAR': 1}
[217] order5big_4208: THEOREM (60.2s)  running={'THEOREM': 211, 'SOLVED_FMB': 5, 'HARD_NONLINEAR': 1}
[218] order5big_4227: THEOREM (60.7s)  running={'THEOREM': 212, 'SOLVED_FMB': 5, 'HARD_NONLINEAR': 1}
[219] order5big_4246: THEOREM (60.3s)  running={'THEOREM': 213, 'SOLVED_FMB': 5, 'HARD_NONLINEAR': 1}
[220] order5big_4273: THEOREM (60.2s)  running={'THEOREM': 214, 'SOLVED_FMB': 5, 'HARD_NONLINEAR': 1}
[221] order5big_4290: THEOREM (60.2s)  running={'THEOREM': 215, 'SOLVED_FMB': 5, 'HARD_NONLINEAR': 1}
[222] order5big_4314: THEOREM (60.2s)  running={'THEOREM': 216, 'SOLVED_FMB': 5, 'HARD_NONLINEAR': 1}
[223] order5big_4358: THEOREM (73.3s)  running={'THEOREM': 217, 'SOLVED_FMB': 5, 'HARD_NONLINEAR': 1}
[224] order5big_4383: THEOREM (60.2s)  running={'THEOREM': 218, 'SOLVED_FMB': 5, 'HARD_NONLINEAR': 1}
[225] order5big_4395: THEOREM (60.2s)  running={'THEOREM': 219, 'SOLVED_FMB': 5, 'HARD_NONLINEAR': 1}
[226] order5big_4417: THEOREM (3.4s)  running={'THEOREM': 220, 'SOLVED_FMB': 5, 'HARD_NONLINEAR': 1}
[227] order5big_4435: THEOREM (60.6s)  running={'THEOREM': 221, 'SOLVED_FMB': 5, 'HARD_NONLINEAR': 1}
[228] order5big_4453: THEOREM (60.2s)  running={'THEOREM': 222, 'SOLVED_FMB': 5, 'HARD_NONLINEAR': 1}
[229] order5big_4467: THEOREM (60.2s)  running={'THEOREM': 223, 'SOLVED_FMB': 5, 'HARD_NONLINEAR': 1}
[230] order5big_4487: THEOREM (60.2s)  running={'THEOREM': 224, 'SOLVED_FMB': 5, 'HARD_NONLINEAR': 1}
[231] order5big_4511: THEOREM (60.6s)  running={'THEOREM': 225, 'SOLVED_FMB': 5, 'HARD_NONLINEAR': 1}
[232] order5big_4529: THEOREM (91.6s)  running={'THEOREM': 226, 'SOLVED_FMB': 5, 'HARD_NONLINEAR': 1}
[233] order5big_4547: THEOREM (60.7s)  running={'THEOREM': 227, 'SOLVED_FMB': 5, 'HARD_NONLINEAR': 1}
[234] order5big_4582: THEOREM (60.4s)  running={'THEOREM': 228, 'SOLVED_FMB': 5, 'HARD_NONLINEAR': 1}
[235] order5big_4599: THEOREM (72.2s)  running={'THEOREM': 229, 'SOLVED_FMB': 5, 'HARD_NONLINEAR': 1}
[236] order5big_4618: THEOREM (60.2s)  running={'THEOREM': 230, 'SOLVED_FMB': 5, 'HARD_NONLINEAR': 1}
[237] order5big_4635: THEOREM (60.2s)  running={'THEOREM': 231, 'SOLVED_FMB': 5, 'HARD_NONLINEAR': 1}
[238] order5big_4663: THEOREM (60.2s)  running={'THEOREM': 232, 'SOLVED_FMB': 5, 'HARD_NONLINEAR': 1}
[239] order5big_4689: THEOREM (1.0s)  running={'THEOREM': 233, 'SOLVED_FMB': 5, 'HARD_NONLINEAR': 1}
[240] order5big_4711: THEOREM (60.6s)  running={'THEOREM': 234, 'SOLVED_FMB': 5, 'HARD_NONLINEAR': 1}
[241] order5big_4723: THEOREM (60.2s)  running={'THEOREM': 235, 'SOLVED_FMB': 5, 'HARD_NONLINEAR': 1}
[242] order5big_4737: THEOREM (60.1s)  running={'THEOREM': 236, 'SOLVED_FMB': 5, 'HARD_NONLINEAR': 1}
[243] order5big_4751: THEOREM (64.9s)  running={'THEOREM': 237, 'SOLVED_FMB': 5, 'HARD_NONLINEAR': 1}
[244] order5big_4777: THEOREM (60.2s)  running={'THEOREM': 238, 'SOLVED_FMB': 5, 'HARD_NONLINEAR': 1}
[245] order5big_4797: THEOREM (60.2s)  running={'THEOREM': 239, 'SOLVED_FMB': 5, 'HARD_NONLINEAR': 1}
[246] order5big_4835: THEOREM (60.2s)  running={'THEOREM': 240, 'SOLVED_FMB': 5, 'HARD_NONLINEAR': 1}
[247] order5big_4853: THEOREM (60.3s)  running={'THEOREM': 241, 'SOLVED_FMB': 5, 'HARD_NONLINEAR': 1}
[248] order5big_4868: THEOREM (60.2s)  running={'THEOREM': 242, 'SOLVED_FMB': 5, 'HARD_NONLINEAR': 1}
[249] order5big_4887: THEOREM (60.2s)  running={'THEOREM': 243, 'SOLVED_FMB': 5, 'HARD_NONLINEAR': 1}
[250] order5big_4901: THEOREM (60.5s)  running={'THEOREM': 244, 'SOLVED_FMB': 5, 'HARD_NONLINEAR': 1}
[251] order5big_4931: THEOREM (60.2s)  running={'THEOREM': 245, 'SOLVED_FMB': 5, 'HARD_NONLINEAR': 1}
[252] order5big_4952: THEOREM (60.1s)  running={'THEOREM': 246, 'SOLVED_FMB': 5, 'HARD_NONLINEAR': 1}
[253] order5big_4972: THEOREM (60.6s)  running={'THEOREM': 247, 'SOLVED_FMB': 5, 'HARD_NONLINEAR': 1}
[254] order5big_4986: THEOREM (60.2s)  running={'THEOREM': 248, 'SOLVED_FMB': 5, 'HARD_NONLINEAR': 1}
[255] order5big_5007: THEOREM (60.6s)  running={'THEOREM': 249, 'SOLVED_FMB': 5, 'HARD_NONLINEAR': 1}
[256] order5big_5035: THEOREM (72.3s)  running={'THEOREM': 250, 'SOLVED_FMB': 5, 'HARD_NONLINEAR': 1}
[257] order5big_5054: THEOREM (60.1s)  running={'THEOREM': 251, 'SOLVED_FMB': 5, 'HARD_NONLINEAR': 1}
[258] order5big_5073: THEOREM (60.3s)  running={'THEOREM': 252, 'SOLVED_FMB': 5, 'HARD_NONLINEAR': 1}
[259] order5big_5102: THEOREM (60.7s)  running={'THEOREM': 253, 'SOLVED_FMB': 5, 'HARD_NONLINEAR': 1}
[260] order5big_5123: THEOREM (60.6s)  running={'THEOREM': 254, 'SOLVED_FMB': 5, 'HARD_NONLINEAR': 1}
[261] order5big_5143: THEOREM (60.6s)  running={'THEOREM': 255, 'SOLVED_FMB': 5, 'HARD_NONLINEAR': 1}
[262] order5big_5161: THEOREM (60.2s)  running={'THEOREM': 256, 'SOLVED_FMB': 5, 'HARD_NONLINEAR': 1}
[263] order5big_5200: SOLVED_FMB (1.0s)  running={'THEOREM': 256, 'SOLVED_FMB': 6, 'HARD_NONLINEAR': 1}
[264] order5big_5216: THEOREM (60.2s)  running={'THEOREM': 257, 'SOLVED_FMB': 6, 'HARD_NONLINEAR': 1}
[265] order5big_5243: THEOREM (61.3s)  running={'THEOREM': 258, 'SOLVED_FMB': 6, 'HARD_NONLINEAR': 1}
[266] order5big_5254: THEOREM (60.2s)  running={'THEOREM': 259, 'SOLVED_FMB': 6, 'HARD_NONLINEAR': 1}
[267] order5big_5273: THEOREM (60.1s)  running={'THEOREM': 260, 'SOLVED_FMB': 6, 'HARD_NONLINEAR': 1}
[268] order5big_5298: THEOREM (60.4s)  running={'THEOREM': 261, 'SOLVED_FMB': 6, 'HARD_NONLINEAR': 1}
[269] order5big_5321: THEOREM (60.2s)  running={'THEOREM': 262, 'SOLVED_FMB': 6, 'HARD_NONLINEAR': 1}
[270] order5big_5349: THEOREM (60.4s)  running={'THEOREM': 263, 'SOLVED_FMB': 6, 'HARD_NONLINEAR': 1}
[271] order5big_5364: THEOREM (60.4s)  running={'THEOREM': 264, 'SOLVED_FMB': 6, 'HARD_NONLINEAR': 1}
[272] order5big_5383: THEOREM (60.3s)  running={'THEOREM': 265, 'SOLVED_FMB': 6, 'HARD_NONLINEAR': 1}
[273] order5big_5409: THEOREM (60.4s)  running={'THEOREM': 266, 'SOLVED_FMB': 6, 'HARD_NONLINEAR': 1}
[274] order5big_5436: THEOREM (20.0s)  running={'THEOREM': 267, 'SOLVED_FMB': 6, 'HARD_NONLINEAR': 1}
[275] order5big_5450: THEOREM (60.1s)  running={'THEOREM': 268, 'SOLVED_FMB': 6, 'HARD_NONLINEAR': 1}
[276] order5big_5462: THEOREM (60.1s)  running={'THEOREM': 269, 'SOLVED_FMB': 6, 'HARD_NONLINEAR': 1}
[277] order5big_5488: THEOREM (61.6s)  running={'THEOREM': 270, 'SOLVED_FMB': 6, 'HARD_NONLINEAR': 1}
[278] order5big_5513: THEOREM (60.6s)  running={'THEOREM': 271, 'SOLVED_FMB': 6, 'HARD_NONLINEAR': 1}
[279] order5big_5525: THEOREM (60.4s)  running={'THEOREM': 272, 'SOLVED_FMB': 6, 'HARD_NONLINEAR': 1}
[280] order5big_5546: THEOREM (60.2s)  running={'THEOREM': 273, 'SOLVED_FMB': 6, 'HARD_NONLINEAR': 1}
[281] order5big_5572: THEOREM (60.3s)  running={'THEOREM': 274, 'SOLVED_FMB': 6, 'HARD_NONLINEAR': 1}
[282] order5big_5589: THEOREM (60.2s)  running={'THEOREM': 275, 'SOLVED_FMB': 6, 'HARD_NONLINEAR': 1}
[283] order5big_5608: THEOREM (61.2s)  running={'THEOREM': 276, 'SOLVED_FMB': 6, 'HARD_NONLINEAR': 1}
[284] order5big_5620: THEOREM (60.2s)  running={'THEOREM': 277, 'SOLVED_FMB': 6, 'HARD_NONLINEAR': 1}
[285] order5big_5645: THEOREM (60.2s)  running={'THEOREM': 278, 'SOLVED_FMB': 6, 'HARD_NONLINEAR': 1}
[286] order5big_5665: THEOREM (60.6s)  running={'THEOREM': 279, 'SOLVED_FMB': 6, 'HARD_NONLINEAR': 1}
[287] order5big_5680: THEOREM (60.2s)  running={'THEOREM': 280, 'SOLVED_FMB': 6, 'HARD_NONLINEAR': 1}
[288] order5big_5699: THEOREM (60.2s)  running={'THEOREM': 281, 'SOLVED_FMB': 6, 'HARD_NONLINEAR': 1}
[289] order5big_5726: THEOREM (60.2s)  running={'THEOREM': 282, 'SOLVED_FMB': 6, 'HARD_NONLINEAR': 1}
[290] order5big_5752: THEOREM (60.2s)  running={'THEOREM': 283, 'SOLVED_FMB': 6, 'HARD_NONLINEAR': 1}
[291] order5big_5775: THEOREM (60.2s)  running={'THEOREM': 284, 'SOLVED_FMB': 6, 'HARD_NONLINEAR': 1}
[292] order5big_5790: THEOREM (60.7s)  running={'THEOREM': 285, 'SOLVED_FMB': 6, 'HARD_NONLINEAR': 1}
[293] order5big_5815: THEOREM (60.2s)  running={'THEOREM': 286, 'SOLVED_FMB': 6, 'HARD_NONLINEAR': 1}
[294] order5big_5836: THEOREM (60.3s)  running={'THEOREM': 287, 'SOLVED_FMB': 6, 'HARD_NONLINEAR': 1}
[295] order5big_5856: THEOREM (60.2s)  running={'THEOREM': 288, 'SOLVED_FMB': 6, 'HARD_NONLINEAR': 1}
[296] order5big_5888: THEOREM (60.4s)  running={'THEOREM': 289, 'SOLVED_FMB': 6, 'HARD_NONLINEAR': 1}
[297] order5big_5899: THEOREM (60.6s)  running={'THEOREM': 290, 'SOLVED_FMB': 6, 'HARD_NONLINEAR': 1}
[298] order5big_5916: THEOREM (60.5s)  running={'THEOREM': 291, 'SOLVED_FMB': 6, 'HARD_NONLINEAR': 1}
[299] order5big_5940: THEOREM (60.2s)  running={'THEOREM': 292, 'SOLVED_FMB': 6, 'HARD_NONLINEAR': 1}
[300] order5big_5961: THEOREM (60.2s)  running={'THEOREM': 293, 'SOLVED_FMB': 6, 'HARD_NONLINEAR': 1}
[301] order5big_5991: THEOREM (60.1s)  running={'THEOREM': 294, 'SOLVED_FMB': 6, 'HARD_NONLINEAR': 1}
[302] order5big_6016: THEOREM (60.2s)  running={'THEOREM': 295, 'SOLVED_FMB': 6, 'HARD_NONLINEAR': 1}
[303] order5big_6039: THEOREM (60.2s)  running={'THEOREM': 296, 'SOLVED_FMB': 6, 'HARD_NONLINEAR': 1}
[304] order5big_6072: THEOREM (60.2s)  running={'THEOREM': 297, 'SOLVED_FMB': 6, 'HARD_NONLINEAR': 1}
[305] order5big_6091: THEOREM (60.2s)  running={'THEOREM': 298, 'SOLVED_FMB': 6, 'HARD_NONLINEAR': 1}
[306] order5big_6107: THEOREM (60.5s)  running={'THEOREM': 299, 'SOLVED_FMB': 6, 'HARD_NONLINEAR': 1}
[307] order5big_6135: THEOREM (60.2s)  running={'THEOREM': 300, 'SOLVED_FMB': 6, 'HARD_NONLINEAR': 1}
[308] order5big_6162: THEOREM (60.2s)  running={'THEOREM': 301, 'SOLVED_FMB': 6, 'HARD_NONLINEAR': 1}
[309] order5big_6177: THEOREM (206.0s)  running={'THEOREM': 302, 'SOLVED_FMB': 6, 'HARD_NONLINEAR': 1}
[310] order5big_6197: THEOREM (60.6s)  running={'THEOREM': 303, 'SOLVED_FMB': 6, 'HARD_NONLINEAR': 1}
[311] order5big_6227: THEOREM (60.2s)  running={'THEOREM': 304, 'SOLVED_FMB': 6, 'HARD_NONLINEAR': 1}
[312] order5big_6250: THEOREM (60.5s)  running={'THEOREM': 305, 'SOLVED_FMB': 6, 'HARD_NONLINEAR': 1}
[313] order5big_6270: THEOREM (60.1s)  running={'THEOREM': 306, 'SOLVED_FMB': 6, 'HARD_NONLINEAR': 1}
[314] order5big_6290: THEOREM (60.2s)  running={'THEOREM': 307, 'SOLVED_FMB': 6, 'HARD_NONLINEAR': 1}
[315] order5big_6306: THEOREM (60.1s)  running={'THEOREM': 308, 'SOLVED_FMB': 6, 'HARD_NONLINEAR': 1}
[316] order5big_6330: THEOREM (7.3s)  running={'THEOREM': 309, 'SOLVED_FMB': 6, 'HARD_NONLINEAR': 1}
[317] order5big_6357: THEOREM (60.4s)  running={'THEOREM': 310, 'SOLVED_FMB': 6, 'HARD_NONLINEAR': 1}
[318] order5big_6379: THEOREM (60.1s)  running={'THEOREM': 311, 'SOLVED_FMB': 6, 'HARD_NONLINEAR': 1}
[319] order5big_6414: THEOREM (60.2s)  running={'THEOREM': 312, 'SOLVED_FMB': 6, 'HARD_NONLINEAR': 1}
[320] order5big_6443: THEOREM (72.9s)  running={'THEOREM': 313, 'SOLVED_FMB': 6, 'HARD_NONLINEAR': 1}
[321] order5big_6464: THEOREM (60.7s)  running={'THEOREM': 314, 'SOLVED_FMB': 6, 'HARD_NONLINEAR': 1}
[322] order5big_6480: THEOREM (60.2s)  running={'THEOREM': 315, 'SOLVED_FMB': 6, 'HARD_NONLINEAR': 1}
[323] order5big_6494: THEOREM (60.6s)  running={'THEOREM': 316, 'SOLVED_FMB': 6, 'HARD_NONLINEAR': 1}
[324] order5big_6513: THEOREM (60.2s)  running={'THEOREM': 317, 'SOLVED_FMB': 6, 'HARD_NONLINEAR': 1}
[325] order5big_6532: THEOREM (60.2s)  running={'THEOREM': 318, 'SOLVED_FMB': 6, 'HARD_NONLINEAR': 1}
[326] order5big_6550: THEOREM (60.2s)  running={'THEOREM': 319, 'SOLVED_FMB': 6, 'HARD_NONLINEAR': 1}
[327] order5big_6578: THEOREM (60.6s)  running={'THEOREM': 320, 'SOLVED_FMB': 6, 'HARD_NONLINEAR': 1}
[328] order5big_6603: THEOREM (60.2s)  running={'THEOREM': 321, 'SOLVED_FMB': 6, 'HARD_NONLINEAR': 1}
[329] order5big_6624: THEOREM (60.2s)  running={'THEOREM': 322, 'SOLVED_FMB': 6, 'HARD_NONLINEAR': 1}
[330] order5big_6657: THEOREM (60.2s)  running={'THEOREM': 323, 'SOLVED_FMB': 6, 'HARD_NONLINEAR': 1}
[331] order5big_6687: THEOREM (60.5s)  running={'THEOREM': 324, 'SOLVED_FMB': 6, 'HARD_NONLINEAR': 1}
[332] order5big_6701: THEOREM (22.5s)  running={'THEOREM': 325, 'SOLVED_FMB': 6, 'HARD_NONLINEAR': 1}
[333] order5big_6719: THEOREM (73.4s)  running={'THEOREM': 326, 'SOLVED_FMB': 6, 'HARD_NONLINEAR': 1}
[334] order5big_6745: SOLVED_FMB (1.0s)  running={'THEOREM': 326, 'SOLVED_FMB': 7, 'HARD_NONLINEAR': 1}
[335] order5big_6766: THEOREM (60.3s)  running={'THEOREM': 327, 'SOLVED_FMB': 7, 'HARD_NONLINEAR': 1}
[336] order5big_6784: THEOREM (60.2s)  running={'THEOREM': 328, 'SOLVED_FMB': 7, 'HARD_NONLINEAR': 1}
[337] order5big_6808: THEOREM (60.4s)  running={'THEOREM': 329, 'SOLVED_FMB': 7, 'HARD_NONLINEAR': 1}
[338] order5big_6831: THEOREM (60.2s)  running={'THEOREM': 330, 'SOLVED_FMB': 7, 'HARD_NONLINEAR': 1}
[339] order5big_6846: THEOREM (60.4s)  running={'THEOREM': 331, 'SOLVED_FMB': 7, 'HARD_NONLINEAR': 1}
[340] order5big_6856: THEOREM (60.4s)  running={'THEOREM': 332, 'SOLVED_FMB': 7, 'HARD_NONLINEAR': 1}
[341] order5big_6881: THEOREM (60.2s)  running={'THEOREM': 333, 'SOLVED_FMB': 7, 'HARD_NONLINEAR': 1}
[342] order5big_6901: THEOREM (73.1s)  running={'THEOREM': 334, 'SOLVED_FMB': 7, 'HARD_NONLINEAR': 1}
[343] order5big_6916: THEOREM (60.2s)  running={'THEOREM': 335, 'SOLVED_FMB': 7, 'HARD_NONLINEAR': 1}
[344] order5big_6941: THEOREM (60.2s)  running={'THEOREM': 336, 'SOLVED_FMB': 7, 'HARD_NONLINEAR': 1}
[345] order5big_6955: THEOREM (60.4s)  running={'THEOREM': 337, 'SOLVED_FMB': 7, 'HARD_NONLINEAR': 1}
[346] order5big_6967: THEOREM (60.2s)  running={'THEOREM': 338, 'SOLVED_FMB': 7, 'HARD_NONLINEAR': 1}
[347] order5big_6979: THEOREM (60.6s)  running={'THEOREM': 339, 'SOLVED_FMB': 7, 'HARD_NONLINEAR': 1}
[348] order5big_6994: THEOREM (61.2s)  running={'THEOREM': 340, 'SOLVED_FMB': 7, 'HARD_NONLINEAR': 1}
[349] order5big_7015: THEOREM (60.5s)  running={'THEOREM': 341, 'SOLVED_FMB': 7, 'HARD_NONLINEAR': 1}
[350] order5big_7040: THEOREM (92.3s)  running={'THEOREM': 342, 'SOLVED_FMB': 7, 'HARD_NONLINEAR': 1}
[351] order5big_7066: THEOREM (72.1s)  running={'THEOREM': 343, 'SOLVED_FMB': 7, 'HARD_NONLINEAR': 1}
[352] order5big_7092: THEOREM (60.2s)  running={'THEOREM': 344, 'SOLVED_FMB': 7, 'HARD_NONLINEAR': 1}
[353] order5big_7110: THEOREM (60.2s)  running={'THEOREM': 345, 'SOLVED_FMB': 7, 'HARD_NONLINEAR': 1}
[354] order5big_7128: THEOREM (60.2s)  running={'THEOREM': 346, 'SOLVED_FMB': 7, 'HARD_NONLINEAR': 1}
[355] order5big_7146: THEOREM (61.2s)  running={'THEOREM': 347, 'SOLVED_FMB': 7, 'HARD_NONLINEAR': 1}
[356] order5big_7156: SOLVED_FMB (0.2s)  running={'THEOREM': 347, 'SOLVED_FMB': 8, 'HARD_NONLINEAR': 1}
[357] order5big_7171: THEOREM (60.2s)  running={'THEOREM': 348, 'SOLVED_FMB': 8, 'HARD_NONLINEAR': 1}
[358] order5big_7192: THEOREM (60.1s)  running={'THEOREM': 349, 'SOLVED_FMB': 8, 'HARD_NONLINEAR': 1}
[359] order5big_7209: THEOREM (60.1s)  running={'THEOREM': 350, 'SOLVED_FMB': 8, 'HARD_NONLINEAR': 1}
[360] order5big_7236: THEOREM (60.2s)  running={'THEOREM': 351, 'SOLVED_FMB': 8, 'HARD_NONLINEAR': 1}
[361] order5big_7256: THEOREM (63.6s)  running={'THEOREM': 352, 'SOLVED_FMB': 8, 'HARD_NONLINEAR': 1}
[362] order5big_7277: THEOREM (60.2s)  running={'THEOREM': 353, 'SOLVED_FMB': 8, 'HARD_NONLINEAR': 1}
[363] order5big_7297: THEOREM (61.3s)  running={'THEOREM': 354, 'SOLVED_FMB': 8, 'HARD_NONLINEAR': 1}
[364] order5big_7318: THEOREM (73.0s)  running={'THEOREM': 355, 'SOLVED_FMB': 8, 'HARD_NONLINEAR': 1}
[365] order5big_7338: THEOREM (60.8s)  running={'THEOREM': 356, 'SOLVED_FMB': 8, 'HARD_NONLINEAR': 1}
[366] order5big_7360: THEOREM (60.3s)  running={'THEOREM': 357, 'SOLVED_FMB': 8, 'HARD_NONLINEAR': 1}
[367] order5big_7375: THEOREM (60.8s)  running={'THEOREM': 358, 'SOLVED_FMB': 8, 'HARD_NONLINEAR': 1}
[368] order5big_7399: THEOREM (60.2s)  running={'THEOREM': 359, 'SOLVED_FMB': 8, 'HARD_NONLINEAR': 1}
[369] order5big_7426: THEOREM (60.2s)  running={'THEOREM': 360, 'SOLVED_FMB': 8, 'HARD_NONLINEAR': 1}
[370] order5big_7456: THEOREM (60.2s)  running={'THEOREM': 361, 'SOLVED_FMB': 8, 'HARD_NONLINEAR': 1}
[371] order5big_7484: THEOREM (60.2s)  running={'THEOREM': 362, 'SOLVED_FMB': 8, 'HARD_NONLINEAR': 1}
[372] order5big_7501: THEOREM (60.2s)  running={'THEOREM': 363, 'SOLVED_FMB': 8, 'HARD_NONLINEAR': 1}
[373] order5big_7527: THEOREM (60.2s)  running={'THEOREM': 364, 'SOLVED_FMB': 8, 'HARD_NONLINEAR': 1}
[374] order5big_7548: THEOREM (60.2s)  running={'THEOREM': 365, 'SOLVED_FMB': 8, 'HARD_NONLINEAR': 1}
[375] order5big_7568: THEOREM (60.1s)  running={'THEOREM': 366, 'SOLVED_FMB': 8, 'HARD_NONLINEAR': 1}
[376] order5big_7585: THEOREM (60.2s)  running={'THEOREM': 367, 'SOLVED_FMB': 8, 'HARD_NONLINEAR': 1}
[377] order5big_7610: THEOREM (60.2s)  running={'THEOREM': 368, 'SOLVED_FMB': 8, 'HARD_NONLINEAR': 1}
[378] order5big_7624: THEOREM (60.3s)  running={'THEOREM': 369, 'SOLVED_FMB': 8, 'HARD_NONLINEAR': 1}
[379] order5big_7640: THEOREM (60.3s)  running={'THEOREM': 370, 'SOLVED_FMB': 8, 'HARD_NONLINEAR': 1}
[380] order5big_7675: THEOREM (60.1s)  running={'THEOREM': 371, 'SOLVED_FMB': 8, 'HARD_NONLINEAR': 1}
[381] order5big_7697: THEOREM (60.2s)  running={'THEOREM': 372, 'SOLVED_FMB': 8, 'HARD_NONLINEAR': 1}
[382] order5big_7719: THEOREM (37.3s)  running={'THEOREM': 373, 'SOLVED_FMB': 8, 'HARD_NONLINEAR': 1}
[383] order5big_7732: THEOREM (60.2s)  running={'THEOREM': 374, 'SOLVED_FMB': 8, 'HARD_NONLINEAR': 1}
[384] order5big_7743: THEOREM (60.2s)  running={'THEOREM': 375, 'SOLVED_FMB': 8, 'HARD_NONLINEAR': 1}
[385] order5big_7763: THEOREM (60.2s)  running={'THEOREM': 376, 'SOLVED_FMB': 8, 'HARD_NONLINEAR': 1}
[386] order5big_7780: THEOREM (60.2s)  running={'THEOREM': 377, 'SOLVED_FMB': 8, 'HARD_NONLINEAR': 1}
[387] order5big_7800: THEOREM (60.4s)  running={'THEOREM': 378, 'SOLVED_FMB': 8, 'HARD_NONLINEAR': 1}
[388] order5big_7819: THEOREM (83.5s)  running={'THEOREM': 379, 'SOLVED_FMB': 8, 'HARD_NONLINEAR': 1}
[389] order5big_7837: THEOREM (60.6s)  running={'THEOREM': 380, 'SOLVED_FMB': 8, 'HARD_NONLINEAR': 1}
[390] order5big_7858: THEOREM (60.3s)  running={'THEOREM': 381, 'SOLVED_FMB': 8, 'HARD_NONLINEAR': 1}
[391] order5big_7894: THEOREM (60.2s)  running={'THEOREM': 382, 'SOLVED_FMB': 8, 'HARD_NONLINEAR': 1}
[392] order5big_7910: THEOREM (60.2s)  running={'THEOREM': 383, 'SOLVED_FMB': 8, 'HARD_NONLINEAR': 1}
[393] order5big_7934: THEOREM (60.2s)  running={'THEOREM': 384, 'SOLVED_FMB': 8, 'HARD_NONLINEAR': 1}
[394] order5big_7964: THEOREM (60.2s)  running={'THEOREM': 385, 'SOLVED_FMB': 8, 'HARD_NONLINEAR': 1}
[395] order5big_7987: THEOREM (60.2s)  running={'THEOREM': 386, 'SOLVED_FMB': 8, 'HARD_NONLINEAR': 1}
[396] order5big_8007: THEOREM (60.2s)  running={'THEOREM': 387, 'SOLVED_FMB': 8, 'HARD_NONLINEAR': 1}
[397] order5big_8027: THEOREM (60.2s)  running={'THEOREM': 388, 'SOLVED_FMB': 8, 'HARD_NONLINEAR': 1}
[398] order5big_8047: THEOREM (60.3s)  running={'THEOREM': 389, 'SOLVED_FMB': 8, 'HARD_NONLINEAR': 1}
done: 398 new rows -> paper/results/bench_shard_1.jsonl; tiers={'THEOREM': 389, 'SOLVED_FMB': 8, 'HARD_NONLINEAR': 1}
