nohup: ignoring input
[1] order5big_0013: THEOREM (60.2s)  running={'THEOREM': 1}
[2] order5big_0027: THEOREM (0.7s)  running={'THEOREM': 2}
[3] order5big_0042: THEOREM (60.7s)  running={'THEOREM': 3}
[4] order5big_0058: THEOREM (60.2s)  running={'THEOREM': 4}
[5] order5big_0069: THEOREM (60.2s)  running={'THEOREM': 5}
[6] order5big_0084: THEOREM (60.2s)  running={'THEOREM': 6}
[7] order5big_0106: THEOREM (60.4s)  running={'THEOREM': 7}
[8] order5big_0122: THEOREM (60.2s)  running={'THEOREM': 8}
[9] order5big_0152: THEOREM (60.2s)  running={'THEOREM': 9}
[10] order5big_0167: THEOREM (63.6s)  running={'THEOREM': 10}
[11] order5big_0180: THEOREM (60.2s)  running={'THEOREM': 11}
[12] order5big_0198: THEOREM (60.2s)  running={'THEOREM': 12}
[13] order5big_0216: THEOREM (60.2s)  running={'THEOREM': 13}
[14] order5big_0235: THEOREM (60.2s)  running={'THEOREM': 14}
[15] order5big_0254: THEOREM (60.4s)  running={'THEOREM': 15}
[16] order5big_0271: THEOREM (60.6s)  running={'THEOREM': 16}
[17] order5big_0292: THEOREM (60.2s)  running={'THEOREM': 17}
[18] order5big_0312: THEOREM (62.1s)  running={'THEOREM': 18}
[19] order5big_0339: THEOREM (60.2s)  running={'THEOREM': 19}
[20] order5big_0353: THEOREM (60.4s)  running={'THEOREM': 20}
[21] order5big_0367: THEOREM (75.9s)  running={'THEOREM': 21}
[22] order5big_0381: THEOREM (60.2s)  running={'THEOREM': 22}
[23] order5big_0399: THEOREM (60.6s)  running={'THEOREM': 23}
[24] order5big_0413: THEOREM (60.2s)  running={'THEOREM': 24}
[25] order5big_0433: THEOREM (60.2s)  running={'THEOREM': 25}
[26] order5big_0456: THEOREM (60.7s)  running={'THEOREM': 26}
[27] order5big_0471: THEOREM (72.3s)  running={'THEOREM': 27}
[28] order5big_0488: THEOREM (60.6s)  running={'THEOREM': 28}
[29] order5big_0506: THEOREM (60.7s)  running={'THEOREM': 29}
[30] order5big_0524: THEOREM (60.2s)  running={'THEOREM': 30}
[31] order5big_0551: THEOREM (60.2s)  running={'THEOREM': 31}
[32] order5big_0578: THEOREM (61.7s)  running={'THEOREM': 32}
[33] order5big_0601: THEOREM (60.2s)  running={'THEOREM': 33}
[34] order5big_0628: THEOREM (60.1s)  running={'THEOREM': 34}
[35] order5big_0641: THEOREM (60.1s)  running={'THEOREM': 35}
[36] order5big_0661: THEOREM (60.8s)  running={'THEOREM': 36}
[37] order5big_0672: THEOREM (60.2s)  running={'THEOREM': 37}
[38] order5big_0697: THEOREM (4.3s)  running={'THEOREM': 38}
[39] order5big_0714: THEOREM (60.4s)  running={'THEOREM': 39}
[40] order5big_0732: THEOREM (60.2s)  running={'THEOREM': 40}
[41] order5big_0753: THEOREM (60.2s)  running={'THEOREM': 41}
[42] order5big_0772: THEOREM (60.3s)  running={'THEOREM': 42}
[43] order5big_0797: THEOREM (60.1s)  running={'THEOREM': 43}
[44] order5big_0814: THEOREM (60.2s)  running={'THEOREM': 44}
[45] order5big_0829: THEOREM (60.6s)  running={'THEOREM': 45}
[46] order5big_0845: THEOREM (60.2s)  running={'THEOREM': 46}
[47] order5big_0861: THEOREM (60.3s)  running={'THEOREM': 47}
[48] order5big_0887: THEOREM (73.5s)  running={'THEOREM': 48}
[49] order5big_0914: THEOREM (60.7s)  running={'THEOREM': 49}
[50] order5big_0933: THEOREM (60.1s)  running={'THEOREM': 50}
[51] order5big_0961: THEOREM (60.2s)  running={'THEOREM': 51}
[52] order5big_0995: THEOREM (60.2s)  running={'THEOREM': 52}
[53] order5big_1017: SOLVED_FMB (8.2s)  running={'THEOREM': 52, 'SOLVED_FMB': 1}
[54] order5big_1038: THEOREM (2.6s)  running={'THEOREM': 53, 'SOLVED_FMB': 1}
[55] order5big_1052: THEOREM (62.2s)  running={'THEOREM': 54, 'SOLVED_FMB': 1}
[56] order5big_1077: THEOREM (60.2s)  running={'THEOREM': 55, 'SOLVED_FMB': 1}
[57] order5big_1103: THEOREM (3.7s)  running={'THEOREM': 56, 'SOLVED_FMB': 1}
[58] order5big_1123: THEOREM (61.2s)  running={'THEOREM': 57, 'SOLVED_FMB': 1}
[59] order5big_1140: THEOREM (60.2s)  running={'THEOREM': 58, 'SOLVED_FMB': 1}
[60] order5big_1161: SOLVED_FMB (0.1s)  running={'THEOREM': 58, 'SOLVED_FMB': 2}
[61] order5big_1177: THEOREM (60.2s)  running={'THEOREM': 59, 'SOLVED_FMB': 2}
[62] order5big_1201: THEOREM (60.2s)  running={'THEOREM': 60, 'SOLVED_FMB': 2}
[63] order5big_1218: THEOREM (60.2s)  running={'THEOREM': 61, 'SOLVED_FMB': 2}
[64] order5big_1239: THEOREM (60.2s)  running={'THEOREM': 62, 'SOLVED_FMB': 2}
[65] order5big_1260: THEOREM (60.2s)  running={'THEOREM': 63, 'SOLVED_FMB': 2}
[66] order5big_1287: THEOREM (60.2s)  running={'THEOREM': 64, 'SOLVED_FMB': 2}
[67] order5big_1307: THEOREM (60.7s)  running={'THEOREM': 65, 'SOLVED_FMB': 2}
[68] order5big_1326: THEOREM (60.2s)  running={'THEOREM': 66, 'SOLVED_FMB': 2}
[69] order5big_1347: THEOREM (60.4s)  running={'THEOREM': 67, 'SOLVED_FMB': 2}
[70] order5big_1365: THEOREM (60.3s)  running={'THEOREM': 68, 'SOLVED_FMB': 2}
[71] order5big_1386: THEOREM (60.2s)  running={'THEOREM': 69, 'SOLVED_FMB': 2}
[72] order5big_1401: THEOREM (60.6s)  running={'THEOREM': 70, 'SOLVED_FMB': 2}
[73] order5big_1415: THEOREM (60.3s)  running={'THEOREM': 71, 'SOLVED_FMB': 2}
[74] order5big_1433: THEOREM (60.4s)  running={'THEOREM': 72, 'SOLVED_FMB': 2}
[75] order5big_1466: THEOREM (60.3s)  running={'THEOREM': 73, 'SOLVED_FMB': 2}
[76] order5big_1485: THEOREM (60.2s)  running={'THEOREM': 74, 'SOLVED_FMB': 2}
[77] order5big_1511: THEOREM (60.4s)  running={'THEOREM': 75, 'SOLVED_FMB': 2}
[78] order5big_1530: THEOREM (60.2s)  running={'THEOREM': 76, 'SOLVED_FMB': 2}
[79] order5big_1564: THEOREM (60.7s)  running={'THEOREM': 77, 'SOLVED_FMB': 2}
[80] order5big_1583: THEOREM (60.2s)  running={'THEOREM': 78, 'SOLVED_FMB': 2}
[81] order5big_1598: THEOREM (60.2s)  running={'THEOREM': 79, 'SOLVED_FMB': 2}
[82] order5big_1611: THEOREM (62.9s)  running={'THEOREM': 80, 'SOLVED_FMB': 2}
[83] order5big_1630: THEOREM (60.6s)  running={'THEOREM': 81, 'SOLVED_FMB': 2}
[84] order5big_1646: THEOREM (61.3s)  running={'THEOREM': 82, 'SOLVED_FMB': 2}
[85] order5big_1661: THEOREM (60.2s)  running={'THEOREM': 83, 'SOLVED_FMB': 2}
[86] order5big_1687: SOLVED_FMB (11.4s)  running={'THEOREM': 83, 'SOLVED_FMB': 3}
[87] order5big_1719: THEOREM (60.2s)  running={'THEOREM': 84, 'SOLVED_FMB': 3}
[88] order5big_1732: THEOREM (60.2s)  running={'THEOREM': 85, 'SOLVED_FMB': 3}
[89] order5big_1745: THEOREM (63.6s)  running={'THEOREM': 86, 'SOLVED_FMB': 3}
[90] order5big_1760: THEOREM (61.2s)  running={'THEOREM': 87, 'SOLVED_FMB': 3}
[91] order5big_1778: THEOREM (60.2s)  running={'THEOREM': 88, 'SOLVED_FMB': 3}
[92] order5big_1793: THEOREM (60.3s)  running={'THEOREM': 89, 'SOLVED_FMB': 3}
[93] order5big_1806: THEOREM (60.2s)  running={'THEOREM': 90, 'SOLVED_FMB': 3}
[94] order5big_1829: THEOREM (60.3s)  running={'THEOREM': 91, 'SOLVED_FMB': 3}
[95] order5big_1845: THEOREM (60.2s)  running={'THEOREM': 92, 'SOLVED_FMB': 3}
[96] order5big_1872: THEOREM (73.8s)  running={'THEOREM': 93, 'SOLVED_FMB': 3}
[97] order5big_1901: THEOREM (60.2s)  running={'THEOREM': 94, 'SOLVED_FMB': 3}
[98] order5big_1915: THEOREM (60.2s)  running={'THEOREM': 95, 'SOLVED_FMB': 3}
[99] order5big_1935: THEOREM (60.2s)  running={'THEOREM': 96, 'SOLVED_FMB': 3}
[100] order5big_1953: THEOREM (60.4s)  running={'THEOREM': 97, 'SOLVED_FMB': 3}
[101] order5big_1980: THEOREM (60.2s)  running={'THEOREM': 98, 'SOLVED_FMB': 3}
[102] order5big_1999: THEOREM (60.4s)  running={'THEOREM': 99, 'SOLVED_FMB': 3}
[103] order5big_2014: THEOREM (60.2s)  running={'THEOREM': 100, 'SOLVED_FMB': 3}
[104] order5big_2035: THEOREM (60.3s)  running={'THEOREM': 101, 'SOLVED_FMB': 3}
[105] order5big_2054: THEOREM (63.2s)  running={'THEOREM': 102, 'SOLVED_FMB': 3}
[106] order5big_2071: THEOREM (60.1s)  running={'THEOREM': 103, 'SOLVED_FMB': 3}
[107] order5big_2095: THEOREM (222.8s)  running={'THEOREM': 104, 'SOLVED_FMB': 3}
[108] order5big_2120: THEOREM (60.3s)  running={'THEOREM': 105, 'SOLVED_FMB': 3}
[109] order5big_2131: THEOREM (72.3s)  running={'THEOREM': 106, 'SOLVED_FMB': 3}
[110] order5big_2148: THEOREM (61.2s)  running={'THEOREM': 107, 'SOLVED_FMB': 3}
[111] order5big_2167: THEOREM (60.2s)  running={'THEOREM': 108, 'SOLVED_FMB': 3}
[112] order5big_2182: THEOREM (60.4s)  running={'THEOREM': 109, 'SOLVED_FMB': 3}
[113] order5big_2204: THEOREM (208.9s)  running={'THEOREM': 110, 'SOLVED_FMB': 3}
[114] order5big_2220: THEOREM (60.4s)  running={'THEOREM': 111, 'SOLVED_FMB': 3}
[115] order5big_2251: THEOREM (60.8s)  running={'THEOREM': 112, 'SOLVED_FMB': 3}
[116] order5big_2262: THEOREM (60.2s)  running={'THEOREM': 113, 'SOLVED_FMB': 3}
[117] order5big_2275: THEOREM (60.2s)  running={'THEOREM': 114, 'SOLVED_FMB': 3}
[118] order5big_2292: THEOREM (61.3s)  running={'THEOREM': 115, 'SOLVED_FMB': 3}
[119] order5big_2307: THEOREM (60.4s)  running={'THEOREM': 116, 'SOLVED_FMB': 3}
[120] order5big_2323: THEOREM (73.0s)  running={'THEOREM': 117, 'SOLVED_FMB': 3}
[121] order5big_2333: THEOREM (70.4s)  running={'THEOREM': 118, 'SOLVED_FMB': 3}
[122] order5big_2354: THEOREM (60.8s)  running={'THEOREM': 119, 'SOLVED_FMB': 3}
[123] order5big_2375: THEOREM (60.2s)  running={'THEOREM': 120, 'SOLVED_FMB': 3}
[124] order5big_2391: THEOREM (60.2s)  running={'THEOREM': 121, 'SOLVED_FMB': 3}
[125] order5big_2403: THEOREM (60.4s)  running={'THEOREM': 122, 'SOLVED_FMB': 3}
[126] order5big_2421: THEOREM (60.3s)  running={'THEOREM': 123, 'SOLVED_FMB': 3}
[127] order5big_2440: THEOREM (60.2s)  running={'THEOREM': 124, 'SOLVED_FMB': 3}
[128] order5big_2458: THEOREM (60.2s)  running={'THEOREM': 125, 'SOLVED_FMB': 3}
[129] order5big_2482: THEOREM (60.2s)  running={'THEOREM': 126, 'SOLVED_FMB': 3}
[130] order5big_2508: SOLVED_FMB (9.6s)  running={'THEOREM': 126, 'SOLVED_FMB': 4}
[131] order5big_2522: THEOREM (72.9s)  running={'THEOREM': 127, 'SOLVED_FMB': 4}
[132] order5big_2539: THEOREM (60.3s)  running={'THEOREM': 128, 'SOLVED_FMB': 4}
[133] order5big_2565: THEOREM (60.2s)  running={'THEOREM': 129, 'SOLVED_FMB': 4}
[134] order5big_2590: SOLVED_FMB (0.1s)  running={'THEOREM': 129, 'SOLVED_FMB': 5}
[135] order5big_2603: THEOREM (60.3s)  running={'THEOREM': 130, 'SOLVED_FMB': 5}
[136] order5big_2623: THEOREM (60.2s)  running={'THEOREM': 131, 'SOLVED_FMB': 5}
[137] order5big_2648: THEOREM (60.3s)  running={'THEOREM': 132, 'SOLVED_FMB': 5}
[138] order5big_2662: THEOREM (62.9s)  running={'THEOREM': 133, 'SOLVED_FMB': 5}
[139] order5big_2678: THEOREM (61.2s)  running={'THEOREM': 134, 'SOLVED_FMB': 5}
[140] order5big_2692: THEOREM (1.9s)  running={'THEOREM': 135, 'SOLVED_FMB': 5}
[141] order5big_2704: THEOREM (60.2s)  running={'THEOREM': 136, 'SOLVED_FMB': 5}
[142] order5big_2727: THEOREM (60.5s)  running={'THEOREM': 137, 'SOLVED_FMB': 5}
[143] order5big_2746: THEOREM (60.3s)  running={'THEOREM': 138, 'SOLVED_FMB': 5}
[144] order5big_2761: THEOREM (60.2s)  running={'THEOREM': 139, 'SOLVED_FMB': 5}
[145] order5big_2783: THEOREM (60.5s)  running={'THEOREM': 140, 'SOLVED_FMB': 5}
[146] order5big_2795: THEOREM (1.4s)  running={'THEOREM': 141, 'SOLVED_FMB': 5}
[147] order5big_2810: THEOREM (60.2s)  running={'THEOREM': 142, 'SOLVED_FMB': 5}
[148] order5big_2827: THEOREM (60.4s)  running={'THEOREM': 143, 'SOLVED_FMB': 5}
[149] order5big_2840: THEOREM (60.2s)  running={'THEOREM': 144, 'SOLVED_FMB': 5}
[150] order5big_2865: THEOREM (60.2s)  running={'THEOREM': 145, 'SOLVED_FMB': 5}
[151] order5big_2881: THEOREM (60.6s)  running={'THEOREM': 146, 'SOLVED_FMB': 5}
[152] order5big_2897: THEOREM (60.2s)  running={'THEOREM': 147, 'SOLVED_FMB': 5}
[153] order5big_2916: THEOREM (60.3s)  running={'THEOREM': 148, 'SOLVED_FMB': 5}
[154] order5big_2933: THEOREM (60.7s)  running={'THEOREM': 149, 'SOLVED_FMB': 5}
[155] order5big_2947: THEOREM (60.2s)  running={'THEOREM': 150, 'SOLVED_FMB': 5}
[156] order5big_2962: THEOREM (3.9s)  running={'THEOREM': 151, 'SOLVED_FMB': 5}
[157] order5big_2981: THEOREM (60.2s)  running={'THEOREM': 152, 'SOLVED_FMB': 5}
[158] order5big_2997: THEOREM (60.4s)  running={'THEOREM': 153, 'SOLVED_FMB': 5}
[159] order5big_3027: THEOREM (60.3s)  running={'THEOREM': 154, 'SOLVED_FMB': 5}
[160] order5big_3040: THEOREM (60.2s)  running={'THEOREM': 155, 'SOLVED_FMB': 5}
[161] order5big_3065: THEOREM (60.2s)  running={'THEOREM': 156, 'SOLVED_FMB': 5}
[162] order5big_3092: THEOREM (66.9s)  running={'THEOREM': 157, 'SOLVED_FMB': 5}
[163] order5big_3113: THEOREM (60.2s)  running={'THEOREM': 158, 'SOLVED_FMB': 5}
[164] order5big_3138: THEOREM (60.2s)  running={'THEOREM': 159, 'SOLVED_FMB': 5}
[165] order5big_3156: THEOREM (60.2s)  running={'THEOREM': 160, 'SOLVED_FMB': 5}
[166] order5big_3184: THEOREM (60.2s)  running={'THEOREM': 161, 'SOLVED_FMB': 5}
[167] order5big_3203: THEOREM (60.6s)  running={'THEOREM': 162, 'SOLVED_FMB': 5}
[168] order5big_3214: THEOREM (60.2s)  running={'THEOREM': 163, 'SOLVED_FMB': 5}
[169] order5big_3232: THEOREM (60.1s)  running={'THEOREM': 164, 'SOLVED_FMB': 5}
[170] order5big_3250: THEOREM (60.2s)  running={'THEOREM': 165, 'SOLVED_FMB': 5}
[171] order5big_3270: THEOREM (72.8s)  running={'THEOREM': 166, 'SOLVED_FMB': 5}
[172] order5big_3296: THEOREM (60.4s)  running={'THEOREM': 167, 'SOLVED_FMB': 5}
[173] order5big_3323: THEOREM (60.2s)  running={'THEOREM': 168, 'SOLVED_FMB': 5}
[174] order5big_3343: THEOREM (73.3s)  running={'THEOREM': 169, 'SOLVED_FMB': 5}
[175] order5big_3366: THEOREM (60.2s)  running={'THEOREM': 170, 'SOLVED_FMB': 5}
[176] order5big_3391: THEOREM (73.3s)  running={'THEOREM': 171, 'SOLVED_FMB': 5}
[177] order5big_3408: THEOREM (60.7s)  running={'THEOREM': 172, 'SOLVED_FMB': 5}
[178] order5big_3435: THEOREM (60.2s)  running={'THEOREM': 173, 'SOLVED_FMB': 5}
[179] order5big_3459: THEOREM (60.2s)  running={'THEOREM': 174, 'SOLVED_FMB': 5}
[180] order5big_3473: THEOREM (8.4s)  running={'THEOREM': 175, 'SOLVED_FMB': 5}
[181] order5big_3491: THEOREM (62.8s)  running={'THEOREM': 176, 'SOLVED_FMB': 5}
[182] order5big_3510: THEOREM (60.2s)  running={'THEOREM': 177, 'SOLVED_FMB': 5}
[183] order5big_3524: THEOREM (60.2s)  running={'THEOREM': 178, 'SOLVED_FMB': 5}
[184] order5big_3540: THEOREM (60.2s)  running={'THEOREM': 179, 'SOLVED_FMB': 5}
[185] order5big_3572: THEOREM (62.9s)  running={'THEOREM': 180, 'SOLVED_FMB': 5}
[186] order5big_3595: THEOREM (60.2s)  running={'THEOREM': 181, 'SOLVED_FMB': 5}
[187] order5big_3617: THEOREM (60.2s)  running={'THEOREM': 182, 'SOLVED_FMB': 5}
[188] order5big_3657: THEOREM (60.6s)  running={'THEOREM': 183, 'SOLVED_FMB': 5}
[189] order5big_3677: THEOREM (0.5s)  running={'THEOREM': 184, 'SOLVED_FMB': 5}
[190] order5big_3694: THEOREM (60.2s)  running={'THEOREM': 185, 'SOLVED_FMB': 5}
[191] order5big_3711: THEOREM (62.2s)  running={'THEOREM': 186, 'SOLVED_FMB': 5}
[192] order5big_3727: THEOREM (60.2s)  running={'THEOREM': 187, 'SOLVED_FMB': 5}
[193] order5big_3749: THEOREM (60.1s)  running={'THEOREM': 188, 'SOLVED_FMB': 5}
[194] order5big_3769: THEOREM (60.2s)  running={'THEOREM': 189, 'SOLVED_FMB': 5}
[195] order5big_3789: THEOREM (60.2s)  running={'THEOREM': 190, 'SOLVED_FMB': 5}
[196] order5big_3813: THEOREM (60.2s)  running={'THEOREM': 191, 'SOLVED_FMB': 5}
[197] order5big_3842: THEOREM (60.2s)  running={'THEOREM': 192, 'SOLVED_FMB': 5}
[198] order5big_3855: THEOREM (60.4s)  running={'THEOREM': 193, 'SOLVED_FMB': 5}
[199] order5big_3872: THEOREM (60.2s)  running={'THEOREM': 194, 'SOLVED_FMB': 5}
[200] order5big_3886: THEOREM (60.7s)  running={'THEOREM': 195, 'SOLVED_FMB': 5}
[201] order5big_3901: THEOREM (60.2s)  running={'THEOREM': 196, 'SOLVED_FMB': 5}
[202] order5big_3914: THEOREM (72.4s)  running={'THEOREM': 197, 'SOLVED_FMB': 5}
[203] order5big_3935: THEOREM (60.2s)  running={'THEOREM': 198, 'SOLVED_FMB': 5}
[204] order5big_3956: THEOREM (60.2s)  running={'THEOREM': 199, 'SOLVED_FMB': 5}
[205] order5big_3982: THEOREM (60.5s)  running={'THEOREM': 200, 'SOLVED_FMB': 5}
[206] order5big_3997: THEOREM (0.2s)  running={'THEOREM': 201, 'SOLVED_FMB': 5}
[207] order5big_4022: THEOREM (60.2s)  running={'THEOREM': 202, 'SOLVED_FMB': 5}
[208] order5big_4041: THEOREM (60.2s)  running={'THEOREM': 203, 'SOLVED_FMB': 5}
[209] order5big_4075: THEOREM (60.2s)  running={'THEOREM': 204, 'SOLVED_FMB': 5}
[210] order5big_4100: THEOREM (60.4s)  running={'THEOREM': 205, 'SOLVED_FMB': 5}
[211] order5big_4116: THEOREM (60.2s)  running={'THEOREM': 206, 'SOLVED_FMB': 5}
[212] order5big_4129: THEOREM (73.3s)  running={'THEOREM': 207, 'SOLVED_FMB': 5}
[213] order5big_4149: THEOREM (60.1s)  running={'THEOREM': 208, 'SOLVED_FMB': 5}
[214] order5big_4163: THEOREM (60.2s)  running={'THEOREM': 209, 'SOLVED_FMB': 5}
[215] order5big_4178: THEOREM (61.2s)  running={'THEOREM': 210, 'SOLVED_FMB': 5}
[216] order5big_4200: THEOREM (63.6s)  running={'THEOREM': 211, 'SOLVED_FMB': 5}
[217] order5big_4220: THEOREM (60.2s)  running={'THEOREM': 212, 'SOLVED_FMB': 5}
[218] order5big_4237: THEOREM (60.5s)  running={'THEOREM': 213, 'SOLVED_FMB': 5}
[219] order5big_4265: THEOREM (60.7s)  running={'THEOREM': 214, 'SOLVED_FMB': 5}
[220] order5big_4278: THEOREM (60.3s)  running={'THEOREM': 215, 'SOLVED_FMB': 5}
[221] order5big_4302: THEOREM (2.2s)  running={'THEOREM': 216, 'SOLVED_FMB': 5}
[222] order5big_4331: THEOREM (60.3s)  running={'THEOREM': 217, 'SOLVED_FMB': 5}
[223] order5big_4367: THEOREM (60.2s)  running={'THEOREM': 218, 'SOLVED_FMB': 5}
[224] order5big_4389: THEOREM (60.1s)  running={'THEOREM': 219, 'SOLVED_FMB': 5}
[225] order5big_4405: THEOREM (60.2s)  running={'THEOREM': 220, 'SOLVED_FMB': 5}
[226] order5big_4424: THEOREM (60.2s)  running={'THEOREM': 221, 'SOLVED_FMB': 5}
[227] order5big_4442: THEOREM (60.3s)  running={'THEOREM': 222, 'SOLVED_FMB': 5}
[228] order5big_4458: THEOREM (60.4s)  running={'THEOREM': 223, 'SOLVED_FMB': 5}
[229] order5big_4475: THEOREM (60.7s)  running={'THEOREM': 224, 'SOLVED_FMB': 5}
[230] order5big_4496: THEOREM (60.4s)  running={'THEOREM': 225, 'SOLVED_FMB': 5}
[231] order5big_4517: THEOREM (60.2s)  running={'THEOREM': 226, 'SOLVED_FMB': 5}
[232] order5big_4533: THEOREM (91.9s)  running={'THEOREM': 227, 'SOLVED_FMB': 5}
[233] order5big_4563: THEOREM (61.8s)  running={'THEOREM': 228, 'SOLVED_FMB': 5}
[234] order5big_4589: THEOREM (1.6s)  running={'THEOREM': 229, 'SOLVED_FMB': 5}
[235] order5big_4611: THEOREM (60.3s)  running={'THEOREM': 230, 'SOLVED_FMB': 5}
[236] order5big_4626: THEOREM (60.2s)  running={'THEOREM': 231, 'SOLVED_FMB': 5}
[237] order5big_4650: THEOREM (1.5s)  running={'THEOREM': 232, 'SOLVED_FMB': 5}
[238] order5big_4681: THEOREM (60.3s)  running={'THEOREM': 233, 'SOLVED_FMB': 5}
[239] order5big_4699: THEOREM (60.3s)  running={'THEOREM': 234, 'SOLVED_FMB': 5}
[240] order5big_4716: THEOREM (60.2s)  running={'THEOREM': 235, 'SOLVED_FMB': 5}
[241] order5big_4729: THEOREM (60.3s)  running={'THEOREM': 236, 'SOLVED_FMB': 5}
[242] order5big_4743: THEOREM (92.0s)  running={'THEOREM': 237, 'SOLVED_FMB': 5}
[243] order5big_4767: THEOREM (60.5s)  running={'THEOREM': 238, 'SOLVED_FMB': 5}
[244] order5big_4787: THEOREM (60.2s)  running={'THEOREM': 239, 'SOLVED_FMB': 5}
[245] order5big_4823: THEOREM (60.5s)  running={'THEOREM': 240, 'SOLVED_FMB': 5}
[246] order5big_4843: THEOREM (60.2s)  running={'THEOREM': 241, 'SOLVED_FMB': 5}
[247] order5big_4862: THEOREM (60.4s)  running={'THEOREM': 242, 'SOLVED_FMB': 5}
[248] order5big_4877: THEOREM (60.2s)  running={'THEOREM': 243, 'SOLVED_FMB': 5}
[249] order5big_4895: THEOREM (13.1s)  running={'THEOREM': 244, 'SOLVED_FMB': 5}
[250] order5big_4913: THEOREM (60.2s)  running={'THEOREM': 245, 'SOLVED_FMB': 5}
[251] order5big_4938: THEOREM (60.5s)  running={'THEOREM': 246, 'SOLVED_FMB': 5}
[252] order5big_4964: THEOREM (60.2s)  running={'THEOREM': 247, 'SOLVED_FMB': 5}
[253] order5big_4981: THEOREM (60.2s)  running={'THEOREM': 248, 'SOLVED_FMB': 5}
[254] order5big_4995: THEOREM (60.2s)  running={'THEOREM': 249, 'SOLVED_FMB': 5}
[255] order5big_5026: SOLVED_FMB (0.4s)  running={'THEOREM': 249, 'SOLVED_FMB': 6}
[256] order5big_5044: THEOREM (60.2s)  running={'THEOREM': 250, 'SOLVED_FMB': 6}
[257] order5big_5061: THEOREM (60.2s)  running={'THEOREM': 251, 'SOLVED_FMB': 6}
[258] order5big_5085: THEOREM (60.5s)  running={'THEOREM': 252, 'SOLVED_FMB': 6}
[259] order5big_5110: THEOREM (61.0s)  running={'THEOREM': 253, 'SOLVED_FMB': 6}
[260] order5big_5131: THEOREM (60.2s)  running={'THEOREM': 254, 'SOLVED_FMB': 6}
[261] order5big_5151: THEOREM (73.3s)  running={'THEOREM': 255, 'SOLVED_FMB': 6}
[262] order5big_5186: THEOREM (60.2s)  running={'THEOREM': 256, 'SOLVED_FMB': 6}
[263] order5big_5208: HARD_NONLINEAR (120.0s)  running={'THEOREM': 256, 'SOLVED_FMB': 6, 'HARD_NONLINEAR': 1}
[264] order5big_5233: THEOREM (60.2s)  running={'THEOREM': 257, 'SOLVED_FMB': 6, 'HARD_NONLINEAR': 1}
[265] order5big_5247: THEOREM (11.0s)  running={'THEOREM': 258, 'SOLVED_FMB': 6, 'HARD_NONLINEAR': 1}
[266] order5big_5260: THEOREM (60.9s)  running={'THEOREM': 259, 'SOLVED_FMB': 6, 'HARD_NONLINEAR': 1}
[267] order5big_5286: THEOREM (84.3s)  running={'THEOREM': 260, 'SOLVED_FMB': 6, 'HARD_NONLINEAR': 1}
[268] order5big_5307: THEOREM (60.2s)  running={'THEOREM': 261, 'SOLVED_FMB': 6, 'HARD_NONLINEAR': 1}
[269] order5big_5334: THEOREM (60.2s)  running={'THEOREM': 262, 'SOLVED_FMB': 6, 'HARD_NONLINEAR': 1}
[270] order5big_5357: THEOREM (60.2s)  running={'THEOREM': 263, 'SOLVED_FMB': 6, 'HARD_NONLINEAR': 1}
[271] order5big_5375: THEOREM (60.2s)  running={'THEOREM': 264, 'SOLVED_FMB': 6, 'HARD_NONLINEAR': 1}
[272] order5big_5395: THEOREM (60.2s)  running={'THEOREM': 265, 'SOLVED_FMB': 6, 'HARD_NONLINEAR': 1}
[273] order5big_5426: THEOREM (60.2s)  running={'THEOREM': 266, 'SOLVED_FMB': 6, 'HARD_NONLINEAR': 1}
[274] order5big_5443: THEOREM (60.2s)  running={'THEOREM': 267, 'SOLVED_FMB': 6, 'HARD_NONLINEAR': 1}
[275] order5big_5456: THEOREM (60.3s)  running={'THEOREM': 268, 'SOLVED_FMB': 6, 'HARD_NONLINEAR': 1}
[276] order5big_5474: THEOREM (60.2s)  running={'THEOREM': 269, 'SOLVED_FMB': 6, 'HARD_NONLINEAR': 1}
[277] order5big_5503: THEOREM (60.2s)  running={'THEOREM': 270, 'SOLVED_FMB': 6, 'HARD_NONLINEAR': 1}
[278] order5big_5521: THEOREM (60.2s)  running={'THEOREM': 271, 'SOLVED_FMB': 6, 'HARD_NONLINEAR': 1}
[279] order5big_5530: THEOREM (60.2s)  running={'THEOREM': 272, 'SOLVED_FMB': 6, 'HARD_NONLINEAR': 1}
[280] order5big_5556: THEOREM (73.5s)  running={'THEOREM': 273, 'SOLVED_FMB': 6, 'HARD_NONLINEAR': 1}
[281] order5big_5583: THEOREM (60.2s)  running={'THEOREM': 274, 'SOLVED_FMB': 6, 'HARD_NONLINEAR': 1}
[282] order5big_5595: THEOREM (60.7s)  running={'THEOREM': 275, 'SOLVED_FMB': 6, 'HARD_NONLINEAR': 1}
[283] order5big_5613: THEOREM (60.2s)  running={'THEOREM': 276, 'SOLVED_FMB': 6, 'HARD_NONLINEAR': 1}
[284] order5big_5636: THEOREM (60.4s)  running={'THEOREM': 277, 'SOLVED_FMB': 6, 'HARD_NONLINEAR': 1}
[285] order5big_5654: THEOREM (72.3s)  running={'THEOREM': 278, 'SOLVED_FMB': 6, 'HARD_NONLINEAR': 1}
[286] order5big_5675: THEOREM (60.2s)  running={'THEOREM': 279, 'SOLVED_FMB': 6, 'HARD_NONLINEAR': 1}
[287] order5big_5689: THEOREM (62.9s)  running={'THEOREM': 280, 'SOLVED_FMB': 6, 'HARD_NONLINEAR': 1}
[288] order5big_5712: THEOREM (60.1s)  running={'THEOREM': 281, 'SOLVED_FMB': 6, 'HARD_NONLINEAR': 1}
[289] order5big_5743: THEOREM (60.1s)  running={'THEOREM': 282, 'SOLVED_FMB': 6, 'HARD_NONLINEAR': 1}
[290] order5big_5765: THEOREM (60.5s)  running={'THEOREM': 283, 'SOLVED_FMB': 6, 'HARD_NONLINEAR': 1}
[291] order5big_5784: THEOREM (60.5s)  running={'THEOREM': 284, 'SOLVED_FMB': 6, 'HARD_NONLINEAR': 1}
[292] order5big_5806: THEOREM (60.2s)  running={'THEOREM': 285, 'SOLVED_FMB': 6, 'HARD_NONLINEAR': 1}
[293] order5big_5831: THEOREM (60.4s)  running={'THEOREM': 286, 'SOLVED_FMB': 6, 'HARD_NONLINEAR': 1}
[294] order5big_5848: THEOREM (60.5s)  running={'THEOREM': 287, 'SOLVED_FMB': 6, 'HARD_NONLINEAR': 1}
[295] order5big_5870: THEOREM (60.3s)  running={'THEOREM': 288, 'SOLVED_FMB': 6, 'HARD_NONLINEAR': 1}
[296] order5big_5892: THEOREM (60.2s)  running={'THEOREM': 289, 'SOLVED_FMB': 6, 'HARD_NONLINEAR': 1}
[297] order5big_5905: THEOREM (60.2s)  running={'THEOREM': 290, 'SOLVED_FMB': 6, 'HARD_NONLINEAR': 1}
[298] order5big_5933: THEOREM (60.4s)  running={'THEOREM': 291, 'SOLVED_FMB': 6, 'HARD_NONLINEAR': 1}
[299] order5big_5954: THEOREM (60.6s)  running={'THEOREM': 292, 'SOLVED_FMB': 6, 'HARD_NONLINEAR': 1}
[300] order5big_5978: THEOREM (1.4s)  running={'THEOREM': 293, 'SOLVED_FMB': 6, 'HARD_NONLINEAR': 1}
[301] order5big_6010: THEOREM (60.2s)  running={'THEOREM': 294, 'SOLVED_FMB': 6, 'HARD_NONLINEAR': 1}
[302] order5big_6032: THEOREM (72.4s)  running={'THEOREM': 295, 'SOLVED_FMB': 6, 'HARD_NONLINEAR': 1}
[303] order5big_6061: THEOREM (60.2s)  running={'THEOREM': 296, 'SOLVED_FMB': 6, 'HARD_NONLINEAR': 1}
[304] order5big_6078: THEOREM (61.2s)  running={'THEOREM': 297, 'SOLVED_FMB': 6, 'HARD_NONLINEAR': 1}
[305] order5big_6098: THEOREM (60.7s)  running={'THEOREM': 298, 'SOLVED_FMB': 6, 'HARD_NONLINEAR': 1}
[306] order5big_6118: THEOREM (60.2s)  running={'THEOREM': 299, 'SOLVED_FMB': 6, 'HARD_NONLINEAR': 1}
[307] order5big_6145: HARD_NONLINEAR (120.1s)  running={'THEOREM': 299, 'SOLVED_FMB': 6, 'HARD_NONLINEAR': 2}
[308] order5big_6167: THEOREM (60.7s)  running={'THEOREM': 300, 'SOLVED_FMB': 6, 'HARD_NONLINEAR': 2}
[309] order5big_6185: THEOREM (60.1s)  running={'THEOREM': 301, 'SOLVED_FMB': 6, 'HARD_NONLINEAR': 2}
[310] order5big_6213: THEOREM (60.3s)  running={'THEOREM': 302, 'SOLVED_FMB': 6, 'HARD_NONLINEAR': 2}
[311] order5big_6237: THEOREM (60.2s)  running={'THEOREM': 303, 'SOLVED_FMB': 6, 'HARD_NONLINEAR': 2}
[312] order5big_6263: THEOREM (60.3s)  running={'THEOREM': 304, 'SOLVED_FMB': 6, 'HARD_NONLINEAR': 2}
[313] order5big_6284: THEOREM (64.0s)  running={'THEOREM': 305, 'SOLVED_FMB': 6, 'HARD_NONLINEAR': 2}
[314] order5big_6299: THEOREM (60.2s)  running={'THEOREM': 306, 'SOLVED_FMB': 6, 'HARD_NONLINEAR': 2}
[315] order5big_6319: THEOREM (60.2s)  running={'THEOREM': 307, 'SOLVED_FMB': 6, 'HARD_NONLINEAR': 2}
[316] order5big_6343: THEOREM (60.2s)  running={'THEOREM': 308, 'SOLVED_FMB': 6, 'HARD_NONLINEAR': 2}
[317] order5big_6368: THEOREM (73.3s)  running={'THEOREM': 309, 'SOLVED_FMB': 6, 'HARD_NONLINEAR': 2}
[318] order5big_6396: THEOREM (60.3s)  running={'THEOREM': 310, 'SOLVED_FMB': 6, 'HARD_NONLINEAR': 2}
[319] order5big_6436: THEOREM (73.2s)  running={'THEOREM': 311, 'SOLVED_FMB': 6, 'HARD_NONLINEAR': 2}
[320] order5big_6456: THEOREM (63.1s)  running={'THEOREM': 312, 'SOLVED_FMB': 6, 'HARD_NONLINEAR': 2}
[321] order5big_6474: THEOREM (6.5s)  running={'THEOREM': 313, 'SOLVED_FMB': 6, 'HARD_NONLINEAR': 2}
[322] order5big_6488: THEOREM (60.7s)  running={'THEOREM': 314, 'SOLVED_FMB': 6, 'HARD_NONLINEAR': 2}
[323] order5big_6503: SOLVED_FMB (0.1s)  running={'THEOREM': 314, 'SOLVED_FMB': 7, 'HARD_NONLINEAR': 2}
[324] order5big_6526: SOLVED_FMB (0.1s)  running={'THEOREM': 314, 'SOLVED_FMB': 8, 'HARD_NONLINEAR': 2}
[325] order5big_6543: THEOREM (60.2s)  running={'THEOREM': 315, 'SOLVED_FMB': 8, 'HARD_NONLINEAR': 2}
[326] order5big_6566: THEOREM (60.7s)  running={'THEOREM': 316, 'SOLVED_FMB': 8, 'HARD_NONLINEAR': 2}
[327] order5big_6590: THEOREM (60.2s)  running={'THEOREM': 317, 'SOLVED_FMB': 8, 'HARD_NONLINEAR': 2}
[328] order5big_6610: THEOREM (60.2s)  running={'THEOREM': 318, 'SOLVED_FMB': 8, 'HARD_NONLINEAR': 2}
[329] order5big_6636: THEOREM (60.2s)  running={'THEOREM': 319, 'SOLVED_FMB': 8, 'HARD_NONLINEAR': 2}
[330] order5big_6671: HARD_NONLINEAR (60.1s)  running={'THEOREM': 319, 'SOLVED_FMB': 8, 'HARD_NONLINEAR': 3}
[331] order5big_6697: THEOREM (62.2s)  running={'THEOREM': 320, 'SOLVED_FMB': 8, 'HARD_NONLINEAR': 3}
[332] order5big_6709: THEOREM (60.2s)  running={'THEOREM': 321, 'SOLVED_FMB': 8, 'HARD_NONLINEAR': 3}
[333] order5big_6728: THEOREM (60.1s)  running={'THEOREM': 322, 'SOLVED_FMB': 8, 'HARD_NONLINEAR': 3}
[334] order5big_6758: THEOREM (60.7s)  running={'THEOREM': 323, 'SOLVED_FMB': 8, 'HARD_NONLINEAR': 3}
[335] order5big_6774: THEOREM (60.2s)  running={'THEOREM': 324, 'SOLVED_FMB': 8, 'HARD_NONLINEAR': 3}
[336] order5big_6795: THEOREM (60.2s)  running={'THEOREM': 325, 'SOLVED_FMB': 8, 'HARD_NONLINEAR': 3}
[337] order5big_6815: THEOREM (60.4s)  running={'THEOREM': 326, 'SOLVED_FMB': 8, 'HARD_NONLINEAR': 3}
[338] order5big_6838: THEOREM (63.0s)  running={'THEOREM': 327, 'SOLVED_FMB': 8, 'HARD_NONLINEAR': 3}
[339] order5big_6852: THEOREM (60.2s)  running={'THEOREM': 328, 'SOLVED_FMB': 8, 'HARD_NONLINEAR': 3}
[340] order5big_6865: SOLVED_FMB (0.7s)  running={'THEOREM': 328, 'SOLVED_FMB': 9, 'HARD_NONLINEAR': 3}
[341] order5big_6891: THEOREM (60.6s)  running={'THEOREM': 329, 'SOLVED_FMB': 9, 'HARD_NONLINEAR': 3}
[342] order5big_6910: THEOREM (60.2s)  running={'THEOREM': 330, 'SOLVED_FMB': 9, 'HARD_NONLINEAR': 3}
[343] order5big_6928: THEOREM (72.3s)  running={'THEOREM': 331, 'SOLVED_FMB': 9, 'HARD_NONLINEAR': 3}
[344] order5big_6949: THEOREM (61.1s)  running={'THEOREM': 332, 'SOLVED_FMB': 9, 'HARD_NONLINEAR': 3}
[345] order5big_6960: THEOREM (60.2s)  running={'THEOREM': 333, 'SOLVED_FMB': 9, 'HARD_NONLINEAR': 3}
[346] order5big_6973: THEOREM (33.8s)  running={'THEOREM': 334, 'SOLVED_FMB': 9, 'HARD_NONLINEAR': 3}
[347] order5big_6985: THEOREM (73.4s)  running={'THEOREM': 335, 'SOLVED_FMB': 9, 'HARD_NONLINEAR': 3}
[348] order5big_7005: THEOREM (60.3s)  running={'THEOREM': 336, 'SOLVED_FMB': 9, 'HARD_NONLINEAR': 3}
[349] order5big_7027: THEOREM (60.5s)  running={'THEOREM': 337, 'SOLVED_FMB': 9, 'HARD_NONLINEAR': 3}
[350] order5big_7054: THEOREM (60.3s)  running={'THEOREM': 338, 'SOLVED_FMB': 9, 'HARD_NONLINEAR': 3}
[351] order5big_7072: THEOREM (61.3s)  running={'THEOREM': 339, 'SOLVED_FMB': 9, 'HARD_NONLINEAR': 3}
[352] order5big_7105: THEOREM (60.5s)  running={'THEOREM': 340, 'SOLVED_FMB': 9, 'HARD_NONLINEAR': 3}
[353] order5big_7119: THEOREM (60.1s)  running={'THEOREM': 341, 'SOLVED_FMB': 9, 'HARD_NONLINEAR': 3}
[354] order5big_7139: THEOREM (60.2s)  running={'THEOREM': 342, 'SOLVED_FMB': 9, 'HARD_NONLINEAR': 3}
[355] order5big_7152: THEOREM (60.1s)  running={'THEOREM': 343, 'SOLVED_FMB': 9, 'HARD_NONLINEAR': 3}
[356] order5big_7165: THEOREM (60.6s)  running={'THEOREM': 344, 'SOLVED_FMB': 9, 'HARD_NONLINEAR': 3}
[357] order5big_7182: HARD_NONLINEAR (60.1s)  running={'THEOREM': 344, 'SOLVED_FMB': 9, 'HARD_NONLINEAR': 4}
[358] order5big_7199: THEOREM (60.2s)  running={'THEOREM': 345, 'SOLVED_FMB': 9, 'HARD_NONLINEAR': 4}
[359] order5big_7224: SOLVED_FMB (15.3s)  running={'THEOREM': 345, 'SOLVED_FMB': 10, 'HARD_NONLINEAR': 4}
[360] order5big_7244: THEOREM (62.9s)  running={'THEOREM': 346, 'SOLVED_FMB': 10, 'HARD_NONLINEAR': 4}
[361] order5big_7266: THEOREM (60.2s)  running={'THEOREM': 347, 'SOLVED_FMB': 10, 'HARD_NONLINEAR': 4}
[362] order5big_7289: THEOREM (60.6s)  running={'THEOREM': 348, 'SOLVED_FMB': 10, 'HARD_NONLINEAR': 4}
[363] order5big_7307: THEOREM (60.4s)  running={'THEOREM': 349, 'SOLVED_FMB': 10, 'HARD_NONLINEAR': 4}
[364] order5big_7332: THEOREM (60.2s)  running={'THEOREM': 350, 'SOLVED_FMB': 10, 'HARD_NONLINEAR': 4}
[365] order5big_7351: THEOREM (60.2s)  running={'THEOREM': 351, 'SOLVED_FMB': 10, 'HARD_NONLINEAR': 4}
[366] order5big_7368: THEOREM (60.2s)  running={'THEOREM': 352, 'SOLVED_FMB': 10, 'HARD_NONLINEAR': 4}
[367] order5big_7383: SOLVED_FMB (0.3s)  running={'THEOREM': 352, 'SOLVED_FMB': 11, 'HARD_NONLINEAR': 4}
[368] order5big_7406: THEOREM (60.5s)  running={'THEOREM': 353, 'SOLVED_FMB': 11, 'HARD_NONLINEAR': 4}
[369] order5big_7443: THEOREM (60.3s)  running={'THEOREM': 354, 'SOLVED_FMB': 11, 'HARD_NONLINEAR': 4}
[370] order5big_7475: THEOREM (60.2s)  running={'THEOREM': 355, 'SOLVED_FMB': 11, 'HARD_NONLINEAR': 4}
[371] order5big_7494: THEOREM (60.2s)  running={'THEOREM': 356, 'SOLVED_FMB': 11, 'HARD_NONLINEAR': 4}
[372] order5big_7510: THEOREM (60.2s)  running={'THEOREM': 357, 'SOLVED_FMB': 11, 'HARD_NONLINEAR': 4}
[373] order5big_7541: THEOREM (60.2s)  running={'THEOREM': 358, 'SOLVED_FMB': 11, 'HARD_NONLINEAR': 4}
[374] order5big_7559: THEOREM (60.2s)  running={'THEOREM': 359, 'SOLVED_FMB': 11, 'HARD_NONLINEAR': 4}
[375] order5big_7575: THEOREM (62.0s)  running={'THEOREM': 360, 'SOLVED_FMB': 11, 'HARD_NONLINEAR': 4}
[376] order5big_7592: THEOREM (29.3s)  running={'THEOREM': 361, 'SOLVED_FMB': 11, 'HARD_NONLINEAR': 4}
[377] order5big_7616: THEOREM (65.4s)  running={'THEOREM': 362, 'SOLVED_FMB': 11, 'HARD_NONLINEAR': 4}
[378] order5big_7631: THEOREM (60.2s)  running={'THEOREM': 363, 'SOLVED_FMB': 11, 'HARD_NONLINEAR': 4}
[379] order5big_7653: THEOREM (60.8s)  running={'THEOREM': 364, 'SOLVED_FMB': 11, 'HARD_NONLINEAR': 4}
[380] order5big_7687: THEOREM (60.3s)  running={'THEOREM': 365, 'SOLVED_FMB': 11, 'HARD_NONLINEAR': 4}
[381] order5big_7706: THEOREM (60.2s)  running={'THEOREM': 366, 'SOLVED_FMB': 11, 'HARD_NONLINEAR': 4}
[382] order5big_7724: THEOREM (60.2s)  running={'THEOREM': 367, 'SOLVED_FMB': 11, 'HARD_NONLINEAR': 4}
[383] order5big_7736: THEOREM (60.2s)  running={'THEOREM': 368, 'SOLVED_FMB': 11, 'HARD_NONLINEAR': 4}
[384] order5big_7750: THEOREM (60.2s)  running={'THEOREM': 369, 'SOLVED_FMB': 11, 'HARD_NONLINEAR': 4}
[385] order5big_7771: THEOREM (60.2s)  running={'THEOREM': 370, 'SOLVED_FMB': 11, 'HARD_NONLINEAR': 4}
[386] order5big_7789: THEOREM (60.2s)  running={'THEOREM': 371, 'SOLVED_FMB': 11, 'HARD_NONLINEAR': 4}
[387] order5big_7809: THEOREM (60.4s)  running={'THEOREM': 372, 'SOLVED_FMB': 11, 'HARD_NONLINEAR': 4}
[388] order5big_7827: THEOREM (60.5s)  running={'THEOREM': 373, 'SOLVED_FMB': 11, 'HARD_NONLINEAR': 4}
[389] order5big_7847: THEOREM (60.1s)  running={'THEOREM': 374, 'SOLVED_FMB': 11, 'HARD_NONLINEAR': 4}
[390] order5big_7872: THEOREM (60.2s)  running={'THEOREM': 375, 'SOLVED_FMB': 11, 'HARD_NONLINEAR': 4}
[391] order5big_7900: THEOREM (60.1s)  running={'THEOREM': 376, 'SOLVED_FMB': 11, 'HARD_NONLINEAR': 4}
[392] order5big_7924: THEOREM (0.5s)  running={'THEOREM': 377, 'SOLVED_FMB': 11, 'HARD_NONLINEAR': 4}
[393] order5big_7943: THEOREM (61.2s)  running={'THEOREM': 378, 'SOLVED_FMB': 11, 'HARD_NONLINEAR': 4}
[394] order5big_7980: THEOREM (60.6s)  running={'THEOREM': 379, 'SOLVED_FMB': 11, 'HARD_NONLINEAR': 4}
[395] order5big_7999: THEOREM (60.9s)  running={'THEOREM': 380, 'SOLVED_FMB': 11, 'HARD_NONLINEAR': 4}
[396] order5big_8016: THEOREM (60.2s)  running={'THEOREM': 381, 'SOLVED_FMB': 11, 'HARD_NONLINEAR': 4}
[397] order5big_8041: THEOREM (62.0s)  running={'THEOREM': 382, 'SOLVED_FMB': 11, 'HARD_NONLINEAR': 4}
done: 397 new rows -> paper/results/bench_shard_5.jsonl; tiers={'THEOREM': 382, 'SOLVED_FMB': 11, 'HARD_NONLINEAR': 4}
