nohup: ignoring input
[1] order5big_0006: THEOREM (60.2s)  running={'THEOREM': 1}
[2] order5big_0022: THEOREM (60.2s)  running={'THEOREM': 2}
[3] order5big_0037: THEOREM (60.7s)  running={'THEOREM': 3}
[4] order5big_0055: THEOREM (60.6s)  running={'THEOREM': 4}
[5] order5big_0067: THEOREM (60.6s)  running={'THEOREM': 5}
[6] order5big_0082: THEOREM (60.2s)  running={'THEOREM': 6}
[7] order5big_0103: THEOREM (60.4s)  running={'THEOREM': 7}
[8] order5big_0120: THEOREM (60.5s)  running={'THEOREM': 8}
[9] order5big_0140: THEOREM (60.2s)  running={'THEOREM': 9}
[10] order5big_0165: THEOREM (60.8s)  running={'THEOREM': 10}
[11] order5big_0176: THEOREM (60.2s)  running={'THEOREM': 11}
[12] order5big_0192: THEOREM (72.1s)  running={'THEOREM': 12}
[13] order5big_0213: THEOREM (60.6s)  running={'THEOREM': 13}
[14] order5big_0231: THEOREM (60.2s)  running={'THEOREM': 14}
[15] order5big_0251: THEOREM (60.2s)  running={'THEOREM': 15}
[16] order5big_0267: THEOREM (60.2s)  running={'THEOREM': 16}
[17] order5big_0290: THEOREM (60.2s)  running={'THEOREM': 17}
[18] order5big_0309: THEOREM (60.5s)  running={'THEOREM': 18}
[19] order5big_0336: THEOREM (60.2s)  running={'THEOREM': 19}
[20] order5big_0348: THEOREM (60.3s)  running={'THEOREM': 20}
[21] order5big_0364: THEOREM (60.6s)  running={'THEOREM': 21}
[22] order5big_0378: THEOREM (60.2s)  running={'THEOREM': 22}
[23] order5big_0396: THEOREM (60.1s)  running={'THEOREM': 23}
[24] order5big_0411: THEOREM (65.3s)  running={'THEOREM': 24}
[25] order5big_0426: THEOREM (62.7s)  running={'THEOREM': 25}
[26] order5big_0450: THEOREM (74.1s)  running={'THEOREM': 26}
[27] order5big_0469: THEOREM (60.8s)  running={'THEOREM': 27}
[28] order5big_0485: THEOREM (60.2s)  running={'THEOREM': 28}
[29] order5big_0504: THEOREM (72.8s)  running={'THEOREM': 29}
[30] order5big_0518: THEOREM (60.2s)  running={'THEOREM': 30}
[31] order5big_0546: THEOREM (60.2s)  running={'THEOREM': 31}
[32] order5big_0568: THEOREM (60.2s)  running={'THEOREM': 32}
[33] order5big_0596: THEOREM (60.5s)  running={'THEOREM': 33}
[34] order5big_0623: THEOREM (60.5s)  running={'THEOREM': 34}
[35] order5big_0639: THEOREM (60.2s)  running={'THEOREM': 35}
[36] order5big_0659: THEOREM (60.6s)  running={'THEOREM': 36}
[37] order5big_0668: SOLVED_FMB (4.8s)  running={'THEOREM': 36, 'SOLVED_FMB': 1}
[38] order5big_0691: THEOREM (60.2s)  running={'THEOREM': 37, 'SOLVED_FMB': 1}
[39] order5big_0709: THEOREM (63.2s)  running={'THEOREM': 38, 'SOLVED_FMB': 1}
[40] order5big_0728: THEOREM (60.2s)  running={'THEOREM': 39, 'SOLVED_FMB': 1}
[41] order5big_0749: THEOREM (60.2s)  running={'THEOREM': 40, 'SOLVED_FMB': 1}
[42] order5big_0766: THEOREM (60.2s)  running={'THEOREM': 41, 'SOLVED_FMB': 1}
[43] order5big_0791: THEOREM (60.2s)  running={'THEOREM': 42, 'SOLVED_FMB': 1}
[44] order5big_0810: THEOREM (60.6s)  running={'THEOREM': 43, 'SOLVED_FMB': 1}
[45] order5big_0823: THEOREM (60.2s)  running={'THEOREM': 44, 'SOLVED_FMB': 1}
[46] order5big_0843: THEOREM (60.2s)  running={'THEOREM': 45, 'SOLVED_FMB': 1}
[47] order5big_0857: THEOREM (62.8s)  running={'THEOREM': 46, 'SOLVED_FMB': 1}
[48] order5big_0878: THEOREM (206.8s)  running={'THEOREM': 47, 'SOLVED_FMB': 1}
[49] order5big_0910: THEOREM (60.2s)  running={'THEOREM': 48, 'SOLVED_FMB': 1}
[50] order5big_0930: THEOREM (60.2s)  running={'THEOREM': 49, 'SOLVED_FMB': 1}
[51] order5big_0952: THEOREM (60.2s)  running={'THEOREM': 50, 'SOLVED_FMB': 1}
[52] order5big_0992: THEOREM (61.2s)  running={'THEOREM': 51, 'SOLVED_FMB': 1}
[53] order5big_1012: THEOREM (55.5s)  running={'THEOREM': 52, 'SOLVED_FMB': 1}
[54] order5big_1035: THEOREM (60.4s)  running={'THEOREM': 53, 'SOLVED_FMB': 1}
[55] order5big_1049: THEOREM (62.7s)  running={'THEOREM': 54, 'SOLVED_FMB': 1}
[56] order5big_1071: HARD_NONLINEAR (120.0s)  running={'THEOREM': 54, 'SOLVED_FMB': 1, 'HARD_NONLINEAR': 1}
[57] order5big_1098: THEOREM (60.2s)  running={'THEOREM': 55, 'SOLVED_FMB': 1, 'HARD_NONLINEAR': 1}
[58] order5big_1117: THEOREM (60.2s)  running={'THEOREM': 56, 'SOLVED_FMB': 1, 'HARD_NONLINEAR': 1}
[59] order5big_1137: THEOREM (60.2s)  running={'THEOREM': 57, 'SOLVED_FMB': 1, 'HARD_NONLINEAR': 1}
[60] order5big_1154: THEOREM (60.2s)  running={'THEOREM': 58, 'SOLVED_FMB': 1, 'HARD_NONLINEAR': 1}
[61] order5big_1168: THEOREM (60.4s)  running={'THEOREM': 59, 'SOLVED_FMB': 1, 'HARD_NONLINEAR': 1}
[62] order5big_1197: THEOREM (60.2s)  running={'THEOREM': 60, 'SOLVED_FMB': 1, 'HARD_NONLINEAR': 1}
[63] order5big_1216: THEOREM (60.3s)  running={'THEOREM': 61, 'SOLVED_FMB': 1, 'HARD_NONLINEAR': 1}
[64] order5big_1235: THEOREM (60.2s)  running={'THEOREM': 62, 'SOLVED_FMB': 1, 'HARD_NONLINEAR': 1}
[65] order5big_1256: THEOREM (60.2s)  running={'THEOREM': 63, 'SOLVED_FMB': 1, 'HARD_NONLINEAR': 1}
[66] order5big_1281: THEOREM (60.2s)  running={'THEOREM': 64, 'SOLVED_FMB': 1, 'HARD_NONLINEAR': 1}
[67] order5big_1305: THEOREM (60.2s)  running={'THEOREM': 65, 'SOLVED_FMB': 1, 'HARD_NONLINEAR': 1}
[68] order5big_1324: THEOREM (60.2s)  running={'THEOREM': 66, 'SOLVED_FMB': 1, 'HARD_NONLINEAR': 1}
[69] order5big_1341: THEOREM (60.3s)  running={'THEOREM': 67, 'SOLVED_FMB': 1, 'HARD_NONLINEAR': 1}
[70] order5big_1363: THEOREM (60.4s)  running={'THEOREM': 68, 'SOLVED_FMB': 1, 'HARD_NONLINEAR': 1}
[71] order5big_1379: SOLVED_FMB (0.1s)  running={'THEOREM': 68, 'SOLVED_FMB': 2, 'HARD_NONLINEAR': 1}
[72] order5big_1399: THEOREM (60.2s)  running={'THEOREM': 69, 'SOLVED_FMB': 2, 'HARD_NONLINEAR': 1}
[73] order5big_1411: THEOREM (60.2s)  running={'THEOREM': 70, 'SOLVED_FMB': 2, 'HARD_NONLINEAR': 1}
[74] order5big_1427: THEOREM (60.3s)  running={'THEOREM': 71, 'SOLVED_FMB': 2, 'HARD_NONLINEAR': 1}
[75] order5big_1461: THEOREM (60.1s)  running={'THEOREM': 72, 'SOLVED_FMB': 2, 'HARD_NONLINEAR': 1}
[76] order5big_1483: THEOREM (60.2s)  running={'THEOREM': 73, 'SOLVED_FMB': 2, 'HARD_NONLINEAR': 1}
[77] order5big_1507: THEOREM (60.4s)  running={'THEOREM': 74, 'SOLVED_FMB': 2, 'HARD_NONLINEAR': 1}
[78] order5big_1523: THEOREM (60.2s)  running={'THEOREM': 75, 'SOLVED_FMB': 2, 'HARD_NONLINEAR': 1}
[79] order5big_1560: THEOREM (60.2s)  running={'THEOREM': 76, 'SOLVED_FMB': 2, 'HARD_NONLINEAR': 1}
[80] order5big_1579: THEOREM (62.8s)  running={'THEOREM': 77, 'SOLVED_FMB': 2, 'HARD_NONLINEAR': 1}
[81] order5big_1594: THEOREM (203.2s)  running={'THEOREM': 78, 'SOLVED_FMB': 2, 'HARD_NONLINEAR': 1}
[82] order5big_1607: THEOREM (60.1s)  running={'THEOREM': 79, 'SOLVED_FMB': 2, 'HARD_NONLINEAR': 1}
[83] order5big_1627: THEOREM (60.5s)  running={'THEOREM': 80, 'SOLVED_FMB': 2, 'HARD_NONLINEAR': 1}
[84] order5big_1644: THEOREM (60.6s)  running={'THEOREM': 81, 'SOLVED_FMB': 2, 'HARD_NONLINEAR': 1}
[85] order5big_1659: THEOREM (61.2s)  running={'THEOREM': 82, 'SOLVED_FMB': 2, 'HARD_NONLINEAR': 1}
[86] order5big_1678: THEOREM (60.2s)  running={'THEOREM': 83, 'SOLVED_FMB': 2, 'HARD_NONLINEAR': 1}
[87] order5big_1713: THEOREM (60.2s)  running={'THEOREM': 84, 'SOLVED_FMB': 2, 'HARD_NONLINEAR': 1}
[88] order5big_1728: THEOREM (60.4s)  running={'THEOREM': 85, 'SOLVED_FMB': 2, 'HARD_NONLINEAR': 1}
[89] order5big_1741: THEOREM (72.9s)  running={'THEOREM': 86, 'SOLVED_FMB': 2, 'HARD_NONLINEAR': 1}
[90] order5big_1757: THEOREM (60.4s)  running={'THEOREM': 87, 'SOLVED_FMB': 2, 'HARD_NONLINEAR': 1}
[91] order5big_1774: THEOREM (60.2s)  running={'THEOREM': 88, 'SOLVED_FMB': 2, 'HARD_NONLINEAR': 1}
[92] order5big_1789: THEOREM (60.2s)  running={'THEOREM': 89, 'SOLVED_FMB': 2, 'HARD_NONLINEAR': 1}
[93] order5big_1804: THEOREM (60.2s)  running={'THEOREM': 90, 'SOLVED_FMB': 2, 'HARD_NONLINEAR': 1}
[94] order5big_1818: THEOREM (61.2s)  running={'THEOREM': 91, 'SOLVED_FMB': 2, 'HARD_NONLINEAR': 1}
[95] order5big_1839: THEOREM (60.2s)  running={'THEOREM': 92, 'SOLVED_FMB': 2, 'HARD_NONLINEAR': 1}
[96] order5big_1867: THEOREM (60.2s)  running={'THEOREM': 93, 'SOLVED_FMB': 2, 'HARD_NONLINEAR': 1}
[97] order5big_1894: THEOREM (60.2s)  running={'THEOREM': 94, 'SOLVED_FMB': 2, 'HARD_NONLINEAR': 1}
[98] order5big_1910: THEOREM (60.2s)  running={'THEOREM': 95, 'SOLVED_FMB': 2, 'HARD_NONLINEAR': 1}
[99] order5big_1928: THEOREM (72.2s)  running={'THEOREM': 96, 'SOLVED_FMB': 2, 'HARD_NONLINEAR': 1}
[100] order5big_1948: THEOREM (60.2s)  running={'THEOREM': 97, 'SOLVED_FMB': 2, 'HARD_NONLINEAR': 1}
[101] order5big_1967: THEOREM (62.0s)  running={'THEOREM': 98, 'SOLVED_FMB': 2, 'HARD_NONLINEAR': 1}
[102] order5big_1996: SOLVED_FMB (5.4s)  running={'THEOREM': 98, 'SOLVED_FMB': 3, 'HARD_NONLINEAR': 1}
[103] order5big_2009: THEOREM (60.2s)  running={'THEOREM': 99, 'SOLVED_FMB': 3, 'HARD_NONLINEAR': 1}
[104] order5big_2028: THEOREM (60.2s)  running={'THEOREM': 100, 'SOLVED_FMB': 3, 'HARD_NONLINEAR': 1}
[105] order5big_2051: THEOREM (65.5s)  running={'THEOREM': 101, 'SOLVED_FMB': 3, 'HARD_NONLINEAR': 1}
[106] order5big_2068: THEOREM (60.6s)  running={'THEOREM': 102, 'SOLVED_FMB': 3, 'HARD_NONLINEAR': 1}
[107] order5big_2088: THEOREM (60.3s)  running={'THEOREM': 103, 'SOLVED_FMB': 3, 'HARD_NONLINEAR': 1}
[108] order5big_2110: THEOREM (60.2s)  running={'THEOREM': 104, 'SOLVED_FMB': 3, 'HARD_NONLINEAR': 1}
[109] order5big_2128: THEOREM (60.2s)  running={'THEOREM': 105, 'SOLVED_FMB': 3, 'HARD_NONLINEAR': 1}
[110] order5big_2144: THEOREM (60.2s)  running={'THEOREM': 106, 'SOLVED_FMB': 3, 'HARD_NONLINEAR': 1}
[111] order5big_2164: THEOREM (60.2s)  running={'THEOREM': 107, 'SOLVED_FMB': 3, 'HARD_NONLINEAR': 1}
[112] order5big_2178: THEOREM (2.2s)  running={'THEOREM': 108, 'SOLVED_FMB': 3, 'HARD_NONLINEAR': 1}
[113] order5big_2195: THEOREM (60.2s)  running={'THEOREM': 109, 'SOLVED_FMB': 3, 'HARD_NONLINEAR': 1}
[114] order5big_2213: THEOREM (60.4s)  running={'THEOREM': 110, 'SOLVED_FMB': 3, 'HARD_NONLINEAR': 1}
[115] order5big_2245: THEOREM (62.8s)  running={'THEOREM': 111, 'SOLVED_FMB': 3, 'HARD_NONLINEAR': 1}
[116] order5big_2260: THEOREM (72.9s)  running={'THEOREM': 112, 'SOLVED_FMB': 3, 'HARD_NONLINEAR': 1}
[117] order5big_2273: THEOREM (60.6s)  running={'THEOREM': 113, 'SOLVED_FMB': 3, 'HARD_NONLINEAR': 1}
[118] order5big_2288: THEOREM (60.6s)  running={'THEOREM': 114, 'SOLVED_FMB': 3, 'HARD_NONLINEAR': 1}
[119] order5big_2303: THEOREM (60.1s)  running={'THEOREM': 115, 'SOLVED_FMB': 3, 'HARD_NONLINEAR': 1}
[120] order5big_2319: THEOREM (61.8s)  running={'THEOREM': 116, 'SOLVED_FMB': 3, 'HARD_NONLINEAR': 1}
[121] order5big_2331: THEOREM (60.2s)  running={'THEOREM': 117, 'SOLVED_FMB': 3, 'HARD_NONLINEAR': 1}
[122] order5big_2350: THEOREM (60.2s)  running={'THEOREM': 118, 'SOLVED_FMB': 3, 'HARD_NONLINEAR': 1}
[123] order5big_2367: THEOREM (60.4s)  running={'THEOREM': 119, 'SOLVED_FMB': 3, 'HARD_NONLINEAR': 1}
[124] order5big_2387: SOLVED_FMB (0.1s)  running={'THEOREM': 119, 'SOLVED_FMB': 4, 'HARD_NONLINEAR': 1}
[125] order5big_2401: THEOREM (60.6s)  running={'THEOREM': 120, 'SOLVED_FMB': 4, 'HARD_NONLINEAR': 1}
[126] order5big_2417: THEOREM (60.2s)  running={'THEOREM': 121, 'SOLVED_FMB': 4, 'HARD_NONLINEAR': 1}
[127] order5big_2437: THEOREM (60.6s)  running={'THEOREM': 122, 'SOLVED_FMB': 4, 'HARD_NONLINEAR': 1}
[128] order5big_2454: THEOREM (60.2s)  running={'THEOREM': 123, 'SOLVED_FMB': 4, 'HARD_NONLINEAR': 1}
[129] order5big_2474: THEOREM (61.2s)  running={'THEOREM': 124, 'SOLVED_FMB': 4, 'HARD_NONLINEAR': 1}
[130] order5big_2501: THEOREM (60.1s)  running={'THEOREM': 125, 'SOLVED_FMB': 4, 'HARD_NONLINEAR': 1}
[131] order5big_2517: THEOREM (62.0s)  running={'THEOREM': 126, 'SOLVED_FMB': 4, 'HARD_NONLINEAR': 1}
[132] order5big_2533: THEOREM (60.2s)  running={'THEOREM': 127, 'SOLVED_FMB': 4, 'HARD_NONLINEAR': 1}
[133] order5big_2560: THEOREM (60.6s)  running={'THEOREM': 128, 'SOLVED_FMB': 4, 'HARD_NONLINEAR': 1}
[134] order5big_2582: THEOREM (60.2s)  running={'THEOREM': 129, 'SOLVED_FMB': 4, 'HARD_NONLINEAR': 1}
[135] order5big_2599: THEOREM (60.2s)  running={'THEOREM': 130, 'SOLVED_FMB': 4, 'HARD_NONLINEAR': 1}
[136] order5big_2620: THEOREM (60.4s)  running={'THEOREM': 131, 'SOLVED_FMB': 4, 'HARD_NONLINEAR': 1}
[137] order5big_2645: THEOREM (60.4s)  running={'THEOREM': 132, 'SOLVED_FMB': 4, 'HARD_NONLINEAR': 1}
[138] order5big_2659: SOLVED_FMB (6.5s)  running={'THEOREM': 132, 'SOLVED_FMB': 5, 'HARD_NONLINEAR': 1}
[139] order5big_2672: THEOREM (60.3s)  running={'THEOREM': 133, 'SOLVED_FMB': 5, 'HARD_NONLINEAR': 1}
[140] order5big_2687: THEOREM (60.1s)  running={'THEOREM': 134, 'SOLVED_FMB': 5, 'HARD_NONLINEAR': 1}
[141] order5big_2702: THEOREM (60.2s)  running={'THEOREM': 135, 'SOLVED_FMB': 5, 'HARD_NONLINEAR': 1}
[142] order5big_2725: THEOREM (60.2s)  running={'THEOREM': 136, 'SOLVED_FMB': 5, 'HARD_NONLINEAR': 1}
[143] order5big_2739: THEOREM (60.2s)  running={'THEOREM': 137, 'SOLVED_FMB': 5, 'HARD_NONLINEAR': 1}
[144] order5big_2753: THEOREM (5.6s)  running={'THEOREM': 138, 'SOLVED_FMB': 5, 'HARD_NONLINEAR': 1}
[145] order5big_2776: THEOREM (60.2s)  running={'THEOREM': 139, 'SOLVED_FMB': 5, 'HARD_NONLINEAR': 1}
[146] order5big_2792: THEOREM (60.2s)  running={'THEOREM': 140, 'SOLVED_FMB': 5, 'HARD_NONLINEAR': 1}
[147] order5big_2806: THEOREM (60.2s)  running={'THEOREM': 141, 'SOLVED_FMB': 5, 'HARD_NONLINEAR': 1}
[148] order5big_2822: THEOREM (60.2s)  running={'THEOREM': 142, 'SOLVED_FMB': 5, 'HARD_NONLINEAR': 1}
[149] order5big_2838: THEOREM (60.3s)  running={'THEOREM': 143, 'SOLVED_FMB': 5, 'HARD_NONLINEAR': 1}
[150] order5big_2860: THEOREM (60.2s)  running={'THEOREM': 144, 'SOLVED_FMB': 5, 'HARD_NONLINEAR': 1}
[151] order5big_2879: THEOREM (60.2s)  running={'THEOREM': 145, 'SOLVED_FMB': 5, 'HARD_NONLINEAR': 1}
[152] order5big_2895: THEOREM (60.7s)  running={'THEOREM': 146, 'SOLVED_FMB': 5, 'HARD_NONLINEAR': 1}
[153] order5big_2911: THEOREM (60.2s)  running={'THEOREM': 147, 'SOLVED_FMB': 5, 'HARD_NONLINEAR': 1}
[154] order5big_2929: THEOREM (64.1s)  running={'THEOREM': 148, 'SOLVED_FMB': 5, 'HARD_NONLINEAR': 1}
[155] order5big_2944: THEOREM (65.4s)  running={'THEOREM': 149, 'SOLVED_FMB': 5, 'HARD_NONLINEAR': 1}
[156] order5big_2959: THEOREM (60.5s)  running={'THEOREM': 150, 'SOLVED_FMB': 5, 'HARD_NONLINEAR': 1}
[157] order5big_2979: THEOREM (60.2s)  running={'THEOREM': 151, 'SOLVED_FMB': 5, 'HARD_NONLINEAR': 1}
[158] order5big_2994: SOLVED_FMB (0.1s)  running={'THEOREM': 151, 'SOLVED_FMB': 6, 'HARD_NONLINEAR': 1}
[159] order5big_3020: THEOREM (72.9s)  running={'THEOREM': 152, 'SOLVED_FMB': 6, 'HARD_NONLINEAR': 1}
[160] order5big_3035: THEOREM (60.4s)  running={'THEOREM': 153, 'SOLVED_FMB': 6, 'HARD_NONLINEAR': 1}
[161] order5big_3054: THEOREM (60.5s)  running={'THEOREM': 154, 'SOLVED_FMB': 6, 'HARD_NONLINEAR': 1}
[162] order5big_3086: THEOREM (73.1s)  running={'THEOREM': 155, 'SOLVED_FMB': 6, 'HARD_NONLINEAR': 1}
[163] order5big_3108: THEOREM (60.8s)  running={'THEOREM': 156, 'SOLVED_FMB': 6, 'HARD_NONLINEAR': 1}
[164] order5big_3133: THEOREM (3.6s)  running={'THEOREM': 157, 'SOLVED_FMB': 6, 'HARD_NONLINEAR': 1}
[165] order5big_3154: THEOREM (60.2s)  running={'THEOREM': 158, 'SOLVED_FMB': 6, 'HARD_NONLINEAR': 1}
[166] order5big_3173: THEOREM (60.4s)  running={'THEOREM': 159, 'SOLVED_FMB': 6, 'HARD_NONLINEAR': 1}
[167] order5big_3193: THEOREM (60.2s)  running={'THEOREM': 160, 'SOLVED_FMB': 6, 'HARD_NONLINEAR': 1}
[168] order5big_3210: THEOREM (60.2s)  running={'THEOREM': 161, 'SOLVED_FMB': 6, 'HARD_NONLINEAR': 1}
[169] order5big_3228: THEOREM (60.2s)  running={'THEOREM': 162, 'SOLVED_FMB': 6, 'HARD_NONLINEAR': 1}
[170] order5big_3246: THEOREM (60.6s)  running={'THEOREM': 163, 'SOLVED_FMB': 6, 'HARD_NONLINEAR': 1}
[171] order5big_3262: SOLVED_FMB (0.3s)  running={'THEOREM': 163, 'SOLVED_FMB': 7, 'HARD_NONLINEAR': 1}
[172] order5big_3289: THEOREM (60.6s)  running={'THEOREM': 164, 'SOLVED_FMB': 7, 'HARD_NONLINEAR': 1}
[173] order5big_3313: THEOREM (60.5s)  running={'THEOREM': 165, 'SOLVED_FMB': 7, 'HARD_NONLINEAR': 1}
[174] order5big_3334: THEOREM (60.6s)  running={'THEOREM': 166, 'SOLVED_FMB': 7, 'HARD_NONLINEAR': 1}
[175] order5big_3360: THEOREM (60.2s)  running={'THEOREM': 167, 'SOLVED_FMB': 7, 'HARD_NONLINEAR': 1}
[176] order5big_3388: THEOREM (60.2s)  running={'THEOREM': 168, 'SOLVED_FMB': 7, 'HARD_NONLINEAR': 1}
[177] order5big_3402: THEOREM (60.6s)  running={'THEOREM': 169, 'SOLVED_FMB': 7, 'HARD_NONLINEAR': 1}
[178] order5big_3424: THEOREM (60.2s)  running={'THEOREM': 170, 'SOLVED_FMB': 7, 'HARD_NONLINEAR': 1}
[179] order5big_3453: THEOREM (73.5s)  running={'THEOREM': 171, 'SOLVED_FMB': 7, 'HARD_NONLINEAR': 1}
[180] order5big_3469: THEOREM (60.6s)  running={'THEOREM': 172, 'SOLVED_FMB': 7, 'HARD_NONLINEAR': 1}
[181] order5big_3489: THEOREM (60.2s)  running={'THEOREM': 173, 'SOLVED_FMB': 7, 'HARD_NONLINEAR': 1}
[182] order5big_3504: THEOREM (60.7s)  running={'THEOREM': 174, 'SOLVED_FMB': 7, 'HARD_NONLINEAR': 1}
[183] order5big_3519: THEOREM (60.2s)  running={'THEOREM': 175, 'SOLVED_FMB': 7, 'HARD_NONLINEAR': 1}
[184] order5big_3538: THEOREM (72.9s)  running={'THEOREM': 176, 'SOLVED_FMB': 7, 'HARD_NONLINEAR': 1}
[185] order5big_3560: THEOREM (60.6s)  running={'THEOREM': 177, 'SOLVED_FMB': 7, 'HARD_NONLINEAR': 1}
[186] order5big_3588: THEOREM (60.6s)  running={'THEOREM': 178, 'SOLVED_FMB': 7, 'HARD_NONLINEAR': 1}
[187] order5big_3609: THEOREM (60.3s)  running={'THEOREM': 179, 'SOLVED_FMB': 7, 'HARD_NONLINEAR': 1}
[188] order5big_3640: THEOREM (60.2s)  running={'THEOREM': 180, 'SOLVED_FMB': 7, 'HARD_NONLINEAR': 1}
[189] order5big_3671: THEOREM (60.4s)  running={'THEOREM': 181, 'SOLVED_FMB': 7, 'HARD_NONLINEAR': 1}
[190] order5big_3687: THEOREM (60.3s)  running={'THEOREM': 182, 'SOLVED_FMB': 7, 'HARD_NONLINEAR': 1}
[191] order5big_3708: THEOREM (60.8s)  running={'THEOREM': 183, 'SOLVED_FMB': 7, 'HARD_NONLINEAR': 1}
[192] order5big_3724: THEOREM (60.4s)  running={'THEOREM': 184, 'SOLVED_FMB': 7, 'HARD_NONLINEAR': 1}
[193] order5big_3745: THEOREM (60.1s)  running={'THEOREM': 185, 'SOLVED_FMB': 7, 'HARD_NONLINEAR': 1}
[194] order5big_3761: THEOREM (60.2s)  running={'THEOREM': 186, 'SOLVED_FMB': 7, 'HARD_NONLINEAR': 1}
[195] order5big_3787: THEOREM (60.2s)  running={'THEOREM': 187, 'SOLVED_FMB': 7, 'HARD_NONLINEAR': 1}
[196] order5big_3806: THEOREM (60.2s)  running={'THEOREM': 188, 'SOLVED_FMB': 7, 'HARD_NONLINEAR': 1}
[197] order5big_3835: THEOREM (60.8s)  running={'THEOREM': 189, 'SOLVED_FMB': 7, 'HARD_NONLINEAR': 1}
[198] order5big_3853: THEOREM (60.2s)  running={'THEOREM': 190, 'SOLVED_FMB': 7, 'HARD_NONLINEAR': 1}
[199] order5big_3868: THEOREM (65.5s)  running={'THEOREM': 191, 'SOLVED_FMB': 7, 'HARD_NONLINEAR': 1}
[200] order5big_3882: THEOREM (60.2s)  running={'THEOREM': 192, 'SOLVED_FMB': 7, 'HARD_NONLINEAR': 1}
[201] order5big_3899: THEOREM (60.2s)  running={'THEOREM': 193, 'SOLVED_FMB': 7, 'HARD_NONLINEAR': 1}
[202] order5big_3910: THEOREM (61.8s)  running={'THEOREM': 194, 'SOLVED_FMB': 7, 'HARD_NONLINEAR': 1}
[203] order5big_3930: THEOREM (60.2s)  running={'THEOREM': 195, 'SOLVED_FMB': 7, 'HARD_NONLINEAR': 1}
[204] order5big_3953: THEOREM (60.3s)  running={'THEOREM': 196, 'SOLVED_FMB': 7, 'HARD_NONLINEAR': 1}
[205] order5big_3972: SOLVED_FMB (2.9s)  running={'THEOREM': 196, 'SOLVED_FMB': 8, 'HARD_NONLINEAR': 1}
[206] order5big_3993: THEOREM (60.2s)  running={'THEOREM': 197, 'SOLVED_FMB': 8, 'HARD_NONLINEAR': 1}
[207] order5big_4011: THEOREM (60.3s)  running={'THEOREM': 198, 'SOLVED_FMB': 8, 'HARD_NONLINEAR': 1}
[208] order5big_4037: THEOREM (72.7s)  running={'THEOREM': 199, 'SOLVED_FMB': 8, 'HARD_NONLINEAR': 1}
[209] order5big_4068: THEOREM (60.6s)  running={'THEOREM': 200, 'SOLVED_FMB': 8, 'HARD_NONLINEAR': 1}
[210] order5big_4088: THEOREM (60.2s)  running={'THEOREM': 201, 'SOLVED_FMB': 8, 'HARD_NONLINEAR': 1}
[211] order5big_4110: THEOREM (65.3s)  running={'THEOREM': 202, 'SOLVED_FMB': 8, 'HARD_NONLINEAR': 1}
[212] order5big_4125: THEOREM (0.5s)  running={'THEOREM': 203, 'SOLVED_FMB': 8, 'HARD_NONLINEAR': 1}
[213] order5big_4144: THEOREM (60.3s)  running={'THEOREM': 204, 'SOLVED_FMB': 8, 'HARD_NONLINEAR': 1}
[214] order5big_4161: SOLVED_FMB (1.2s)  running={'THEOREM': 204, 'SOLVED_FMB': 9, 'HARD_NONLINEAR': 1}
[215] order5big_4176: THEOREM (60.4s)  running={'THEOREM': 205, 'SOLVED_FMB': 9, 'HARD_NONLINEAR': 1}
[216] order5big_4196: THEOREM (60.2s)  running={'THEOREM': 206, 'SOLVED_FMB': 9, 'HARD_NONLINEAR': 1}
[217] order5big_4214: THEOREM (60.2s)  running={'THEOREM': 207, 'SOLVED_FMB': 9, 'HARD_NONLINEAR': 1}
[218] order5big_4231: THEOREM (60.2s)  running={'THEOREM': 208, 'SOLVED_FMB': 9, 'HARD_NONLINEAR': 1}
[219] order5big_4258: THEOREM (60.2s)  running={'THEOREM': 209, 'SOLVED_FMB': 9, 'HARD_NONLINEAR': 1}
[220] order5big_4275: THEOREM (60.2s)  running={'THEOREM': 210, 'SOLVED_FMB': 9, 'HARD_NONLINEAR': 1}
[221] order5big_4296: THEOREM (60.5s)  running={'THEOREM': 211, 'SOLVED_FMB': 9, 'HARD_NONLINEAR': 1}
[222] order5big_4323: THEOREM (60.2s)  running={'THEOREM': 212, 'SOLVED_FMB': 9, 'HARD_NONLINEAR': 1}
[223] order5big_4364: THEOREM (76.3s)  running={'THEOREM': 213, 'SOLVED_FMB': 9, 'HARD_NONLINEAR': 1}
[224] order5big_4385: THEOREM (60.2s)  running={'THEOREM': 214, 'SOLVED_FMB': 9, 'HARD_NONLINEAR': 1}
[225] order5big_4400: THEOREM (73.8s)  running={'THEOREM': 215, 'SOLVED_FMB': 9, 'HARD_NONLINEAR': 1}
[226] order5big_4419: THEOREM (60.3s)  running={'THEOREM': 216, 'SOLVED_FMB': 9, 'HARD_NONLINEAR': 1}
[227] order5big_4438: THEOREM (73.1s)  running={'THEOREM': 217, 'SOLVED_FMB': 9, 'HARD_NONLINEAR': 1}
[228] order5big_4455: THEOREM (60.5s)  running={'THEOREM': 218, 'SOLVED_FMB': 9, 'HARD_NONLINEAR': 1}
[229] order5big_4469: THEOREM (60.2s)  running={'THEOREM': 219, 'SOLVED_FMB': 9, 'HARD_NONLINEAR': 1}
[230] order5big_4493: THEOREM (64.0s)  running={'THEOREM': 220, 'SOLVED_FMB': 9, 'HARD_NONLINEAR': 1}
[231] order5big_4514: THEOREM (60.2s)  running={'THEOREM': 221, 'SOLVED_FMB': 9, 'HARD_NONLINEAR': 1}
[232] order5big_4531: THEOREM (60.4s)  running={'THEOREM': 222, 'SOLVED_FMB': 9, 'HARD_NONLINEAR': 1}
[233] order5big_4558: THEOREM (60.4s)  running={'THEOREM': 223, 'SOLVED_FMB': 9, 'HARD_NONLINEAR': 1}
[234] order5big_4586: THEOREM (60.2s)  running={'THEOREM': 224, 'SOLVED_FMB': 9, 'HARD_NONLINEAR': 1}
[235] order5big_4605: THEOREM (60.8s)  running={'THEOREM': 225, 'SOLVED_FMB': 9, 'HARD_NONLINEAR': 1}
[236] order5big_4624: THEOREM (0.1s)  running={'THEOREM': 226, 'SOLVED_FMB': 9, 'HARD_NONLINEAR': 1}
[237] order5big_4648: THEOREM (63.1s)  running={'THEOREM': 227, 'SOLVED_FMB': 9, 'HARD_NONLINEAR': 1}
[238] order5big_4666: THEOREM (60.2s)  running={'THEOREM': 228, 'SOLVED_FMB': 9, 'HARD_NONLINEAR': 1}
[239] order5big_4694: THEOREM (5.0s)  running={'THEOREM': 229, 'SOLVED_FMB': 9, 'HARD_NONLINEAR': 1}
[240] order5big_4713: THEOREM (60.5s)  running={'THEOREM': 230, 'SOLVED_FMB': 9, 'HARD_NONLINEAR': 1}
[241] order5big_4727: THEOREM (60.2s)  running={'THEOREM': 231, 'SOLVED_FMB': 9, 'HARD_NONLINEAR': 1}
[242] order5big_4740: THEOREM (60.2s)  running={'THEOREM': 232, 'SOLVED_FMB': 9, 'HARD_NONLINEAR': 1}
[243] order5big_4758: THEOREM (60.2s)  running={'THEOREM': 233, 'SOLVED_FMB': 9, 'HARD_NONLINEAR': 1}
[244] order5big_4783: THEOREM (60.6s)  running={'THEOREM': 234, 'SOLVED_FMB': 9, 'HARD_NONLINEAR': 1}
[245] order5big_4805: THEOREM (60.2s)  running={'THEOREM': 235, 'SOLVED_FMB': 9, 'HARD_NONLINEAR': 1}
[246] order5big_4838: THEOREM (60.1s)  running={'THEOREM': 236, 'SOLVED_FMB': 9, 'HARD_NONLINEAR': 1}
[247] order5big_4857: THEOREM (60.4s)  running={'THEOREM': 237, 'SOLVED_FMB': 9, 'HARD_NONLINEAR': 1}
[248] order5big_4871: THEOREM (60.2s)  running={'THEOREM': 238, 'SOLVED_FMB': 9, 'HARD_NONLINEAR': 1}
[249] order5big_4891: THEOREM (60.3s)  running={'THEOREM': 239, 'SOLVED_FMB': 9, 'HARD_NONLINEAR': 1}
[250] order5big_4907: THEOREM (60.2s)  running={'THEOREM': 240, 'SOLVED_FMB': 9, 'HARD_NONLINEAR': 1}
[251] order5big_4934: THEOREM (60.7s)  running={'THEOREM': 241, 'SOLVED_FMB': 9, 'HARD_NONLINEAR': 1}
[252] order5big_4954: THEOREM (60.2s)  running={'THEOREM': 242, 'SOLVED_FMB': 9, 'HARD_NONLINEAR': 1}
[253] order5big_4976: THEOREM (60.8s)  running={'THEOREM': 243, 'SOLVED_FMB': 9, 'HARD_NONLINEAR': 1}
[254] order5big_4991: THEOREM (60.2s)  running={'THEOREM': 244, 'SOLVED_FMB': 9, 'HARD_NONLINEAR': 1}
[255] order5big_5020: THEOREM (60.2s)  running={'THEOREM': 245, 'SOLVED_FMB': 9, 'HARD_NONLINEAR': 1}
[256] order5big_5041: THEOREM (60.2s)  running={'THEOREM': 246, 'SOLVED_FMB': 9, 'HARD_NONLINEAR': 1}
[257] order5big_5056: THEOREM (60.7s)  running={'THEOREM': 247, 'SOLVED_FMB': 9, 'HARD_NONLINEAR': 1}
[258] order5big_5078: THEOREM (60.5s)  running={'THEOREM': 248, 'SOLVED_FMB': 9, 'HARD_NONLINEAR': 1}
[259] order5big_5104: THEOREM (61.7s)  running={'THEOREM': 249, 'SOLVED_FMB': 9, 'HARD_NONLINEAR': 1}
[260] order5big_5126: THEOREM (60.2s)  running={'THEOREM': 250, 'SOLVED_FMB': 9, 'HARD_NONLINEAR': 1}
[261] order5big_5149: THEOREM (60.4s)  running={'THEOREM': 251, 'SOLVED_FMB': 9, 'HARD_NONLINEAR': 1}
[262] order5big_5180: THEOREM (60.5s)  running={'THEOREM': 252, 'SOLVED_FMB': 9, 'HARD_NONLINEAR': 1}
[263] order5big_5204: THEOREM (60.5s)  running={'THEOREM': 253, 'SOLVED_FMB': 9, 'HARD_NONLINEAR': 1}
[264] order5big_5231: THEOREM (60.2s)  running={'THEOREM': 254, 'SOLVED_FMB': 9, 'HARD_NONLINEAR': 1}
[265] order5big_5245: HARD_NONLINEAR (120.1s)  running={'THEOREM': 254, 'SOLVED_FMB': 9, 'HARD_NONLINEAR': 2}
[266] order5big_5258: THEOREM (60.9s)  running={'THEOREM': 255, 'SOLVED_FMB': 9, 'HARD_NONLINEAR': 2}
[267] order5big_5281: THEOREM (60.2s)  running={'THEOREM': 256, 'SOLVED_FMB': 9, 'HARD_NONLINEAR': 2}
[268] order5big_5301: THEOREM (60.2s)  running={'THEOREM': 257, 'SOLVED_FMB': 9, 'HARD_NONLINEAR': 2}
[269] order5big_5328: HARD_NONLINEAR (120.0s)  running={'THEOREM': 257, 'SOLVED_FMB': 9, 'HARD_NONLINEAR': 3}
[270] order5big_5353: THEOREM (60.2s)  running={'THEOREM': 258, 'SOLVED_FMB': 9, 'HARD_NONLINEAR': 3}
[271] order5big_5372: THEOREM (60.4s)  running={'THEOREM': 259, 'SOLVED_FMB': 9, 'HARD_NONLINEAR': 3}
[272] order5big_5388: THEOREM (60.2s)  running={'THEOREM': 260, 'SOLVED_FMB': 9, 'HARD_NONLINEAR': 3}
[273] order5big_5414: THEOREM (60.6s)  running={'THEOREM': 261, 'SOLVED_FMB': 9, 'HARD_NONLINEAR': 3}
[274] order5big_5439: SOLVED_FMB (0.2s)  running={'THEOREM': 261, 'SOLVED_FMB': 10, 'HARD_NONLINEAR': 3}
[275] order5big_5453: THEOREM (60.2s)  running={'THEOREM': 262, 'SOLVED_FMB': 10, 'HARD_NONLINEAR': 3}
[276] order5big_5466: THEOREM (65.5s)  running={'THEOREM': 263, 'SOLVED_FMB': 10, 'HARD_NONLINEAR': 3}
[277] order5big_5496: THEOREM (60.4s)  running={'THEOREM': 264, 'SOLVED_FMB': 10, 'HARD_NONLINEAR': 3}
[278] order5big_5517: THEOREM (60.2s)  running={'THEOREM': 265, 'SOLVED_FMB': 10, 'HARD_NONLINEAR': 3}
[279] order5big_5527: THEOREM (60.5s)  running={'THEOREM': 266, 'SOLVED_FMB': 10, 'HARD_NONLINEAR': 3}
[280] order5big_5552: THEOREM (60.1s)  running={'THEOREM': 267, 'SOLVED_FMB': 10, 'HARD_NONLINEAR': 3}
[281] order5big_5578: THEOREM (61.1s)  running={'THEOREM': 268, 'SOLVED_FMB': 10, 'HARD_NONLINEAR': 3}
[282] order5big_5591: THEOREM (60.2s)  running={'THEOREM': 269, 'SOLVED_FMB': 10, 'HARD_NONLINEAR': 3}
[283] order5big_5610: THEOREM (60.2s)  running={'THEOREM': 270, 'SOLVED_FMB': 10, 'HARD_NONLINEAR': 3}
[284] order5big_5630: THEOREM (60.2s)  running={'THEOREM': 271, 'SOLVED_FMB': 10, 'HARD_NONLINEAR': 3}
[285] order5big_5652: THEOREM (60.2s)  running={'THEOREM': 272, 'SOLVED_FMB': 10, 'HARD_NONLINEAR': 3}
[286] order5big_5672: THEOREM (60.2s)  running={'THEOREM': 273, 'SOLVED_FMB': 10, 'HARD_NONLINEAR': 3}
[287] order5big_5687: THEOREM (60.2s)  running={'THEOREM': 274, 'SOLVED_FMB': 10, 'HARD_NONLINEAR': 3}
[288] order5big_5704: THEOREM (60.2s)  running={'THEOREM': 275, 'SOLVED_FMB': 10, 'HARD_NONLINEAR': 3}
[289] order5big_5731: THEOREM (60.2s)  running={'THEOREM': 276, 'SOLVED_FMB': 10, 'HARD_NONLINEAR': 3}
[290] order5big_5759: THEOREM (60.2s)  running={'THEOREM': 277, 'SOLVED_FMB': 10, 'HARD_NONLINEAR': 3}
[291] order5big_5777: THEOREM (60.4s)  running={'THEOREM': 278, 'SOLVED_FMB': 10, 'HARD_NONLINEAR': 3}
[292] order5big_5797: THEOREM (60.2s)  running={'THEOREM': 279, 'SOLVED_FMB': 10, 'HARD_NONLINEAR': 3}
[293] order5big_5823: THEOREM (60.2s)  running={'THEOREM': 280, 'SOLVED_FMB': 10, 'HARD_NONLINEAR': 3}
[294] order5big_5842: THEOREM (60.2s)  running={'THEOREM': 281, 'SOLVED_FMB': 10, 'HARD_NONLINEAR': 3}
[295] order5big_5868: SOLVED_FMB (4.0s)  running={'THEOREM': 281, 'SOLVED_FMB': 11, 'HARD_NONLINEAR': 3}
[296] order5big_5890: SOLVED_FMB (1.5s)  running={'THEOREM': 281, 'SOLVED_FMB': 12, 'HARD_NONLINEAR': 3}
[297] order5big_5901: THEOREM (1.3s)  running={'THEOREM': 282, 'SOLVED_FMB': 12, 'HARD_NONLINEAR': 3}
[298] order5big_5931: THEOREM (0.1s)  running={'THEOREM': 283, 'SOLVED_FMB': 12, 'HARD_NONLINEAR': 3}
[299] order5big_5948: THEOREM (73.3s)  running={'THEOREM': 284, 'SOLVED_FMB': 12, 'HARD_NONLINEAR': 3}
[300] order5big_5976: THEOREM (60.6s)  running={'THEOREM': 285, 'SOLVED_FMB': 12, 'HARD_NONLINEAR': 3}
[301] order5big_6008: THEOREM (60.2s)  running={'THEOREM': 286, 'SOLVED_FMB': 12, 'HARD_NONLINEAR': 3}
[302] order5big_6030: THEOREM (60.4s)  running={'THEOREM': 287, 'SOLVED_FMB': 12, 'HARD_NONLINEAR': 3}
[303] order5big_6047: THEOREM (60.2s)  running={'THEOREM': 288, 'SOLVED_FMB': 12, 'HARD_NONLINEAR': 3}
[304] order5big_6075: THEOREM (60.2s)  running={'THEOREM': 289, 'SOLVED_FMB': 12, 'HARD_NONLINEAR': 3}
[305] order5big_6096: THEOREM (60.3s)  running={'THEOREM': 290, 'SOLVED_FMB': 12, 'HARD_NONLINEAR': 3}
[306] order5big_6114: THEOREM (60.3s)  running={'THEOREM': 291, 'SOLVED_FMB': 12, 'HARD_NONLINEAR': 3}
[307] order5big_6143: THEOREM (0.6s)  running={'THEOREM': 292, 'SOLVED_FMB': 12, 'HARD_NONLINEAR': 3}
[308] order5big_6165: THEOREM (60.2s)  running={'THEOREM': 293, 'SOLVED_FMB': 12, 'HARD_NONLINEAR': 3}
[309] order5big_6180: THEOREM (60.3s)  running={'THEOREM': 294, 'SOLVED_FMB': 12, 'HARD_NONLINEAR': 3}
[310] order5big_6207: THEOREM (60.2s)  running={'THEOREM': 295, 'SOLVED_FMB': 12, 'HARD_NONLINEAR': 3}
[311] order5big_6235: THEOREM (60.2s)  running={'THEOREM': 296, 'SOLVED_FMB': 12, 'HARD_NONLINEAR': 3}
[312] order5big_6256: THEOREM (60.4s)  running={'THEOREM': 297, 'SOLVED_FMB': 12, 'HARD_NONLINEAR': 3}
[313] order5big_6279: THEOREM (60.2s)  running={'THEOREM': 298, 'SOLVED_FMB': 12, 'HARD_NONLINEAR': 3}
[314] order5big_6295: THEOREM (60.1s)  running={'THEOREM': 299, 'SOLVED_FMB': 12, 'HARD_NONLINEAR': 3}
[315] order5big_6314: THEOREM (62.9s)  running={'THEOREM': 300, 'SOLVED_FMB': 12, 'HARD_NONLINEAR': 3}
[316] order5big_6333: THEOREM (60.1s)  running={'THEOREM': 301, 'SOLVED_FMB': 12, 'HARD_NONLINEAR': 3}
[317] order5big_6360: THEOREM (60.5s)  running={'THEOREM': 302, 'SOLVED_FMB': 12, 'HARD_NONLINEAR': 3}
[318] order5big_6385: THEOREM (60.2s)  running={'THEOREM': 303, 'SOLVED_FMB': 12, 'HARD_NONLINEAR': 3}
[319] order5big_6429: THEOREM (60.2s)  running={'THEOREM': 304, 'SOLVED_FMB': 12, 'HARD_NONLINEAR': 3}
[320] order5big_6445: THEOREM (60.4s)  running={'THEOREM': 305, 'SOLVED_FMB': 12, 'HARD_NONLINEAR': 3}
[321] order5big_6469: THEOREM (60.1s)  running={'THEOREM': 306, 'SOLVED_FMB': 12, 'HARD_NONLINEAR': 3}
[322] order5big_6483: THEOREM (60.2s)  running={'THEOREM': 307, 'SOLVED_FMB': 12, 'HARD_NONLINEAR': 3}
[323] order5big_6497: THEOREM (60.5s)  running={'THEOREM': 308, 'SOLVED_FMB': 12, 'HARD_NONLINEAR': 3}
[324] order5big_6515: THEOREM (62.1s)  running={'THEOREM': 309, 'SOLVED_FMB': 12, 'HARD_NONLINEAR': 3}
[325] order5big_6539: THEOREM (60.2s)  running={'THEOREM': 310, 'SOLVED_FMB': 12, 'HARD_NONLINEAR': 3}
[326] order5big_6561: THEOREM (60.2s)  running={'THEOREM': 311, 'SOLVED_FMB': 12, 'HARD_NONLINEAR': 3}
[327] order5big_6585: THEOREM (60.2s)  running={'THEOREM': 312, 'SOLVED_FMB': 12, 'HARD_NONLINEAR': 3}
[328] order5big_6605: THEOREM (62.9s)  running={'THEOREM': 313, 'SOLVED_FMB': 12, 'HARD_NONLINEAR': 3}
[329] order5big_6627: THEOREM (60.6s)  running={'THEOREM': 314, 'SOLVED_FMB': 12, 'HARD_NONLINEAR': 3}
[330] order5big_6663: THEOREM (60.2s)  running={'THEOREM': 315, 'SOLVED_FMB': 12, 'HARD_NONLINEAR': 3}
[331] order5big_6690: THEOREM (60.2s)  running={'THEOREM': 316, 'SOLVED_FMB': 12, 'HARD_NONLINEAR': 3}
[332] order5big_6703: THEOREM (60.2s)  running={'THEOREM': 317, 'SOLVED_FMB': 12, 'HARD_NONLINEAR': 3}
[333] order5big_6725: THEOREM (60.2s)  running={'THEOREM': 318, 'SOLVED_FMB': 12, 'HARD_NONLINEAR': 3}
[334] order5big_6752: THEOREM (60.2s)  running={'THEOREM': 319, 'SOLVED_FMB': 12, 'HARD_NONLINEAR': 3}
[335] order5big_6772: THEOREM (60.1s)  running={'THEOREM': 320, 'SOLVED_FMB': 12, 'HARD_NONLINEAR': 3}
[336] order5big_6788: THEOREM (60.2s)  running={'THEOREM': 321, 'SOLVED_FMB': 12, 'HARD_NONLINEAR': 3}
[337] order5big_6812: THEOREM (60.2s)  running={'THEOREM': 322, 'SOLVED_FMB': 12, 'HARD_NONLINEAR': 3}
[338] order5big_6833: THEOREM (60.1s)  running={'THEOREM': 323, 'SOLVED_FMB': 12, 'HARD_NONLINEAR': 3}
[339] order5big_6848: THEOREM (60.2s)  running={'THEOREM': 324, 'SOLVED_FMB': 12, 'HARD_NONLINEAR': 3}
[340] order5big_6858: THEOREM (60.2s)  running={'THEOREM': 325, 'SOLVED_FMB': 12, 'HARD_NONLINEAR': 3}
[341] order5big_6884: THEOREM (60.2s)  running={'THEOREM': 326, 'SOLVED_FMB': 12, 'HARD_NONLINEAR': 3}
[342] order5big_6904: THEOREM (60.2s)  running={'THEOREM': 327, 'SOLVED_FMB': 12, 'HARD_NONLINEAR': 3}
[343] order5big_6924: THEOREM (60.2s)  running={'THEOREM': 328, 'SOLVED_FMB': 12, 'HARD_NONLINEAR': 3}
[344] order5big_6944: THEOREM (60.2s)  running={'THEOREM': 329, 'SOLVED_FMB': 12, 'HARD_NONLINEAR': 3}
[345] order5big_6957: THEOREM (60.2s)  running={'THEOREM': 330, 'SOLVED_FMB': 12, 'HARD_NONLINEAR': 3}
[346] order5big_6971: THEOREM (60.2s)  running={'THEOREM': 331, 'SOLVED_FMB': 12, 'HARD_NONLINEAR': 3}
[347] order5big_6981: THEOREM (119.4s)  running={'THEOREM': 332, 'SOLVED_FMB': 12, 'HARD_NONLINEAR': 3}
[348] order5big_7002: THEOREM (60.1s)  running={'THEOREM': 333, 'SOLVED_FMB': 12, 'HARD_NONLINEAR': 3}
[349] order5big_7020: THEOREM (60.2s)  running={'THEOREM': 334, 'SOLVED_FMB': 12, 'HARD_NONLINEAR': 3}
[350] order5big_7050: THEOREM (60.3s)  running={'THEOREM': 335, 'SOLVED_FMB': 12, 'HARD_NONLINEAR': 3}
[351] order5big_7070: THEOREM (60.1s)  running={'THEOREM': 336, 'SOLVED_FMB': 12, 'HARD_NONLINEAR': 3}
[352] order5big_7101: THEOREM (60.3s)  running={'THEOREM': 337, 'SOLVED_FMB': 12, 'HARD_NONLINEAR': 3}
[353] order5big_7114: THEOREM (60.2s)  running={'THEOREM': 338, 'SOLVED_FMB': 12, 'HARD_NONLINEAR': 3}
[354] order5big_7131: THEOREM (60.6s)  running={'THEOREM': 339, 'SOLVED_FMB': 12, 'HARD_NONLINEAR': 3}
[355] order5big_7150: THEOREM (60.3s)  running={'THEOREM': 340, 'SOLVED_FMB': 12, 'HARD_NONLINEAR': 3}
[356] order5big_7161: THEOREM (60.2s)  running={'THEOREM': 341, 'SOLVED_FMB': 12, 'HARD_NONLINEAR': 3}
[357] order5big_7177: THEOREM (72.0s)  running={'THEOREM': 342, 'SOLVED_FMB': 12, 'HARD_NONLINEAR': 3}
[358] order5big_7196: THEOREM (60.5s)  running={'THEOREM': 343, 'SOLVED_FMB': 12, 'HARD_NONLINEAR': 3}
[359] order5big_7218: THEOREM (60.2s)  running={'THEOREM': 344, 'SOLVED_FMB': 12, 'HARD_NONLINEAR': 3}
[360] order5big_7238: THEOREM (60.2s)  running={'THEOREM': 345, 'SOLVED_FMB': 12, 'HARD_NONLINEAR': 3}
[361] order5big_7261: THEOREM (60.1s)  running={'THEOREM': 346, 'SOLVED_FMB': 12, 'HARD_NONLINEAR': 3}
[362] order5big_7286: THEOREM (76.5s)  running={'THEOREM': 347, 'SOLVED_FMB': 12, 'HARD_NONLINEAR': 3}
[363] order5big_7303: THEOREM (72.3s)  running={'THEOREM': 348, 'SOLVED_FMB': 12, 'HARD_NONLINEAR': 3}
[364] order5big_7321: SOLVED_FMB (6.2s)  running={'THEOREM': 348, 'SOLVED_FMB': 13, 'HARD_NONLINEAR': 3}
[365] order5big_7343: THEOREM (60.6s)  running={'THEOREM': 349, 'SOLVED_FMB': 13, 'HARD_NONLINEAR': 3}
[366] order5big_7366: THEOREM (60.3s)  running={'THEOREM': 350, 'SOLVED_FMB': 13, 'HARD_NONLINEAR': 3}
[367] order5big_7380: THEOREM (60.8s)  running={'THEOREM': 351, 'SOLVED_FMB': 13, 'HARD_NONLINEAR': 3}
[368] order5big_7401: THEOREM (1.4s)  running={'THEOREM': 352, 'SOLVED_FMB': 13, 'HARD_NONLINEAR': 3}
[369] order5big_7432: THEOREM (60.5s)  running={'THEOREM': 353, 'SOLVED_FMB': 13, 'HARD_NONLINEAR': 3}
[370] order5big_7472: HARD_NONLINEAR (120.1s)  running={'THEOREM': 353, 'SOLVED_FMB': 13, 'HARD_NONLINEAR': 4}
[371] order5big_7489: THEOREM (60.2s)  running={'THEOREM': 354, 'SOLVED_FMB': 13, 'HARD_NONLINEAR': 4}
[372] order5big_7506: THEOREM (60.1s)  running={'THEOREM': 355, 'SOLVED_FMB': 13, 'HARD_NONLINEAR': 4}
[373] order5big_7532: THEOREM (73.1s)  running={'THEOREM': 356, 'SOLVED_FMB': 13, 'HARD_NONLINEAR': 4}
[374] order5big_7556: THEOREM (60.6s)  running={'THEOREM': 357, 'SOLVED_FMB': 13, 'HARD_NONLINEAR': 4}
[375] order5big_7571: THEOREM (60.2s)  running={'THEOREM': 358, 'SOLVED_FMB': 13, 'HARD_NONLINEAR': 4}
[376] order5big_7589: THEOREM (60.5s)  running={'THEOREM': 359, 'SOLVED_FMB': 13, 'HARD_NONLINEAR': 4}
[377] order5big_7613: THEOREM (60.2s)  running={'THEOREM': 360, 'SOLVED_FMB': 13, 'HARD_NONLINEAR': 4}
[378] order5big_7629: THEOREM (60.3s)  running={'THEOREM': 361, 'SOLVED_FMB': 13, 'HARD_NONLINEAR': 4}
[379] order5big_7646: THEOREM (60.2s)  running={'THEOREM': 362, 'SOLVED_FMB': 13, 'HARD_NONLINEAR': 4}
[380] order5big_7682: THEOREM (60.1s)  running={'THEOREM': 363, 'SOLVED_FMB': 13, 'HARD_NONLINEAR': 4}
[381] order5big_7700: THEOREM (60.2s)  running={'THEOREM': 364, 'SOLVED_FMB': 13, 'HARD_NONLINEAR': 4}
[382] order5big_7722: THEOREM (60.2s)  running={'THEOREM': 365, 'SOLVED_FMB': 13, 'HARD_NONLINEAR': 4}
[383] order5big_7734: THEOREM (60.2s)  running={'THEOREM': 366, 'SOLVED_FMB': 13, 'HARD_NONLINEAR': 4}
[384] order5big_7746: THEOREM (60.7s)  running={'THEOREM': 367, 'SOLVED_FMB': 13, 'HARD_NONLINEAR': 4}
[385] order5big_7768: THEOREM (60.2s)  running={'THEOREM': 368, 'SOLVED_FMB': 13, 'HARD_NONLINEAR': 4}
[386] order5big_7784: THEOREM (61.6s)  running={'THEOREM': 369, 'SOLVED_FMB': 13, 'HARD_NONLINEAR': 4}
[387] order5big_7807: THEOREM (60.2s)  running={'THEOREM': 370, 'SOLVED_FMB': 13, 'HARD_NONLINEAR': 4}
[388] order5big_7823: THEOREM (60.5s)  running={'THEOREM': 371, 'SOLVED_FMB': 13, 'HARD_NONLINEAR': 4}
[389] order5big_7841: THEOREM (60.3s)  running={'THEOREM': 372, 'SOLVED_FMB': 13, 'HARD_NONLINEAR': 4}
[390] order5big_7866: THEOREM (60.2s)  running={'THEOREM': 373, 'SOLVED_FMB': 13, 'HARD_NONLINEAR': 4}
[391] order5big_7898: THEOREM (60.2s)  running={'THEOREM': 374, 'SOLVED_FMB': 13, 'HARD_NONLINEAR': 4}
[392] order5big_7922: THEOREM (60.6s)  running={'THEOREM': 375, 'SOLVED_FMB': 13, 'HARD_NONLINEAR': 4}
[393] order5big_7937: THEOREM (60.7s)  running={'THEOREM': 376, 'SOLVED_FMB': 13, 'HARD_NONLINEAR': 4}
[394] order5big_7972: THEOREM (3.1s)  running={'THEOREM': 377, 'SOLVED_FMB': 13, 'HARD_NONLINEAR': 4}
[395] order5big_7991: HARD_NONLINEAR (120.1s)  running={'THEOREM': 377, 'SOLVED_FMB': 13, 'HARD_NONLINEAR': 5}
[396] order5big_8012: THEOREM (60.3s)  running={'THEOREM': 378, 'SOLVED_FMB': 13, 'HARD_NONLINEAR': 5}
[397] order5big_8038: THEOREM (60.2s)  running={'THEOREM': 379, 'SOLVED_FMB': 13, 'HARD_NONLINEAR': 5}
done: 397 new rows -> paper/results/bench_shard_3.jsonl; tiers={'THEOREM': 379, 'SOLVED_FMB': 13, 'HARD_NONLINEAR': 5}
