2026-07-10 00:30:44 — run_all starting. shards=32 budgets=30,60,120,300,600 heartbeat=3600s
2026-07-10 00:30:44 — provers: vampire=paper/bin/vampire eprover=MISSING twee=MISSING lean=1
2026-07-10 00:30:44 — WARNING: portfolio incomplete — any hard-tier claim from this run is PROVISIONAL
2026-07-10 00:30:44 — STAGE answer_spec
  header mentions op        OK
  binders in first-seen ord OK
  both goals emitted        OK
  reject sorry              OK
  reject axiom              OK
  reject shadow ns          OK
  reject shadow open        OK
  reject redef Law          OK
  reject native             OK
  reject no solution        OK
  reference answer clean    OK
  reference answer compiles OK
SELFTEST OK
2026-07-10 00:33:41 — run_all starting. shards=32 budgets=30,60,120,300,600 heartbeat=3600s
2026-07-10 00:33:41 — provers: vampire=paper/bin/vampire eprover=MISSING twee=MISSING lean=1
2026-07-10 00:33:41 — WARNING: portfolio incomplete — any hard-tier claim from this run is PROVISIONAL
2026-07-10 00:33:41 — STAGE answer_spec
  header mentions op        OK
  binders in first-seen ord OK
  both goals emitted        OK
  reject sorry              OK
  reject axiom              OK
  reject shadow ns          OK
  reject shadow open        OK
  reject redef Law          OK
  reject native             OK
  reject no solution        OK
  reference answer clean    OK
  reference answer compiles OK
SELFTEST OK
2026-07-10 00:33:45 — answer format verified end to end
2026-07-10 00:33:45 — STAGE retry_curve
retry rows matched: 294

before                 after              count
NO_FINITE_MODEL        NO_FINITE_MODEL      212
OPEN                   OPEN                  69
OPEN                   NO_FINITE_MODEL        5   <- CONVERTED
NO_FINITE_MODEL        TRIVIAL                4   <- CONVERTED
SATISFIABLE_ONLY       SATISFIABLE_ONLY       2
SATISFIABLE_ONLY       AUSTIN_PROVEN          1   <- CONVERTED
OPEN                   HAS_FINITE_MODEL       1   <- CONVERTED

conversion rate: 11/294 = 3.7%

of 216 NO_FINITE_MODEL laws:
  -> TRIVIAL     4  (1.9%)  hard-tier CONTAMINATION, removed
  -> AUSTIN      0  (0.0%)  hard-tier UNDER-BUDGETING
  ZERO saturations closed at 300s. Completion diverges on this tier;
  it is not merely slow. Also: the tier gains no models, so the cheap
  model-based separations of equiv_sample.py stay unavailable there.

conversions, by seconds spent in the retry:
  r1    NO_FINITE_MODEL   -> TRIVIAL              41.8s
  r1    NO_FINITE_MODEL   -> TRIVIAL             134.0s
  r1    NO_FINITE_MODEL   -> TRIVIAL             153.6s
  r1    NO_FINITE_MODEL   -> TRIVIAL             160.1s
  r1    SATISFIABLE_ONLY  -> AUSTIN_PROVEN       295.4s
  r1    OPEN              -> NO_FINITE_MODEL     352.4s
  r1    OPEN              -> NO_FINITE_MODEL     633.8s
  r1    OPEN              -> NO_FINITE_MODEL     642.0s
  r1    OPEN              -> NO_FINITE_MODEL     675.5s
  r1    OPEN              -> NO_FINITE_MODEL     767.0s
  r1    OPEN              -> HAS_FINITE_MODEL   2282.5s

unconverted: median 606s, max 3014s (n=283) — they burn the budget, they are not 'almost done'

CAVEATS: this is one prover and one term ordering. 'Stays put' is evidence
of method-boundedness relative to THAT configuration only. And the retry
covers a subset of the unsettled laws — read the rates, not the counts.
2026-07-10 00:33:45 — STAGE baseline_selftest
  vampire/sat/otter+kbo    -> AUSTIN   want AUSTIN   OK  (0.03s)
  vampire/triv/casc        -> TRIVIAL  want TRIVIAL  OK  (1.31s)
  austin not trivial       -> -        want -        OK
  NOTE: eprover, twee absent — portfolio is INCOMPLETE, any hard-tier claim from this run is provisional
SELFTEST OK
2026-07-10 00:33:47 — SKIPPING baseline: E and/or Twee missing, so the hard tier it produces
2026-07-10 00:33:47 —   cannot be published. Install them (see RUNBOOK §1), or re-run with
2026-07-10 00:33:47 —   ALLOW_PROVISIONAL=1 to get a Vampire-only curve anyway.
2026-07-10 00:33:47 — STAGE equiv_sample
250 laws, status=AUSTIN_PROVEN
250 saturations (0 timed out)
separated prover-free: 30912   step-capped: 0   to prover: 213

laws 250  ->  classes <= 188   (UPPER BOUND at 30s/direction)
non-singleton classes: 23
  EQUIVALENT  x = ((((y ◇ y) ◇ z) ◇ (y ◇ ((y ◇ y) ◇ x))) ◇ y)
              x = ((((y ◇ y) ◇ (z ◇ w)) ◇ (y ◇ ((y ◇ y) ◇ x))) ◇ y)
  EQUIVALENT  x = ((y ◇ (x ◇ x)) ◇ (((y ◇ y) ◇ (z ◇ w)) ◇ y))
              x = ((y ◇ (x ◇ x)) ◇ (((y ◇ y) ◇ z) ◇ y))
  EQUIVALENT  x =  (((y ◇ y) ◇ y) ◇ x) ◇ (y ◇ z)
              x = ((((y ◇ y) ◇ y) ◇ x) ◇ (y ◇ (z ◇ w)))
  EQUIVALENT  x =  (((y ◇ y) ◇ y) ◇ x) ◇ (y ◇ z)
              x = ((((y ◇ y) ◇ y) ◇ x) ◇ (y ◇ (z ◇ y)))
  EQUIVALENT  x = ((y ◇ (x ◇ x)) ◇ ((y ◇ (z ◇ (y ◇ w))) ◇ y))
              x = ((y ◇ (x ◇ x)) ◇ ((y ◇ (z ◇ (x ◇ w))) ◇ y))
  EQUIVALENT  x = ((y ◇ (x ◇ x)) ◇ ((y ◇ (z ◇ (y ◇ w))) ◇ y))
              x = ((y ◇ (x ◇ x)) ◇ ((y ◇ ((x ◇ z) ◇ (w ◇ x))) ◇ y))
  EQUIVALENT  x = ((y ◇ (x ◇ x)) ◇ ((y ◇ (z ◇ (y ◇ w))) ◇ y))
              x =  (y ◇ (x ◇ x)) ◇ ((y ◇ z) ◇ y)
  EQUIVALENT  x = ((y ◇ (x ◇ x)) ◇ ((y ◇ (z ◇ (y ◇ w))) ◇ y))
              x = ((y ◇ (x ◇ x)) ◇ ((y ◇ (((y ◇ x) ◇ z) ◇ w)) ◇ y))
  EQUIVALENT  x = ((y ◇ (x ◇ x)) ◇ ((y ◇ (z ◇ (y ◇ w))) ◇ y))
              x = ((y ◇ (x ◇ x)) ◇ ((y ◇ ((w ◇ z) ◇ (x ◇ w))) ◇ y))
  EQUIVALENT  x = ((y ◇ (x ◇ x)) ◇ ((y ◇ (z ◇ (y ◇ w))) ◇ y))
              x = ((y ◇ (x ◇ x)) ◇ ((y ◇ (((x ◇ y) ◇ z) ◇ w)) ◇ y))
  EQUIVALENT  x = ((y ◇ (x ◇ x)) ◇ ((y ◇ (z ◇ (y ◇ w))) ◇ y))
              x = ((y ◇ (x ◇ x)) ◇ ((y ◇ ((z ◇ w) ◇ w)) ◇ y))
  EQUIVALENT  x = ((y ◇ (x ◇ x)) ◇ ((y ◇ (z ◇ (y ◇ w))) ◇ y))
              x = ((y ◇ (x ◇ x)) ◇ ((y ◇ ((y ◇ w) ◇ z)) ◇ y))
  EQUIVALENT  x = ((y ◇ (x ◇ x)) ◇ ((y ◇ (z ◇ (y ◇ w))) ◇ y))
              x = ((y ◇ (x ◇ x)) ◇ ((y ◇ (z ◇ (w ◇ x))) ◇ y))
  EQUIVALENT  x = ((y ◇ (x ◇ x)) ◇ ((y ◇ (z ◇ (y ◇ w))) ◇ y))
              x = ((y ◇ (x ◇ x)) ◇ ((y ◇ (z ◇ (w ◇ y))) ◇ y))
  EQUIVALENT  x = ((y ◇ (x ◇ x)) ◇ ((y ◇ (z ◇ (y ◇ w))) ◇ y))
              x = ((y ◇ (x ◇ x)) ◇ ((y ◇ ((z ◇ z) ◇ w)) ◇ y))
  EQUIVALENT  x = ((y ◇ (x ◇ x)) ◇ ((y ◇ (z ◇ (y ◇ w))) ◇ y))
              x = ((y ◇ (x ◇ x)) ◇ ((y ◇ (z ◇ w)) ◇ y))
  EQUIVALENT  x = ((y ◇ (x ◇ x)) ◇ ((y ◇ (z ◇ (y ◇ w))) ◇ y))
              x = ((y ◇ (x ◇ x)) ◇ ((y ◇ ((x ◇ z) ◇ w)) ◇ y))
  EQUIVALENT  x = (((z ◇ (z ◇ y)) ◇ z) ◇ (x ◇ (z ◇ (z ◇ z))))
              x = (((((w ◇ w) ◇ z) ◇ y) ◇ z) ◇ (x ◇ (z ◇ (z ◇ z))))
  EQUIVALENT  x = (((z ◇ (z ◇ y)) ◇ z) ◇ (x ◇ (z ◇ (z ◇ z))))
              x = ((((w ◇ (z ◇ x)) ◇ y) ◇ z) ◇ (x ◇ (z ◇ (z ◇ z))))
  EQUIVALENT  x = (((z ◇ (z ◇ y)) ◇ z) ◇ (x ◇ (z ◇ (z ◇ z))))
              x = (((z ◇ y) ◇ z) ◇ (x ◇ (z ◇ (z ◇ z))))
  EQUIVALENT  x = (((z ◇ (z ◇ y)) ◇ z) ◇ (x ◇ (z ◇ (z ◇ z))))
              x = ((((z ◇ w) ◇ y) ◇ z) ◇ (x ◇ (z ◇ (z ◇ z))))
  EQUIVALENT  x = (((z ◇ (z ◇ y)) ◇ z) ◇ (x ◇ (z ◇ (z ◇ z))))
              x = ((((w ◇ (w ◇ z)) ◇ y) ◇ z) ◇ (x ◇ (z ◇ (z ◇ z))))
  EQUIVALENT  x = (((z ◇ (z ◇ y)) ◇ z) ◇ (x ◇ (z ◇ (z ◇ z))))
              x = ((((w ◇ (x ◇ z)) ◇ y) ◇ z) ◇ (x ◇ (z ◇ (z ◇ z))))
  EQUIVALENT  x = (((z ◇ (z ◇ y)) ◇ z) ◇ (x ◇ (z ◇ (z ◇ z))))
              x = (((y ◇ w) ◇ z) ◇ (x ◇ (z ◇ (z ◇ z))))
  EQUIVALENT  x = (((z ◇ (z ◇ y)) ◇ z) ◇ (x ◇ (z ◇ (z ◇ z))))
              x =  (y ◇ z) ◇ (x ◇ (z ◇ (z ◇ z)))
  EQUIVALENT  x = (((z ◇ (z ◇ y)) ◇ z) ◇ (x ◇ (z ◇ (z ◇ z))))
              x = (((z ◇ (y ◇ w)) ◇ z) ◇ (x ◇ (z ◇ (z ◇ z))))
  EQUIVALENT  x = (((((w ◇ w) ◇ z) ◇ y) ◇ z) ◇ (x ◇ (z ◇ (z ◇ z))))
              x = ((((w ◇ z) ◇ y) ◇ z) ◇ (x ◇ (z ◇ (z ◇ z))))
  EQUIVALENT  x = (((((w ◇ w) ◇ z) ◇ y) ◇ z) ◇ (x ◇ (z ◇ (z ◇ z))))
              x = ((((w ◇ (z ◇ x)) ◇ y) ◇ z) ◇ (x ◇ (z ◇ (z ◇ z))))
  EQUIVALENT  x = (((((w ◇ w) ◇ z) ◇ y) ◇ z) ◇ (x ◇ (z ◇ (z ◇ z))))
              x = (((z ◇ y) ◇ z) ◇ (x ◇ (z ◇ (z ◇ z))))
  EQUIVALENT  x = (((((w ◇ w) ◇ z) ◇ y) ◇ z) ◇ (x ◇ (z ◇ (z ◇ z))))
              x = ((((z ◇ w) ◇ y) ◇ z) ◇ (x ◇ (z ◇ (z ◇ z))))
  EQUIVALENT  x = (((((w ◇ w) ◇ z) ◇ y) ◇ z) ◇ (x ◇ (z ◇ (z ◇ z))))
              x = ((((w ◇ (w ◇ z)) ◇ y) ◇ z) ◇ (x ◇ (z ◇ (z ◇ z))))
  EQUIVALENT  x = (((((w ◇ w) ◇ z) ◇ y) ◇ z) ◇ (x ◇ (z ◇ (z ◇ z))))
              x = ((((w ◇ (x ◇ z)) ◇ y) ◇ z) ◇ (x ◇ (z ◇ (z ◇ z))))
  EQUIVALENT  x = (((((w ◇ w) ◇ z) ◇ y) ◇ z) ◇ (x ◇ (z ◇ (z ◇ z))))
              x = (((y ◇ w) ◇ z) ◇ (x ◇ (z ◇ (z ◇ z))))
  EQUIVALENT  x = (((((w ◇ w) ◇ z) ◇ y) ◇ z) ◇ (x ◇ (z ◇ (z ◇ z))))
              x =  (y ◇ z) ◇ (x ◇ (z ◇ (z ◇ z)))
  EQUIVALENT  x = (((((w ◇ w) ◇ z) ◇ y) ◇ z) ◇ (x ◇ (z ◇ (z ◇ z))))
              x = (((z ◇ (y ◇ w)) ◇ z) ◇ (x ◇ (z ◇ (z ◇ z))))
  EQUIVALENT  x = (y ◇ (x ◇ (y ◇ ((((y ◇ w) ◇ z) ◇ (x ◇ x)) ◇ y))))
              x = (y ◇ (x ◇ (y ◇ (((y ◇ z) ◇ (x ◇ x)) ◇ y))))
  EQUIVALENT  x = (y ◇ (x ◇ (y ◇ ((((y ◇ w) ◇ z) ◇ (x ◇ x)) ◇ y))))
              x = (y ◇ (x ◇ (y ◇ ((z ◇ (x ◇ x)) ◇ y))))
  EQUIVALENT  x = (y ◇ (x ◇ (y ◇ ((((y ◇ w) ◇ z) ◇ (x ◇ x)) ◇ y))))
              x = (y ◇ (x ◇ (y ◇ ((((y ◇ x) ◇ z) ◇ (x ◇ x)) ◇ y))))
  EQUIVALENT  x = (y ◇ (x ◇ (y ◇ ((((y ◇ w) ◇ z) ◇ (x ◇ x)) ◇ y))))
              x = (y ◇ (x ◇ (y ◇ ((((x ◇ y) ◇ z) ◇ (x ◇ x)) ◇ y))))
  EQUIVALENT  x = (y ◇ (x ◇ (y ◇ ((((y ◇ w) ◇ z) ◇ (x ◇ x)) ◇ y))))
              x = (y ◇ (x ◇ (y ◇ (((x ◇ z) ◇ (x ◇ x)) ◇ y))))
  EQUIVALENT  x = (y ◇ (x ◇ (y ◇ ((((y ◇ w) ◇ z) ◇ (x ◇ x)) ◇ y))))
              x = (y ◇ (x ◇ (y ◇ (((z ◇ (z ◇ w)) ◇ (x ◇ x)) ◇ y))))
  EQUIVALENT  x = (y ◇ (x ◇ (y ◇ ((((y ◇ w) ◇ z) ◇ (x ◇ x)) ◇ y))))
              x = (y ◇ (x ◇ (y ◇ ((((w ◇ y) ◇ z) ◇ (x ◇ x)) ◇ y))))
  EQUIVALENT  x = (y ◇ (x ◇ (y ◇ ((((y ◇ w) ◇ z) ◇ (x ◇ x)) ◇ y))))
              x = (y ◇ (x ◇ (y ◇ ((((y ◇ y) ◇ z) ◇ (x ◇ x)) ◇ y))))
  EQUIVALENT  x = (y ◇ (x ◇ (y ◇ (((y ◇ z) ◇ (x ◇ x)) ◇ y))))
              x = (y ◇ (x ◇ (y ◇ ((z ◇ (x ◇ x)) ◇ y))))
  EQUIVALENT  x = (y ◇ (x ◇ (y ◇ (((y ◇ z) ◇ (x ◇ x)) ◇ y))))
              x = (y ◇ (x ◇ (y ◇ ((((y ◇ x) ◇ z) ◇ (x ◇ x)) ◇ y))))
  EQUIVALENT  x = (y ◇ (x ◇ (y ◇ (((y ◇ z) ◇ (x ◇ x)) ◇ y))))
              x = (y ◇ (x ◇ (y ◇ ((((x ◇ y) ◇ z) ◇ (x ◇ x)) ◇ y))))
  EQUIVALENT  x = (y ◇ (x ◇ (y ◇ (((y ◇ z) ◇ (x ◇ x)) ◇ y))))
              x = (y ◇ (x ◇ (y ◇ (((x ◇ z) ◇ (x ◇ x)) ◇ y))))
  EQUIVALENT  x = (y ◇ (x ◇ (y ◇ (((y ◇ z) ◇ (x ◇ x)) ◇ y))))
              x = (y ◇ (x ◇ (y ◇ (((z ◇ (z ◇ w)) ◇ (x ◇ x)) ◇ y))))
  EQUIVALENT  x = (y ◇ (x ◇ (y ◇ (((y ◇ z) ◇ (x ◇ x)) ◇ y))))
              x = (y ◇ (x ◇ (y ◇ ((((w ◇ y) ◇ z) ◇ (x ◇ x)) ◇ y))))
  EQUIVALENT  x = (y ◇ (x ◇ (y ◇ (((y ◇ z) ◇ (x ◇ x)) ◇ y))))
              x = (y ◇ (x ◇ (y ◇ ((((y ◇ y) ◇ z) ◇ (x ◇ x)) ◇ y))))
  EQUIVALENT  x = (((((y ◇ y) ◇ y) ◇ y) ◇ x) ◇ (y ◇ (z ◇ y)))
              x = (((((y ◇ y) ◇ y) ◇ y) ◇ x) ◇ (y ◇ ((w ◇ y) ◇ z)))
  EQUIVALENT  x = (((((y ◇ y) ◇ y) ◇ y) ◇ x) ◇ (y ◇ (z ◇ y)))
              x = (((((y ◇ y) ◇ y) ◇ y) ◇ x) ◇ (y ◇ z))
  EQUIVALENT  x = (y ◇ (((x ◇ x) ◇ y) ◇ ((x ◇ z) ◇ (y ◇ y))))
              x = (y ◇ (((x ◇ x) ◇ y) ◇ ((x ◇ (z ◇ w)) ◇ (y ◇ y))))
  EQUIVALENT  x = (y ◇ (x ◇ (y ◇ ((z ◇ (x ◇ x)) ◇ y))))
              x = (y ◇ (x ◇ (y ◇ ((((y ◇ x) ◇ z) ◇ (x ◇ x)) ◇ y))))
  EQUIVALENT  x = (y ◇ (x ◇ (y ◇ ((z ◇ (x ◇ x)) ◇ y))))
              x = (y ◇ (x ◇ (y ◇ ((((x ◇ y) ◇ z) ◇ (x ◇ x)) ◇ y))))
  EQUIVALENT  x = (y ◇ (x ◇ (y ◇ ((z ◇ (x ◇ x)) ◇ y))))
              x = (y ◇ (x ◇ (y ◇ (((x ◇ z) ◇ (x ◇ x)) ◇ y))))
  EQUIVALENT  x = (y ◇ (x ◇ (y ◇ ((z ◇ (x ◇ x)) ◇ y))))
              x = (y ◇ (x ◇ (y ◇ (((z ◇ (z ◇ w)) ◇ (x ◇ x)) ◇ y))))
  EQUIVALENT  x = (y ◇ (x ◇ (y ◇ ((z ◇ (x ◇ x)) ◇ y))))
              x = (y ◇ (x ◇ (y ◇ ((((w ◇ y) ◇ z) ◇ (x ◇ x)) ◇ y))))
  EQUIVALENT  x = (y ◇ (x ◇ (y ◇ ((z ◇ (x ◇ x)) ◇ y))))
              x = (y ◇ (x ◇ (y ◇ ((((y ◇ y) ◇ z) ◇ (x ◇ x)) ◇ y))))
  EQUIVALENT  x = (((((y ◇ y) ◇ y) ◇ y) ◇ x) ◇ (y ◇ ((w ◇ y) ◇ z)))
              x = (((((y ◇ y) ◇ y) ◇ y) ◇ x) ◇ (y ◇ z))
  EQUIVALENT  x = (y ◇ ((x ◇ (((x ◇ (y ◇ z)) ◇ (y ◇ y)) ◇ y)) ◇ y))
              x = (y ◇ ((x ◇ (((x ◇ (z ◇ w)) ◇ (y ◇ y)) ◇ y)) ◇ y))
  EQUIVALENT  x = (y ◇ ((x ◇ (((x ◇ (y ◇ z)) ◇ (y ◇ y)) ◇ y)) ◇ y))
              x = (y ◇ ((x ◇ (((x ◇ z) ◇ (y ◇ y)) ◇ y)) ◇ y))
  EQUIVALENT  x = ((((y ◇ y) ◇ y) ◇ x) ◇ (y ◇ (z ◇ w)))
              x = ((((y ◇ y) ◇ y) ◇ x) ◇ (y ◇ (z ◇ y)))
  EQUIVALENT  x = (y ◇ (x ◇ (y ◇ ((((y ◇ x) ◇ z) ◇ (x ◇ x)) ◇ y))))
              x = (y ◇ (x ◇ (y ◇ ((((x ◇ y) ◇ z) ◇ (x ◇ x)) ◇ y))))
  EQUIVALENT  x = (y ◇ (x ◇ (y ◇ ((((y ◇ x) ◇ z) ◇ (x ◇ x)) ◇ y))))
              x = (y ◇ (x ◇ (y ◇ (((x ◇ z) ◇ (x ◇ x)) ◇ y))))
  EQUIVALENT  x = (y ◇ (x ◇ (y ◇ ((((y ◇ x) ◇ z) ◇ (x ◇ x)) ◇ y))))
              x = (y ◇ (x ◇ (y ◇ (((z ◇ (z ◇ w)) ◇ (x ◇ x)) ◇ y))))
  EQUIVALENT  x = (y ◇ (x ◇ (y ◇ ((((y ◇ x) ◇ z) ◇ (x ◇ x)) ◇ y))))
              x = (y ◇ (x ◇ (y ◇ ((((w ◇ y) ◇ z) ◇ (x ◇ x)) ◇ y))))
  EQUIVALENT  x = (y ◇ (x ◇ (y ◇ ((((y ◇ x) ◇ z) ◇ (x ◇ x)) ◇ y))))
              x = (y ◇ (x ◇ (y ◇ ((((y ◇ y) ◇ z) ◇ (x ◇ x)) ◇ y))))
  EQUIVALENT  x = (y ◇ (y ◇ ((((y ◇ z) ◇ (y ◇ y)) ◇ (x ◇ x)) ◇ y)))
              x = (y ◇ (y ◇ ((((z ◇ w) ◇ (y ◇ y)) ◇ (x ◇ x)) ◇ y)))
  EQUIVALENT  x = (y ◇ (y ◇ ((((y ◇ z) ◇ (y ◇ y)) ◇ (x ◇ x)) ◇ y)))
              x = (y ◇ (y ◇ (((z ◇ (y ◇ y)) ◇ (x ◇ x)) ◇ y)))
  EQUIVALENT  x = (y ◇ (y ◇ ((((y ◇ z) ◇ (y ◇ y)) ◇ (x ◇ x)) ◇ y)))
              x = (y ◇ (y ◇ ((((x ◇ z) ◇ (y ◇ y)) ◇ (x ◇ x)) ◇ y)))
  EQUIVALENT  x = (y ◇ (y ◇ ((((z ◇ w) ◇ (y ◇ y)) ◇ (x ◇ x)) ◇ y)))
              x = (y ◇ (y ◇ (((z ◇ (y ◇ y)) ◇ (x ◇ x)) ◇ y)))
  EQUIVALENT  x = (y ◇ (y ◇ ((((z ◇ w) ◇ (y ◇ y)) ◇ (x ◇ x)) ◇ y)))
              x = (y ◇ (y ◇ ((((x ◇ z) ◇ (y ◇ y)) ◇ (x ◇ x)) ◇ y)))
  EQUIVALENT  x = (y ◇ (y ◇ ((x ◇ ((z ◇ (x ◇ x)) ◇ x)) ◇ y)))
              x = (y ◇ (y ◇ ((x ◇ (((z ◇ w) ◇ (x ◇ x)) ◇ x)) ◇ y)))
  EQUIVALENT  x = ((y ◇ (x ◇ x)) ◇ ((y ◇ (z ◇ (x ◇ w))) ◇ y))
              x = ((y ◇ (x ◇ x)) ◇ ((y ◇ ((x ◇ z) ◇ (w ◇ x))) ◇ y))
  EQUIVALENT  x = ((y ◇ (x ◇ x)) ◇ ((y ◇ (z ◇ (x ◇ w))) ◇ y))
              x =  (y ◇ (x ◇ x)) ◇ ((y ◇ z) ◇ y)
  EQUIVALENT  x = ((y ◇ (x ◇ x)) ◇ ((y ◇ (z ◇ (x ◇ w))) ◇ y))
              x = ((y ◇ (x ◇ x)) ◇ ((y ◇ (((y ◇ x) ◇ z) ◇ w)) ◇ y))
  EQUIVALENT  x = ((y ◇ (x ◇ x)) ◇ ((y ◇ (z ◇ (x ◇ w))) ◇ y))
              x = ((y ◇ (x ◇ x)) ◇ ((y ◇ ((w ◇ z) ◇ (x ◇ w))) ◇ y))
  EQUIVALENT  x = ((y ◇ (x ◇ x)) ◇ ((y ◇ (z ◇ (x ◇ w))) ◇ y))
              x = ((y ◇ (x ◇ x)) ◇ ((y ◇ (((x ◇ y) ◇ z) ◇ w)) ◇ y))
  EQUIVALENT  x = ((y ◇ (x ◇ x)) ◇ ((y ◇ (z ◇ (x ◇ w))) ◇ y))
              x = ((y ◇ (x ◇ x)) ◇ ((y ◇ ((z ◇ w) ◇ w)) ◇ y))
  EQUIVALENT  x = ((y ◇ (x ◇ x)) ◇ ((y ◇ (z ◇ (x ◇ w))) ◇ y))
              x = ((y ◇ (x ◇ x)) ◇ ((y ◇ ((y ◇ w) ◇ z)) ◇ y))
  EQUIVALENT  x = ((y ◇ (x ◇ x)) ◇ ((y ◇ (z ◇ (x ◇ w))) ◇ y))
              x = ((y ◇ (x ◇ x)) ◇ ((y ◇ (z ◇ (w ◇ x))) ◇ y))
  EQUIVALENT  x = ((y ◇ (x ◇ x)) ◇ ((y ◇ (z ◇ (x ◇ w))) ◇ y))
              x = ((y ◇ (x ◇ x)) ◇ ((y ◇ (z ◇ (w ◇ y))) ◇ y))
  EQUIVALENT  x = ((y ◇ (x ◇ x)) ◇ ((y ◇ (z ◇ (x ◇ w))) ◇ y))
              x = ((y ◇ (x ◇ x)) ◇ ((y ◇ ((z ◇ z) ◇ w)) ◇ y))
  EQUIVALENT  x = ((y ◇ (x ◇ x)) ◇ ((y ◇ (z ◇ (x ◇ w))) ◇ y))
              x = ((y ◇ (x ◇ x)) ◇ ((y ◇ (z ◇ w)) ◇ y))
  EQUIVALENT  x = ((y ◇ (x ◇ x)) ◇ ((y ◇ (z ◇ (x ◇ w))) ◇ y))
              x = ((y ◇ (x ◇ x)) ◇ ((y ◇ ((x ◇ z) ◇ w)) ◇ y))
  EQUIVALENT  x = ((y ◇ (x ◇ (x ◇ x))) ◇ ((y ◇ (z ◇ (w ◇ y))) ◇ y))
              x = ((y ◇ (x ◇ (x ◇ x))) ◇ ((y ◇ z) ◇ y))
  EQUIVALENT  x = (y ◇ ((x ◇ ((((x ◇ x) ◇ z) ◇ (y ◇ y)) ◇ y)) ◇ y))
              x = (y ◇ ((x ◇ ((z ◇ (y ◇ y)) ◇ y)) ◇ y))
  EQUIVALENT  x = (y ◇ ((x ◇ ((((x ◇ x) ◇ z) ◇ (y ◇ y)) ◇ y)) ◇ y))
              x = (y ◇ ((x ◇ (((x ◇ z) ◇ (y ◇ y)) ◇ y)) ◇ y))
  EQUIVALENT  x = ((((y ◇ ((y ◇ y) ◇ (z ◇ x))) ◇ x) ◇ y) ◇ y)
              x = ((((y ◇ ((y ◇ y) ◇ z)) ◇ x) ◇ y) ◇ y)
  EQUIVALENT  x = ((((y ◇ ((y ◇ y) ◇ (z ◇ x))) ◇ x) ◇ y) ◇ y)
              x = ((((y ◇ ((y ◇ y) ◇ (z ◇ (x ◇ x)))) ◇ x) ◇ y) ◇ y)
  EQUIVALENT  x = ((y ◇ ((y ◇ (y ◇ ((y ◇ y) ◇ (z ◇ x)))) ◇ x)) ◇ y)
              x = ((y ◇ ((y ◇ (y ◇ ((y ◇ y) ◇ z))) ◇ x)) ◇ y)
  EQUIVALENT  x = ((y ◇ (x ◇ x)) ◇ ((y ◇ ((x ◇ z) ◇ (w ◇ x))) ◇ y))
              x =  (y ◇ (x ◇ x)) ◇ ((y ◇ z) ◇ y)
  EQUIVALENT  x = ((y ◇ (x ◇ x)) ◇ ((y ◇ ((x ◇ z) ◇ (w ◇ x))) ◇ y))
              x = ((y ◇ (x ◇ x)) ◇ ((y ◇ (((y ◇ x) ◇ z) ◇ w)) ◇ y))
  EQUIVALENT  x = ((y ◇ (x ◇ x)) ◇ ((y ◇ ((x ◇ z) ◇ (w ◇ x))) ◇ y))
              x = ((y ◇ (x ◇ x)) ◇ ((y ◇ ((w ◇ z) ◇ (x ◇ w))) ◇ y))
  EQUIVALENT  x = ((y ◇ (x ◇ x)) ◇ ((y ◇ ((x ◇ z) ◇ (w ◇ x))) ◇ y))
              x = ((y ◇ (x ◇ x)) ◇ ((y ◇ (((x ◇ y) ◇ z) ◇ w)) ◇ y))
  EQUIVALENT  x = ((y ◇ (x ◇ x)) ◇ ((y ◇ ((x ◇ z) ◇ (w ◇ x))) ◇ y))
              x = ((y ◇ (x ◇ x)) ◇ ((y ◇ ((z ◇ w) ◇ w)) ◇ y))
  EQUIVALENT  x = ((y ◇ (x ◇ x)) ◇ ((y ◇ ((x ◇ z) ◇ (w ◇ x))) ◇ y))
              x = ((y ◇ (x ◇ x)) ◇ ((y ◇ ((y ◇ w) ◇ z)) ◇ y))
  EQUIVALENT  x = ((y ◇ (x ◇ x)) ◇ ((y ◇ ((x ◇ z) ◇ (w ◇ x))) ◇ y))
              x = ((y ◇ (x ◇ x)) ◇ ((y ◇ (z ◇ (w ◇ x))) ◇ y))
  EQUIVALENT  x = ((y ◇ (x ◇ x)) ◇ ((y ◇ ((x ◇ z) ◇ (w ◇ x))) ◇ y))
              x = ((y ◇ (x ◇ x)) ◇ ((y ◇ (z ◇ (w ◇ y))) ◇ y))
  EQUIVALENT  x = ((y ◇ (x ◇ x)) ◇ ((y ◇ ((x ◇ z) ◇ (w ◇ x))) ◇ y))
              x = ((y ◇ (x ◇ x)) ◇ ((y ◇ ((z ◇ z) ◇ w)) ◇ y))
  EQUIVALENT  x = ((y ◇ (x ◇ x)) ◇ ((y ◇ ((x ◇ z) ◇ (w ◇ x))) ◇ y))
              x = ((y ◇ (x ◇ x)) ◇ ((y ◇ (z ◇ w)) ◇ y))
  EQUIVALENT  x = ((y ◇ (x ◇ x)) ◇ ((y ◇ ((x ◇ z) ◇ (w ◇ x))) ◇ y))
              x = ((y ◇ (x ◇ x)) ◇ ((y ◇ ((x ◇ z) ◇ w)) ◇ y))
  EQUIVALENT  x = (y ◇ (x ◇ ((y ◇ (((x ◇ x) ◇ z) ◇ (x ◇ x))) ◇ y)))
              x = (y ◇ (x ◇ ((y ◇ ((y ◇ z) ◇ (x ◇ x))) ◇ y)))
  EQUIVALENT  x = (y ◇ (x ◇ ((y ◇ (((x ◇ x) ◇ z) ◇ (x ◇ x))) ◇ y)))
              x = (y ◇ (x ◇ ((y ◇ ((x ◇ z) ◇ (x ◇ x))) ◇ y)))
  EQUIVALENT  x = (y ◇ (y ◇ (((z ◇ (y ◇ y)) ◇ (x ◇ x)) ◇ y)))
              x = (y ◇ (y ◇ ((((x ◇ z) ◇ (y ◇ y)) ◇ (x ◇ x)) ◇ y)))
  EQUIVALENT  x =  (y ◇ (x ◇ x)) ◇ ((y ◇ z) ◇ y)
              x = ((y ◇ (x ◇ x)) ◇ ((y ◇ (((y ◇ x) ◇ z) ◇ w)) ◇ y))
  EQUIVALENT  x =  (y ◇ (x ◇ x)) ◇ ((y ◇ z) ◇ y)
              x = ((y ◇ (x ◇ x)) ◇ ((y ◇ ((w ◇ z) ◇ (x ◇ w))) ◇ y))
  EQUIVALENT  x =  (y ◇ (x ◇ x)) ◇ ((y ◇ z) ◇ y)
              x = ((y ◇ (x ◇ x)) ◇ ((y ◇ (((x ◇ y) ◇ z) ◇ w)) ◇ y))
  EQUIVALENT  x =  (y ◇ (x ◇ x)) ◇ ((y ◇ z) ◇ y)
              x = ((y ◇ (x ◇ x)) ◇ ((y ◇ ((z ◇ w) ◇ w)) ◇ y))
  EQUIVALENT  x =  (y ◇ (x ◇ x)) ◇ ((y ◇ z) ◇ y)
              x = ((y ◇ (x ◇ x)) ◇ ((y ◇ ((y ◇ w) ◇ z)) ◇ y))
  EQUIVALENT  x =  (y ◇ (x ◇ x)) ◇ ((y ◇ z) ◇ y)
              x = ((y ◇ (x ◇ x)) ◇ ((y ◇ (z ◇ (w ◇ x))) ◇ y))
  EQUIVALENT  x =  (y ◇ (x ◇ x)) ◇ ((y ◇ z) ◇ y)
              x = ((y ◇ (x ◇ x)) ◇ ((y ◇ (z ◇ (w ◇ y))) ◇ y))
  EQUIVALENT  x =  (y ◇ (x ◇ x)) ◇ ((y ◇ z) ◇ y)
              x = ((y ◇ (x ◇ x)) ◇ ((y ◇ ((z ◇ z) ◇ w)) ◇ y))
  EQUIVALENT  x =  (y ◇ (x ◇ x)) ◇ ((y ◇ z) ◇ y)
              x = ((y ◇ (x ◇ x)) ◇ ((y ◇ (z ◇ w)) ◇ y))
  EQUIVALENT  x =  (y ◇ (x ◇ x)) ◇ ((y ◇ z) ◇ y)
              x = ((y ◇ (x ◇ x)) ◇ ((y ◇ ((x ◇ z) ◇ w)) ◇ y))
  EQUIVALENT  x = ((((y ◇ ((y ◇ y) ◇ z)) ◇ x) ◇ y) ◇ y)
              x = ((((y ◇ ((y ◇ y) ◇ (z ◇ (x ◇ x)))) ◇ x) ◇ y) ◇ y)
  EQUIVALENT  x = (((y ◇ (((x ◇ (x ◇ x)) ◇ (z ◇ x)) ◇ x)) ◇ y) ◇ y)
              x = (((y ◇ (((x ◇ (x ◇ x)) ◇ z) ◇ x)) ◇ y) ◇ y)
  EQUIVALENT  x = ((y ◇ (x ◇ x)) ◇ ((y ◇ (((y ◇ x) ◇ z) ◇ w)) ◇ y))
              x = ((y ◇ (x ◇ x)) ◇ ((y ◇ ((w ◇ z) ◇ (x ◇ w))) ◇ y))
  EQUIVALENT  x = ((y ◇ (x ◇ x)) ◇ ((y ◇ (((y ◇ x) ◇ z) ◇ w)) ◇ y))
              x = ((y ◇ (x ◇ x)) ◇ ((y ◇ (((x ◇ y) ◇ z) ◇ w)) ◇ y))
  EQUIVALENT  x = ((y ◇ (x ◇ x)) ◇ ((y ◇ (((y ◇ x) ◇ z) ◇ w)) ◇ y))
              x = ((y ◇ (x ◇ x)) ◇ ((y ◇ ((z ◇ w) ◇ w)) ◇ y))
  EQUIVALENT  x = ((y ◇ (x ◇ x)) ◇ ((y ◇ (((y ◇ x) ◇ z) ◇ w)) ◇ y))
              x = ((y ◇ (x ◇ x)) ◇ ((y ◇ ((y ◇ w) ◇ z)) ◇ y))
  EQUIVALENT  x = ((y ◇ (x ◇ x)) ◇ ((y ◇ (((y ◇ x) ◇ z) ◇ w)) ◇ y))
              x = ((y ◇ (x ◇ x)) ◇ ((y ◇ (z ◇ (w ◇ x))) ◇ y))
  EQUIVALENT  x = ((y ◇ (x ◇ x)) ◇ ((y ◇ (((y ◇ x) ◇ z) ◇ w)) ◇ y))
              x = ((y ◇ (x ◇ x)) ◇ ((y ◇ (z ◇ (w ◇ y))) ◇ y))
  EQUIVALENT  x = ((y ◇ (x ◇ x)) ◇ ((y ◇ (((y ◇ x) ◇ z) ◇ w)) ◇ y))
              x = ((y ◇ (x ◇ x)) ◇ ((y ◇ ((z ◇ z) ◇ w)) ◇ y))
  EQUIVALENT  x = ((y ◇ (x ◇ x)) ◇ ((y ◇ (((y ◇ x) ◇ z) ◇ w)) ◇ y))
              x = ((y ◇ (x ◇ x)) ◇ ((y ◇ (z ◇ w)) ◇ y))
  EQUIVALENT  x = ((y ◇ (x ◇ x)) ◇ ((y ◇ (((y ◇ x) ◇ z) ◇ w)) ◇ y))
              x = ((y ◇ (x ◇ x)) ◇ ((y ◇ ((x ◇ z) ◇ w)) ◇ y))
  EQUIVALENT  x = (((((y ◇ y) ◇ (z ◇ x)) ◇ y) ◇ (y ◇ (x ◇ x))) ◇ y)
              x = (((((y ◇ y) ◇ z) ◇ y) ◇ (y ◇ (x ◇ x))) ◇ y)
  EQUIVALENT  x = ((((w ◇ (z ◇ x)) ◇ y) ◇ z) ◇ (x ◇ (z ◇ (z ◇ z))))
              x = (((z ◇ y) ◇ z) ◇ (x ◇ (z ◇ (z ◇ z))))
  EQUIVALENT  x = ((((w ◇ (z ◇ x)) ◇ y) ◇ z) ◇ (x ◇ (z ◇ (z ◇ z))))
              x = ((((z ◇ w) ◇ y) ◇ z) ◇ (x ◇ (z ◇ (z ◇ z))))
  EQUIVALENT  x = ((((w ◇ (z ◇ x)) ◇ y) ◇ z) ◇ (x ◇ (z ◇ (z ◇ z))))
              x = ((((w ◇ (w ◇ z)) ◇ y) ◇ z) ◇ (x ◇ (z ◇ (z ◇ z))))
  EQUIVALENT  x = ((((w ◇ (z ◇ x)) ◇ y) ◇ z) ◇ (x ◇ (z ◇ (z ◇ z))))
              x = ((((w ◇ (x ◇ z)) ◇ y) ◇ z) ◇ (x ◇ (z ◇ (z ◇ z))))
  EQUIVALENT  x = ((((w ◇ (z ◇ x)) ◇ y) ◇ z) ◇ (x ◇ (z ◇ (z ◇ z))))
              x = (((y ◇ w) ◇ z) ◇ (x ◇ (z ◇ (z ◇ z))))
  EQUIVALENT  x = ((((w ◇ (z ◇ x)) ◇ y) ◇ z) ◇ (x ◇ (z ◇ (z ◇ z))))
              x =  (y ◇ z) ◇ (x ◇ (z ◇ (z ◇ z)))
  EQUIVALENT  x = ((((w ◇ (z ◇ x)) ◇ y) ◇ z) ◇ (x ◇ (z ◇ (z ◇ z))))
              x = (((z ◇ (y ◇ w)) ◇ z) ◇ (x ◇ (z ◇ (z ◇ z))))
  EQUIVALENT  x = ((y ◇ (x ◇ x)) ◇ ((y ◇ ((w ◇ z) ◇ (x ◇ w))) ◇ y))
              x = ((y ◇ (x ◇ x)) ◇ ((y ◇ (((x ◇ y) ◇ z) ◇ w)) ◇ y))
  EQUIVALENT  x = ((y ◇ (x ◇ x)) ◇ ((y ◇ ((w ◇ z) ◇ (x ◇ w))) ◇ y))
              x = ((y ◇ (x ◇ x)) ◇ ((y ◇ ((z ◇ w) ◇ w)) ◇ y))
  EQUIVALENT  x = ((y ◇ (x ◇ x)) ◇ ((y ◇ ((w ◇ z) ◇ (x ◇ w))) ◇ y))
              x = ((y ◇ (x ◇ x)) ◇ ((y ◇ ((y ◇ w) ◇ z)) ◇ y))
  EQUIVALENT  x = ((y ◇ (x ◇ x)) ◇ ((y ◇ ((w ◇ z) ◇ (x ◇ w))) ◇ y))
              x = ((y ◇ (x ◇ x)) ◇ ((y ◇ (z ◇ (w ◇ x))) ◇ y))
  EQUIVALENT  x = ((y ◇ (x ◇ x)) ◇ ((y ◇ ((w ◇ z) ◇ (x ◇ w))) ◇ y))
              x = ((y ◇ (x ◇ x)) ◇ ((y ◇ (z ◇ (w ◇ y))) ◇ y))
  EQUIVALENT  x = ((y ◇ (x ◇ x)) ◇ ((y ◇ ((w ◇ z) ◇ (x ◇ w))) ◇ y))
              x = ((y ◇ (x ◇ x)) ◇ ((y ◇ ((z ◇ z) ◇ w)) ◇ y))
  EQUIVALENT  x = ((y ◇ (x ◇ x)) ◇ ((y ◇ ((w ◇ z) ◇ (x ◇ w))) ◇ y))
              x = ((y ◇ (x ◇ x)) ◇ ((y ◇ (z ◇ w)) ◇ y))
  EQUIVALENT  x = ((y ◇ (x ◇ x)) ◇ ((y ◇ ((w ◇ z) ◇ (x ◇ w))) ◇ y))
              x = ((y ◇ (x ◇ x)) ◇ ((y ◇ ((x ◇ z) ◇ w)) ◇ y))
  EQUIVALENT  x = (((z ◇ y) ◇ z) ◇ (x ◇ (z ◇ (z ◇ z))))
              x = ((((z ◇ w) ◇ y) ◇ z) ◇ (x ◇ (z ◇ (z ◇ z))))
  EQUIVALENT  x = (((z ◇ y) ◇ z) ◇ (x ◇ (z ◇ (z ◇ z))))
              x = ((((w ◇ (w ◇ z)) ◇ y) ◇ z) ◇ (x ◇ (z ◇ (z ◇ z))))
  EQUIVALENT  x = (((z ◇ y) ◇ z) ◇ (x ◇ (z ◇ (z ◇ z))))
              x = ((((w ◇ (x ◇ z)) ◇ y) ◇ z) ◇ (x ◇ (z ◇ (z ◇ z))))
  EQUIVALENT  x = (((z ◇ y) ◇ z) ◇ (x ◇ (z ◇ (z ◇ z))))
              x = (((y ◇ w) ◇ z) ◇ (x ◇ (z ◇ (z ◇ z))))
  EQUIVALENT  x = (((z ◇ y) ◇ z) ◇ (x ◇ (z ◇ (z ◇ z))))
              x =  (y ◇ z) ◇ (x ◇ (z ◇ (z ◇ z)))
  EQUIVALENT  x = (((z ◇ y) ◇ z) ◇ (x ◇ (z ◇ (z ◇ z))))
              x = (((z ◇ (y ◇ w)) ◇ z) ◇ (x ◇ (z ◇ (z ◇ z))))
  EQUIVALENT  x = ((((((y ◇ y) ◇ (z ◇ w)) ◇ x) ◇ y) ◇ y) ◇ y)
              x = ((((((y ◇ y) ◇ (z ◇ x)) ◇ x) ◇ y) ◇ y) ◇ y)
  EQUIVALENT  x = ((((((y ◇ y) ◇ (z ◇ w)) ◇ x) ◇ y) ◇ y) ◇ y)
              x = ((((((y ◇ y) ◇ z) ◇ x) ◇ y) ◇ y) ◇ y)
  EQUIVALENT  x = (y ◇ (x ◇ (y ◇ ((((x ◇ y) ◇ z) ◇ (x ◇ x)) ◇ y))))
              x = (y ◇ (x ◇ (y ◇ (((x ◇ z) ◇ (x ◇ x)) ◇ y))))
  EQUIVALENT  x = (y ◇ (x ◇ (y ◇ ((((x ◇ y) ◇ z) ◇ (x ◇ x)) ◇ y))))
              x = (y ◇ (x ◇ (y ◇ (((z ◇ (z ◇ w)) ◇ (x ◇ x)) ◇ y))))
  EQUIVALENT  x = (y ◇ (x ◇ (y ◇ ((((x ◇ y) ◇ z) ◇ (x ◇ x)) ◇ y))))
              x = (y ◇ (x ◇ (y ◇ ((((w ◇ y) ◇ z) ◇ (x ◇ x)) ◇ y))))
  EQUIVALENT  x = (y ◇ (x ◇ (y ◇ ((((x ◇ y) ◇ z) ◇ (x ◇ x)) ◇ y))))
              x = (y ◇ (x ◇ (y ◇ ((((y ◇ y) ◇ z) ◇ (x ◇ x)) ◇ y))))
  EQUIVALENT  x = ((y ◇ (x ◇ x)) ◇ ((y ◇ (((x ◇ y) ◇ z) ◇ w)) ◇ y))
              x = ((y ◇ (x ◇ x)) ◇ ((y ◇ ((z ◇ w) ◇ w)) ◇ y))
  EQUIVALENT  x = ((y ◇ (x ◇ x)) ◇ ((y ◇ (((x ◇ y) ◇ z) ◇ w)) ◇ y))
              x = ((y ◇ (x ◇ x)) ◇ ((y ◇ ((y ◇ w) ◇ z)) ◇ y))
  EQUIVALENT  x = ((y ◇ (x ◇ x)) ◇ ((y ◇ (((x ◇ y) ◇ z) ◇ w)) ◇ y))
              x = ((y ◇ (x ◇ x)) ◇ ((y ◇ (z ◇ (w ◇ x))) ◇ y))
  EQUIVALENT  x = ((y ◇ (x ◇ x)) ◇ ((y ◇ (((x ◇ y) ◇ z) ◇ w)) ◇ y))
              x = ((y ◇ (x ◇ x)) ◇ ((y ◇ (z ◇ (w ◇ y))) ◇ y))
  EQUIVALENT  x = ((y ◇ (x ◇ x)) ◇ ((y ◇ (((x ◇ y) ◇ z) ◇ w)) ◇ y))
              x = ((y ◇ (x ◇ x)) ◇ ((y ◇ ((z ◇ z) ◇ w)) ◇ y))
  EQUIVALENT  x = ((y ◇ (x ◇ x)) ◇ ((y ◇ (((x ◇ y) ◇ z) ◇ w)) ◇ y))
              x = ((y ◇ (x ◇ x)) ◇ ((y ◇ (z ◇ w)) ◇ y))
  EQUIVALENT  x = ((y ◇ (x ◇ x)) ◇ ((y ◇ (((x ◇ y) ◇ z) ◇ w)) ◇ y))
              x = ((y ◇ (x ◇ x)) ◇ ((y ◇ ((x ◇ z) ◇ w)) ◇ y))
  EQUIVALENT  x = ((((y ◇ ((y ◇ y) ◇ (z ◇ (x ◇ w)))) ◇ x) ◇ y) ◇ y)
              x = ((((y ◇ ((y ◇ y) ◇ (z ◇ (x ◇ x)))) ◇ x) ◇ y) ◇ y)
  EQUIVALENT  x = ((((y ◇ ((x ◇ x) ◇ z)) ◇ (y ◇ y)) ◇ x) ◇ y)
              x = ((((y ◇ ((x ◇ x) ◇ (z ◇ x))) ◇ (y ◇ y)) ◇ x) ◇ y)
  EQUIVALENT  x = ((((((y ◇ y) ◇ (z ◇ x)) ◇ x) ◇ y) ◇ y) ◇ y)
              x = ((((((y ◇ y) ◇ z) ◇ x) ◇ y) ◇ y) ◇ y)
  EQUIVALENT  x =  (y ◇ (((z ◇ z) ◇ y) ◇ x)) ◇ y
              x = ((y ◇ ((((z ◇ x) ◇ (z ◇ x)) ◇ y) ◇ x)) ◇ y)
  EQUIVALENT  x = ((((z ◇ w) ◇ y) ◇ z) ◇ (x ◇ (z ◇ (z ◇ z))))
              x = ((((w ◇ (w ◇ z)) ◇ y) ◇ z) ◇ (x ◇ (z ◇ (z ◇ z))))
  EQUIVALENT  x = ((((z ◇ w) ◇ y) ◇ z) ◇ (x ◇ (z ◇ (z ◇ z))))
              x = ((((w ◇ (x ◇ z)) ◇ y) ◇ z) ◇ (x ◇ (z ◇ (z ◇ z))))
  EQUIVALENT  x = ((((z ◇ w) ◇ y) ◇ z) ◇ (x ◇ (z ◇ (z ◇ z))))
              x = (((y ◇ w) ◇ z) ◇ (x ◇ (z ◇ (z ◇ z))))
  EQUIVALENT  x = ((((z ◇ w) ◇ y) ◇ z) ◇ (x ◇ (z ◇ (z ◇ z))))
              x =  (y ◇ z) ◇ (x ◇ (z ◇ (z ◇ z)))
  EQUIVALENT  x = ((((z ◇ w) ◇ y) ◇ z) ◇ (x ◇ (z ◇ (z ◇ z))))
              x = (((z ◇ (y ◇ w)) ◇ z) ◇ (x ◇ (z ◇ (z ◇ z))))
  EQUIVALENT  x = ((y ◇ (x ◇ x)) ◇ ((y ◇ ((z ◇ w) ◇ w)) ◇ y))
              x = ((y ◇ (x ◇ x)) ◇ ((y ◇ ((y ◇ w) ◇ z)) ◇ y))
  EQUIVALENT  x = ((y ◇ (x ◇ x)) ◇ ((y ◇ ((z ◇ w) ◇ w)) ◇ y))
              x = ((y ◇ (x ◇ x)) ◇ ((y ◇ (z ◇ (w ◇ x))) ◇ y))
  EQUIVALENT  x = ((y ◇ (x ◇ x)) ◇ ((y ◇ ((z ◇ w) ◇ w)) ◇ y))
              x = ((y ◇ (x ◇ x)) ◇ ((y ◇ (z ◇ (w ◇ y))) ◇ y))
  EQUIVALENT  x = ((y ◇ (x ◇ x)) ◇ ((y ◇ ((z ◇ w) ◇ w)) ◇ y))
              x = ((y ◇ (x ◇ x)) ◇ ((y ◇ ((z ◇ z) ◇ w)) ◇ y))
  EQUIVALENT  x = ((y ◇ (x ◇ x)) ◇ ((y ◇ ((z ◇ w) ◇ w)) ◇ y))
              x = ((y ◇ (x ◇ x)) ◇ ((y ◇ (z ◇ w)) ◇ y))
  EQUIVALENT  x = ((y ◇ (x ◇ x)) ◇ ((y ◇ ((z ◇ w) ◇ w)) ◇ y))
              x = ((y ◇ (x ◇ x)) ◇ ((y ◇ ((x ◇ z) ◇ w)) ◇ y))
  EQUIVALENT  x = ((y ◇ (x ◇ x)) ◇ ((y ◇ ((y ◇ w) ◇ z)) ◇ y))
              x = ((y ◇ (x ◇ x)) ◇ ((y ◇ (z ◇ (w ◇ x))) ◇ y))
  EQUIVALENT  x = ((y ◇ (x ◇ x)) ◇ ((y ◇ ((y ◇ w) ◇ z)) ◇ y))
              x = ((y ◇ (x ◇ x)) ◇ ((y ◇ (z ◇ (w ◇ y))) ◇ y))
  EQUIVALENT  x = ((y ◇ (x ◇ x)) ◇ ((y ◇ ((y ◇ w) ◇ z)) ◇ y))
              x = ((y ◇ (x ◇ x)) ◇ ((y ◇ ((z ◇ z) ◇ w)) ◇ y))
  EQUIVALENT  x = ((y ◇ (x ◇ x)) ◇ ((y ◇ ((y ◇ w) ◇ z)) ◇ y))
              x = ((y ◇ (x ◇ x)) ◇ ((y ◇ (z ◇ w)) ◇ y))
  EQUIVALENT  x = ((y ◇ (x ◇ x)) ◇ ((y ◇ ((y ◇ w) ◇ z)) ◇ y))
              x = ((y ◇ (x ◇ x)) ◇ ((y ◇ ((x ◇ z) ◇ w)) ◇ y))
  EQUIVALENT  x = (y ◇ (x ◇ (y ◇ (y ◇ ((x ◇ (y ◇ z)) ◇ (y ◇ y))))))
              x = (y ◇ (x ◇ (y ◇ (y ◇ ((x ◇ z) ◇ (y ◇ y))))))
  EQUIVALENT  x = (y ◇ (x ◇ ((y ◇ ((y ◇ z) ◇ (x ◇ x))) ◇ y)))
              x = (y ◇ (x ◇ ((y ◇ ((x ◇ z) ◇ (x ◇ x))) ◇ y)))
  EQUIVALENT  x = ((y ◇ (x ◇ x)) ◇ ((y ◇ (z ◇ (w ◇ x))) ◇ y))
              x = ((y ◇ (x ◇ x)) ◇ ((y ◇ (z ◇ (w ◇ y))) ◇ y))
  EQUIVALENT  x = ((y ◇ (x ◇ x)) ◇ ((y ◇ (z ◇ (w ◇ x))) ◇ y))
              x = ((y ◇ (x ◇ x)) ◇ ((y ◇ ((z ◇ z) ◇ w)) ◇ y))
  EQUIVALENT  x = ((y ◇ (x ◇ x)) ◇ ((y ◇ (z ◇ (w ◇ x))) ◇ y))
              x = ((y ◇ (x ◇ x)) ◇ ((y ◇ (z ◇ w)) ◇ y))
  EQUIVALENT  x = ((y ◇ (x ◇ x)) ◇ ((y ◇ (z ◇ (w ◇ x))) ◇ y))
              x = ((y ◇ (x ◇ x)) ◇ ((y ◇ ((x ◇ z) ◇ w)) ◇ y))
  EQUIVALENT  x = ((y ◇ z) ◇ (x ◇ (z ◇ (z ◇ (z ◇ z)))))
              x = (((z ◇ y) ◇ z) ◇ (x ◇ (z ◇ (z ◇ (z ◇ z)))))
  EQUIVALENT  x = ((y ◇ (x ◇ x)) ◇ ((y ◇ (z ◇ (w ◇ y))) ◇ y))
              x = ((y ◇ (x ◇ x)) ◇ ((y ◇ ((z ◇ z) ◇ w)) ◇ y))
  EQUIVALENT  x = ((y ◇ (x ◇ x)) ◇ ((y ◇ (z ◇ (w ◇ y))) ◇ y))
              x = ((y ◇ (x ◇ x)) ◇ ((y ◇ (z ◇ w)) ◇ y))
  EQUIVALENT  x = ((y ◇ (x ◇ x)) ◇ ((y ◇ (z ◇ (w ◇ y))) ◇ y))
              x = ((y ◇ (x ◇ x)) ◇ ((y ◇ ((x ◇ z) ◇ w)) ◇ y))
  EQUIVALENT  x = (y ◇ ((x ◇ ((((z ◇ w) ◇ (y ◇ y)) ◇ y) ◇ y)) ◇ y))
              x = (y ◇ ((x ◇ (((z ◇ (y ◇ y)) ◇ y) ◇ y)) ◇ y))
  EQUIVALENT  x = (y ◇ ((x ◇ ((z ◇ (y ◇ y)) ◇ y)) ◇ y))
              x = (y ◇ ((x ◇ (((x ◇ z) ◇ (y ◇ y)) ◇ y)) ◇ y))
  EQUIVALENT  x = ((y ◇ (x ◇ x)) ◇ ((y ◇ ((z ◇ z) ◇ w)) ◇ y))
              x = ((y ◇ (x ◇ x)) ◇ ((y ◇ (z ◇ w)) ◇ y))
  EQUIVALENT  x = ((y ◇ (x ◇ x)) ◇ ((y ◇ ((z ◇ z) ◇ w)) ◇ y))
              x = ((y ◇ (x ◇ x)) ◇ ((y ◇ ((x ◇ z) ◇ w)) ◇ y))
  EQUIVALENT  x = (y ◇ (x ◇ (y ◇ (((x ◇ z) ◇ (x ◇ x)) ◇ y))))
              x = (y ◇ (x ◇ (y ◇ (((z ◇ (z ◇ w)) ◇ (x ◇ x)) ◇ y))))
  EQUIVALENT  x = (y ◇ (x ◇ (y ◇ (((x ◇ z) ◇ (x ◇ x)) ◇ y))))
              x = (y ◇ (x ◇ (y ◇ ((((w ◇ y) ◇ z) ◇ (x ◇ x)) ◇ y))))
  EQUIVALENT  x = (y ◇ (x ◇ (y ◇ (((x ◇ z) ◇ (x ◇ x)) ◇ y))))
              x = (y ◇ (x ◇ (y ◇ ((((y ◇ y) ◇ z) ◇ (x ◇ x)) ◇ y))))
  EQUIVALENT  x = ((y ◇ (x ◇ x)) ◇ ((y ◇ (z ◇ w)) ◇ y))
              x = ((y ◇ (x ◇ x)) ◇ ((y ◇ ((x ◇ z) ◇ w)) ◇ y))
  EQUIVALENT  x = ((((w ◇ (w ◇ z)) ◇ y) ◇ z) ◇ (x ◇ (z ◇ (z ◇ z))))
              x = ((((w ◇ (x ◇ z)) ◇ y) ◇ z) ◇ (x ◇ (z ◇ (z ◇ z))))
  EQUIVALENT  x = ((((w ◇ (w ◇ z)) ◇ y) ◇ z) ◇ (x ◇ (z ◇ (z ◇ z))))
              x = (((y ◇ w) ◇ z) ◇ (x ◇ (z ◇ (z ◇ z))))
  EQUIVALENT  x = ((((w ◇ (w ◇ z)) ◇ y) ◇ z) ◇ (x ◇ (z ◇ (z ◇ z))))
              x =  (y ◇ z) ◇ (x ◇ (z ◇ (z ◇ z)))
  EQUIVALENT  x = ((((w ◇ (w ◇ z)) ◇ y) ◇ z) ◇ (x ◇ (z ◇ (z ◇ z))))
              x = (((z ◇ (y ◇ w)) ◇ z) ◇ (x ◇ (z ◇ (z ◇ z))))
  EQUIVALENT  x = (y ◇ (x ◇ (y ◇ (((z ◇ (z ◇ w)) ◇ (x ◇ x)) ◇ y))))
              x = (y ◇ (x ◇ (y ◇ ((((w ◇ y) ◇ z) ◇ (x ◇ x)) ◇ y))))
  EQUIVALENT  x = (y ◇ (x ◇ (y ◇ (((z ◇ (z ◇ w)) ◇ (x ◇ x)) ◇ y))))
              x = (y ◇ (x ◇ (y ◇ ((((y ◇ y) ◇ z) ◇ (x ◇ x)) ◇ y))))
  EQUIVALENT  x = ((((w ◇ (x ◇ z)) ◇ y) ◇ z) ◇ (x ◇ (z ◇ (z ◇ z))))
              x = (((y ◇ w) ◇ z) ◇ (x ◇ (z ◇ (z ◇ z))))
  EQUIVALENT  x = ((((w ◇ (x ◇ z)) ◇ y) ◇ z) ◇ (x ◇ (z ◇ (z ◇ z))))
              x =  (y ◇ z) ◇ (x ◇ (z ◇ (z ◇ z)))
  EQUIVALENT  x = ((((w ◇ (x ◇ z)) ◇ y) ◇ z) ◇ (x ◇ (z ◇ (z ◇ z))))
              x = (((z ◇ (y ◇ w)) ◇ z) ◇ (x ◇ (z ◇ (z ◇ z))))
  EQUIVALENT  x = (y ◇ (x ◇ (y ◇ ((((w ◇ y) ◇ z) ◇ (x ◇ x)) ◇ y))))
              x = (y ◇ (x ◇ (y ◇ ((((y ◇ y) ◇ z) ◇ (x ◇ x)) ◇ y))))
  EQUIVALENT  x = (((y ◇ w) ◇ z) ◇ (x ◇ (z ◇ (z ◇ z))))
              x =  (y ◇ z) ◇ (x ◇ (z ◇ (z ◇ z)))
  EQUIVALENT  x = (((y ◇ w) ◇ z) ◇ (x ◇ (z ◇ (z ◇ z))))
              x = (((z ◇ (y ◇ w)) ◇ z) ◇ (x ◇ (z ◇ (z ◇ z))))
  EQUIVALENT  x =  (y ◇ z) ◇ (x ◇ (z ◇ (z ◇ z)))
              x = (((z ◇ (y ◇ w)) ◇ z) ◇ (x ◇ (z ◇ (z ◇ z))))
2026-07-10 00:35:32 — STAGE lean_model
2026-07-10 00:36:08 — OrderedModel.lean does not elaborate yet — see paper/results/lean_model.log
2026-07-10 00:36:08 —   (expected: this file has never been compiled)
2026-07-10 00:36:08 — STAGE done
2026-07-10 00:36:08 — ALL DONE. gates: answer_spec=ok
2026-07-10 00:36:08 —   curve: paper/results/retry_curve.json | baseline: paper/results/baseline_v1.jsonl | classes: paper/results/classes.json
2026-07-10 01:07:27 — run_all starting. shards=32 budgets=30,60,120,300,600 heartbeat=3600s
2026-07-10 01:07:27 — provers: vampire=paper/bin/vampire eprover=/u/jrg4wx/bin/eprover twee=/u/jrg4wx/bin/twee lean=1
2026-07-10 01:07:27 — STAGE twee_strings
2026-07-10 01:07:27 — twee output saved to paper/results/twee_4916.out — READ IT BY EYE
2026-07-10 01:07:27 — GATE 2 FAILED: none of the expected strings appear. Fix _verdict before
2026-07-10 01:07:27 —   trusting the twee column. Continuing WITHOUT twee.
2026-07-10 01:07:27 — SKIPPING baseline: E and/or Twee missing, so the hard tier it produces
2026-07-10 01:07:27 —   cannot be published. Install them (see RUNBOOK §1), or re-run with
2026-07-10 01:07:27 —   ALLOW_PROVISIONAL=1 to get a Vampire-only curve anyway.
2026-07-10 01:07:27 — STAGE lean_model
2026-07-10 01:07:32 — OrderedModel.lean does not elaborate yet — see paper/results/lean_model.log
2026-07-10 01:07:32 —   (expected: this file has never been compiled)
2026-07-10 01:07:32 — STAGE done
2026-07-10 01:07:32 — ALL DONE. gates: answer_spec=ok
2026-07-10 01:07:32 —   curve: paper/results/retry_curve.json | baseline: paper/results/baseline_v1.jsonl | classes: paper/results/classes.json
2026-07-10 01:45:55 — run_all starting. shards=32 budgets=120 heartbeat=3600s
2026-07-10 01:45:55 — provers: vampire=paper/bin/vampire eprover=/u/jrg4wx/bin/eprover twee=/u/jrg4wx/bin/twee lean=1
2026-07-10 01:45:55 — STAGE twee_strings
2026-07-10 01:45:56 — twee output saved to paper/results/twee_4916.out — READ IT BY EYE
2026-07-10 01:45:56 — twee prose recognised (no SZS line; consider --tstp)
2026-07-10 01:45:56 — STAGE baseline
2026-07-10 01:45:56 — baseline: sampling 300 laws (the curve is a rate, not a census)
2026-07-10 02:08:39 — run_all starting. shards=32 budgets=30,60,120,300,600 heartbeat=3600s
2026-07-10 02:08:39 — provers: vampire=paper/bin/vampire eprover=/u/jrg4wx/bin/eprover twee=/u/jrg4wx/bin/twee lean=1
2026-07-10 02:08:39 — portfolio signature: d4ee2fb7
2026-07-10 02:08:39 — STAGE equiv_sample
262 laws, status=AUSTIN_PROVEN
262 saturations (0 timed out)
separated prover-free: 33936   step-capped: 0   to prover: 255

laws 262  ->  classes <= 195   (UPPER BOUND at 30s/direction)
non-singleton classes: 25
  EQUIVALENT  x = ((((y ◇ y) ◇ z) ◇ (y ◇ ((y ◇ y) ◇ x))) ◇ y)
              x = ((((y ◇ y) ◇ (z ◇ w)) ◇ (y ◇ ((y ◇ y) ◇ x))) ◇ y)
  EQUIVALENT  x = ((y ◇ (x ◇ x)) ◇ (((y ◇ y) ◇ (z ◇ w)) ◇ y))
              x = ((y ◇ (x ◇ x)) ◇ (((y ◇ y) ◇ z) ◇ y))
  EQUIVALENT  x =  (((y ◇ y) ◇ y) ◇ x) ◇ (y ◇ z)
              x = ((((y ◇ y) ◇ y) ◇ x) ◇ (y ◇ (z ◇ w)))
  EQUIVALENT  x =  (((y ◇ y) ◇ y) ◇ x) ◇ (y ◇ z)
              x = ((((y ◇ y) ◇ y) ◇ x) ◇ (y ◇ (z ◇ y)))
  EQUIVALENT  x = ((y ◇ (x ◇ x)) ◇ ((y ◇ (z ◇ (y ◇ w))) ◇ y))
              x = ((y ◇ (x ◇ x)) ◇ ((y ◇ (z ◇ (x ◇ w))) ◇ y))
  EQUIVALENT  x = ((y ◇ (x ◇ x)) ◇ ((y ◇ (z ◇ (y ◇ w))) ◇ y))
              x = ((y ◇ (x ◇ x)) ◇ ((y ◇ ((x ◇ z) ◇ (w ◇ x))) ◇ y))
  EQUIVALENT  x = ((y ◇ (x ◇ x)) ◇ ((y ◇ (z ◇ (y ◇ w))) ◇ y))
              x =  (y ◇ (x ◇ x)) ◇ ((y ◇ z) ◇ y)
  EQUIVALENT  x = ((y ◇ (x ◇ x)) ◇ ((y ◇ (z ◇ (y ◇ w))) ◇ y))
              x = ((y ◇ (x ◇ x)) ◇ ((y ◇ (((y ◇ x) ◇ z) ◇ w)) ◇ y))
  EQUIVALENT  x = ((y ◇ (x ◇ x)) ◇ ((y ◇ (z ◇ (y ◇ w))) ◇ y))
              x = ((y ◇ (x ◇ x)) ◇ ((y ◇ ((w ◇ z) ◇ (x ◇ w))) ◇ y))
  EQUIVALENT  x = ((y ◇ (x ◇ x)) ◇ ((y ◇ (z ◇ (y ◇ w))) ◇ y))
              x = ((y ◇ (x ◇ x)) ◇ ((y ◇ (((x ◇ y) ◇ z) ◇ w)) ◇ y))
  EQUIVALENT  x = ((y ◇ (x ◇ x)) ◇ ((y ◇ (z ◇ (y ◇ w))) ◇ y))
              x = ((y ◇ (x ◇ x)) ◇ ((y ◇ ((z ◇ w) ◇ w)) ◇ y))
  EQUIVALENT  x = ((y ◇ (x ◇ x)) ◇ ((y ◇ (z ◇ (y ◇ w))) ◇ y))
              x = ((y ◇ (x ◇ x)) ◇ ((y ◇ ((y ◇ w) ◇ z)) ◇ y))
  EQUIVALENT  x = ((y ◇ (x ◇ x)) ◇ ((y ◇ (z ◇ (y ◇ w))) ◇ y))
              x = ((y ◇ (x ◇ x)) ◇ ((y ◇ (z ◇ (w ◇ x))) ◇ y))
  EQUIVALENT  x = ((y ◇ (x ◇ x)) ◇ ((y ◇ (z ◇ (y ◇ w))) ◇ y))
              x = ((y ◇ (x ◇ x)) ◇ ((y ◇ (z ◇ (w ◇ y))) ◇ y))
  EQUIVALENT  x = ((y ◇ (x ◇ x)) ◇ ((y ◇ (z ◇ (y ◇ w))) ◇ y))
              x = ((y ◇ (x ◇ x)) ◇ ((y ◇ ((z ◇ z) ◇ w)) ◇ y))
  EQUIVALENT  x = ((y ◇ (x ◇ x)) ◇ ((y ◇ (z ◇ (y ◇ w))) ◇ y))
              x = ((y ◇ (x ◇ x)) ◇ ((y ◇ (z ◇ w)) ◇ y))
  EQUIVALENT  x = ((y ◇ (x ◇ x)) ◇ ((y ◇ (z ◇ (y ◇ w))) ◇ y))
              x = ((y ◇ (x ◇ x)) ◇ ((y ◇ ((x ◇ z) ◇ w)) ◇ y))
  EQUIVALENT  x = ((y ◇ (x ◇ x)) ◇ ((y ◇ (z ◇ (y ◇ w))) ◇ y))
              x = ((y ◇ (x ◇ x)) ◇ ((y ◇ (((x ◇ x) ◇ z) ◇ w)) ◇ y))
  EQUIVALENT  x = ((y ◇ (x ◇ x)) ◇ ((y ◇ (z ◇ (y ◇ w))) ◇ y))
              x = ((y ◇ (x ◇ x)) ◇ ((y ◇ (((x ◇ z) ◇ z) ◇ w)) ◇ y))
  EQUIVALENT  x = (((z ◇ (z ◇ y)) ◇ z) ◇ (x ◇ (z ◇ (z ◇ z))))
              x = (((((w ◇ w) ◇ z) ◇ y) ◇ z) ◇ (x ◇ (z ◇ (z ◇ z))))
  EQUIVALENT  x = (((z ◇ (z ◇ y)) ◇ z) ◇ (x ◇ (z ◇ (z ◇ z))))
              x = ((((w ◇ (z ◇ x)) ◇ y) ◇ z) ◇ (x ◇ (z ◇ (z ◇ z))))
  EQUIVALENT  x = (((z ◇ (z ◇ y)) ◇ z) ◇ (x ◇ (z ◇ (z ◇ z))))
              x = (((z ◇ y) ◇ z) ◇ (x ◇ (z ◇ (z ◇ z))))
  EQUIVALENT  x = (((z ◇ (z ◇ y)) ◇ z) ◇ (x ◇ (z ◇ (z ◇ z))))
              x = ((((z ◇ w) ◇ y) ◇ z) ◇ (x ◇ (z ◇ (z ◇ z))))
  EQUIVALENT  x = (((z ◇ (z ◇ y)) ◇ z) ◇ (x ◇ (z ◇ (z ◇ z))))
              x = ((((w ◇ (w ◇ z)) ◇ y) ◇ z) ◇ (x ◇ (z ◇ (z ◇ z))))
  EQUIVALENT  x = (((z ◇ (z ◇ y)) ◇ z) ◇ (x ◇ (z ◇ (z ◇ z))))
              x = ((((w ◇ (x ◇ z)) ◇ y) ◇ z) ◇ (x ◇ (z ◇ (z ◇ z))))
  EQUIVALENT  x = (((z ◇ (z ◇ y)) ◇ z) ◇ (x ◇ (z ◇ (z ◇ z))))
              x = (((y ◇ w) ◇ z) ◇ (x ◇ (z ◇ (z ◇ z))))
  EQUIVALENT  x = (((z ◇ (z ◇ y)) ◇ z) ◇ (x ◇ (z ◇ (z ◇ z))))
              x =  (y ◇ z) ◇ (x ◇ (z ◇ (z ◇ z)))
  EQUIVALENT  x = (((z ◇ (z ◇ y)) ◇ z) ◇ (x ◇ (z ◇ (z ◇ z))))
              x = (((z ◇ (y ◇ w)) ◇ z) ◇ (x ◇ (z ◇ (z ◇ z))))
  EQUIVALENT  x = (((z ◇ (z ◇ y)) ◇ z) ◇ (x ◇ (z ◇ (z ◇ z))))
              x = (((((z ◇ w) ◇ z) ◇ y) ◇ z) ◇ (x ◇ (z ◇ (z ◇ z))))
  EQUIVALENT  x = (((((w ◇ w) ◇ z) ◇ y) ◇ z) ◇ (x ◇ (z ◇ (z ◇ z))))
              x = ((((w ◇ z) ◇ y) ◇ z) ◇ (x ◇ (z ◇ (z ◇ z))))
  EQUIVALENT  x = (((((w ◇ w) ◇ z) ◇ y) ◇ z) ◇ (x ◇ (z ◇ (z ◇ z))))
              x = ((((w ◇ (z ◇ x)) ◇ y) ◇ z) ◇ (x ◇ (z ◇ (z ◇ z))))
  EQUIVALENT  x = (((((w ◇ w) ◇ z) ◇ y) ◇ z) ◇ (x ◇ (z ◇ (z ◇ z))))
              x = (((z ◇ y) ◇ z) ◇ (x ◇ (z ◇ (z ◇ z))))
  EQUIVALENT  x = (((((w ◇ w) ◇ z) ◇ y) ◇ z) ◇ (x ◇ (z ◇ (z ◇ z))))
              x = ((((z ◇ w) ◇ y) ◇ z) ◇ (x ◇ (z ◇ (z ◇ z))))
  EQUIVALENT  x = (((((w ◇ w) ◇ z) ◇ y) ◇ z) ◇ (x ◇ (z ◇ (z ◇ z))))
              x = ((((w ◇ (w ◇ z)) ◇ y) ◇ z) ◇ (x ◇ (z ◇ (z ◇ z))))
  EQUIVALENT  x = (((((w ◇ w) ◇ z) ◇ y) ◇ z) ◇ (x ◇ (z ◇ (z ◇ z))))
              x = ((((w ◇ (x ◇ z)) ◇ y) ◇ z) ◇ (x ◇ (z ◇ (z ◇ z))))
  EQUIVALENT  x = (((((w ◇ w) ◇ z) ◇ y) ◇ z) ◇ (x ◇ (z ◇ (z ◇ z))))
              x = (((y ◇ w) ◇ z) ◇ (x ◇ (z ◇ (z ◇ z))))
  EQUIVALENT  x = (((((w ◇ w) ◇ z) ◇ y) ◇ z) ◇ (x ◇ (z ◇ (z ◇ z))))
              x =  (y ◇ z) ◇ (x ◇ (z ◇ (z ◇ z)))
  EQUIVALENT  x = (((((w ◇ w) ◇ z) ◇ y) ◇ z) ◇ (x ◇ (z ◇ (z ◇ z))))
              x = (((z ◇ (y ◇ w)) ◇ z) ◇ (x ◇ (z ◇ (z ◇ z))))
  EQUIVALENT  x = (((((w ◇ w) ◇ z) ◇ y) ◇ z) ◇ (x ◇ (z ◇ (z ◇ z))))
              x = (((((z ◇ w) ◇ z) ◇ y) ◇ z) ◇ (x ◇ (z ◇ (z ◇ z))))
  EQUIVALENT  x = (y ◇ (x ◇ (y ◇ ((((y ◇ w) ◇ z) ◇ (x ◇ x)) ◇ y))))
              x = (y ◇ (x ◇ (y ◇ (((y ◇ z) ◇ (x ◇ x)) ◇ y))))
  EQUIVALENT  x = (y ◇ (x ◇ (y ◇ ((((y ◇ w) ◇ z) ◇ (x ◇ x)) ◇ y))))
              x = (y ◇ (x ◇ (y ◇ ((z ◇ (x ◇ x)) ◇ y))))
  EQUIVALENT  x = (y ◇ (x ◇ (y ◇ ((((y ◇ w) ◇ z) ◇ (x ◇ x)) ◇ y))))
              x = (y ◇ (x ◇ (y ◇ ((((y ◇ x) ◇ z) ◇ (x ◇ x)) ◇ y))))
  EQUIVALENT  x = (y ◇ (x ◇ (y ◇ ((((y ◇ w) ◇ z) ◇ (x ◇ x)) ◇ y))))
              x = (y ◇ (x ◇ (y ◇ ((((x ◇ y) ◇ z) ◇ (x ◇ x)) ◇ y))))
  EQUIVALENT  x = (y ◇ (x ◇ (y ◇ ((((y ◇ w) ◇ z) ◇ (x ◇ x)) ◇ y))))
              x = (y ◇ (x ◇ (y ◇ (((x ◇ z) ◇ (x ◇ x)) ◇ y))))
  EQUIVALENT  x = (y ◇ (x ◇ (y ◇ ((((y ◇ w) ◇ z) ◇ (x ◇ x)) ◇ y))))
              x = (y ◇ (x ◇ (y ◇ (((z ◇ (z ◇ w)) ◇ (x ◇ x)) ◇ y))))
  EQUIVALENT  x = (y ◇ (x ◇ (y ◇ ((((y ◇ w) ◇ z) ◇ (x ◇ x)) ◇ y))))
              x = (y ◇ (x ◇ (y ◇ ((((w ◇ y) ◇ z) ◇ (x ◇ x)) ◇ y))))
  EQUIVALENT  x = (y ◇ (x ◇ (y ◇ ((((y ◇ w) ◇ z) ◇ (x ◇ x)) ◇ y))))
              x = (y ◇ (x ◇ (y ◇ ((((y ◇ y) ◇ z) ◇ (x ◇ x)) ◇ y))))
  EQUIVALENT  x = (y ◇ (x ◇ (y ◇ (((y ◇ z) ◇ (x ◇ x)) ◇ y))))
              x = (y ◇ (x ◇ (y ◇ ((z ◇ (x ◇ x)) ◇ y))))
  EQUIVALENT  x = (y ◇ (x ◇ (y ◇ (((y ◇ z) ◇ (x ◇ x)) ◇ y))))
              x = (y ◇ (x ◇ (y ◇ ((((y ◇ x) ◇ z) ◇ (x ◇ x)) ◇ y))))
  EQUIVALENT  x = (y ◇ (x ◇ (y ◇ (((y ◇ z) ◇ (x ◇ x)) ◇ y))))
              x = (y ◇ (x ◇ (y ◇ ((((x ◇ y) ◇ z) ◇ (x ◇ x)) ◇ y))))
  EQUIVALENT  x = (y ◇ (x ◇ (y ◇ (((y ◇ z) ◇ (x ◇ x)) ◇ y))))
              x = (y ◇ (x ◇ (y ◇ (((x ◇ z) ◇ (x ◇ x)) ◇ y))))
  EQUIVALENT  x = (y ◇ (x ◇ (y ◇ (((y ◇ z) ◇ (x ◇ x)) ◇ y))))
              x = (y ◇ (x ◇ (y ◇ (((z ◇ (z ◇ w)) ◇ (x ◇ x)) ◇ y))))
  EQUIVALENT  x = (y ◇ (x ◇ (y ◇ (((y ◇ z) ◇ (x ◇ x)) ◇ y))))
              x = (y ◇ (x ◇ (y ◇ ((((w ◇ y) ◇ z) ◇ (x ◇ x)) ◇ y))))
  EQUIVALENT  x = (y ◇ (x ◇ (y ◇ (((y ◇ z) ◇ (x ◇ x)) ◇ y))))
              x = (y ◇ (x ◇ (y ◇ ((((y ◇ y) ◇ z) ◇ (x ◇ x)) ◇ y))))
  EQUIVALENT  x = (((((y ◇ y) ◇ y) ◇ y) ◇ x) ◇ (y ◇ (z ◇ y)))
              x = (((((y ◇ y) ◇ y) ◇ y) ◇ x) ◇ (y ◇ ((w ◇ y) ◇ z)))
  EQUIVALENT  x = (((((y ◇ y) ◇ y) ◇ y) ◇ x) ◇ (y ◇ (z ◇ y)))
              x = (((((y ◇ y) ◇ y) ◇ y) ◇ x) ◇ (y ◇ z))
  EQUIVALENT  x = (y ◇ (((x ◇ x) ◇ y) ◇ ((x ◇ z) ◇ (y ◇ y))))
              x = (y ◇ (((x ◇ x) ◇ y) ◇ ((x ◇ (z ◇ w)) ◇ (y ◇ y))))
  EQUIVALENT  x = (y ◇ (x ◇ (y ◇ ((z ◇ (x ◇ x)) ◇ y))))
              x = (y ◇ (x ◇ (y ◇ ((((y ◇ x) ◇ z) ◇ (x ◇ x)) ◇ y))))
  EQUIVALENT  x = (y ◇ (x ◇ (y ◇ ((z ◇ (x ◇ x)) ◇ y))))
              x = (y ◇ (x ◇ (y ◇ ((((x ◇ y) ◇ z) ◇ (x ◇ x)) ◇ y))))
  EQUIVALENT  x = (y ◇ (x ◇ (y ◇ ((z ◇ (x ◇ x)) ◇ y))))
              x = (y ◇ (x ◇ (y ◇ (((x ◇ z) ◇ (x ◇ x)) ◇ y))))
  EQUIVALENT  x = (y ◇ (x ◇ (y ◇ ((z ◇ (x ◇ x)) ◇ y))))
              x = (y ◇ (x ◇ (y ◇ (((z ◇ (z ◇ w)) ◇ (x ◇ x)) ◇ y))))
  EQUIVALENT  x = (y ◇ (x ◇ (y ◇ ((z ◇ (x ◇ x)) ◇ y))))
              x = (y ◇ (x ◇ (y ◇ ((((w ◇ y) ◇ z) ◇ (x ◇ x)) ◇ y))))
  EQUIVALENT  x = (y ◇ (x ◇ (y ◇ ((z ◇ (x ◇ x)) ◇ y))))
              x = (y ◇ (x ◇ (y ◇ ((((y ◇ y) ◇ z) ◇ (x ◇ x)) ◇ y))))
  EQUIVALENT  x = (((((y ◇ y) ◇ y) ◇ y) ◇ x) ◇ (y ◇ ((w ◇ y) ◇ z)))
              x = (((((y ◇ y) ◇ y) ◇ y) ◇ x) ◇ (y ◇ z))
  EQUIVALENT  x = (y ◇ ((x ◇ (((x ◇ (y ◇ z)) ◇ (y ◇ y)) ◇ y)) ◇ y))
              x = (y ◇ ((x ◇ (((x ◇ (z ◇ w)) ◇ (y ◇ y)) ◇ y)) ◇ y))
  EQUIVALENT  x = (y ◇ ((x ◇ (((x ◇ (y ◇ z)) ◇ (y ◇ y)) ◇ y)) ◇ y))
              x = (y ◇ ((x ◇ (((x ◇ z) ◇ (y ◇ y)) ◇ y)) ◇ y))
  EQUIVALENT  x = ((((y ◇ y) ◇ y) ◇ x) ◇ (y ◇ (z ◇ w)))
              x = ((((y ◇ y) ◇ y) ◇ x) ◇ (y ◇ (z ◇ y)))
  EQUIVALENT  x = (y ◇ (x ◇ (y ◇ ((((y ◇ x) ◇ z) ◇ (x ◇ x)) ◇ y))))
              x = (y ◇ (x ◇ (y ◇ ((((x ◇ y) ◇ z) ◇ (x ◇ x)) ◇ y))))
  EQUIVALENT  x = (y ◇ (x ◇ (y ◇ ((((y ◇ x) ◇ z) ◇ (x ◇ x)) ◇ y))))
              x = (y ◇ (x ◇ (y ◇ (((x ◇ z) ◇ (x ◇ x)) ◇ y))))
  EQUIVALENT  x = (y ◇ (x ◇ (y ◇ ((((y ◇ x) ◇ z) ◇ (x ◇ x)) ◇ y))))
              x = (y ◇ (x ◇ (y ◇ (((z ◇ (z ◇ w)) ◇ (x ◇ x)) ◇ y))))
  EQUIVALENT  x = (y ◇ (x ◇ (y ◇ ((((y ◇ x) ◇ z) ◇ (x ◇ x)) ◇ y))))
              x = (y ◇ (x ◇ (y ◇ ((((w ◇ y) ◇ z) ◇ (x ◇ x)) ◇ y))))
  EQUIVALENT  x = (y ◇ (x ◇ (y ◇ ((((y ◇ x) ◇ z) ◇ (x ◇ x)) ◇ y))))
              x = (y ◇ (x ◇ (y ◇ ((((y ◇ y) ◇ z) ◇ (x ◇ x)) ◇ y))))
  EQUIVALENT  x = (y ◇ (y ◇ ((((y ◇ z) ◇ (y ◇ y)) ◇ (x ◇ x)) ◇ y)))
              x = (y ◇ (y ◇ ((((z ◇ w) ◇ (y ◇ y)) ◇ (x ◇ x)) ◇ y)))
  EQUIVALENT  x = (y ◇ (y ◇ ((((y ◇ z) ◇ (y ◇ y)) ◇ (x ◇ x)) ◇ y)))
              x = (y ◇ (y ◇ (((z ◇ (y ◇ y)) ◇ (x ◇ x)) ◇ y)))
  EQUIVALENT  x = (y ◇ (y ◇ ((((y ◇ z) ◇ (y ◇ y)) ◇ (x ◇ x)) ◇ y)))
              x = (y ◇ (y ◇ ((((x ◇ z) ◇ (y ◇ y)) ◇ (x ◇ x)) ◇ y)))
  EQUIVALENT  x = (y ◇ (y ◇ ((((z ◇ w) ◇ (y ◇ y)) ◇ (x ◇ x)) ◇ y)))
              x = (y ◇ (y ◇ (((z ◇ (y ◇ y)) ◇ (x ◇ x)) ◇ y)))
  EQUIVALENT  x = (y ◇ (y ◇ ((((z ◇ w) ◇ (y ◇ y)) ◇ (x ◇ x)) ◇ y)))
              x = (y ◇ (y ◇ ((((x ◇ z) ◇ (y ◇ y)) ◇ (x ◇ x)) ◇ y)))
  EQUIVALENT  x = (y ◇ (y ◇ ((x ◇ ((z ◇ (x ◇ x)) ◇ x)) ◇ y)))
              x = (y ◇ (y ◇ ((x ◇ (((z ◇ w) ◇ (x ◇ x)) ◇ x)) ◇ y)))
  EQUIVALENT  x = ((y ◇ (x ◇ x)) ◇ ((y ◇ (z ◇ (x ◇ w))) ◇ y))
              x = ((y ◇ (x ◇ x)) ◇ ((y ◇ ((x ◇ z) ◇ (w ◇ x))) ◇ y))
  EQUIVALENT  x = ((y ◇ (x ◇ x)) ◇ ((y ◇ (z ◇ (x ◇ w))) ◇ y))
              x =  (y ◇ (x ◇ x)) ◇ ((y ◇ z) ◇ y)
  EQUIVALENT  x = ((y ◇ (x ◇ x)) ◇ ((y ◇ (z ◇ (x ◇ w))) ◇ y))
              x = ((y ◇ (x ◇ x)) ◇ ((y ◇ (((y ◇ x) ◇ z) ◇ w)) ◇ y))
  EQUIVALENT  x = ((y ◇ (x ◇ x)) ◇ ((y ◇ (z ◇ (x ◇ w))) ◇ y))
              x = ((y ◇ (x ◇ x)) ◇ ((y ◇ ((w ◇ z) ◇ (x ◇ w))) ◇ y))
  EQUIVALENT  x = ((y ◇ (x ◇ x)) ◇ ((y ◇ (z ◇ (x ◇ w))) ◇ y))
              x = ((y ◇ (x ◇ x)) ◇ ((y ◇ (((x ◇ y) ◇ z) ◇ w)) ◇ y))
  EQUIVALENT  x = ((y ◇ (x ◇ x)) ◇ ((y ◇ (z ◇ (x ◇ w))) ◇ y))
              x = ((y ◇ (x ◇ x)) ◇ ((y ◇ ((z ◇ w) ◇ w)) ◇ y))
  EQUIVALENT  x = ((y ◇ (x ◇ x)) ◇ ((y ◇ (z ◇ (x ◇ w))) ◇ y))
              x = ((y ◇ (x ◇ x)) ◇ ((y ◇ ((y ◇ w) ◇ z)) ◇ y))
  EQUIVALENT  x = ((y ◇ (x ◇ x)) ◇ ((y ◇ (z ◇ (x ◇ w))) ◇ y))
              x = ((y ◇ (x ◇ x)) ◇ ((y ◇ (z ◇ (w ◇ x))) ◇ y))
  EQUIVALENT  x = ((y ◇ (x ◇ x)) ◇ ((y ◇ (z ◇ (x ◇ w))) ◇ y))
              x = ((y ◇ (x ◇ x)) ◇ ((y ◇ (z ◇ (w ◇ y))) ◇ y))
  EQUIVALENT  x = ((y ◇ (x ◇ x)) ◇ ((y ◇ (z ◇ (x ◇ w))) ◇ y))
              x = ((y ◇ (x ◇ x)) ◇ ((y ◇ ((z ◇ z) ◇ w)) ◇ y))
  EQUIVALENT  x = ((y ◇ (x ◇ x)) ◇ ((y ◇ (z ◇ (x ◇ w))) ◇ y))
              x = ((y ◇ (x ◇ x)) ◇ ((y ◇ (z ◇ w)) ◇ y))
  EQUIVALENT  x = ((y ◇ (x ◇ x)) ◇ ((y ◇ (z ◇ (x ◇ w))) ◇ y))
              x = ((y ◇ (x ◇ x)) ◇ ((y ◇ ((x ◇ z) ◇ w)) ◇ y))
  EQUIVALENT  x = ((y ◇ (x ◇ x)) ◇ ((y ◇ (z ◇ (x ◇ w))) ◇ y))
              x = ((y ◇ (x ◇ x)) ◇ ((y ◇ (((x ◇ x) ◇ z) ◇ w)) ◇ y))
  EQUIVALENT  x = ((y ◇ (x ◇ x)) ◇ ((y ◇ (z ◇ (x ◇ w))) ◇ y))
              x = ((y ◇ (x ◇ x)) ◇ ((y ◇ (((x ◇ z) ◇ z) ◇ w)) ◇ y))
  EQUIVALENT  x = ((y ◇ (x ◇ (x ◇ x))) ◇ ((y ◇ (z ◇ (w ◇ y))) ◇ y))
              x = ((y ◇ (x ◇ (x ◇ x))) ◇ ((y ◇ z) ◇ y))
  EQUIVALENT  x = (y ◇ ((x ◇ ((((x ◇ x) ◇ z) ◇ (y ◇ y)) ◇ y)) ◇ y))
              x = (y ◇ ((x ◇ ((z ◇ (y ◇ y)) ◇ y)) ◇ y))
  EQUIVALENT  x = (y ◇ ((x ◇ ((((x ◇ x) ◇ z) ◇ (y ◇ y)) ◇ y)) ◇ y))
              x = (y ◇ ((x ◇ (((x ◇ z) ◇ (y ◇ y)) ◇ y)) ◇ y))
  EQUIVALENT  x = ((((y ◇ ((y ◇ y) ◇ (z ◇ x))) ◇ x) ◇ y) ◇ y)
              x = ((((y ◇ ((y ◇ y) ◇ z)) ◇ x) ◇ y) ◇ y)
  EQUIVALENT  x = ((((y ◇ ((y ◇ y) ◇ (z ◇ x))) ◇ x) ◇ y) ◇ y)
              x = ((((y ◇ ((y ◇ y) ◇ (z ◇ (x ◇ x)))) ◇ x) ◇ y) ◇ y)
  EQUIVALENT  x = ((y ◇ ((y ◇ (y ◇ ((y ◇ y) ◇ (z ◇ x)))) ◇ x)) ◇ y)
              x = ((y ◇ ((y ◇ (y ◇ ((y ◇ y) ◇ z))) ◇ x)) ◇ y)
  EQUIVALENT  x = ((y ◇ (x ◇ x)) ◇ ((y ◇ ((x ◇ z) ◇ (w ◇ x))) ◇ y))
              x =  (y ◇ (x ◇ x)) ◇ ((y ◇ z) ◇ y)
  EQUIVALENT  x = ((y ◇ (x ◇ x)) ◇ ((y ◇ ((x ◇ z) ◇ (w ◇ x))) ◇ y))
              x = ((y ◇ (x ◇ x)) ◇ ((y ◇ (((y ◇ x) ◇ z) ◇ w)) ◇ y))
  EQUIVALENT  x = ((y ◇ (x ◇ x)) ◇ ((y ◇ ((x ◇ z) ◇ (w ◇ x))) ◇ y))
              x = ((y ◇ (x ◇ x)) ◇ ((y ◇ ((w ◇ z) ◇ (x ◇ w))) ◇ y))
  EQUIVALENT  x = ((y ◇ (x ◇ x)) ◇ ((y ◇ ((x ◇ z) ◇ (w ◇ x))) ◇ y))
              x = ((y ◇ (x ◇ x)) ◇ ((y ◇ (((x ◇ y) ◇ z) ◇ w)) ◇ y))
  EQUIVALENT  x = ((y ◇ (x ◇ x)) ◇ ((y ◇ ((x ◇ z) ◇ (w ◇ x))) ◇ y))
              x = ((y ◇ (x ◇ x)) ◇ ((y ◇ ((z ◇ w) ◇ w)) ◇ y))
  EQUIVALENT  x = ((y ◇ (x ◇ x)) ◇ ((y ◇ ((x ◇ z) ◇ (w ◇ x))) ◇ y))
              x = ((y ◇ (x ◇ x)) ◇ ((y ◇ ((y ◇ w) ◇ z)) ◇ y))
  EQUIVALENT  x = ((y ◇ (x ◇ x)) ◇ ((y ◇ ((x ◇ z) ◇ (w ◇ x))) ◇ y))
              x = ((y ◇ (x ◇ x)) ◇ ((y ◇ (z ◇ (w ◇ x))) ◇ y))
  EQUIVALENT  x = ((y ◇ (x ◇ x)) ◇ ((y ◇ ((x ◇ z) ◇ (w ◇ x))) ◇ y))
              x = ((y ◇ (x ◇ x)) ◇ ((y ◇ (z ◇ (w ◇ y))) ◇ y))
  EQUIVALENT  x = ((y ◇ (x ◇ x)) ◇ ((y ◇ ((x ◇ z) ◇ (w ◇ x))) ◇ y))
              x = ((y ◇ (x ◇ x)) ◇ ((y ◇ ((z ◇ z) ◇ w)) ◇ y))
  EQUIVALENT  x = ((y ◇ (x ◇ x)) ◇ ((y ◇ ((x ◇ z) ◇ (w ◇ x))) ◇ y))
              x = ((y ◇ (x ◇ x)) ◇ ((y ◇ (z ◇ w)) ◇ y))
  EQUIVALENT  x = ((y ◇ (x ◇ x)) ◇ ((y ◇ ((x ◇ z) ◇ (w ◇ x))) ◇ y))
              x = ((y ◇ (x ◇ x)) ◇ ((y ◇ ((x ◇ z) ◇ w)) ◇ y))
  EQUIVALENT  x = ((y ◇ (x ◇ x)) ◇ ((y ◇ ((x ◇ z) ◇ (w ◇ x))) ◇ y))
              x = ((y ◇ (x ◇ x)) ◇ ((y ◇ (((x ◇ x) ◇ z) ◇ w)) ◇ y))
  EQUIVALENT  x = ((y ◇ (x ◇ x)) ◇ ((y ◇ ((x ◇ z) ◇ (w ◇ x))) ◇ y))
              x = ((y ◇ (x ◇ x)) ◇ ((y ◇ (((x ◇ z) ◇ z) ◇ w)) ◇ y))
  EQUIVALENT  x = (y ◇ (x ◇ ((y ◇ (((x ◇ x) ◇ z) ◇ (x ◇ x))) ◇ y)))
              x = (y ◇ (x ◇ ((y ◇ ((y ◇ z) ◇ (x ◇ x))) ◇ y)))
  EQUIVALENT  x = (y ◇ (x ◇ ((y ◇ (((x ◇ x) ◇ z) ◇ (x ◇ x))) ◇ y)))
              x = (y ◇ (x ◇ ((y ◇ ((x ◇ z) ◇ (x ◇ x))) ◇ y)))
  EQUIVALENT  x = ((((w ◇ z) ◇ y) ◇ z) ◇ (x ◇ (z ◇ (z ◇ z))))
              x = (((((z ◇ w) ◇ z) ◇ y) ◇ z) ◇ (x ◇ (z ◇ (z ◇ z))))
  EQUIVALENT  x = (y ◇ (y ◇ (((z ◇ (y ◇ y)) ◇ (x ◇ x)) ◇ y)))
              x = (y ◇ (y ◇ ((((x ◇ z) ◇ (y ◇ y)) ◇ (x ◇ x)) ◇ y)))
  EQUIVALENT  x =  (y ◇ (x ◇ x)) ◇ ((y ◇ z) ◇ y)
              x = ((y ◇ (x ◇ x)) ◇ ((y ◇ (((y ◇ x) ◇ z) ◇ w)) ◇ y))
  EQUIVALENT  x =  (y ◇ (x ◇ x)) ◇ ((y ◇ z) ◇ y)
              x = ((y ◇ (x ◇ x)) ◇ ((y ◇ ((w ◇ z) ◇ (x ◇ w))) ◇ y))
  EQUIVALENT  x =  (y ◇ (x ◇ x)) ◇ ((y ◇ z) ◇ y)
              x = ((y ◇ (x ◇ x)) ◇ ((y ◇ (((x ◇ y) ◇ z) ◇ w)) ◇ y))
  EQUIVALENT  x =  (y ◇ (x ◇ x)) ◇ ((y ◇ z) ◇ y)
              x = ((y ◇ (x ◇ x)) ◇ ((y ◇ ((z ◇ w) ◇ w)) ◇ y))
  EQUIVALENT  x =  (y ◇ (x ◇ x)) ◇ ((y ◇ z) ◇ y)
              x = ((y ◇ (x ◇ x)) ◇ ((y ◇ ((y ◇ w) ◇ z)) ◇ y))
  EQUIVALENT  x =  (y ◇ (x ◇ x)) ◇ ((y ◇ z) ◇ y)
              x = ((y ◇ (x ◇ x)) ◇ ((y ◇ (z ◇ (w ◇ x))) ◇ y))
  EQUIVALENT  x =  (y ◇ (x ◇ x)) ◇ ((y ◇ z) ◇ y)
              x = ((y ◇ (x ◇ x)) ◇ ((y ◇ (z ◇ (w ◇ y))) ◇ y))
  EQUIVALENT  x =  (y ◇ (x ◇ x)) ◇ ((y ◇ z) ◇ y)
              x = ((y ◇ (x ◇ x)) ◇ ((y ◇ ((z ◇ z) ◇ w)) ◇ y))
  EQUIVALENT  x =  (y ◇ (x ◇ x)) ◇ ((y ◇ z) ◇ y)
              x = ((y ◇ (x ◇ x)) ◇ ((y ◇ (z ◇ w)) ◇ y))
  EQUIVALENT  x =  (y ◇ (x ◇ x)) ◇ ((y ◇ z) ◇ y)
              x = ((y ◇ (x ◇ x)) ◇ ((y ◇ ((x ◇ z) ◇ w)) ◇ y))
  EQUIVALENT  x =  (y ◇ (x ◇ x)) ◇ ((y ◇ z) ◇ y)
              x = ((y ◇ (x ◇ x)) ◇ ((y ◇ (((x ◇ x) ◇ z) ◇ w)) ◇ y))
  EQUIVALENT  x =  (y ◇ (x ◇ x)) ◇ ((y ◇ z) ◇ y)
              x = ((y ◇ (x ◇ x)) ◇ ((y ◇ (((x ◇ z) ◇ z) ◇ w)) ◇ y))
  EQUIVALENT  x = ((((y ◇ y) ◇ ((z ◇ w) ◇ y)) ◇ (y ◇ (x ◇ x))) ◇ y)
              x = ((((y ◇ y) ◇ z) ◇ (y ◇ (x ◇ x))) ◇ y)
  EQUIVALENT  x = ((((y ◇ ((y ◇ y) ◇ z)) ◇ x) ◇ y) ◇ y)
              x = ((((y ◇ ((y ◇ y) ◇ (z ◇ (x ◇ x)))) ◇ x) ◇ y) ◇ y)
  EQUIVALENT  x = (((y ◇ (((x ◇ (x ◇ x)) ◇ (z ◇ x)) ◇ x)) ◇ y) ◇ y)
              x = (((y ◇ (((x ◇ (x ◇ x)) ◇ z) ◇ x)) ◇ y) ◇ y)
  EQUIVALENT  x = ((y ◇ (x ◇ x)) ◇ ((y ◇ (((y ◇ x) ◇ z) ◇ w)) ◇ y))
              x = ((y ◇ (x ◇ x)) ◇ ((y ◇ ((w ◇ z) ◇ (x ◇ w))) ◇ y))
  EQUIVALENT  x = ((y ◇ (x ◇ x)) ◇ ((y ◇ (((y ◇ x) ◇ z) ◇ w)) ◇ y))
              x = ((y ◇ (x ◇ x)) ◇ ((y ◇ (((x ◇ y) ◇ z) ◇ w)) ◇ y))
  EQUIVALENT  x = ((y ◇ (x ◇ x)) ◇ ((y ◇ (((y ◇ x) ◇ z) ◇ w)) ◇ y))
              x = ((y ◇ (x ◇ x)) ◇ ((y ◇ ((z ◇ w) ◇ w)) ◇ y))
  EQUIVALENT  x = ((y ◇ (x ◇ x)) ◇ ((y ◇ (((y ◇ x) ◇ z) ◇ w)) ◇ y))
              x = ((y ◇ (x ◇ x)) ◇ ((y ◇ ((y ◇ w) ◇ z)) ◇ y))
  EQUIVALENT  x = ((y ◇ (x ◇ x)) ◇ ((y ◇ (((y ◇ x) ◇ z) ◇ w)) ◇ y))
              x = ((y ◇ (x ◇ x)) ◇ ((y ◇ (z ◇ (w ◇ x))) ◇ y))
  EQUIVALENT  x = ((y ◇ (x ◇ x)) ◇ ((y ◇ (((y ◇ x) ◇ z) ◇ w)) ◇ y))
              x = ((y ◇ (x ◇ x)) ◇ ((y ◇ (z ◇ (w ◇ y))) ◇ y))
  EQUIVALENT  x = ((y ◇ (x ◇ x)) ◇ ((y ◇ (((y ◇ x) ◇ z) ◇ w)) ◇ y))
              x = ((y ◇ (x ◇ x)) ◇ ((y ◇ ((z ◇ z) ◇ w)) ◇ y))
  EQUIVALENT  x = ((y ◇ (x ◇ x)) ◇ ((y ◇ (((y ◇ x) ◇ z) ◇ w)) ◇ y))
              x = ((y ◇ (x ◇ x)) ◇ ((y ◇ (z ◇ w)) ◇ y))
  EQUIVALENT  x = ((y ◇ (x ◇ x)) ◇ ((y ◇ (((y ◇ x) ◇ z) ◇ w)) ◇ y))
              x = ((y ◇ (x ◇ x)) ◇ ((y ◇ ((x ◇ z) ◇ w)) ◇ y))
  EQUIVALENT  x = ((y ◇ (x ◇ x)) ◇ ((y ◇ (((y ◇ x) ◇ z) ◇ w)) ◇ y))
              x = ((y ◇ (x ◇ x)) ◇ ((y ◇ (((x ◇ x) ◇ z) ◇ w)) ◇ y))
  EQUIVALENT  x = ((y ◇ (x ◇ x)) ◇ ((y ◇ (((y ◇ x) ◇ z) ◇ w)) ◇ y))
              x = ((y ◇ (x ◇ x)) ◇ ((y ◇ (((x ◇ z) ◇ z) ◇ w)) ◇ y))
  EQUIVALENT  x = (((((y ◇ y) ◇ (z ◇ x)) ◇ y) ◇ (y ◇ (x ◇ x))) ◇ y)
              x = (((((y ◇ y) ◇ z) ◇ y) ◇ (y ◇ (x ◇ x))) ◇ y)
  EQUIVALENT  x = ((((w ◇ (z ◇ x)) ◇ y) ◇ z) ◇ (x ◇ (z ◇ (z ◇ z))))
              x = (((z ◇ y) ◇ z) ◇ (x ◇ (z ◇ (z ◇ z))))
  EQUIVALENT  x = ((((w ◇ (z ◇ x)) ◇ y) ◇ z) ◇ (x ◇ (z ◇ (z ◇ z))))
              x = ((((z ◇ w) ◇ y) ◇ z) ◇ (x ◇ (z ◇ (z ◇ z))))
  EQUIVALENT  x = ((((w ◇ (z ◇ x)) ◇ y) ◇ z) ◇ (x ◇ (z ◇ (z ◇ z))))
              x = ((((w ◇ (w ◇ z)) ◇ y) ◇ z) ◇ (x ◇ (z ◇ (z ◇ z))))
  EQUIVALENT  x = ((((w ◇ (z ◇ x)) ◇ y) ◇ z) ◇ (x ◇ (z ◇ (z ◇ z))))
              x = ((((w ◇ (x ◇ z)) ◇ y) ◇ z) ◇ (x ◇ (z ◇ (z ◇ z))))
  EQUIVALENT  x = ((((w ◇ (z ◇ x)) ◇ y) ◇ z) ◇ (x ◇ (z ◇ (z ◇ z))))
              x = (((y ◇ w) ◇ z) ◇ (x ◇ (z ◇ (z ◇ z))))
  EQUIVALENT  x = ((((w ◇ (z ◇ x)) ◇ y) ◇ z) ◇ (x ◇ (z ◇ (z ◇ z))))
              x =  (y ◇ z) ◇ (x ◇ (z ◇ (z ◇ z)))
  EQUIVALENT  x = ((((w ◇ (z ◇ x)) ◇ y) ◇ z) ◇ (x ◇ (z ◇ (z ◇ z))))
              x = (((z ◇ (y ◇ w)) ◇ z) ◇ (x ◇ (z ◇ (z ◇ z))))
  EQUIVALENT  x = ((((w ◇ (z ◇ x)) ◇ y) ◇ z) ◇ (x ◇ (z ◇ (z ◇ z))))
              x = (((((z ◇ w) ◇ z) ◇ y) ◇ z) ◇ (x ◇ (z ◇ (z ◇ z))))
  EQUIVALENT  x = ((y ◇ (x ◇ x)) ◇ ((y ◇ ((w ◇ z) ◇ (x ◇ w))) ◇ y))
              x = ((y ◇ (x ◇ x)) ◇ ((y ◇ (((x ◇ y) ◇ z) ◇ w)) ◇ y))
  EQUIVALENT  x = ((y ◇ (x ◇ x)) ◇ ((y ◇ ((w ◇ z) ◇ (x ◇ w))) ◇ y))
              x = ((y ◇ (x ◇ x)) ◇ ((y ◇ ((z ◇ w) ◇ w)) ◇ y))
  EQUIVALENT  x = ((y ◇ (x ◇ x)) ◇ ((y ◇ ((w ◇ z) ◇ (x ◇ w))) ◇ y))
              x = ((y ◇ (x ◇ x)) ◇ ((y ◇ ((y ◇ w) ◇ z)) ◇ y))
  EQUIVALENT  x = ((y ◇ (x ◇ x)) ◇ ((y ◇ ((w ◇ z) ◇ (x ◇ w))) ◇ y))
              x = ((y ◇ (x ◇ x)) ◇ ((y ◇ (z ◇ (w ◇ x))) ◇ y))
  EQUIVALENT  x = ((y ◇ (x ◇ x)) ◇ ((y ◇ ((w ◇ z) ◇ (x ◇ w))) ◇ y))
              x = ((y ◇ (x ◇ x)) ◇ ((y ◇ (z ◇ (w ◇ y))) ◇ y))
  EQUIVALENT  x = ((y ◇ (x ◇ x)) ◇ ((y ◇ ((w ◇ z) ◇ (x ◇ w))) ◇ y))
              x = ((y ◇ (x ◇ x)) ◇ ((y ◇ ((z ◇ z) ◇ w)) ◇ y))
  EQUIVALENT  x = ((y ◇ (x ◇ x)) ◇ ((y ◇ ((w ◇ z) ◇ (x ◇ w))) ◇ y))
              x = ((y ◇ (x ◇ x)) ◇ ((y ◇ (z ◇ w)) ◇ y))
  EQUIVALENT  x = ((y ◇ (x ◇ x)) ◇ ((y ◇ ((w ◇ z) ◇ (x ◇ w))) ◇ y))
              x = ((y ◇ (x ◇ x)) ◇ ((y ◇ ((x ◇ z) ◇ w)) ◇ y))
  EQUIVALENT  x = ((y ◇ (x ◇ x)) ◇ ((y ◇ ((w ◇ z) ◇ (x ◇ w))) ◇ y))
              x = ((y ◇ (x ◇ x)) ◇ ((y ◇ (((x ◇ x) ◇ z) ◇ w)) ◇ y))
  EQUIVALENT  x = ((y ◇ (x ◇ x)) ◇ ((y ◇ ((w ◇ z) ◇ (x ◇ w))) ◇ y))
              x = ((y ◇ (x ◇ x)) ◇ ((y ◇ (((x ◇ z) ◇ z) ◇ w)) ◇ y))
  EQUIVALENT  x = (((z ◇ y) ◇ z) ◇ (x ◇ (z ◇ (z ◇ z))))
              x = ((((z ◇ w) ◇ y) ◇ z) ◇ (x ◇ (z ◇ (z ◇ z))))
  EQUIVALENT  x = (((z ◇ y) ◇ z) ◇ (x ◇ (z ◇ (z ◇ z))))
              x = ((((w ◇ (w ◇ z)) ◇ y) ◇ z) ◇ (x ◇ (z ◇ (z ◇ z))))
  EQUIVALENT  x = (((z ◇ y) ◇ z) ◇ (x ◇ (z ◇ (z ◇ z))))
              x = ((((w ◇ (x ◇ z)) ◇ y) ◇ z) ◇ (x ◇ (z ◇ (z ◇ z))))
  EQUIVALENT  x = (((z ◇ y) ◇ z) ◇ (x ◇ (z ◇ (z ◇ z))))
              x = (((y ◇ w) ◇ z) ◇ (x ◇ (z ◇ (z ◇ z))))
  EQUIVALENT  x = (((z ◇ y) ◇ z) ◇ (x ◇ (z ◇ (z ◇ z))))
              x =  (y ◇ z) ◇ (x ◇ (z ◇ (z ◇ z)))
  EQUIVALENT  x = (((z ◇ y) ◇ z) ◇ (x ◇ (z ◇ (z ◇ z))))
              x = (((z ◇ (y ◇ w)) ◇ z) ◇ (x ◇ (z ◇ (z ◇ z))))
  EQUIVALENT  x = (((z ◇ y) ◇ z) ◇ (x ◇ (z ◇ (z ◇ z))))
              x = (((((z ◇ w) ◇ z) ◇ y) ◇ z) ◇ (x ◇ (z ◇ (z ◇ z))))
  EQUIVALENT  x = ((((((y ◇ y) ◇ (z ◇ w)) ◇ x) ◇ y) ◇ y) ◇ y)
              x = ((((((y ◇ y) ◇ (z ◇ x)) ◇ x) ◇ y) ◇ y) ◇ y)
  EQUIVALENT  x = ((((((y ◇ y) ◇ (z ◇ w)) ◇ x) ◇ y) ◇ y) ◇ y)
              x = ((((((y ◇ y) ◇ z) ◇ x) ◇ y) ◇ y) ◇ y)
  EQUIVALENT  x = (y ◇ (x ◇ (y ◇ ((((x ◇ y) ◇ z) ◇ (x ◇ x)) ◇ y))))
              x = (y ◇ (x ◇ (y ◇ (((x ◇ z) ◇ (x ◇ x)) ◇ y))))
  EQUIVALENT  x = (y ◇ (x ◇ (y ◇ ((((x ◇ y) ◇ z) ◇ (x ◇ x)) ◇ y))))
              x = (y ◇ (x ◇ (y ◇ (((z ◇ (z ◇ w)) ◇ (x ◇ x)) ◇ y))))
  EQUIVALENT  x = (y ◇ (x ◇ (y ◇ ((((x ◇ y) ◇ z) ◇ (x ◇ x)) ◇ y))))
              x = (y ◇ (x ◇ (y ◇ ((((w ◇ y) ◇ z) ◇ (x ◇ x)) ◇ y))))
  EQUIVALENT  x = (y ◇ (x ◇ (y ◇ ((((x ◇ y) ◇ z) ◇ (x ◇ x)) ◇ y))))
              x = (y ◇ (x ◇ (y ◇ ((((y ◇ y) ◇ z) ◇ (x ◇ x)) ◇ y))))
  EQUIVALENT  x = ((y ◇ (x ◇ x)) ◇ ((y ◇ (((x ◇ y) ◇ z) ◇ w)) ◇ y))
              x = ((y ◇ (x ◇ x)) ◇ ((y ◇ ((z ◇ w) ◇ w)) ◇ y))
  EQUIVALENT  x = ((y ◇ (x ◇ x)) ◇ ((y ◇ (((x ◇ y) ◇ z) ◇ w)) ◇ y))
              x = ((y ◇ (x ◇ x)) ◇ ((y ◇ ((y ◇ w) ◇ z)) ◇ y))
  EQUIVALENT  x = ((y ◇ (x ◇ x)) ◇ ((y ◇ (((x ◇ y) ◇ z) ◇ w)) ◇ y))
              x = ((y ◇ (x ◇ x)) ◇ ((y ◇ (z ◇ (w ◇ x))) ◇ y))
  EQUIVALENT  x = ((y ◇ (x ◇ x)) ◇ ((y ◇ (((x ◇ y) ◇ z) ◇ w)) ◇ y))
              x = ((y ◇ (x ◇ x)) ◇ ((y ◇ (z ◇ (w ◇ y))) ◇ y))
  EQUIVALENT  x = ((y ◇ (x ◇ x)) ◇ ((y ◇ (((x ◇ y) ◇ z) ◇ w)) ◇ y))
              x = ((y ◇ (x ◇ x)) ◇ ((y ◇ ((z ◇ z) ◇ w)) ◇ y))
  EQUIVALENT  x = ((y ◇ (x ◇ x)) ◇ ((y ◇ (((x ◇ y) ◇ z) ◇ w)) ◇ y))
              x = ((y ◇ (x ◇ x)) ◇ ((y ◇ (z ◇ w)) ◇ y))
  EQUIVALENT  x = ((y ◇ (x ◇ x)) ◇ ((y ◇ (((x ◇ y) ◇ z) ◇ w)) ◇ y))
              x = ((y ◇ (x ◇ x)) ◇ ((y ◇ ((x ◇ z) ◇ w)) ◇ y))
  EQUIVALENT  x = ((y ◇ (x ◇ x)) ◇ ((y ◇ (((x ◇ y) ◇ z) ◇ w)) ◇ y))
              x = ((y ◇ (x ◇ x)) ◇ ((y ◇ (((x ◇ x) ◇ z) ◇ w)) ◇ y))
  EQUIVALENT  x = ((y ◇ (x ◇ x)) ◇ ((y ◇ (((x ◇ y) ◇ z) ◇ w)) ◇ y))
              x = ((y ◇ (x ◇ x)) ◇ ((y ◇ (((x ◇ z) ◇ z) ◇ w)) ◇ y))
  EQUIVALENT  x = ((((y ◇ ((y ◇ y) ◇ (z ◇ (x ◇ w)))) ◇ x) ◇ y) ◇ y)
              x = ((((y ◇ ((y ◇ y) ◇ (z ◇ (x ◇ x)))) ◇ x) ◇ y) ◇ y)
  EQUIVALENT  x = ((((y ◇ ((x ◇ x) ◇ z)) ◇ (y ◇ y)) ◇ x) ◇ y)
              x = ((((y ◇ ((x ◇ x) ◇ (z ◇ x))) ◇ (y ◇ y)) ◇ x) ◇ y)
  EQUIVALENT  x = ((((((y ◇ y) ◇ (z ◇ x)) ◇ x) ◇ y) ◇ y) ◇ y)
              x = ((((((y ◇ y) ◇ z) ◇ x) ◇ y) ◇ y) ◇ y)
  EQUIVALENT  x =  (y ◇ (((z ◇ z) ◇ y) ◇ x)) ◇ y
              x = ((y ◇ ((((z ◇ x) ◇ (z ◇ x)) ◇ y) ◇ x)) ◇ y)
  EQUIVALENT  x = ((((z ◇ w) ◇ y) ◇ z) ◇ (x ◇ (z ◇ (z ◇ z))))
              x = ((((w ◇ (w ◇ z)) ◇ y) ◇ z) ◇ (x ◇ (z ◇ (z ◇ z))))
  EQUIVALENT  x = ((((z ◇ w) ◇ y) ◇ z) ◇ (x ◇ (z ◇ (z ◇ z))))
              x = ((((w ◇ (x ◇ z)) ◇ y) ◇ z) ◇ (x ◇ (z ◇ (z ◇ z))))
  EQUIVALENT  x = ((((z ◇ w) ◇ y) ◇ z) ◇ (x ◇ (z ◇ (z ◇ z))))
              x = (((y ◇ w) ◇ z) ◇ (x ◇ (z ◇ (z ◇ z))))
  EQUIVALENT  x = ((((z ◇ w) ◇ y) ◇ z) ◇ (x ◇ (z ◇ (z ◇ z))))
              x =  (y ◇ z) ◇ (x ◇ (z ◇ (z ◇ z)))
  EQUIVALENT  x = ((((z ◇ w) ◇ y) ◇ z) ◇ (x ◇ (z ◇ (z ◇ z))))
              x = (((z ◇ (y ◇ w)) ◇ z) ◇ (x ◇ (z ◇ (z ◇ z))))
  EQUIVALENT  x = ((((z ◇ w) ◇ y) ◇ z) ◇ (x ◇ (z ◇ (z ◇ z))))
              x = (((((z ◇ w) ◇ z) ◇ y) ◇ z) ◇ (x ◇ (z ◇ (z ◇ z))))
  EQUIVALENT  x = ((y ◇ (x ◇ x)) ◇ ((y ◇ ((z ◇ w) ◇ w)) ◇ y))
              x = ((y ◇ (x ◇ x)) ◇ ((y ◇ ((y ◇ w) ◇ z)) ◇ y))
  EQUIVALENT  x = ((y ◇ (x ◇ x)) ◇ ((y ◇ ((z ◇ w) ◇ w)) ◇ y))
              x = ((y ◇ (x ◇ x)) ◇ ((y ◇ (z ◇ (w ◇ x))) ◇ y))
  EQUIVALENT  x = ((y ◇ (x ◇ x)) ◇ ((y ◇ ((z ◇ w) ◇ w)) ◇ y))
              x = ((y ◇ (x ◇ x)) ◇ ((y ◇ (z ◇ (w ◇ y))) ◇ y))
  EQUIVALENT  x = ((y ◇ (x ◇ x)) ◇ ((y ◇ ((z ◇ w) ◇ w)) ◇ y))
              x = ((y ◇ (x ◇ x)) ◇ ((y ◇ ((z ◇ z) ◇ w)) ◇ y))
  EQUIVALENT  x = ((y ◇ (x ◇ x)) ◇ ((y ◇ ((z ◇ w) ◇ w)) ◇ y))
              x = ((y ◇ (x ◇ x)) ◇ ((y ◇ (z ◇ w)) ◇ y))
  EQUIVALENT  x = ((y ◇ (x ◇ x)) ◇ ((y ◇ ((z ◇ w) ◇ w)) ◇ y))
              x = ((y ◇ (x ◇ x)) ◇ ((y ◇ ((x ◇ z) ◇ w)) ◇ y))
  EQUIVALENT  x = ((y ◇ (x ◇ x)) ◇ ((y ◇ ((z ◇ w) ◇ w)) ◇ y))
              x = ((y ◇ (x ◇ x)) ◇ ((y ◇ (((x ◇ x) ◇ z) ◇ w)) ◇ y))
  EQUIVALENT  x = ((y ◇ (x ◇ x)) ◇ ((y ◇ ((z ◇ w) ◇ w)) ◇ y))
              x = ((y ◇ (x ◇ x)) ◇ ((y ◇ (((x ◇ z) ◇ z) ◇ w)) ◇ y))
  EQUIVALENT  x = ((y ◇ (x ◇ x)) ◇ ((y ◇ ((y ◇ w) ◇ z)) ◇ y))
              x = ((y ◇ (x ◇ x)) ◇ ((y ◇ (z ◇ (w ◇ x))) ◇ y))
  EQUIVALENT  x = ((y ◇ (x ◇ x)) ◇ ((y ◇ ((y ◇ w) ◇ z)) ◇ y))
              x = ((y ◇ (x ◇ x)) ◇ ((y ◇ (z ◇ (w ◇ y))) ◇ y))
  EQUIVALENT  x = ((y ◇ (x ◇ x)) ◇ ((y ◇ ((y ◇ w) ◇ z)) ◇ y))
              x = ((y ◇ (x ◇ x)) ◇ ((y ◇ ((z ◇ z) ◇ w)) ◇ y))
  EQUIVALENT  x = ((y ◇ (x ◇ x)) ◇ ((y ◇ ((y ◇ w) ◇ z)) ◇ y))
              x = ((y ◇ (x ◇ x)) ◇ ((y ◇ (z ◇ w)) ◇ y))
  EQUIVALENT  x = ((y ◇ (x ◇ x)) ◇ ((y ◇ ((y ◇ w) ◇ z)) ◇ y))
              x = ((y ◇ (x ◇ x)) ◇ ((y ◇ ((x ◇ z) ◇ w)) ◇ y))
  EQUIVALENT  x = ((y ◇ (x ◇ x)) ◇ ((y ◇ ((y ◇ w) ◇ z)) ◇ y))
              x = ((y ◇ (x ◇ x)) ◇ ((y ◇ (((x ◇ x) ◇ z) ◇ w)) ◇ y))
  EQUIVALENT  x = ((y ◇ (x ◇ x)) ◇ ((y ◇ ((y ◇ w) ◇ z)) ◇ y))
              x = ((y ◇ (x ◇ x)) ◇ ((y ◇ (((x ◇ z) ◇ z) ◇ w)) ◇ y))
  EQUIVALENT  x = (y ◇ (x ◇ (y ◇ (y ◇ ((x ◇ (y ◇ z)) ◇ (y ◇ y))))))
              x = (y ◇ (x ◇ (y ◇ (y ◇ ((x ◇ z) ◇ (y ◇ y))))))
  EQUIVALENT  x = (y ◇ (x ◇ ((y ◇ ((y ◇ z) ◇ (x ◇ x))) ◇ y)))
              x = (y ◇ (x ◇ ((y ◇ ((x ◇ z) ◇ (x ◇ x))) ◇ y)))
  EQUIVALENT  x = ((y ◇ (x ◇ x)) ◇ ((y ◇ (z ◇ (w ◇ x))) ◇ y))
              x = ((y ◇ (x ◇ x)) ◇ ((y ◇ (z ◇ (w ◇ y))) ◇ y))
  EQUIVALENT  x = ((y ◇ (x ◇ x)) ◇ ((y ◇ (z ◇ (w ◇ x))) ◇ y))
              x = ((y ◇ (x ◇ x)) ◇ ((y ◇ ((z ◇ z) ◇ w)) ◇ y))
  EQUIVALENT  x = ((y ◇ (x ◇ x)) ◇ ((y ◇ (z ◇ (w ◇ x))) ◇ y))
              x = ((y ◇ (x ◇ x)) ◇ ((y ◇ (z ◇ w)) ◇ y))
  EQUIVALENT  x = ((y ◇ (x ◇ x)) ◇ ((y ◇ (z ◇ (w ◇ x))) ◇ y))
              x = ((y ◇ (x ◇ x)) ◇ ((y ◇ ((x ◇ z) ◇ w)) ◇ y))
  EQUIVALENT  x = ((y ◇ (x ◇ x)) ◇ ((y ◇ (z ◇ (w ◇ x))) ◇ y))
              x = ((y ◇ (x ◇ x)) ◇ ((y ◇ (((x ◇ x) ◇ z) ◇ w)) ◇ y))
  EQUIVALENT  x = ((y ◇ (x ◇ x)) ◇ ((y ◇ (z ◇ (w ◇ x))) ◇ y))
              x = ((y ◇ (x ◇ x)) ◇ ((y ◇ (((x ◇ z) ◇ z) ◇ w)) ◇ y))
  EQUIVALENT  x = ((y ◇ z) ◇ (x ◇ (z ◇ (z ◇ (z ◇ z)))))
              x = (((z ◇ y) ◇ z) ◇ (x ◇ (z ◇ (z ◇ (z ◇ z)))))
  EQUIVALENT  x = ((y ◇ (x ◇ x)) ◇ ((y ◇ (z ◇ (w ◇ y))) ◇ y))
              x = ((y ◇ (x ◇ x)) ◇ ((y ◇ ((z ◇ z) ◇ w)) ◇ y))
  EQUIVALENT  x = ((y ◇ (x ◇ x)) ◇ ((y ◇ (z ◇ (w ◇ y))) ◇ y))
              x = ((y ◇ (x ◇ x)) ◇ ((y ◇ (z ◇ w)) ◇ y))
  EQUIVALENT  x = ((y ◇ (x ◇ x)) ◇ ((y ◇ (z ◇ (w ◇ y))) ◇ y))
              x = ((y ◇ (x ◇ x)) ◇ ((y ◇ ((x ◇ z) ◇ w)) ◇ y))
  EQUIVALENT  x = ((y ◇ (x ◇ x)) ◇ ((y ◇ (z ◇ (w ◇ y))) ◇ y))
              x = ((y ◇ (x ◇ x)) ◇ ((y ◇ (((x ◇ x) ◇ z) ◇ w)) ◇ y))
  EQUIVALENT  x = ((y ◇ (x ◇ x)) ◇ ((y ◇ (z ◇ (w ◇ y))) ◇ y))
              x = ((y ◇ (x ◇ x)) ◇ ((y ◇ (((x ◇ z) ◇ z) ◇ w)) ◇ y))
  EQUIVALENT  x = (y ◇ ((x ◇ ((((z ◇ w) ◇ (y ◇ y)) ◇ y) ◇ y)) ◇ y))
              x = (y ◇ ((x ◇ (((z ◇ (y ◇ y)) ◇ y) ◇ y)) ◇ y))
  EQUIVALENT  x = (y ◇ ((x ◇ ((z ◇ (y ◇ y)) ◇ y)) ◇ y))
              x = (y ◇ ((x ◇ (((x ◇ z) ◇ (y ◇ y)) ◇ y)) ◇ y))
  EQUIVALENT  x = ((y ◇ (x ◇ x)) ◇ ((y ◇ ((z ◇ z) ◇ w)) ◇ y))
              x = ((y ◇ (x ◇ x)) ◇ ((y ◇ (z ◇ w)) ◇ y))
  EQUIVALENT  x = ((y ◇ (x ◇ x)) ◇ ((y ◇ ((z ◇ z) ◇ w)) ◇ y))
              x = ((y ◇ (x ◇ x)) ◇ ((y ◇ ((x ◇ z) ◇ w)) ◇ y))
  EQUIVALENT  x = ((y ◇ (x ◇ x)) ◇ ((y ◇ ((z ◇ z) ◇ w)) ◇ y))
              x = ((y ◇ (x ◇ x)) ◇ ((y ◇ (((x ◇ x) ◇ z) ◇ w)) ◇ y))
  EQUIVALENT  x = ((y ◇ (x ◇ x)) ◇ ((y ◇ ((z ◇ z) ◇ w)) ◇ y))
              x = ((y ◇ (x ◇ x)) ◇ ((y ◇ (((x ◇ z) ◇ z) ◇ w)) ◇ y))
  EQUIVALENT  x = (y ◇ (x ◇ (y ◇ (((x ◇ z) ◇ (x ◇ x)) ◇ y))))
              x = (y ◇ (x ◇ (y ◇ (((z ◇ (z ◇ w)) ◇ (x ◇ x)) ◇ y))))
  EQUIVALENT  x = (y ◇ (x ◇ (y ◇ (((x ◇ z) ◇ (x ◇ x)) ◇ y))))
              x = (y ◇ (x ◇ (y ◇ ((((w ◇ y) ◇ z) ◇ (x ◇ x)) ◇ y))))
  EQUIVALENT  x = (y ◇ (x ◇ (y ◇ (((x ◇ z) ◇ (x ◇ x)) ◇ y))))
              x = (y ◇ (x ◇ (y ◇ ((((y ◇ y) ◇ z) ◇ (x ◇ x)) ◇ y))))
  EQUIVALENT  x = ((y ◇ (x ◇ x)) ◇ ((y ◇ (z ◇ w)) ◇ y))
              x = ((y ◇ (x ◇ x)) ◇ ((y ◇ ((x ◇ z) ◇ w)) ◇ y))
  EQUIVALENT  x = ((y ◇ (x ◇ x)) ◇ ((y ◇ (z ◇ w)) ◇ y))
              x = ((y ◇ (x ◇ x)) ◇ ((y ◇ (((x ◇ x) ◇ z) ◇ w)) ◇ y))
  EQUIVALENT  x = ((y ◇ (x ◇ x)) ◇ ((y ◇ (z ◇ w)) ◇ y))
              x = ((y ◇ (x ◇ x)) ◇ ((y ◇ (((x ◇ z) ◇ z) ◇ w)) ◇ y))
  EQUIVALENT  x = ((((w ◇ (w ◇ z)) ◇ y) ◇ z) ◇ (x ◇ (z ◇ (z ◇ z))))
              x = ((((w ◇ (x ◇ z)) ◇ y) ◇ z) ◇ (x ◇ (z ◇ (z ◇ z))))
  EQUIVALENT  x = ((((w ◇ (w ◇ z)) ◇ y) ◇ z) ◇ (x ◇ (z ◇ (z ◇ z))))
              x = (((y ◇ w) ◇ z) ◇ (x ◇ (z ◇ (z ◇ z))))
  EQUIVALENT  x = ((((w ◇ (w ◇ z)) ◇ y) ◇ z) ◇ (x ◇ (z ◇ (z ◇ z))))
              x =  (y ◇ z) ◇ (x ◇ (z ◇ (z ◇ z)))
  EQUIVALENT  x = ((((w ◇ (w ◇ z)) ◇ y) ◇ z) ◇ (x ◇ (z ◇ (z ◇ z))))
              x = (((z ◇ (y ◇ w)) ◇ z) ◇ (x ◇ (z ◇ (z ◇ z))))
  EQUIVALENT  x = ((((w ◇ (w ◇ z)) ◇ y) ◇ z) ◇ (x ◇ (z ◇ (z ◇ z))))
              x = (((((z ◇ w) ◇ z) ◇ y) ◇ z) ◇ (x ◇ (z ◇ (z ◇ z))))
  EQUIVALENT  x = (y ◇ (x ◇ (y ◇ (((z ◇ (z ◇ w)) ◇ (x ◇ x)) ◇ y))))
              x = (y ◇ (x ◇ (y ◇ ((((w ◇ y) ◇ z) ◇ (x ◇ x)) ◇ y))))
  EQUIVALENT  x = (y ◇ (x ◇ (y ◇ (((z ◇ (z ◇ w)) ◇ (x ◇ x)) ◇ y))))
              x = (y ◇ (x ◇ (y ◇ ((((y ◇ y) ◇ z) ◇ (x ◇ x)) ◇ y))))
  EQUIVALENT  x = ((((y ◇ ((x ◇ x) ◇ z)) ◇ y) ◇ x) ◇ y)
              x = ((((y ◇ ((x ◇ x) ◇ (z ◇ y))) ◇ y) ◇ x) ◇ y)
  EQUIVALENT  x = ((((w ◇ (x ◇ z)) ◇ y) ◇ z) ◇ (x ◇ (z ◇ (z ◇ z))))
              x = (((y ◇ w) ◇ z) ◇ (x ◇ (z ◇ (z ◇ z))))
  EQUIVALENT  x = ((((w ◇ (x ◇ z)) ◇ y) ◇ z) ◇ (x ◇ (z ◇ (z ◇ z))))
              x =  (y ◇ z) ◇ (x ◇ (z ◇ (z ◇ z)))
  EQUIVALENT  x = ((((w ◇ (x ◇ z)) ◇ y) ◇ z) ◇ (x ◇ (z ◇ (z ◇ z))))
              x = (((z ◇ (y ◇ w)) ◇ z) ◇ (x ◇ (z ◇ (z ◇ z))))
  EQUIVALENT  x = ((((w ◇ (x ◇ z)) ◇ y) ◇ z) ◇ (x ◇ (z ◇ (z ◇ z))))
              x = (((((z ◇ w) ◇ z) ◇ y) ◇ z) ◇ (x ◇ (z ◇ (z ◇ z))))
  EQUIVALENT  x = (y ◇ (x ◇ (y ◇ ((((w ◇ y) ◇ z) ◇ (x ◇ x)) ◇ y))))
              x = (y ◇ (x ◇ (y ◇ ((((y ◇ y) ◇ z) ◇ (x ◇ x)) ◇ y))))
  EQUIVALENT  x = (((y ◇ w) ◇ z) ◇ (x ◇ (z ◇ (z ◇ z))))
              x =  (y ◇ z) ◇ (x ◇ (z ◇ (z ◇ z)))
  EQUIVALENT  x = (((y ◇ w) ◇ z) ◇ (x ◇ (z ◇ (z ◇ z))))
              x = (((z ◇ (y ◇ w)) ◇ z) ◇ (x ◇ (z ◇ (z ◇ z))))
  EQUIVALENT  x = (((y ◇ w) ◇ z) ◇ (x ◇ (z ◇ (z ◇ z))))
              x = (((((z ◇ w) ◇ z) ◇ y) ◇ z) ◇ (x ◇ (z ◇ (z ◇ z))))
  EQUIVALENT  x =  (y ◇ z) ◇ (x ◇ (z ◇ (z ◇ z)))
              x = (((z ◇ (y ◇ w)) ◇ z) ◇ (x ◇ (z ◇ (z ◇ z))))
  EQUIVALENT  x =  (y ◇ z) ◇ (x ◇ (z ◇ (z ◇ z)))
              x = (((((z ◇ w) ◇ z) ◇ y) ◇ z) ◇ (x ◇ (z ◇ (z ◇ z))))
  EQUIVALENT  x = (((z ◇ (y ◇ w)) ◇ z) ◇ (x ◇ (z ◇ (z ◇ z))))
              x = (((((z ◇ w) ◇ z) ◇ y) ◇ z) ◇ (x ◇ (z ◇ (z ◇ z))))
  EQUIVALENT  x = ((y ◇ (x ◇ x)) ◇ ((y ◇ ((x ◇ z) ◇ w)) ◇ y))
              x = ((y ◇ (x ◇ x)) ◇ ((y ◇ (((x ◇ x) ◇ z) ◇ w)) ◇ y))
  EQUIVALENT  x = ((y ◇ (x ◇ x)) ◇ ((y ◇ ((x ◇ z) ◇ w)) ◇ y))
              x = ((y ◇ (x ◇ x)) ◇ ((y ◇ (((x ◇ z) ◇ z) ◇ w)) ◇ y))
  EQUIVALENT  x = ((y ◇ (x ◇ x)) ◇ ((y ◇ (((x ◇ x) ◇ z) ◇ w)) ◇ y))
              x = ((y ◇ (x ◇ x)) ◇ ((y ◇ (((x ◇ z) ◇ z) ◇ w)) ◇ y))
2026-07-10 02:10:33 — STAGE baseline_selftest
  vampire/sat/otter+kbo    -> AUSTIN   want AUSTIN   OK  (0.01s)
  vampire/triv/casc        -> TRIVIAL  want TRIVIAL  OK  (1.31s)
  austin not trivial       -> AUSTIN   want -        FAIL
SELFTEST FAILED
2026-07-10 02:10:35 — baseline selftest FAILED — refusing to run the portfolio
