nohup: ignoring input
confirm+grade 102 candidates
Traceback (most recent call last):
  File "/u/jrg4wx/projects/equational-theories-lean-stage2/paper/scripts/order6_grade.py", line 178, in <module>
    main()
  File "/u/jrg4wx/projects/equational-theories-lean-stage2/paper/scripts/order6_grade.py", line 168, in main
    rung, method = grade(et, law)
                   ^^^^^^^^^^^^^^
  File "/u/jrg4wx/projects/equational-theories-lean-stage2/paper/scripts/order6_grade.py", line 136, in grade
    res = greedy_build(r)
          ^^^^^^^^^^^^^^^
  File "/u/jrg4wx/projects/equational-theories-lean-stage2/paper/scripts/order6_grade.py", line 117, in greedy_build
    if not satisfy({'x': t[0], 'y': t[1], 'z': t[2]}, t[0]): return None
           ^^^^^^^^^^^^^^^^^^^^^^^^^^^^^^^^^^^^^^^^^^^^^^^^
  File "/u/jrg4wx/projects/equational-theories-lean-stage2/paper/scripts/order6_grade.py", line 98, in satisfy
    for b in values(rhs[2], env, steps):
  File "/u/jrg4wx/projects/equational-theories-lean-stage2/paper/scripts/order6_grade.py", line 86, in values
    for b in values(node[2], env, steps):
  File "/u/jrg4wx/projects/equational-theories-lean-stage2/paper/scripts/order6_grade.py", line 86, in values
    for b in values(node[2], env, steps):
  File "/u/jrg4wx/projects/equational-theories-lean-stage2/paper/scripts/order6_grade.py", line 85, in values
    for a in values(node[1], env, steps):
  File "/u/jrg4wx/projects/equational-theories-lean-stage2/paper/scripts/order6_grade.py", line 84, in values
    if node[0] == 'var': yield env[node[1]]; return
                               ~~~^^^^^^^^^
KeyError: 'w'
