% law: x = (y ◇ ((x ◇ z) ◇ ((y ◇ x) ◇ (z ◇ z))))
% config: vampire/triv/discount @ 30s

% Running in auto input_syntax mode. Trying TPTP
% Refutation found. Thanks to Tanya!
% SZS status Theorem for p
% SZS output start Proof for p
1. ! [X0,X1,X2] : X0 = f(X1,f(f(X0,X2),f(f(X1,X0),f(X2,X2)))) [input(axiom)]
2. ! [X0,X1] : X0 = X1 [input(conjecture)]
3. ~! [X0,X1] : X0 = X1 [negated conjecture 2]
4. ? [X0,X1] : X0 != X1 [ennf transformation 3]
5. ? [X0,X1] : X0 != X1 => sK0 != sK1 [skolem symbol introduction]
6. sK0 != sK1 [skolemisation 4,5]
7. f(X1,f(f(X0,X2),f(f(X1,X0),f(X2,X2)))) = X0 [cnf transformation 1]
8. sK0 != sK1 [cnf transformation 6]
9. f(X1,f(X0,f(f(X1,X2),f(f(f(X0,X3),f(f(X2,X0),f(X3,X3))),f(f(X0,X3),f(f(X2,X0),f(X3,X3))))))) = X2 [superposition 7,7]
10. f(f(X0,X2),f(f(X1,X0),f(X2,X2))) = f(X1,f(f(f(f(X0,X2),f(f(X1,X0),f(X2,X2))),X3),f(X0,f(X3,X3)))) [superposition 7,7]
17. f(X2,f(f(X1,X0),f(f(f(X2,X3),f(f(X0,X2),f(X3,X3))),f(f(X2,X3),f(f(X0,X2),f(X3,X3)))))) = f(X1,f(f(f(X2,f(f(X1,X0),f(f(f(X2,X3),f(f(X0,X2),f(X3,X3))),f(f(X2,X3),f(f(X0,X2),f(X3,X3)))))),X4),f(X0,f(X4,X4)))) [superposition 7,9]
25. f(f(f(X0,X0),X1),f(f(f(X0,f(X0,X0)),f(X0,X0)),f(X1,X1))) = f(f(f(f(X0,X0),X1),f(f(f(X0,f(X0,X0)),f(X0,X0)),f(X1,X1))),f(f(f(f(f(X0,X0),X1),f(f(f(X0,f(X0,X0)),f(X0,X0)),f(X1,X1))),X2),f(X0,f(X2,X2)))) [superposition 10,10]
33. f(X3,f(X2,f(f(X3,X4),f(f(f(f(X0,X1),f(f(X2,X0),f(X1,X1))),f(f(X4,X2),f(f(f(f(f(X0,X1),f(f(X2,X0),f(X1,X1))),X5),f(X0,f(X5,X5))),f(f(f(f(X0,X1),f(f(X2,X0),f(X1,X1))),X5),f(X0,f(X5,X5)))))),f(f(f(X0,X1),f(f(X2,X0),f(X1,X1))),f(f(X4,X2),f(f(f(f(f(X0,X1),f(f(X2,X0),f(X1,X1))),X5),f(X0,f(X5,X5))),f(f(f(f(X0,X1),f(f(X2,X0),f(X1,X1))),X5),f(X0,f(X5,X5)))))))))) = X4 [superposition 9,10]
35. f(f(f(f(X0,X0),X1),f(f(f(X0,f(X0,X0)),f(X0,X0)),f(X1,X1))),f(f(f(X0,X0),X1),f(f(f(X0,f(X0,X0)),f(X0,X0)),f(X1,X1)))) = X0 [superposition 7,10]
36. f(f(X0,f(f(f(X1,f(X1,X1)),f(X1,X1)),f(f(f(X0,X2),f(f(f(X1,X1),X0),f(X2,X2))),f(f(X0,X2),f(f(f(X1,X1),X0),f(X2,X2)))))),f(X0,f(f(f(X1,f(X1,X1)),f(X1,X1)),f(f(f(X0,X2),f(f(f(X1,X1),X0),f(X2,X2))),f(f(X0,X2),f(f(f(X1,X1),X0),f(X2,X2))))))) = X1 [superposition 35,7]
42. f(f(f(X0,X0),X1),f(f(f(X0,f(X0,X0)),f(X0,X0)),f(X1,X1))) = f(f(X0,f(X0,X0)),f(X0,f(f(X0,X0),X0))) [superposition 10,35]
52. f(X1,f(X2,f(f(X1,X3),f(f(f(X2,f(f(f(X0,X0),X4),f(f(f(X0,f(X0,X0)),f(X0,X0)),f(X4,X4)))),f(f(X3,X2),X0)),f(f(X2,f(f(f(X0,X0),X4),f(f(f(X0,f(X0,X0)),f(X0,X0)),f(X4,X4)))),f(f(X3,X2),X0)))))) = X3 [superposition 9,35]
53. f(X1,f(f(X2,f(f(f(X0,X0),X3),f(f(f(X0,f(X0,X0)),f(X0,X0)),f(X3,X3)))),f(f(X1,X2),X0))) = X2 [superposition 7,35]
163. f(X1,f(f(X2,f(X0,f(f(f(X3,f(X3,X3)),f(X3,X3)),f(f(f(X0,X4),f(f(f(X3,X3),X0),f(X4,X4))),f(f(X0,X4),f(f(f(X3,X3),X0),f(X4,X4))))))),f(f(X1,X2),X3))) = X2 [superposition 53,7]
222. f(X1,f(f(X2,f(f(X0,f(X0,X0)),f(X0,f(f(X0,X0),X0)))),f(f(X1,X2),X0))) = X2 [superposition 53,42]
223. f(f(f(X0,f(X0,X0)),f(X0,f(f(X0,X0),X0))),f(f(X0,f(X0,X0)),f(X0,f(f(X0,X0),X0)))) = X0 [superposition 35,42]
228. f(X0,X0) = f(f(X0,f(X0,X0)),f(f(X0,f(X0,X0)),f(X0,f(f(X0,X0),X0)))) [superposition 7,42]
238. f(f(f(X0,f(X0,X0)),f(X0,X0)),f(X1,X1)) = f(f(f(X0,X0),X1),f(f(f(f(f(X0,f(X0,X0)),f(X0,X0)),f(X1,X1)),X2),f(f(f(X0,f(X0,X0)),f(X0,f(f(X0,X0),X0))),f(X2,X2)))) [superposition 7,42]
371. f(f(X0,X2),f(f(X1,X0),f(X2,X2))) = f(X1,f(f(f(f(X0,X2),f(f(X1,X0),f(X2,X2))),f(f(X3,f(X3,X3)),f(X3,f(f(X3,X3),X3)))),f(X0,X3))) [superposition 222,7]
427. f(f(X0,f(X0,X0)),f(X0,f(f(X0,X0),X0))) = f(f(f(X0,f(X0,X0)),f(X0,f(f(X0,X0),X0))),f(f(f(f(X0,f(X0,X0)),f(X0,f(f(X0,X0),X0))),X2),f(X0,f(X2,X2)))) [forward demodulation 25,42]
432. f(f(X0,f(X0,X0)),f(X0,f(f(X0,X0),X0))) = f(X1,f(X0,f(f(X1,f(f(X0,f(X0,X0)),f(X0,f(f(X0,X0),X0)))),X0))) [superposition 222,223]
476. f(f(X0,f(X0,X0)),f(X0,f(f(X0,X0),X0))) = f(f(f(X0,f(X0,X0)),f(X0,f(f(X0,X0),X0))),f(X0,f(X0,X0))) [superposition 427,223]
521. f(X0,f(X0,X0)) = f(f(f(X0,f(X0,X0)),f(X0,f(f(X0,X0),X0))),f(f(f(X0,f(X0,X0)),X1),f(f(f(X0,f(X0,X0)),f(X0,f(f(X0,X0),X0))),f(X1,X1)))) [superposition 7,476]
754. f(X0,f(f(X2,f(f(f(X0,X0),X1),f(f(f(X0,f(X0,X0)),f(X0,X0)),f(X1,X1)))),f(f(f(f(X0,X0),X1),f(f(f(X0,f(X0,X0)),f(X0,X0)),f(X1,X1))),f(f(f(X0,X0),X1),f(f(f(X0,f(X0,X0)),f(X0,X0)),f(X1,X1)))))) = f(X2,f(f(f(X0,f(f(X2,f(f(f(X0,X0),X1),f(f(f(X0,f(X0,X0)),f(X0,X0)),f(X1,X1)))),f(f(f(f(X0,X0),X1),f(f(f(X0,f(X0,X0)),f(X0,X0)),f(X1,X1))),f(f(f(X0,X0),X1),f(f(f(X0,f(X0,X0)),f(X0,X0)),f(X1,X1)))))),X3),f(f(f(f(X0,X0),X1),f(f(f(X0,f(X0,X0)),f(X0,X0)),f(X1,X1))),f(X3,X3)))) [superposition 17,10]
819. f(X0,f(f(X2,f(f(X0,f(X0,X0)),f(X0,f(f(X0,X0),X0)))),f(f(f(X0,f(X0,X0)),f(X0,f(f(X0,X0),X0))),f(f(X0,f(X0,X0)),f(X0,f(f(X0,X0),X0)))))) = f(X2,f(f(f(X0,f(f(X2,f(f(X0,f(X0,X0)),f(X0,f(f(X0,X0),X0)))),f(f(f(X0,f(X0,X0)),f(X0,f(f(X0,X0),X0))),f(f(X0,f(X0,X0)),f(X0,f(f(X0,X0),X0)))))),X3),f(f(f(X0,f(X0,X0)),f(X0,f(f(X0,X0),X0))),f(X3,X3)))) [forward demodulation 754,42]
829. f(X0,f(f(X2,f(f(X0,f(X0,X0)),f(X0,f(f(X0,X0),X0)))),X0)) = f(X2,f(f(f(X0,f(f(X2,f(f(X0,f(X0,X0)),f(X0,f(f(X0,X0),X0)))),X0)),X3),f(f(f(X0,f(X0,X0)),f(X0,f(f(X0,X0),X0))),f(X3,X3)))) [forward demodulation 819,223]
3483. f(X1,f(X2,f(f(X1,X3),f(f(f(X0,f(f(X2,f(f(f(X0,X0),X4),f(f(f(X0,f(X0,X0)),f(X0,X0)),f(X4,X4)))),X0)),f(f(X3,X2),f(f(f(f(X0,f(f(X2,f(f(f(X0,X0),X4),f(f(f(X0,f(X0,X0)),f(X0,X0)),f(X4,X4)))),X0)),X5),f(f(f(f(X0,X0),X4),f(f(f(X0,f(X0,X0)),f(X0,X0)),f(X4,X4))),f(X5,X5))),f(f(f(X0,f(f(X2,f(f(f(X0,X0),X4),f(f(f(X0,f(X0,X0)),f(X0,X0)),f(X4,X4)))),X0)),X5),f(f(f(f(X0,X0),X4),f(f(f(X0,f(X0,X0)),f(X0,X0)),f(X4,X4))),f(X5,X5)))))),f(f(X0,f(f(X2,f(f(f(X0,X0),X4),f(f(f(X0,f(X0,X0)),f(X0,X0)),f(X4,X4)))),X0)),f(f(X3,X2),f(f(f(f(X0,f(f(X2,f(f(f(X0,X0),X4),f(f(f(X0,f(X0,X0)),f(X0,X0)),f(X4,X4)))),X0)),X5),f(f(f(f(X0,X0),X4),f(f(f(X0,f(X0,X0)),f(X0,X0)),f(X4,X4))),f(X5,X5))),f(f(f(X0,f(f(X2,f(f(f(X0,X0),X4),f(f(f(X0,f(X0,X0)),f(X0,X0)),f(X4,X4)))),X0)),X5),f(f(f(f(X0,X0),X4),f(f(f(X0,f(X0,X0)),f(X0,X0)),f(X4,X4))),f(X5,X5)))))))))) = X3 [superposition 33,35]
3668. f(X1,f(X2,f(f(X1,X3),f(f(f(X0,f(f(X2,f(f(X0,f(X0,X0)),f(X0,f(f(X0,X0),X0)))),X0)),f(f(X3,X2),f(f(f(f(X0,f(f(X2,f(f(X0,f(X0,X0)),f(X0,f(f(X0,X0),X0)))),X0)),X5),f(f(f(X0,f(X0,X0)),f(X0,f(f(X0,X0),X0))),f(X5,X5))),f(f(f(X0,f(f(X2,f(f(X0,f(X0,X0)),f(X0,f(f(X0,X0),X0)))),X0)),X5),f(f(f(X0,f(X0,X0)),f(X0,f(f(X0,X0),X0))),f(X5,X5)))))),f(f(X0,f(f(X2,f(f(X0,f(X0,X0)),f(X0,f(f(X0,X0),X0)))),X0)),f(f(X3,X2),f(f(f(f(X0,f(f(X2,f(f(X0,f(X0,X0)),f(X0,f(f(X0,X0),X0)))),X0)),X5),f(f(f(X0,f(X0,X0)),f(X0,f(f(X0,X0),X0))),f(X5,X5))),f(f(f(X0,f(f(X2,f(f(X0,f(X0,X0)),f(X0,f(f(X0,X0),X0)))),X0)),X5),f(f(f(X0,f(X0,X0)),f(X0,f(f(X0,X0),X0))),f(X5,X5)))))))))) = X3 [forward demodulation 3483,42]
5835. f(X1,f(X2,f(f(X1,X3),f(f(f(X2,f(f(X0,f(X0,X0)),f(X0,f(f(X0,X0),X0)))),f(f(X3,X2),X0)),f(f(X2,f(f(X0,f(X0,X0)),f(X0,f(f(X0,X0),X0)))),f(f(X3,X2),X0)))))) = X3 [forward demodulation 52,42]
11485. f(X0,X0) = f(f(f(f(X0,f(X0,X0)),f(X0,X0)),f(f(X1,f(f(f(f(f(f(X0,f(X0,X0)),f(X0,f(f(X0,X0),X0))),f(f(X0,X0),f(X0,X0))),f(f(f(f(X0,f(X0,X0)),f(X0,f(f(X0,X0),X0))),f(f(X0,X0),f(X0,X0))),f(f(f(X0,f(X0,X0)),f(X0,f(f(X0,X0),X0))),f(f(X0,X0),f(X0,X0))))),f(f(f(f(X0,f(X0,X0)),f(X0,f(f(X0,X0),X0))),f(f(X0,X0),f(X0,X0))),f(f(f(X0,f(X0,X0)),f(X0,f(f(X0,X0),X0))),f(f(X0,X0),f(X0,X0))))),f(f(f(X1,X2),f(f(f(f(f(f(X0,f(X0,X0)),f(X0,f(f(X0,X0),X0))),f(f(X0,X0),f(X0,X0))),f(f(f(X0,f(X0,X0)),f(X0,f(f(X0,X0),X0))),f(f(X0,X0),f(X0,X0)))),X1),f(X2,X2))),f(f(X1,X2),f(f(f(f(f(f(X0,f(X0,X0)),f(X0,f(f(X0,X0),X0))),f(f(X0,X0),f(X0,X0))),f(f(f(X0,f(X0,X0)),f(X0,f(f(X0,X0),X0))),f(f(X0,X0),f(X0,X0)))),X1),f(X2,X2)))))),f(X1,f(f(f(f(f(f(X0,f(X0,X0)),f(X0,f(f(X0,X0),X0))),f(f(X0,X0),f(X0,X0))),f(f(f(f(X0,f(X0,X0)),f(X0,f(f(X0,X0),X0))),f(f(X0,X0),f(X0,X0))),f(f(f(X0,f(X0,X0)),f(X0,f(f(X0,X0),X0))),f(f(X0,X0),f(X0,X0))))),f(f(f(f(X0,f(X0,X0)),f(X0,f(f(X0,X0),X0))),f(f(X0,X0),f(X0,X0))),f(f(f(X0,f(X0,X0)),f(X0,f(f(X0,X0),X0))),f(f(X0,X0),f(X0,X0))))),f(f(f(X1,X2),f(f(f(f(f(f(X0,f(X0,X0)),f(X0,f(f(X0,X0),X0))),f(f(X0,X0),f(X0,X0))),f(f(f(X0,f(X0,X0)),f(X0,f(f(X0,X0),X0))),f(f(X0,X0),f(X0,X0)))),X1),f(X2,X2))),f(f(X1,X2),f(f(f(f(f(f(X0,f(X0,X0)),f(X0,f(f(X0,X0),X0))),f(f(X0,X0),f(X0,X0))),f(f(f(X0,f(X0,X0)),f(X0,f(f(X0,X0),X0))),f(f(X0,X0),f(X0,X0)))),X1),f(X2,X2)))))))),f(f(f(X0,f(X0,X0)),f(X0,X0)),f(f(X1,f(f(f(f(f(f(X0,f(X0,X0)),f(X0,f(f(X0,X0),X0))),f(f(X0,X0),f(X0,X0))),f(f(f(f(X0,f(X0,X0)),f(X0,f(f(X0,X0),X0))),f(f(X0,X0),f(X0,X0))),f(f(f(X0,f(X0,X0)),f(X0,f(f(X0,X0),X0))),f(f(X0,X0),f(X0,X0))))),f(f(f(f(X0,f(X0,X0)),f(X0,f(f(X0,X0),X0))),f(f(X0,X0),f(X0,X0))),f(f(f(X0,f(X0,X0)),f(X0,f(f(X0,X0),X0))),f(f(X0,X0),f(X0,X0))))),f(f(f(X1,X2),f(f(f(f(f(f(X0,f(X0,X0)),f(X0,f(f(X0,X0),X0))),f(f(X0,X0),f(X0,X0))),f(f(f(X0,f(X0,X0)),f(X0,f(f(X0,X0),X0))),f(f(X0,X0),f(X0,X0)))),X1),f(X2,X2))),f(f(X1,X2),f(f(f(f(f(f(X0,f(X0,X0)),f(X0,f(f(X0,X0),X0))),f(f(X0,X0),f(X0,X0))),f(f(f(X0,f(X0,X0)),f(X0,f(f(X0,X0),X0))),f(f(X0,X0),f(X0,X0)))),X1),f(X2,X2)))))),f(X1,f(f(f(f(f(f(X0,f(X0,X0)),f(X0,f(f(X0,X0),X0))),f(f(X0,X0),f(X0,X0))),f(f(f(f(X0,f(X0,X0)),f(X0,f(f(X0,X0),X0))),f(f(X0,X0),f(X0,X0))),f(f(f(X0,f(X0,X0)),f(X0,f(f(X0,X0),X0))),f(f(X0,X0),f(X0,X0))))),f(f(f(f(X0,f(X0,X0)),f(X0,f(f(X0,X0),X0))),f(f(X0,X0),f(X0,X0))),f(f(f(X0,f(X0,X0)),f(X0,f(f(X0,X0),X0))),f(f(X0,X0),f(X0,X0))))),f(f(f(X1,X2),f(f(f(f(f(f(X0,f(X0,X0)),f(X0,f(f(X0,X0),X0))),f(f(X0,X0),f(X0,X0))),f(f(f(X0,f(X0,X0)),f(X0,f(f(X0,X0),X0))),f(f(X0,X0),f(X0,X0)))),X1),f(X2,X2))),f(f(X1,X2),f(f(f(f(f(f(X0,f(X0,X0)),f(X0,f(f(X0,X0),X0))),f(f(X0,X0),f(X0,X0))),f(f(f(X0,f(X0,X0)),f(X0,f(f(X0,X0),X0))),f(f(X0,X0),f(X0,X0)))),X1),f(X2,X2))))))))) [superposition 163,238]
11641. f(X0,X0) = f(f(f(f(X0,f(X0,X0)),f(X0,X0)),f(f(f(X0,f(X0,X0)),f(X0,f(f(X0,X0),X0))),f(f(X0,X0),f(X0,X0)))),f(f(f(X0,f(X0,X0)),f(X0,X0)),f(f(f(X0,f(X0,X0)),f(X0,f(f(X0,X0),X0))),f(f(X0,X0),f(X0,X0))))) [forward demodulation 11485,36]
51227. f(X1,f(f(X2,f(f(f(X0,f(X0,X0)),f(X0,X0)),f(f(f(X0,f(X0,X0)),f(X0,f(f(X0,X0),X0))),f(f(X0,X0),f(X0,X0))))),f(f(X1,X2),f(X0,X0)))) = X2 [superposition 7,11641]
51529. f(f(X0,f(X0,X0)),f(X0,f(f(X0,X0),X0))) = f(X1,f(f(X0,f(X0,X0)),f(f(X1,f(f(X0,f(X0,X0)),f(X0,f(f(X0,X0),X0)))),f(X0,X0)))) [superposition 51227,521]
51676. f(f(X0,f(X0,X0)),f(X0,f(f(X0,X0),X0))) = f(f(f(X0,X1),f(f(f(f(f(X0,f(X0,X0)),f(X0,f(f(X0,X0),X0))),f(f(f(X0,f(X0,X0)),f(X0,X0)),f(f(f(X0,f(X0,X0)),f(X0,f(f(X0,X0),X0))),f(f(X0,X0),f(X0,X0))))),X0),f(X1,X1))),f(f(X0,X1),f(f(f(f(f(X0,f(X0,X0)),f(X0,f(f(X0,X0),X0))),f(f(f(X0,f(X0,X0)),f(X0,X0)),f(f(f(X0,f(X0,X0)),f(X0,f(f(X0,X0),X0))),f(f(X0,X0),f(X0,X0))))),X0),f(X1,X1)))) [superposition 51227,371]
52063. f(f(X0,f(X0,X0)),f(X0,f(f(X0,X0),X0))) = f(f(f(X0,X1),f(f(f(X0,f(X0,X0)),X0),f(X1,X1))),f(f(X0,X1),f(f(f(X0,f(X0,X0)),X0),f(X1,X1)))) [forward demodulation 51676,521]
52712. f(f(X0,f(X0,X0)),f(X0,f(f(X0,X0),X0))) = f(f(f(X0,f(X0,X0)),f(X0,f(f(X0,X0),X0))),f(f(X0,f(X0,X0)),f(X0,f(X0,X0)))) [superposition 51529,223]
55243. f(X0,f(f(X1,f(f(X0,f(X0,X0)),f(X0,f(f(X0,X0),X0)))),X0)) = f(X1,f(f(f(X0,f(f(X1,f(f(X0,f(X0,X0)),f(X0,f(f(X0,X0),X0)))),X0)),f(X0,f(X0,X0))),f(f(X0,f(X0,X0)),f(X0,f(f(X0,X0),X0))))) [superposition 829,52712]
57224. f(X0,f(X0,X0)) = f(X1,f(X0,f(f(X1,f(X0,f(X0,X0))),f(f(X0,f(X0,X0)),f(X0,f(f(X0,X0),X0)))))) [superposition 9,52063]
57870. f(X0,f(X0,X0)) = f(f(f(X0,f(X0,X0)),f(X0,f(f(X0,X0),X0))),f(X0,f(f(f(X0,f(X0,X0)),f(X0,f(f(X0,X0),X0))),f(f(X0,f(X0,X0)),f(X0,f(f(X0,X0),X0)))))) [superposition 57224,476]
58269. f(X0,f(X0,X0)) = f(f(f(X0,f(X0,X0)),f(X0,f(f(X0,X0),X0))),f(X0,X0)) [forward demodulation 57870,223]
59566. f(X0,f(f(X1,f(f(X0,f(X0,X0)),f(X0,f(f(X0,X0),X0)))),X0)) = f(X1,f(f(f(X0,f(f(X1,f(f(X0,f(X0,X0)),f(X0,f(f(X0,X0),X0)))),X0)),X0),f(X0,f(X0,X0)))) [superposition 829,58269]
270827. f(X0,f(X0,X0)) = f(f(X0,f(f(X0,f(f(X0,f(X0,X0)),f(X0,f(f(X0,X0),X0)))),X0)),f(X0,f(f(X0,f(f(X0,f(X0,X0)),f(X0,f(f(X0,X0),X0)))),X0))) [superposition 57224,55243]
273690. f(X0,f(f(X0,f(f(X0,f(X0,X0)),f(X0,f(f(X0,X0),X0)))),X0)) = f(X0,f(f(X0,f(X0,X0)),f(f(f(X0,f(X0,X0)),f(X0,f(f(X0,X0),X0))),f(X0,f(X0,X0))))) [superposition 829,270827]
274975. f(X0,f(f(X0,f(f(X0,f(X0,X0)),f(X0,f(f(X0,X0),X0)))),X0)) = f(X0,f(f(X0,f(X0,X0)),f(f(X0,f(X0,X0)),f(X0,f(f(X0,X0),X0))))) [forward demodulation 273690,476]
274984. f(X0,f(X0,X0)) = f(X0,f(f(X0,f(f(X0,f(X0,X0)),f(X0,f(f(X0,X0),X0)))),X0)) [forward demodulation 274975,228]
276734. f(X0,f(X0,X0)) = f(f(X0,f(X0,X0)),f(X0,f(X0,X0))) [superposition 270827,274984]
276736. f(f(X0,f(X0,X0)),f(X0,f(f(X0,X0),X0))) = f(X0,f(X0,f(X0,X0))) [superposition 432,274984]
284184. f(X1,f(f(X2,f(X0,f(X0,f(X0,X0)))),f(f(X1,X2),X0))) = X2 [superposition 222,276736]
284185. f(f(X0,f(X0,f(X0,X0))),f(X0,f(X0,f(X0,X0)))) = X0 [superposition 223,276736]
299255. f(f(X0,f(f(f(X0,f(f(X0,f(X0,X0)),f(f(X0,f(X0,X0)),f(f(X0,f(X0,X0)),f(X0,f(X0,X0)))))),f(f(X0,f(X0,X0)),f(X0,f(f(X0,X0),X0)))),X0)),f(X0,f(f(f(X0,f(f(X0,f(X0,X0)),f(f(X0,f(X0,X0)),f(f(X0,f(X0,X0)),f(X0,f(X0,X0)))))),f(f(X0,f(X0,X0)),f(X0,f(f(X0,X0),X0)))),X0))) = X0 [superposition 284184,59566]
300624. f(f(X0,f(f(f(X0,f(f(X0,f(X0,X0)),f(f(X0,f(X0,X0)),f(f(X0,f(X0,X0)),f(X0,f(X0,X0)))))),f(X0,f(X0,f(X0,X0)))),X0)),f(X0,f(f(f(X0,f(f(X0,f(X0,X0)),f(f(X0,f(X0,X0)),f(f(X0,f(X0,X0)),f(X0,f(X0,X0)))))),f(X0,f(X0,f(X0,X0)))),X0))) = X0 [forward demodulation 299255,276736]
301130. f(f(X0,f(f(f(X0,f(f(X0,f(X0,X0)),f(f(X0,f(X0,X0)),f(X0,f(X0,X0))))),f(X0,f(X0,f(X0,X0)))),X0)),f(X0,f(f(f(X0,f(f(X0,f(X0,X0)),f(f(X0,f(X0,X0)),f(X0,f(X0,X0))))),f(X0,f(X0,f(X0,X0)))),X0))) = X0 [forward demodulation 300624,276734]
301216. f(f(X0,f(f(f(X0,f(f(X0,f(X0,X0)),f(X0,f(X0,X0)))),f(X0,f(X0,f(X0,X0)))),X0)),f(X0,f(f(f(X0,f(f(X0,f(X0,X0)),f(X0,f(X0,X0)))),f(X0,f(X0,f(X0,X0)))),X0))) = X0 [forward demodulation 301130,276734]
301235. f(f(X0,f(f(f(X0,f(X0,f(X0,X0))),f(X0,f(X0,f(X0,X0)))),X0)),f(X0,f(f(f(X0,f(X0,f(X0,X0))),f(X0,f(X0,f(X0,X0)))),X0))) = X0 [forward demodulation 301216,276734]
301247. f(f(X0,f(X0,X0)),f(X0,f(X0,X0))) = X0 [forward demodulation 301235,284185]
304707. f(X0,f(X0,X0)) = X0 [superposition 301247,276734]
307459. f(X0,X0) = X0 [superposition 276734,304707]
311631. f(X0,f(X1,f(X0,f(f(f(X1,f(f(X2,f(X2,X2)),f(X2,f(f(X2,X2),X2)))),f(f(X0,X1),X2)),f(f(X1,f(f(X2,f(X2,X2)),f(X2,f(f(X2,X2),X2)))),f(f(X0,X1),X2)))))) = X0 [superposition 5835,307459]
315500. f(X0,f(X1,f(X0,f(f(X1,f(f(X2,f(X2,X2)),f(X2,f(f(X2,X2),X2)))),f(f(X0,X1),X2))))) = X0 [forward demodulation 311631,307459]
317826. f(X0,f(X1,X1)) = X0 [forward demodulation 315500,222]
320107. f(X0,X1) = X0 [forward demodulation 317826,307459]
365162. f(X1,f(X2,f(f(X1,X3),f(f(X0,f(f(X2,f(f(X0,f(X0,X0)),f(X0,f(f(X0,X0),X0)))),X0)),f(f(X3,X2),f(f(f(f(X0,f(f(X2,f(f(X0,f(X0,X0)),f(X0,f(f(X0,X0),X0)))),X0)),X5),f(f(f(X0,f(X0,X0)),f(X0,f(f(X0,X0),X0))),f(X5,X5))),f(f(f(X0,f(f(X2,f(f(X0,f(X0,X0)),f(X0,f(f(X0,X0),X0)))),X0)),X5),f(f(f(X0,f(X0,X0)),f(X0,f(f(X0,X0),X0))),f(X5,X5))))))))) = X3 [forward demodulation 3668,307459]
365163. f(X1,f(X2,f(f(X1,X3),f(f(X0,f(f(X2,f(f(X0,f(X0,X0)),f(X0,f(f(X0,X0),X0)))),X0)),f(f(X3,X2),f(f(f(X0,f(f(X2,f(f(X0,f(X0,X0)),f(X0,f(f(X0,X0),X0)))),X0)),X5),f(f(f(X0,f(X0,X0)),f(X0,f(f(X0,X0),X0))),f(X5,X5)))))))) = X3 [forward demodulation 365162,307459]
365164. f(X1,f(X2,f(f(X1,X3),f(f(X0,f(f(X2,f(f(X0,f(X0,X0)),f(X0,f(f(X0,X0),X0)))),X0)),f(f(X3,X2),f(f(f(X0,f(f(X2,f(f(X0,f(X0,X0)),f(X0,f(f(X0,X0),X0)))),X0)),X5),f(f(f(X0,f(X0,X0)),f(X0,f(f(X0,X0),X0))),X5))))))) = X3 [forward demodulation 365163,307459]
365165. f(X1,f(X2,f(f(X1,X3),f(f(X0,f(f(X2,f(X0,f(X0,f(X0,X0)))),X0)),f(f(X3,X2),f(f(f(X0,f(f(X2,f(X0,f(X0,f(X0,X0)))),X0)),X5),f(f(X0,f(X0,f(X0,X0))),X5))))))) = X3 [forward demodulation 365164,276736]
365166. f(X1,f(X2,f(f(X1,X3),f(f(X0,f(f(X2,f(X0,X0)),X0)),f(f(X3,X2),f(f(f(X0,f(f(X2,f(X0,X0)),X0)),X5),f(f(X0,X0),X5))))))) = X3 [forward demodulation 365165,304707]
365167. f(X1,f(X2,f(f(X1,X3),f(f(X0,f(f(X2,X0),X0)),f(f(X3,X2),f(f(f(X0,f(f(X2,X0),X0)),X5),f(X0,X5))))))) = X3 [forward demodulation 365166,307459]
383066. X1 = X3 [forward demodulation 365167,320107]
388359. sK0 != X0 [superposition 8,383066]
393651. $false [forward subsumption resolution 388359,383066]
% SZS output end Proof for p
% ------------------------------
% Version: Vampire 5.0.1 (Release build, commit 1b13eaf on 2026-01-18 12:14:50 +0000)
% Linked with Z3 4.14.0.0 3c47fd96cf5645d0c42b2c819d9e9a84380aa721 NOTFOUND
% CaDiCaL version: 2.1.3
% Termination reason: Refutation
% Time elapsed: 21.869 s
% Peak memory usage: 540 MB
% Instructions burned: 155932 (million)
% ------------------------------
% ------------------------------
