% law: x = ((((y ◇ y) ◇ (x ◇ z)) ◇ (y ◇ x)) ◇ z)
% config: twee/complete @ 30s

Here is the input problem:
  Axiom 1 (hyp): X = f(f(f(f(Y, Y), f(X, Z)), f(Y, X)), Z).
  Goal 1 (goal): x = y.

1. f(f(f(f(X, X), f(Y, Z)), f(X, Y)), Z) -> Y
2. f(f(f(f(f(f(f(X, X), f(Y, Z)), f(X, Y)), f(f(f(X, X), f(Y, Z)), f(X, Y))), f(Z, W)), Y), W) -> Z
3. f(f(f(f(X, X), Y), f(X, f(f(f(Z, Z), f(Y, W)), f(Z, Y)))), W) -> f(f(f(Z, Z), f(Y, W)), f(Z, Y))
4. f(f(f(f(X, X), f(f(Y, Y), f(f(Y, Y), Y))), f(X, f(Y, Y))), f(f(f(X, X), f(f(Y, Y), f(f(Y, Y), Y))), f(X, f(Y, Y)))) -> Y
5. f(f(f(X, f(f(f(X, X), X), Y)), f(X, X)), Y) -> f(f(X, X), X)
6. f(f(f(f(X, X), X), f(f(X, X), f(X, X))), X) -> f(f(f(X, X), f(X, X)), f(X, X))
7. f(f(f(X, X), f(f(Y, Y), f(f(Y, Y), Y))), f(X, f(Y, Y))) -> f(f(f(Y, f(Y, Y)), Y), f(f(Y, Y), Y))
8. f(f(f(f(X, f(X, X)), X), f(f(X, X), X)), f(f(f(X, f(X, X)), X), f(f(X, X), X))) -> X
9. f(f(f(f(X, f(X, X)), X), f(f(X, X), X)), f(f(X, X), X)) -> f(X, X)
10. f(f(f(X, f(f(f(X, f(X, X)), X), f(f(X, X), X))), f(X, X)), f(f(f(X, f(X, X)), X), f(f(X, X), X))) -> f(f(X, X), X)
11. f(f(f(f(f(f(X, f(f(f(X, X), X), Y)), f(X, X)), f(f(X, f(f(f(X, X), X), Y)), f(X, X))), f(Y, Z)), f(f(X, X), X)), Z) -> Y
12. f(f(f(X, f(Y, Z)), f(f(f(f(X, f(X, X)), X), f(f(X, X), X)), Y)), Z) -> Y
13. f(f(f(f(f(f(f(X, f(X, X)), X), f(f(X, X), X)), X), f(f(f(X, f(X, X)), X), f(f(X, X), X))), f(X, f(f(f(X, f(X, X)), X), f(f(X, X), X)))), f(X, f(f(f(X, f(X, X)), X), f(f(X, X), X)))) -> X
14. f(f(f(X, f(f(f(f(X, f(X, X)), X), f(f(X, X), X)), Y)), X), Y) -> f(f(f(X, f(X, X)), X), f(f(X, X), X))
15. f(f(f(X, X), X), f(f(f(X, f(X, X)), X), f(f(X, X), X))) -> f(f(f(X, f(X, X)), X), f(f(X, X), X))
16. f(f(f(f(f(f(f(X, X), X), f(f(X, X), f(X, X))), f(f(f(X, X), X), f(f(X, X), f(X, X)))), f(X, Y)), f(f(f(X, X), f(X, X)), f(X, X))), Y) -> X
17. f(f(f(f(X, X), f(f(Y, Y), Y)), f(X, f(f(Y, f(f(f(Y, Y), Y), Z)), f(Y, Y)))), Z) -> f(f(Y, f(f(f(Y, Y), Y), Z)), f(Y, Y))
18. f(f(f(f(X, X), f(Y, Y)), f(X, f(f(f(Y, f(Y, Y)), Y), f(f(Y, Y), Y)))), f(f(Y, Y), Y)) -> f(f(f(Y, f(Y, Y)), Y), f(f(Y, Y), Y))
19. f(f(f(f(f(f(X, X), X), f(f(X, X), X)), f(X, X)), f(f(f(X, f(X, X)), X), f(f(X, X), X))), f(f(X, X), X)) -> f(f(f(X, f(X, X)), X), f(f(X, X), X))
20. f(f(f(f(X, X), f(f(f(Y, f(Y, Y)), Y), f(f(Y, Y), Y))), f(X, f(f(Y, Y), Y))), f(f(f(Y, f(Y, Y)), Y), f(f(Y, Y), Y))) -> f(f(Y, Y), Y)
21. f(f(f(f(X, X), f(f(f(Y, Y), f(Y, Y)), f(Y, Y))), f(X, f(f(f(Y, Y), Y), f(f(Y, Y), f(Y, Y))))), Y) -> f(f(f(Y, Y), Y), f(f(Y, Y), f(Y, Y)))
22. f(f(f(f(X, X), Y), f(X, f(f(f(Y, f(Y, Y)), Y), f(f(Y, Y), Y)))), f(f(f(Y, f(Y, Y)), Y), f(f(Y, Y), Y))) -> f(f(f(Y, f(Y, Y)), Y), f(f(Y, Y), Y))
23. f(f(f(f(f(f(X, X), X), f(f(X, X), X)), X), f(f(f(X, f(X, X)), X), f(f(X, X), X))), f(f(f(X, f(X, X)), X), f(f(X, X), X))) -> f(f(f(X, f(X, X)), X), f(f(X, X), X))
24. f(f(f(f(f(f(f(X, f(X, X)), X), f(f(X, X), X)), X), f(f(f(X, f(X, X)), X), f(f(X, X), X))), f(X, f(f(f(X, f(X, X)), X), f(f(X, X), X)))), f(f(f(f(f(f(X, f(X, X)), X), f(f(X, X), X)), X), f(f(f(X, f(X, X)), X), f(f(X, X), X))), f(X, f(f(f(X, f(X, X)), X), f(f(X, X), X))))) -> f(f(f(X, f(X, X)), X), f(f(X, X), X))
25. f(f(f(f(f(f(X, f(X, X)), X), f(f(X, X), X)), f(f(X, f(f(f(X, f(X, X)), X), f(f(X, X), X))), Y)), X), Y) -> f(X, f(f(f(X, f(X, X)), X), f(f(X, X), X)))
26. f(f(f(f(f(f(f(X, X), f(Y, f(Z, Z))), f(X, Y)), f(f(f(X, X), f(Y, f(Z, Z))), f(X, Y))), f(f(Z, Z), f(f(Z, Z), Z))), Y), f(f(f(Z, f(Z, Z)), Z), f(f(Z, Z), Z))) -> Z
27. f(f(f(f(f(f(X, X), X), f(f(X, X), X)), f(f(f(f(X, f(X, X)), X), f(f(X, X), X)), Y)), f(f(f(X, f(X, X)), X), f(f(X, X), X))), Y) -> f(f(f(X, f(X, X)), X), f(f(X, X), X))
28. f(f(f(f(f(f(X, f(f(f(X, X), X), f(Y, Y))), f(X, X)), f(f(X, f(f(f(X, X), X), f(Y, Y))), f(X, X))), f(f(Y, Y), f(f(Y, Y), Y))), f(f(X, X), X)), f(f(f(Y, f(Y, Y)), Y), f(f(Y, Y), Y))) -> Y
29. f(f(f(f(f(f(X, X), f(Y, f(Z, Z))), f(X, Y)), f(f(f(X, X), f(Y, f(Z, Z))), f(X, Y))), f(f(Z, Z), f(f(Z, Z), Z))), Y) -> f(f(f(Z, f(Z, Z)), Z), f(f(Z, Z), Z))
30. f(f(X, f(f(Y, Y), f(f(Y, Y), Y))), f(f(f(f(X, f(X, X)), X), f(f(X, X), X)), f(Y, Y))) -> f(f(f(Y, f(Y, Y)), Y), f(f(Y, Y), Y))
31. f(f(f(f(f(X, f(f(f(X, X), X), f(Y, Y))), f(X, X)), f(f(X, f(f(f(X, X), X), f(Y, Y))), f(X, X))), f(f(Y, Y), f(f(Y, Y), Y))), f(f(X, X), X)) -> f(f(f(Y, f(Y, Y)), Y), f(f(Y, Y), Y))
32. f(f(f(f(f(X, X), f(f(X, X), X)), f(f(f(X, f(X, X)), X), f(f(X, X), X))), f(f(f(X, X), f(f(X, X), X)), f(f(X, X), f(f(X, X), X)))), f(f(f(X, X), f(f(X, X), X)), f(X, X))) -> f(f(f(f(X, X), f(f(X, X), X)), f(f(X, X), f(f(X, X), X))), f(f(X, X), f(f(X, X), X)))
33. f(f(f(f(f(f(X, f(f(f(X, f(X, X)), X), f(f(X, X), X))), f(X, X)), f(f(X, f(f(f(X, f(X, X)), X), f(f(X, X), X))), f(X, X))), f(X, X)), f(f(X, X), X)), f(f(X, X), X)) -> f(f(f(X, f(X, X)), X), f(f(X, X), X))
34. f(f(f(f(f(f(f(f(X, X), f(X, X)), f(X, X)), f(f(f(X, X), f(X, X)), f(f(X, X), f(X, X)))), f(f(f(f(X, X), f(X, X)), f(X, X)), f(f(f(X, X), f(X, X)), f(f(X, X), f(X, X))))), f(f(X, X), f(f(X, X), X))), f(f(f(f(X, X), f(X, X)), f(f(X, X), f(X, X))), f(f(X, X), f(X, X)))), f(f(f(X, f(X, X)), X), f(f(X, X), X))) -> X
35. f(f(f(X, X), f(f(f(f(f(f(f(X, f(X, X)), X), f(f(X, X), X)), X), f(f(f(X, f(X, X)), X), f(f(X, X), X))), f(X, f(f(f(X, f(X, X)), X), f(f(X, X), X)))), f(X, X))), X) -> f(X, X)
36. f(f(f(f(f(f(X, f(f(f(X, f(X, X)), X), f(f(X, X), X))), f(X, X)), f(f(X, f(f(f(X, f(X, X)), X), f(f(X, X), X))), f(X, X))), X), f(f(X, X), X)), f(f(f(X, f(X, X)), X), f(f(X, X), X))) -> f(f(f(X, f(X, X)), X), f(f(X, X), X))
37. f(f(f(f(f(f(f(X, X), f(X, X)), f(X, X)), f(f(f(X, X), f(X, X)), f(f(X, X), f(X, X)))), f(f(f(f(X, X), f(X, X)), f(X, X)), f(f(f(X, X), f(X, X)), f(f(X, X), f(X, X))))), f(f(X, X), f(f(X, X), X))), f(f(f(f(X, X), f(X, X)), f(f(X, X), f(X, X))), f(f(X, X), f(X, X)))) -> f(f(f(X, f(X, X)), X), f(f(X, X), X))
38. f(f(f(f(f(f(X, f(X, X)), X), f(f(X, X), X)), X), f(f(f(X, f(X, X)), X), f(f(X, X), X))), f(X, f(f(f(X, f(X, X)), X), f(f(X, X), X)))) -> f(f(f(?, ?), f(X, f(X, f(f(f(X, f(X, X)), X), f(f(X, X), X))))), f(?, X))
39. f(f(f(X, X), f(Y, f(Y, f(f(f(Y, f(Y, Y)), Y), f(f(Y, Y), Y))))), f(X, Y)) ~> f(f(f(?, ?), f(Y, f(Y, f(f(f(Y, f(Y, Y)), Y), f(f(Y, Y), Y))))), f(?, Y))
40. f(f(X, f(f(f(X, f(X, X)), X), f(f(X, X), X))), f(f(f(?, ?), f(X, f(X, f(f(f(X, f(X, X)), X), f(f(X, X), X))))), f(?, X))) -> f(f(f(?, ?), f(X, f(X, f(f(f(X, f(X, X)), X), f(f(X, X), X))))), f(?, X))
41. f(f(f(f(f(f(X, f(f(f(f(X, f(X, X)), X), f(f(X, X), X)), Y)), X), f(f(X, f(f(f(f(X, f(X, X)), X), f(f(X, X), X)), Y)), X)), f(Y, Z)), f(f(f(X, f(X, X)), X), f(f(X, X), X))), Z) -> Y
42. f(f(f(f(f(f(f(X, X), Y), f(X, f(f(f(Z, Z), f(Y, W)), f(Z, Y)))), f(f(f(X, X), Y), f(X, f(f(f(Z, Z), f(Y, W)), f(Z, Y))))), f(W, V)), f(f(f(Z, Z), f(Y, W)), f(Z, Y))), V) -> W
43. f(f(f(f(f(f(f(f(f(f(X, X), f(Y, Z)), f(X, Y)), f(f(f(X, X), f(Y, Z)), f(X, Y))), f(Z, W)), Y), f(f(f(f(f(f(X, X), f(Y, Z)), f(X, Y)), f(f(f(X, X), f(Y, Z)), f(X, Y))), f(Z, W)), Y)), f(W, V)), Z), V) -> W
44. f(f(X, f(f(f(f(?, ?), f(X, f(X, f(f(f(X, f(X, X)), X), f(f(X, X), X))))), f(?, X)), f(f(X, f(X, X)), X))), f(f(X, X), X)) -> f(f(X, f(X, X)), X)
45. f(f(f(f(?, ?), f(X, f(X, f(f(f(X, f(X, X)), X), f(f(X, X), X))))), f(?, X)), f(f(f(?, ?), f(X, f(X, f(f(f(X, f(X, X)), X), f(f(X, X), X))))), f(?, X))) -> f(f(f(X, f(X, X)), X), f(f(X, X), X))
46. f(f(f(f(f(f(X, f(f(f(X, f(X, X)), X), f(f(X, X), X))), f(X, X)), f(f(X, f(f(f(X, f(X, X)), X), f(f(X, X), X))), f(X, X))), f(f(f(f(X, f(X, X)), X), f(f(X, X), X)), Y)), f(f(X, X), X)), Y) -> f(f(f(X, f(X, X)), X), f(f(X, X), X))
47. f(f(f(f(f(f(f(f(f(X, X), X), f(f(X, X), X)), f(X, X)), f(f(f(X, f(X, X)), X), f(f(X, X), X))), f(f(f(f(f(X, X), X), f(f(X, X), X)), f(X, X)), f(f(f(X, f(X, X)), X), f(f(X, X), X)))), f(f(f(X, f(X, X)), X), f(f(X, X), X))), f(f(f(X, f(X, X)), X), f(f(X, X), X))), f(f(f(X, f(X, X)), X), f(f(X, X), X))) -> f(f(X, X), X)
48. f(f(f(f(f(f(f(X, X), f(f(Y, Y), Y)), f(X, f(f(Y, f(f(f(Y, Y), Y), Z)), f(Y, Y)))), f(f(f(X, X), f(f(Y, Y), Y)), f(X, f(f(Y, f(f(f(Y, Y), Y), Z)), f(Y, Y))))), f(Z, W)), f(f(Y, f(f(f(Y, Y), Y), Z)), f(Y, Y))), W) -> Z
49. f(f(f(f(f(f(f(f(f(X, f(f(f(X, X), X), Y)), f(X, X)), f(f(X, f(f(f(X, X), X), Y)), f(X, X))), f(Y, Z)), f(f(X, X), X)), f(f(f(f(f(X, f(f(f(X, X), X), Y)), f(X, X)), f(f(X, f(f(f(X, X), X), Y)), f(X, X))), f(Y, Z)), f(f(X, X), X))), f(Z, W)), Y), W) -> Z
50. f(f(f(f(f(f(X, f(Y, Z)), f(f(f(f(X, f(X, X)), X), f(f(X, X), X)), Y)), f(f(X, f(Y, Z)), f(f(f(f(X, f(X, X)), X), f(f(X, X), X)), Y))), f(Z, W)), Y), W) -> Z
51. f(f(f(f(f(f(X, f(X, X)), X), f(f(X, X), X)), f(f(f(?, ?), f(X, f(X, f(f(f(X, f(X, X)), X), f(f(X, X), X))))), f(?, X))), X), f(f(f(?, ?), f(X, f(X, f(f(f(X, f(X, X)), X), f(f(X, X), X))))), f(?, X))) -> f(X, f(f(f(X, f(X, X)), X), f(f(X, X), X)))
52. f(f(f(f(f(f(f(f(f(X, f(X, X)), X), f(f(X, X), X)), f(f(X, f(f(f(X, f(X, X)), X), f(f(X, X), X))), Y)), X), f(f(f(f(f(X, f(X, X)), X), f(f(X, X), X)), f(f(X, f(f(f(X, f(X, X)), X), f(f(X, X), X))), Y)), X)), f(Y, Z)), f(X, f(f(f(X, f(X, X)), X), f(f(X, X), X)))), Z) -> Y
53. f(f(f(f(X, X), f(f(Y, Y), Y)), f(X, f(f(Y, f(f(f(Y, f(Y, Y)), Y), f(f(Y, Y), Y))), f(Y, Y)))), f(f(f(Y, f(Y, Y)), Y), f(f(Y, Y), Y))) -> f(f(Y, f(f(f(Y, f(Y, Y)), Y), f(f(Y, Y), Y))), f(Y, Y))
54. f(f(f(f(f(f(f(X, X), f(f(f(Y, Y), f(Y, Y)), f(Y, Y))), f(X, f(f(f(Y, Y), Y), f(f(Y, Y), f(Y, Y))))), f(f(f(X, X), f(f(f(Y, Y), f(Y, Y)), f(Y, Y))), f(X, f(f(f(Y, Y), Y), f(f(Y, Y), f(Y, Y)))))), f(Y, Z)), f(f(f(Y, Y), Y), f(f(Y, Y), f(Y, Y)))), Z) -> Y
55. f(f(f(f(f(f(f(f(f(f(X, X), X), f(f(X, X), f(X, X))), f(f(f(X, X), X), f(f(X, X), f(X, X)))), f(X, Y)), f(f(f(X, X), f(X, X)), f(X, X))), f(f(f(f(f(f(X, X), X), f(f(X, X), f(X, X))), f(f(f(X, X), X), f(f(X, X), f(X, X)))), f(X, Y)), f(f(f(X, X), f(X, X)), f(X, X)))), f(Y, Z)), X), Z) -> Y
56. f(f(f(f(f(f(f(X, X), f(Y, f(f(f(Z, Z), f(W, V)), f(Z, W)))), f(X, Y)), f(f(f(X, X), f(Y, f(f(f(Z, Z), f(W, V)), f(Z, W)))), f(X, Y))), W), Y), V) -> f(f(f(Z, Z), f(W, V)), f(Z, W))
57. f(f(f(f(f(f(f(X, X), Y), f(X, f(f(f(Y, f(Y, Y)), Y), f(f(Y, Y), Y)))), f(f(f(X, X), Y), f(X, f(f(f(Y, f(Y, Y)), Y), f(f(Y, Y), Y))))), f(Y, Y)), f(f(f(Y, f(Y, Y)), Y), f(f(Y, Y), Y))), f(f(Y, Y), Y)) -> f(f(f(Y, f(Y, Y)), Y), f(f(Y, Y), Y))
58. f(f(f(f(f(f(f(f(f(X, X), X), f(f(X, X), X)), X), f(f(f(X, f(X, X)), X), f(f(X, X), X))), f(f(f(f(f(X, X), X), f(f(X, X), X)), X), f(f(f(X, f(X, X)), X), f(f(X, X), X)))), f(X, X)), f(f(f(X, f(X, X)), X), f(f(X, X), X))), f(f(X, X), X)) -> f(f(f(X, f(X, X)), X), f(f(X, X), X))
59. f(f(f(f(f(f(f(f(f(X, X), X), f(f(X, X), X)), X), f(f(f(X, f(X, X)), X), f(f(X, X), X))), f(f(f(f(f(X, X), X), f(f(X, X), X)), X), f(f(f(X, f(X, X)), X), f(f(X, X), X)))), X), f(f(f(X, f(X, X)), X), f(f(X, X), X))), f(f(f(X, f(X, X)), X), f(f(X, X), X))) -> f(f(f(X, f(X, X)), X), f(f(X, X), X))
60. f(f(f(f(f(f(X, f(X, X)), X), f(f(X, X), X)), f(Y, Z)), f(f(f(f(?, ?), f(X, f(X, f(f(f(X, f(X, X)), X), f(f(X, X), X))))), f(?, X)), Y)), Z) -> Y
61. f(f(f(f(f(f(X, X), f(f(Y, Y), f(f(Y, Y), Y))), f(f(X, X), f(f(Y, Y), f(f(Y, Y), Y)))), f(f(X, f(Y, Y)), Z)), f(f(f(Y, f(Y, Y)), Y), f(f(Y, Y), Y))), Z) -> f(X, f(Y, Y))
62. f(f(f(f(f(f(f(X, X), f(Y, Y)), f(X, f(f(f(Y, f(Y, Y)), Y), f(f(Y, Y), Y)))), f(f(f(X, X), f(Y, Y)), f(X, f(f(f(Y, f(Y, Y)), Y), f(f(Y, Y), Y))))), f(f(f(Y, Y), Y), Z)), f(f(f(Y, f(Y, Y)), Y), f(f(Y, Y), Y))), Z) -> f(f(Y, Y), Y)
63. f(f(f(f(f(f(f(X, X), f(Y, Y)), f(X, f(f(f(Y, f(Y, Y)), Y), f(f(Y, Y), Y)))), f(f(f(X, X), f(Y, Y)), f(X, f(f(f(Y, f(Y, Y)), Y), f(f(Y, Y), Y))))), f(f(f(Y, f(Y, Y)), Y), f(f(Y, Y), Y))), f(f(f(Y, f(Y, Y)), Y), f(f(Y, Y), Y))), f(f(f(Y, f(Y, Y)), Y), f(f(Y, Y), Y))) -> f(f(Y, Y), Y)
64. f(f(f(f(f(f(f(f(f(X, X), X), f(f(X, X), X)), f(X, X)), f(f(f(X, f(X, X)), X), f(f(X, X), X))), f(f(f(f(f(X, X), X), f(f(X, X), X)), f(X, X)), f(f(f(X, f(X, X)), X), f(f(X, X), X)))), f(f(f(X, X), X), Y)), f(f(f(X, f(X, X)), X), f(f(X, X), X))), Y) -> f(f(X, X), X)
65. f(f(X, f(f(f(f(f(f(f(Y, Y), f(X, f(Z, W))), f(Y, X)), f(f(f(f(Y, Y), f(X, f(Z, W))), f(Y, X)), f(f(f(Y, Y), f(X, f(Z, W))), f(Y, X)))), f(f(f(Y, Y), f(X, f(Z, W))), f(Y, X))), f(f(f(f(f(Y, Y), f(X, f(Z, W))), f(Y, X)), f(f(f(Y, Y), f(X, f(Z, W))), f(Y, X))), f(f(f(Y, Y), f(X, f(Z, W))), f(Y, X)))), Z)), W) -> Z
66. f(f(f(f(X, X), f(Y, f(f(f(f(f(f(Z, Z), Y), f(f(f(Z, Z), Y), f(f(Z, Z), Y))), f(f(Z, Z), Y)), f(f(f(f(Z, Z), Y), f(f(Z, Z), Y)), f(f(Z, Z), Y))), Z))), f(X, Y)), f(f(f(X, X), f(Y, f(f(f(f(f(f(Z, Z), Y), f(f(f(Z, Z), Y), f(f(Z, Z), Y))), f(f(Z, Z), Y)), f(f(f(f(Z, Z), Y), f(f(Z, Z), Y)), f(f(Z, Z), Y))), Z))), f(X, Y))) -> Z
67. f(f(f(f(X, X), X), f(f(f(f(f(f(X, f(f(f(X, X), X), f(Y, Z))), f(X, X)), f(f(f(X, f(f(f(X, X), X), f(Y, Z))), f(X, X)), f(f(X, f(f(f(X, X), X), f(Y, Z))), f(X, X)))), f(f(X, f(f(f(X, X), X), f(Y, Z))), f(X, X))), f(f(f(f(X, f(f(f(X, X), X), f(Y, Z))), f(X, X)), f(f(X, f(f(f(X, X), X), f(Y, Z))), f(X, X))), f(f(X, f(f(f(X, X), X), f(Y, Z))), f(X, X)))), Y)), Z) -> Y
68. f(f(f(f(f(f(f(X, X), Y), f(X, f(f(f(Y, f(Y, Y)), Y), f(f(Y, Y), Y)))), f(f(f(X, X), Y), f(X, f(f(f(Y, f(Y, Y)), Y), f(f(Y, Y), Y))))), Y), f(f(f(Y, f(Y, Y)), Y), f(f(Y, Y), Y))), f(f(f(Y, f(Y, Y)), Y), f(f(Y, Y), Y))) -> f(f(f(Y, f(Y, Y)), Y), f(f(Y, Y), Y))
69. f(f(f(X, f(f(f(X, X), X), f(f(f(f(f(f(Y, Y), f(f(X, X), X)), f(f(f(Y, Y), f(f(X, X), X)), f(f(Y, Y), f(f(X, X), X)))), f(f(Y, Y), f(f(X, X), X))), f(f(f(f(Y, Y), f(f(X, X), X)), f(f(Y, Y), f(f(X, X), X))), f(f(Y, Y), f(f(X, X), X)))), Y))), f(X, X)), f(f(X, f(f(f(X, X), X), f(f(f(f(f(f(Y, Y), f(f(X, X), X)), f(f(f(Y, Y), f(f(X, X), X)), f(f(Y, Y), f(f(X, X), X)))), f(f(Y, Y), f(f(X, X), X))), f(f(f(f(Y, Y), f(f(X, X), X)), f(f(Y, Y), f(f(X, X), X))), f(f(Y, Y), f(f(X, X), X)))), Y))), f(X, X))) -> Y
70. f(f(f(f(f(f(f(X, X), f(Y, f(f(f(Z, f(Z, Z)), Z), f(f(Z, Z), Z)))), f(X, Y)), f(f(f(X, X), f(Y, f(f(f(Z, f(Z, Z)), Z), f(f(Z, Z), Z)))), f(X, Y))), Z), Y), f(f(f(Z, f(Z, Z)), Z), f(f(Z, Z), Z))) -> f(f(f(Z, f(Z, Z)), Z), f(f(Z, Z), Z))
71. f(f(f(f(f(X, f(X, X)), X), f(f(X, X), X)), f(f(f(f(f(f(X, X), X), f(f(f(X, X), X), f(f(X, X), X))), f(f(X, X), X)), f(f(f(f(X, X), X), f(f(X, X), X)), f(f(X, X), X))), f(f(X, f(X, X)), X))), f(f(X, X), X)) -> f(f(X, f(X, X)), X)
72. f(f(f(f(f(f(f(f(f(X, X), X), f(f(X, X), X)), f(f(f(f(X, f(X, X)), X), f(f(X, X), X)), Y)), f(f(f(X, f(X, X)), X), f(f(X, X), X))), f(f(f(f(f(X, X), X), f(f(X, X), X)), f(f(f(f(X, f(X, X)), X), f(f(X, X), X)), Y)), f(f(f(X, f(X, X)), X), f(f(X, X), X)))), f(Y, Z)), f(f(f(X, f(X, X)), X), f(f(X, X), X))), Z) -> Y
73. f(f(f(f(f(f(X, X), f(X, X)), f(f(X, X), f(f(X, X), X))), f(f(f(X, X), f(X, X)), f(f(X, X), f(f(X, X), X)))), f(f(f(X, X), f(X, X)), f(f(f(X, X), f(X, X)), f(X, X)))), f(f(f(X, f(X, X)), X), f(f(X, X), X))) -> f(f(f(f(X, X), f(f(X, X), f(X, X))), f(X, X)), f(f(f(X, X), f(X, X)), f(X, X)))
74. f(f(f(X, f(f(f(f(f(f(f(X, X), Y), f(f(f(X, X), Y), f(f(X, X), Y))), f(f(X, X), Y)), f(f(f(f(X, X), Y), f(f(X, X), Y)), f(f(X, X), Y))), X), Z)), Y), Z) -> f(f(f(f(f(f(X, X), Y), f(f(f(X, X), Y), f(f(X, X), Y))), f(f(X, X), Y)), f(f(f(f(X, X), Y), f(f(X, X), Y)), f(f(X, X), Y))), X)
75. f(f(f(f(f(f(f(X, X), Y), f(X, f(f(f(Y, f(Y, Y)), Y), f(f(Y, Y), Y)))), f(f(f(X, X), Y), f(X, f(f(f(Y, f(Y, Y)), Y), f(f(Y, Y), Y))))), f(f(f(f(Y, f(Y, Y)), Y), f(f(Y, Y), Y)), Z)), f(f(f(Y, f(Y, Y)), Y), f(f(Y, Y), Y))), Z) -> f(f(f(Y, f(Y, Y)), Y), f(f(Y, Y), Y))
76. f(f(f(f(f(f(X, Y), f(X, Y)), f(f(X, Y), f(X, Y))), f(f(X, Y), f(X, Y))), f(f(f(f(f(f(f(f(X, Y), f(X, Y)), f(X, Y)), f(f(f(X, Y), f(X, Y)), f(f(X, Y), f(X, Y)))), f(f(f(f(f(X, Y), f(X, Y)), f(X, Y)), f(f(f(X, Y), f(X, Y)), f(f(X, Y), f(X, Y)))), f(f(f(f(X, Y), f(X, Y)), f(X, Y)), f(f(f(X, Y), f(X, Y)), f(f(X, Y), f(X, Y)))))), f(f(f(f(X, Y), f(X, Y)), f(X, Y)), f(f(f(X, Y), f(X, Y)), f(f(X, Y), f(X, Y))))), f(f(f(f(f(f(X, Y), f(X, Y)), f(X, Y)), f(f(f(X, Y), f(X, Y)), f(f(X, Y), f(X, Y)))), f(f(f(f(X, Y), f(X, Y)), f(X, Y)), f(f(f(X, Y), f(X, Y)), f(f(X, Y), f(X, Y))))), f(f(f(f(X, Y), f(X, Y)), f(X, Y)), f(f(f(X, Y), f(X, Y)), f(f(X, Y), f(X, Y)))))), X)), Y) -> X
77. f(f(f(f(X, X), f(f(f(Y, f(Y, Y)), Y), f(f(Y, Y), Y))), f(X, f(f(Y, f(f(f(f(Y, f(Y, Y)), Y), f(f(Y, Y), Y)), Z)), Y))), Z) -> f(f(Y, f(f(f(f(Y, f(Y, Y)), Y), f(f(Y, Y), Y)), Z)), Y)
78. f(f(f(f(f(f(f(X, X), f(f(f(Y, f(Y, Y)), Y), f(f(Y, Y), Y))), f(X, f(f(Y, Y), Y))), f(f(f(X, X), f(f(f(Y, f(Y, Y)), Y), f(f(Y, Y), Y))), f(X, f(f(Y, Y), Y)))), Y), f(f(Y, Y), Y)), f(f(f(Y, f(Y, Y)), Y), f(f(Y, Y), Y))) -> f(f(f(Y, f(Y, Y)), Y), f(f(Y, Y), Y))
79. f(f(f(f(f(f(X, f(f(f(X, X), X), f(f(f(Y, Y), f(Z, W)), f(Y, Z)))), f(X, X)), f(f(X, f(f(f(X, X), X), f(f(f(Y, Y), f(Z, W)), f(Y, Z)))), f(X, X))), Z), f(f(X, X), X)), W) -> f(f(f(Y, Y), f(Z, W)), f(Y, Z))
80. f(f(f(f(f(f(f(f(X, X), f(X, Y)), f(f(X, X), f(X, Y))), f(f(X, X), f(f(X, X), X))), f(f(f(f(X, X), f(X, Y)), f(f(X, X), f(X, Y))), f(f(X, X), f(f(X, X), X)))), X), f(f(f(X, f(X, X)), X), f(f(X, X), X))), Y) -> f(f(f(X, X), f(X, Y)), f(X, X))
81. f(f(f(f(f(f(f(X, X), f(Y, f(f(Z, f(f(f(Z, Z), Z), W)), f(Z, Z)))), f(X, Y)), f(f(f(X, X), f(Y, f(f(Z, f(f(f(Z, Z), Z), W)), f(Z, Z)))), f(X, Y))), f(f(Z, Z), Z)), Y), W) -> f(f(Z, f(f(f(Z, Z), Z), W)), f(Z, Z))
82. f(f(f(X, X), f(f(f(f(?, ?), f(X, f(X, f(f(f(X, f(X, X)), X), f(f(X, X), X))))), f(?, X)), f(X, X))), X) -> f(X, X)
83. f(f(f(f(f(f(f(f(f(X, X), X), f(f(X, X), X)), X), f(f(f(X, f(X, X)), X), f(f(X, X), X))), f(f(f(f(f(X, X), X), f(f(X, X), X)), X), f(f(f(X, f(X, X)), X), f(f(X, X), X)))), f(f(f(f(X, f(X, X)), X), f(f(X, X), X)), Y)), f(f(f(X, f(X, X)), X), f(f(X, X), X))), Y) -> f(f(f(X, f(X, X)), X), f(f(X, X), X))
84. f(f(f(f(X, X), f(f(f(Y, f(Y, Y)), Y), f(f(Y, Y), Y))), f(X, f(f(Z, Z), f(f(Y, Y), f(f(Y, Y), Y))))), f(Z, f(Y, Y))) -> f(f(Z, Z), f(f(Y, Y), f(f(Y, Y), Y)))
85. f(f(f(f(f(X, X), f(X, X)), f(f(f(X, f(X, X)), X), f(f(X, X), X))), f(f(X, X), f(f(X, X), X))), f(f(f(f(X, X), f(X, X)), f(f(f(X, f(X, X)), X), f(f(X, X), X))), f(f(X, X), f(f(X, X), X)))) -> f(X, X)
86. f(f(f(f(X, X), X), f(f(X, X), X)), f(f(f(X, f(X, X)), X), f(f(X, X), X))) -> f(f(f(X, f(X, X)), X), f(f(X, X), X))
87. f(f(f(f(f(X, f(X, X)), X), f(f(X, X), X)), f(f(f(X, X), X), f(f(X, X), X))), f(f(f(X, f(X, X)), X), f(f(X, X), X))) -> f(f(X, X), X)
88. f(f(f(f(f(X, f(X, X)), X), f(f(X, X), X)), f(f(f(X, X), X), f(f(X, f(X, X)), X))), f(f(X, X), X)) -> f(f(X, f(X, X)), X)
89. f(f(f(f(f(f(f(X, X), X), f(f(X, X), X)), f(f(f(X, X), X), f(f(X, X), X))), X), f(f(f(X, f(X, X)), X), f(f(X, X), X))), f(f(f(X, f(X, X)), X), f(f(X, X), X))) -> f(f(f(X, f(X, X)), X), f(f(X, X), X))
90. f(f(f(f(f(f(f(X, X), X), f(f(X, X), X)), f(f(f(X, X), X), f(f(X, X), X))), f(X, X)), f(f(f(X, f(X, X)), X), f(f(X, X), X))), f(f(X, X), X)) -> f(f(f(X, f(X, X)), X), f(f(X, X), X))
91. f(f(f(f(X, X), f(f(f(Y, f(Y, Y)), Y), f(f(Y, Y), Y))), f(X, f(f(f(Y, Y), Y), f(f(Y, Y), Y)))), f(f(f(Y, f(Y, Y)), Y), f(f(Y, Y), Y))) -> f(f(f(Y, Y), Y), f(f(Y, Y), Y))
92. f(f(f(f(f(X, f(X, X)), X), f(f(X, X), X)), f(f(f(X, X), X), f(f(f(X, X), X), f(f(X, X), X)))), f(f(f(X, f(X, X)), X), f(f(X, X), X))) -> f(f(f(X, X), X), f(f(X, X), X))
93. f(f(f(f(f(f(f(f(X, f(X, X)), X), f(f(X, X), X)), f(f(f(X, X), X), f(f(X, f(X, X)), X))), f(f(f(f(X, f(X, X)), X), f(f(X, X), X)), f(f(f(X, X), X), f(f(X, f(X, X)), X)))), f(f(f(X, f(X, X)), X), f(f(X, X), X))), f(f(X, f(X, X)), X)), f(f(f(X, f(X, X)), X), f(f(X, X), X))) -> f(f(X, X), X)
94. f(f(f(f(f(f(f(X, X), X), f(f(X, X), X)), f(f(f(X, X), X), f(f(X, X), X))), f(f(f(f(X, f(X, X)), X), f(f(X, X), X)), Y)), f(f(f(X, f(X, X)), X), f(f(X, X), X))), Y) -> f(f(f(X, f(X, X)), X), f(f(X, X), X))
95. f(f(f(f(f(f(f(f(X, f(X, X)), X), f(f(X, X), X)), f(f(f(X, X), X), f(f(X, X), X))), f(f(f(f(X, f(X, X)), X), f(f(X, X), X)), f(f(f(X, X), X), f(f(X, X), X)))), X), f(f(X, X), X)), f(f(f(X, f(X, X)), X), f(f(X, X), X))) -> f(f(f(X, f(X, X)), X), f(f(X, X), X))
96. f(f(f(f(X, X), f(f(f(f(X, X), f(X, X)), f(f(f(X, f(X, X)), X), f(f(X, X), X))), f(f(X, X), f(f(X, X), X)))), f(f(X, X), f(X, X))), f(f(f(f(X, X), f(X, X)), f(f(f(X, f(X, X)), X), f(f(X, X), X))), f(f(X, X), f(f(X, X), X)))) -> f(f(f(X, X), f(X, X)), f(X, X))
97. f(f(f(f(f(f(f(f(X, f(X, X)), X), f(f(X, X), X)), f(f(f(X, X), X), f(f(X, f(X, X)), X))), f(f(f(f(X, f(X, X)), X), f(f(X, X), X)), f(f(f(X, X), X), f(f(X, f(X, X)), X)))), f(f(f(X, X), X), Y)), f(f(X, f(X, X)), X)), Y) -> f(f(X, X), X)
98. f(f(f(f(f(f(f(f(X, f(X, X)), X), f(f(X, X), X)), f(f(f(X, X), X), f(f(X, X), X))), f(f(f(f(X, f(X, X)), X), f(f(X, X), X)), f(f(f(X, X), X), f(f(X, X), X)))), f(X, X)), f(f(X, X), X)), f(f(X, X), X)) -> f(f(f(X, f(X, X)), X), f(f(X, X), X))
99. f(f(f(f(f(X, f(X, X)), X), f(f(X, X), X)), f(f(f(X, X), X), f(f(X, f(f(f(f(X, f(X, X)), X), f(f(X, X), X)), Y)), X))), Y) -> f(f(X, f(f(f(f(X, f(X, X)), X), f(f(X, X), X)), Y)), X)
100. f(f(f(f(f(f(f(f(f(X, X), f(f(X, X), f(X, X))), f(X, X)), f(f(f(X, X), f(X, X)), f(X, X))), f(f(f(f(X, X), f(X, X)), f(X, X)), f(f(f(X, X), f(f(X, X), f(X, X))), f(X, X)))), f(f(f(f(f(X, X), f(f(X, X), f(X, X))), f(X, X)), f(f(f(X, X), f(X, X)), f(X, X))), f(f(f(f(X, X), f(X, X)), f(X, X)), f(f(f(X, X), f(f(X, X), f(X, X))), f(X, X))))), X), f(f(f(X, X), f(f(X, X), f(X, X))), f(X, X))), X) -> f(f(f(X, X), f(X, X)), f(X, X))
101. f(f(f(f(f(X, f(X, X)), X), f(f(X, X), X)), f(f(f(X, X), X), f(f(Y, Y), f(f(X, X), f(f(X, X), X))))), f(Y, f(X, X))) -> f(f(Y, Y), f(f(X, X), f(f(X, X), X)))
102. f(f(f(f(X, X), f(Y, Z)), f(f(f(f(f(X, X), f(X, X)), f(f(f(X, f(X, X)), X), f(f(X, X), X))), f(f(X, X), f(f(X, X), X))), Y)), Z) -> Y
103. f(f(f(f(X, X), f(f(f(f(X, f(X, X)), X), f(f(X, X), X)), Y)), f(f(X, X), X)), Y) -> f(f(f(X, f(X, X)), X), f(f(X, X), X))
104. f(f(f(f(X, X), f(X, X)), f(f(X, X), X)), f(f(X, X), X)) -> f(f(f(X, f(X, X)), X), f(f(X, X), X))
105. f(f(f(f(f(X, X), f(f(X, X), X)), f(f(f(X, X), f(f(X, X), X)), f(f(X, X), f(f(X, X), X)))), f(f(X, X), f(f(X, X), X))), f(f(f(f(X, X), f(f(X, X), X)), f(f(X, X), f(f(X, X), X))), f(f(X, X), f(f(X, X), X)))) -> f(f(f(f(f(X, f(X, X)), X), f(f(X, X), X)), f(f(f(f(X, X), f(f(X, X), X)), f(f(X, X), f(f(X, X), X))), f(f(X, X), f(f(X, X), X)))), f(X, X))
106. f(f(f(f(f(f(f(X, X), f(X, X)), f(f(X, X), X)), f(f(f(X, X), f(X, X)), f(f(X, X), X))), f(f(f(X, f(X, X)), X), f(f(X, X), X))), f(f(f(X, f(X, X)), X), f(f(X, X), X))), f(f(f(X, f(X, X)), X), f(f(X, X), X))) -> f(f(X, X), X)
107. f(f(f(f(f(f(X, f(X, X)), X), f(f(X, X), X)), f(f(f(f(X, X), f(f(X, X), X)), f(f(X, X), f(f(X, X), X))), f(f(X, X), f(f(X, X), X)))), f(X, X)), f(f(f(f(f(X, f(X, X)), X), f(f(X, X), X)), f(f(f(f(X, X), f(f(X, X), X)), f(f(X, X), f(f(X, X), X))), f(f(X, X), f(f(X, X), X)))), f(X, X))) -> f(f(X, X), f(f(X, X), X))
108. f(f(f(f(f(f(X, f(X, X)), X), f(f(X, X), X)), f(f(f(f(X, X), f(f(X, X), X)), f(f(X, X), f(f(X, X), X))), f(f(X, X), f(f(X, X), X)))), f(X, X)), f(f(f(f(X, X), f(f(X, X), X)), f(f(X, X), f(f(X, X), X))), f(f(X, X), f(f(X, X), X)))) -> f(f(f(X, X), f(f(X, X), X)), f(f(X, X), f(f(X, X), X)))
109. f(f(f(f(f(f(f(X, X), f(X, X)), f(f(X, X), X)), f(f(f(X, X), f(X, X)), f(f(X, X), X))), f(f(f(X, X), X), Y)), f(f(f(X, f(X, X)), X), f(f(X, X), X))), Y) -> f(f(X, X), X)
110. f(f(f(f(f(f(f(X, X), f(f(f(f(X, f(X, X)), X), f(f(X, X), X)), Y)), f(f(X, X), X)), f(f(f(X, X), f(f(f(f(X, f(X, X)), X), f(f(X, X), X)), Y)), f(f(X, X), X))), f(Y, Z)), f(f(f(X, f(X, X)), X), f(f(X, X), X))), Z) -> Y
111. f(f(f(X, X), f(X, f(f(f(X, f(X, X)), X), f(f(X, X), X)))), f(X, f(f(f(X, f(X, X)), X), f(f(X, X), X)))) -> f(f(f(?, ?), f(X, f(X, f(f(f(X, f(X, X)), X), f(f(X, X), X))))), f(?, X))
112. f(f(f(f(X, X), f(f(f(Y, f(Y, Y)), Y), f(f(Y, Y), Y))), f(X, f(f(f(Y, Y), f(Y, Y)), f(f(Y, Y), Y)))), f(f(Y, Y), Y)) -> f(f(f(Y, Y), f(Y, Y)), f(f(Y, Y), Y))
113. f(f(f(f(f(X, f(X, X)), X), f(f(X, X), X)), f(f(f(X, X), X), f(f(f(X, X), f(X, X)), f(f(X, X), X)))), f(f(X, X), X)) -> f(f(f(X, X), f(X, X)), f(f(X, X), X))
114. f(f(f(f(f(f(f(f(X, X), f(X, X)), f(f(X, X), f(X, X))), f(f(f(X, X), f(X, X)), f(X, X))), f(f(f(f(X, X), f(X, X)), f(f(X, X), f(X, X))), f(f(f(X, X), f(X, X)), f(X, X)))), X), f(f(f(f(X, X), f(f(X, X), f(X, X))), f(X, X)), f(f(f(X, X), f(X, X)), f(X, X)))), X) -> f(f(f(X, X), f(X, X)), f(X, X))
115. f(f(f(f(X, X), f(f(f(?, ?), f(X, f(X, f(f(f(X, f(X, X)), X), f(f(X, X), X))))), f(?, X))), f(X, f(X, f(f(f(X, f(X, X)), X), f(f(X, X), X))))), f(f(f(X, X), f(f(f(?, ?), f(X, f(X, f(f(f(X, f(X, X)), X), f(f(X, X), X))))), f(?, X))), f(X, f(X, f(f(f(X, f(X, X)), X), f(f(X, X), X)))))) -> X
116. f(f(f(f(f(f(f(f(X, f(X, X)), X), f(f(X, X), X)), f(f(f(X, X), X), f(f(X, X), X))), f(f(f(f(X, f(X, X)), X), f(f(X, X), X)), f(f(f(X, X), X), f(f(X, X), X)))), f(f(f(f(X, f(X, X)), X), f(f(X, X), X)), Y)), f(f(X, X), X)), Y) -> f(f(f(X, f(X, X)), X), f(f(X, X), X))
117. f(f(f(f(f(X, X), f(f(X, X), X)), f(f(X, X), f(f(X, X), X))), f(f(X, X), f(f(X, X), X))), f(f(f(f(f(X, f(X, X)), X), f(f(X, X), X)), f(f(f(f(X, X), f(f(X, X), X)), f(f(X, X), f(f(X, X), X))), f(f(X, X), f(f(X, X), X)))), f(X, X))) -> f(f(f(f(f(X, f(X, X)), X), f(f(X, X), X)), f(f(f(f(X, X), f(f(X, X), X)), f(f(X, X), f(f(X, X), X))), f(f(X, X), f(f(X, X), X)))), f(X, X))
118. f(f(f(f(X, X), f(f(Y, f(Y, Y)), Y)), f(X, f(f(f(f(Y, f(Y, Y)), Y), f(f(Y, Y), Y)), f(f(f(Y, Y), Y), f(f(Y, f(Y, Y)), Y))))), f(f(Y, Y), Y)) -> f(f(f(f(Y, f(Y, Y)), Y), f(f(Y, Y), Y)), f(f(f(Y, Y), Y), f(f(Y, f(Y, Y)), Y)))
119. f(f(f(f(f(f(f(f(f(f(X, X), X), f(f(X, X), X)), f(f(f(X, X), X), f(f(X, X), X))), f(X, X)), f(f(f(X, f(X, X)), X), f(f(X, X), X))), f(f(f(f(f(f(X, X), X), f(f(X, X), X)), f(f(f(X, X), X), f(f(X, X), X))), f(X, X)), f(f(f(X, f(X, X)), X), f(f(X, X), X)))), f(f(f(X, f(X, X)), X), f(f(X, X), X))), f(f(f(X, f(X, X)), X), f(f(X, X), X))), f(f(f(X, f(X, X)), X), f(f(X, X), X))) -> f(f(X, X), X)
120. f(f(f(f(f(f(f(X, X), f(Y, f(f(f(Z, f(Z, Z)), Z), f(f(Z, Z), Z)))), f(X, Y)), f(f(f(X, X), f(Y, f(f(f(Z, f(Z, Z)), Z), f(f(Z, Z), Z)))), f(X, Y))), f(Z, Z)), Y), f(f(Z, Z), Z)) -> f(f(f(Z, f(Z, Z)), Z), f(f(Z, Z), Z))
121. f(f(f(f(f(f(f(X, X), f(f(f(Y, f(Y, Y)), Y), f(f(Y, Y), Y))), f(X, f(f(Y, Y), Y))), f(f(f(X, X), f(f(f(Y, f(Y, Y)), Y), f(f(Y, Y), Y))), f(X, f(f(Y, Y), Y)))), f(Y, Y)), f(f(Y, Y), Y)), f(f(Y, Y), Y)) -> f(f(f(Y, f(Y, Y)), Y), f(f(Y, Y), Y))
122. f(f(f(X, Y), f(f(f(f(X, f(X, X)), X), f(f(X, X), X)), f(f(f(Z, Z), f(Y, W)), f(Z, Y)))), W) -> f(f(f(Z, Z), f(Y, W)), f(Z, Y))
123. f(f(f(f(X, X), f(Y, f(f(Y, Y), Y))), f(X, Y)), f(f(f(X, X), f(Y, f(f(Y, Y), Y))), f(X, Y))) -> f(f(f(Y, f(Y, Y)), Y), f(f(Y, Y), Y))
124. f(f(f(f(f(f(X, f(X, X)), X), f(f(X, X), X)), f(f(f(X, X), X), Y)), X), Y) -> f(f(X, X), X)
125. f(f(X, X), f(f(f(X, f(X, X)), X), f(f(X, X), X))) -> f(f(X, X), X)
126. f(f(f(f(f(X, X), f(X, X)), f(X, X)), f(f(X, X), X)), f(f(X, X), X)) -> f(f(f(X, f(X, X)), X), f(f(X, X), X))
127. f(f(f(f(X, X), X), f(X, f(f(X, f(X, X)), X))), f(f(X, X), X)) -> f(f(X, f(X, X)), X)
128. f(f(f(f(X, X), X), f(X, f(f(f(X, X), f(X, X)), f(f(X, X), X)))), f(f(X, X), X)) -> f(f(f(X, X), f(X, X)), f(f(X, X), X))
129. f(f(f(f(X, X), X), f(X, f(f(X, X), X))), f(f(f(X, f(X, X)), X), f(f(X, X), X))) -> f(f(X, X), X)
130. f(f(f(X, f(f(f(f(X, f(X, X)), X), f(f(X, X), X)), X)), X), f(f(X, f(f(f(f(X, f(X, X)), X), f(f(X, X), X)), X)), X)) -> f(f(X, X), X)
131. f(f(X, f(f(f(f(X, f(X, X)), X), f(f(X, X), X)), X)), X) -> f(f(X, X), X)
132. f(f(f(X, X), X), f(f(X, X), X)) -> f(f(X, X), X)
133. f(f(f(f(X, X), X), f(f(f(X, X), X), f(X, X))), X) -> f(X, X)
134. f(f(f(X, f(X, X)), X), f(f(X, X), X)) -> f(f(f(X, X), X), X)
135. f(f(f(f(X, X), X), X), f(f(f(X, X), X), X)) -> X
136. f(f(f(f(X, X), X), X), f(f(X, X), X)) -> f(X, X)
137. f(f(X, X), f(f(f(X, X), X), X)) -> f(f(X, X), X)
138. f(f(f(X, X), X), f(f(f(X, X), X), X)) -> f(f(f(X, X), X), X)
139. f(f(f(X, f(f(X, X), X)), f(X, X)), f(f(X, X), X)) -> f(f(X, X), X)
140. f(f(f(X, f(f(X, X), X)), f(X, X)), f(f(X, f(f(X, X), X)), f(X, X))) -> f(f(X, X), X)
141. f(f(f(f(X, X), X), f(X, f(f(X, X), X))), X) -> f(f(X, X), X)
142. f(X, f(f(f(X, X), X), X)) -> f(f(f(X, X), X), X)
143. f(f(f(X, X), X), X) -> f(X, X)
144. f(f(X, X), f(X, X)) -> X
145. f(f(X, X), X) -> f(X, X)
146. f(X, X) -> X
147. f(X, Y) -> Y
148. X ~> ?

% SZS status Theorem

% SZS output start Proof
Axiom 1 (hyp): X = f(f(f(f(Y, Y), f(X, Z)), f(Y, X)), Z).

Lemma 2: f(f(f(f(X, X), Y), f(X, f(f(f(Z, Z), f(Y, W)), f(Z, Y)))), W) = f(f(f(Z, Z), f(Y, W)), f(Z, Y)).
Proof:
  f(f(f(f(X, X), Y), f(X, f(f(f(Z, Z), f(Y, W)), f(Z, Y)))), W)
= { by axiom 1 (hyp) }
  f(f(f(f(X, X), f(f(f(f(Z, Z), f(Y, W)), f(Z, Y)), W)), f(X, f(f(f(Z, Z), f(Y, W)), f(Z, Y)))), W)
= { by axiom 1 (hyp) R->L }
  f(f(f(Z, Z), f(Y, W)), f(Z, Y))

Lemma 3: f(f(f(f(X, X), f(f(Y, Y), f(f(Y, Y), Y))), f(X, f(Y, Y))), f(f(f(X, X), f(f(Y, Y), f(f(Y, Y), Y))), f(X, f(Y, Y)))) = Y.
Proof:
  f(f(f(f(X, X), f(f(Y, Y), f(f(Y, Y), Y))), f(X, f(Y, Y))), f(f(f(X, X), f(f(Y, Y), f(f(Y, Y), Y))), f(X, f(Y, Y))))
= { by lemma 2 R->L }
  f(f(f(f(f(Y, Y), f(Y, Y)), f(Y, f(f(f(X, X), f(f(Y, Y), f(f(Y, Y), Y))), f(X, f(Y, Y))))), f(f(Y, Y), Y)), f(f(f(X, X), f(f(Y, Y), f(f(Y, Y), Y))), f(X, f(Y, Y))))
= { by axiom 1 (hyp) R->L }
  Y

Lemma 4: f(f(f(X, X), f(f(Y, Y), f(f(Y, Y), Y))), f(X, f(Y, Y))) = f(f(f(Y, f(Y, Y)), Y), f(f(Y, Y), Y)).
Proof:
  f(f(f(X, X), f(f(Y, Y), f(f(Y, Y), Y))), f(X, f(Y, Y)))
= { by lemma 2 R->L }
  f(f(f(f(f(f(f(X, X), f(f(Y, Y), f(f(Y, Y), Y))), f(X, f(Y, Y))), f(f(f(X, X), f(f(Y, Y), f(f(Y, Y), Y))), f(X, f(Y, Y)))), f(Y, Y)), f(f(f(f(X, X), f(f(Y, Y), f(f(Y, Y), Y))), f(X, f(Y, Y))), f(f(f(X, X), f(f(Y, Y), f(f(Y, Y), Y))), f(X, f(Y, Y))))), f(f(Y, Y), Y))
= { by lemma 3 }
  f(f(f(f(f(f(f(X, X), f(f(Y, Y), f(f(Y, Y), Y))), f(X, f(Y, Y))), f(f(f(X, X), f(f(Y, Y), f(f(Y, Y), Y))), f(X, f(Y, Y)))), f(Y, Y)), Y), f(f(Y, Y), Y))
= { by lemma 3 }
  f(f(f(Y, f(Y, Y)), Y), f(f(Y, Y), Y))

Lemma 5: f(f(f(f(X, f(X, X)), X), f(f(X, X), X)), f(f(f(X, f(X, X)), X), f(f(X, X), X))) = X.
Proof:
  f(f(f(f(X, f(X, X)), X), f(f(X, X), X)), f(f(f(X, f(X, X)), X), f(f(X, X), X)))
= { by lemma 4 R->L }
  f(f(f(f(X, f(X, X)), X), f(f(X, X), X)), f(f(f(Y, Y), f(f(X, X), f(f(X, X), X))), f(Y, f(X, X))))
= { by lemma 4 R->L }
  f(f(f(f(Y, Y), f(f(X, X), f(f(X, X), X))), f(Y, f(X, X))), f(f(f(Y, Y), f(f(X, X), f(f(X, X), X))), f(Y, f(X, X))))
= { by lemma 3 }
  X

Lemma 6: f(f(f(X, f(f(f(f(X, f(X, X)), X), f(f(X, X), X)), Y)), X), Y) = f(f(f(X, f(X, X)), X), f(f(X, X), X)).
Proof:
  f(f(f(X, f(f(f(f(X, f(X, X)), X), f(f(X, X), X)), Y)), X), Y)
= { by lemma 5 R->L }
  f(f(f(f(f(f(f(X, f(X, X)), X), f(f(X, X), X)), f(f(f(X, f(X, X)), X), f(f(X, X), X))), f(f(f(f(X, f(X, X)), X), f(f(X, X), X)), Y)), X), Y)
= { by lemma 5 R->L }
  f(f(f(f(f(f(f(X, f(X, X)), X), f(f(X, X), X)), f(f(f(X, f(X, X)), X), f(f(X, X), X))), f(f(f(f(X, f(X, X)), X), f(f(X, X), X)), Y)), f(f(f(f(X, f(X, X)), X), f(f(X, X), X)), f(f(f(X, f(X, X)), X), f(f(X, X), X)))), Y)
= { by axiom 1 (hyp) R->L }
  f(f(f(X, f(X, X)), X), f(f(X, X), X))

Lemma 7: f(f(f(f(X, X), f(f(f(Y, f(Y, Y)), Y), f(f(Y, Y), Y))), f(X, f(f(Y, f(f(f(f(Y, f(Y, Y)), Y), f(f(Y, Y), Y)), Z)), Y))), Z) = f(f(Y, f(f(f(f(Y, f(Y, Y)), Y), f(f(Y, Y), Y)), Z)), Y).
Proof:
  f(f(f(f(X, X), f(f(f(Y, f(Y, Y)), Y), f(f(Y, Y), Y))), f(X, f(f(Y, f(f(f(f(Y, f(Y, Y)), Y), f(f(Y, Y), Y)), Z)), Y))), Z)
= { by lemma 5 R->L }
  f(f(f(f(X, X), f(f(f(Y, f(Y, Y)), Y), f(f(Y, Y), Y))), f(X, f(f(f(f(f(f(Y, f(Y, Y)), Y), f(f(Y, Y), Y)), f(f(f(Y, f(Y, Y)), Y), f(f(Y, Y), Y))), f(f(f(f(Y, f(Y, Y)), Y), f(f(Y, Y), Y)), Z)), Y))), Z)
= { by lemma 5 R->L }
  f(f(f(f(X, X), f(f(f(Y, f(Y, Y)), Y), f(f(Y, Y), Y))), f(X, f(f(f(f(f(f(Y, f(Y, Y)), Y), f(f(Y, Y), Y)), f(f(f(Y, f(Y, Y)), Y), f(f(Y, Y), Y))), f(f(f(f(Y, f(Y, Y)), Y), f(f(Y, Y), Y)), Z)), f(f(f(f(Y, f(Y, Y)), Y), f(f(Y, Y), Y)), f(f(f(Y, f(Y, Y)), Y), f(f(Y, Y), Y)))))), Z)
= { by lemma 2 }
  f(f(f(f(f(f(Y, f(Y, Y)), Y), f(f(Y, Y), Y)), f(f(f(Y, f(Y, Y)), Y), f(f(Y, Y), Y))), f(f(f(f(Y, f(Y, Y)), Y), f(f(Y, Y), Y)), Z)), f(f(f(f(Y, f(Y, Y)), Y), f(f(Y, Y), Y)), f(f(f(Y, f(Y, Y)), Y), f(f(Y, Y), Y))))
= { by lemma 5 }
  f(f(Y, f(f(f(f(Y, f(Y, Y)), Y), f(f(Y, Y), Y)), Z)), f(f(f(f(Y, f(Y, Y)), Y), f(f(Y, Y), Y)), f(f(f(Y, f(Y, Y)), Y), f(f(Y, Y), Y))))
= { by lemma 5 }
  f(f(Y, f(f(f(f(Y, f(Y, Y)), Y), f(f(Y, Y), Y)), Z)), Y)

Lemma 8: f(f(f(f(f(X, X), f(X, X)), f(f(f(X, f(X, X)), X), f(f(X, X), X))), f(f(X, X), f(f(X, X), X))), f(f(f(f(X, X), f(X, X)), f(f(f(X, f(X, X)), X), f(f(X, X), X))), f(f(X, X), f(f(X, X), X)))) = f(X, X).
Proof:
  f(f(f(f(f(X, X), f(X, X)), f(f(f(X, f(X, X)), X), f(f(X, X), X))), f(f(X, X), f(f(X, X), X))), f(f(f(f(X, X), f(X, X)), f(f(f(X, f(X, X)), X), f(f(X, X), X))), f(f(X, X), f(f(X, X), X))))
= { by lemma 5 R->L }
  f(f(f(f(f(f(f(f(f(X, X), f(X, X)), f(f(f(X, f(X, X)), X), f(f(X, X), X))), f(f(f(f(X, X), f(X, X)), f(f(f(X, f(X, X)), X), f(f(X, X), X))), f(f(f(X, X), f(X, X)), f(f(f(X, f(X, X)), X), f(f(X, X), X))))), f(f(f(X, X), f(X, X)), f(f(f(X, f(X, X)), X), f(f(X, X), X)))), f(f(f(f(f(X, X), f(X, X)), f(f(f(X, f(X, X)), X), f(f(X, X), X))), f(f(f(X, X), f(X, X)), f(f(f(X, f(X, X)), X), f(f(X, X), X)))), f(f(f(X, X), f(X, X)), f(f(f(X, f(X, X)), X), f(f(X, X), X))))), f(f(f(f(f(f(X, X), f(X, X)), f(f(f(X, f(X, X)), X), f(f(X, X), X))), f(f(f(f(X, X), f(X, X)), f(f(f(X, f(X, X)), X), f(f(X, X), X))), f(f(f(X, X), f(X, X)), f(f(f(X, f(X, X)), X), f(f(X, X), X))))), f(f(f(X, X), f(X, X)), f(f(f(X, f(X, X)), X), f(f(X, X), X)))), f(f(f(f(f(X, X), f(X, X)), f(f(f(X, f(X, X)), X), f(f(X, X), X))), f(f(f(X, X), f(X, X)), f(f(f(X, f(X, X)), X), f(f(X, X), X)))), f(f(f(X, X), f(X, X)), f(f(f(X, f(X, X)), X), f(f(X, X), X)))))), f(f(X, X), f(f(X, X), X))), f(f(f(f(X, X), f(X, X)), f(f(f(X, f(X, X)), X), f(f(X, X), X))), f(f(X, X), f(f(X, X), X))))
= { by lemma 5 R->L }
  f(f(f(f(f(f(f(f(f(X, X), f(X, X)), f(f(f(X, f(X, X)), X), f(f(X, X), X))), f(f(f(f(X, X), f(X, X)), f(f(f(X, f(X, X)), X), f(f(X, X), X))), f(f(f(X, X), f(X, X)), f(f(f(X, f(X, X)), X), f(f(X, X), X))))), f(f(f(X, X), f(X, X)), f(f(f(X, f(X, X)), X), f(f(X, X), X)))), f(f(f(f(f(X, X), f(X, X)), f(f(f(X, f(X, X)), X), f(f(X, X), X))), f(f(f(X, X), f(X, X)), f(f(f(X, f(X, X)), X), f(f(X, X), X)))), f(f(f(X, X), f(X, X)), f(f(f(X, f(X, X)), X), f(f(X, X), X))))), f(f(f(f(f(f(X, X), f(X, X)), f(f(f(X, f(X, X)), X), f(f(X, X), X))), f(f(f(f(X, X), f(X, X)), f(f(f(X, f(X, X)), X), f(f(X, X), X))), f(f(f(X, X), f(X, X)), f(f(f(X, f(X, X)), X), f(f(X, X), X))))), f(f(f(X, X), f(X, X)), f(f(f(X, f(X, X)), X), f(f(X, X), X)))), f(f(f(f(f(X, X), f(X, X)), f(f(f(X, f(X, X)), X), f(f(X, X), X))), f(f(f(X, X), f(X, X)), f(f(f(X, f(X, X)), X), f(f(X, X), X)))), f(f(f(X, X), f(X, X)), f(f(f(X, f(X, X)), X), f(f(X, X), X)))))), f(f(X, X), f(f(X, X), X))), f(f(f(f(f(f(f(f(X, X), f(X, X)), f(f(f(X, f(X, X)), X), f(f(X, X), X))), f(f(f(f(X, X), f(X, X)), f(f(f(X, f(X, X)), X), f(f(X, X), X))), f(f(f(X, X), f(X, X)), f(f(f(X, f(X, X)), X), f(f(X, X), X))))), f(f(f(X, X), f(X, X)), f(f(f(X, f(X, X)), X), f(f(X, X), X)))), f(f(f(f(f(X, X), f(X, X)), f(f(f(X, f(X, X)), X), f(f(X, X), X))), f(f(f(X, X), f(X, X)), f(f(f(X, f(X, X)), X), f(f(X, X), X)))), f(f(f(X, X), f(X, X)), f(f(f(X, f(X, X)), X), f(f(X, X), X))))), f(f(f(f(f(f(X, X), f(X, X)), f(f(f(X, f(X, X)), X), f(f(X, X), X))), f(f(f(f(X, X), f(X, X)), f(f(f(X, f(X, X)), X), f(f(X, X), X))), f(f(f(X, X), f(X, X)), f(f(f(X, f(X, X)), X), f(f(X, X), X))))), f(f(f(X, X), f(X, X)), f(f(f(X, f(X, X)), X), f(f(X, X), X)))), f(f(f(f(f(X, X), f(X, X)), f(f(f(X, f(X, X)), X), f(f(X, X), X))), f(f(f(X, X), f(X, X)), f(f(f(X, f(X, X)), X), f(f(X, X), X)))), f(f(f(X, X), f(X, X)), f(f(f(X, f(X, X)), X), f(f(X, X), X)))))), f(f(X, X), f(f(X, X), X))))
= { by axiom 1 (hyp) }
  f(f(f(f(f(f(X, X), f(X, X)), f(f(f(f(f(f(f(f(f(X, X), f(X, X)), f(f(f(X, f(X, X)), X), f(f(X, X), X))), f(f(f(f(X, X), f(X, X)), f(f(f(X, f(X, X)), X), f(f(X, X), X))), f(f(f(X, X), f(X, X)), f(f(f(X, f(X, X)), X), f(f(X, X), X))))), f(f(f(X, X), f(X, X)), f(f(f(X, f(X, X)), X), f(f(X, X), X)))), f(f(f(f(f(X, X), f(X, X)), f(f(f(X, f(X, X)), X), f(f(X, X), X))), f(f(f(X, X), f(X, X)), f(f(f(X, f(X, X)), X), f(f(X, X), X)))), f(f(f(X, X), f(X, X)), f(f(f(X, f(X, X)), X), f(f(X, X), X))))), f(f(f(f(f(f(X, X), f(X, X)), f(f(f(X, f(X, X)), X), f(f(X, X), X))), f(f(f(f(X, X), f(X, X)), f(f(f(X, f(X, X)), X), f(f(X, X), X))), f(f(f(X, X), f(X, X)), f(f(f(X, f(X, X)), X), f(f(X, X), X))))), f(f(f(X, X), f(X, X)), f(f(f(X, f(X, X)), X), f(f(X, X), X)))), f(f(f(f(f(X, X), f(X, X)), f(f(f(X, f(X, X)), X), f(f(X, X), X))), f(f(f(X, X), f(X, X)), f(f(f(X, f(X, X)), X), f(f(X, X), X)))), f(f(f(X, X), f(X, X)), f(f(f(X, f(X, X)), X), f(f(X, X), X)))))), f(f(X, X), f(f(X, X), X))), f(f(f(f(f(f(f(X, X), f(X, X)), f(f(f(X, f(X, X)), X), f(f(X, X), X))), f(f(f(f(X, X), f(X, X)), f(f(f(X, f(X, X)), X), f(f(X, X), X))), f(f(f(X, X), f(X, X)), f(f(f(X, f(X, X)), X), f(f(X, X), X))))), f(f(f(X, X), f(X, X)), f(f(f(X, f(X, X)), X), f(f(X, X), X)))), f(f(f(f(f(X, X), f(X, X)), f(f(f(X, f(X, X)), X), f(f(X, X), X))), f(f(f(X, X), f(X, X)), f(f(f(X, f(X, X)), X), f(f(X, X), X)))), f(f(f(X, X), f(X, X)), f(f(f(X, f(X, X)), X), f(f(X, X), X))))), f(X, X)))), f(f(X, X), f(f(f(f(f(f(f(f(X, X), f(X, X)), f(f(f(X, f(X, X)), X), f(f(X, X), X))), f(f(f(f(X, X), f(X, X)), f(f(f(X, f(X, X)), X), f(f(X, X), X))), f(f(f(X, X), f(X, X)), f(f(f(X, f(X, X)), X), f(f(X, X), X))))), f(f(f(X, X), f(X, X)), f(f(f(X, f(X, X)), X), f(f(X, X), X)))), f(f(f(f(f(X, X), f(X, X)), f(f(f(X, f(X, X)), X), f(f(X, X), X))), f(f(f(X, X), f(X, X)), f(f(f(X, f(X, X)), X), f(f(X, X), X)))), f(f(f(X, X), f(X, X)), f(f(f(X, f(X, X)), X), f(f(X, X), X))))), f(f(f(f(f(f(X, X), f(X, X)), f(f(f(X, f(X, X)), X), f(f(X, X), X))), f(f(f(f(X, X), f(X, X)), f(f(f(X, f(X, X)), X), f(f(X, X), X))), f(f(f(X, X), f(X, X)), f(f(f(X, f(X, X)), X), f(f(X, X), X))))), f(f(f(X, X), f(X, X)), f(f(f(X, f(X, X)), X), f(f(X, X), X)))), f(f(f(f(f(X, X), f(X, X)), f(f(f(X, f(X, X)), X), f(f(X, X), X))), f(f(f(X, X), f(X, X)), f(f(f(X, f(X, X)), X), f(f(X, X), X)))), f(f(f(X, X), f(X, X)), f(f(f(X, f(X, X)), X), f(f(X, X), X)))))), f(f(X, X), f(f(X, X), X))))), f(f(f(f(f(f(f(X, X), f(X, X)), f(f(f(X, f(X, X)), X), f(f(X, X), X))), f(f(f(f(X, X), f(X, X)), f(f(f(X, f(X, X)), X), f(f(X, X), X))), f(f(f(X, X), f(X, X)), f(f(f(X, f(X, X)), X), f(f(X, X), X))))), f(f(f(X, X), f(X, X)), f(f(f(X, f(X, X)), X), f(f(X, X), X)))), f(f(f(f(f(X, X), f(X, X)), f(f(f(X, f(X, X)), X), f(f(X, X), X))), f(f(f(X, X), f(X, X)), f(f(f(X, f(X, X)), X), f(f(X, X), X)))), f(f(f(X, X), f(X, X)), f(f(f(X, f(X, X)), X), f(f(X, X), X))))), f(X, X))), f(f(f(f(f(f(f(f(X, X), f(X, X)), f(f(f(X, f(X, X)), X), f(f(X, X), X))), f(f(f(f(X, X), f(X, X)), f(f(f(X, f(X, X)), X), f(f(X, X), X))), f(f(f(X, X), f(X, X)), f(f(f(X, f(X, X)), X), f(f(X, X), X))))), f(f(f(X, X), f(X, X)), f(f(f(X, f(X, X)), X), f(f(X, X), X)))), f(f(f(f(f(X, X), f(X, X)), f(f(f(X, f(X, X)), X), f(f(X, X), X))), f(f(f(X, X), f(X, X)), f(f(f(X, f(X, X)), X), f(f(X, X), X)))), f(f(f(X, X), f(X, X)), f(f(f(X, f(X, X)), X), f(f(X, X), X))))), f(f(f(f(f(f(X, X), f(X, X)), f(f(f(X, f(X, X)), X), f(f(X, X), X))), f(f(f(f(X, X), f(X, X)), f(f(f(X, f(X, X)), X), f(f(X, X), X))), f(f(f(X, X), f(X, X)), f(f(f(X, f(X, X)), X), f(f(X, X), X))))), f(f(f(X, X), f(X, X)), f(f(f(X, f(X, X)), X), f(f(X, X), X)))), f(f(f(f(f(X, X), f(X, X)), f(f(f(X, f(X, X)), X), f(f(X, X), X))), f(f(f(X, X), f(X, X)), f(f(f(X, f(X, X)), X), f(f(X, X), X)))), f(f(f(X, X), f(X, X)), f(f(f(X, f(X, X)), X), f(f(X, X), X)))))), f(f(X, X), f(f(X, X), X))))
= { by lemma 4 }
  f(f(f(f(f(f(X, X), f(X, X)), f(f(f(X, f(X, X)), X), f(f(X, X), X))), f(f(X, X), f(f(f(f(f(f(f(f(X, X), f(X, X)), f(f(f(X, f(X, X)), X), f(f(X, X), X))), f(f(f(f(X, X), f(X, X)), f(f(f(X, f(X, X)), X), f(f(X, X), X))), f(f(f(X, X), f(X, X)), f(f(f(X, f(X, X)), X), f(f(X, X), X))))), f(f(f(X, X), f(X, X)), f(f(f(X, f(X, X)), X), f(f(X, X), X)))), f(f(f(f(f(X, X), f(X, X)), f(f(f(X, f(X, X)), X), f(f(X, X), X))), f(f(f(X, X), f(X, X)), f(f(f(X, f(X, X)), X), f(f(X, X), X)))), f(f(f(X, X), f(X, X)), f(f(f(X, f(X, X)), X), f(f(X, X), X))))), f(f(f(f(f(f(X, X), f(X, X)), f(f(f(X, f(X, X)), X), f(f(X, X), X))), f(f(f(f(X, X), f(X, X)), f(f(f(X, f(X, X)), X), f(f(X, X), X))), f(f(f(X, X), f(X, X)), f(f(f(X, f(X, X)), X), f(f(X, X), X))))), f(f(f(X, X), f(X, X)), f(f(f(X, f(X, X)), X), f(f(X, X), X)))), f(f(f(f(f(X, X), f(X, X)), f(f(f(X, f(X, X)), X), f(f(X, X), X))), f(f(f(X, X), f(X, X)), f(f(f(X, f(X, X)), X), f(f(X, X), X)))), f(f(f(X, X), f(X, X)), f(f(f(X, f(X, X)), X), f(f(X, X), X)))))), f(f(X, X), f(f(X, X), X))))), f(f(f(f(f(f(f(X, X), f(X, X)), f(f(f(X, f(X, X)), X), f(f(X, X), X))), f(f(f(f(X, X), f(X, X)), f(f(f(X, f(X, X)), X), f(f(X, X), X))), f(f(f(X, X), f(X, X)), f(f(f(X, f(X, X)), X), f(f(X, X), X))))), f(f(f(X, X), f(X, X)), f(f(f(X, f(X, X)), X), f(f(X, X), X)))), f(f(f(f(f(X, X), f(X, X)), f(f(f(X, f(X, X)), X), f(f(X, X), X))), f(f(f(X, X), f(X, X)), f(f(f(X, f(X, X)), X), f(f(X, X), X)))), f(f(f(X, X), f(X, X)), f(f(f(X, f(X, X)), X), f(f(X, X), X))))), f(X, X))), f(f(f(f(f(f(f(f(X, X), f(X, X)), f(f(f(X, f(X, X)), X), f(f(X, X), X))), f(f(f(f(X, X), f(X, X)), f(f(f(X, f(X, X)), X), f(f(X, X), X))), f(f(f(X, X), f(X, X)), f(f(f(X, f(X, X)), X), f(f(X, X), X))))), f(f(f(X, X), f(X, X)), f(f(f(X, f(X, X)), X), f(f(X, X), X)))), f(f(f(f(f(X, X), f(X, X)), f(f(f(X, f(X, X)), X), f(f(X, X), X))), f(f(f(X, X), f(X, X)), f(f(f(X, f(X, X)), X), f(f(X, X), X)))), f(f(f(X, X), f(X, X)), f(f(f(X, f(X, X)), X), f(f(X, X), X))))), f(f(f(f(f(f(X, X), f(X, X)), f(f(f(X, f(X, X)), X), f(f(X, X), X))), f(f(f(f(X, X), f(X, X)), f(f(f(X, f(X, X)), X), f(f(X, X), X))), f(f(f(X, X), f(X, X)), f(f(f(X, f(X, X)), X), f(f(X, X), X))))), f(f(f(X, X), f(X, X)), f(f(f(X, f(X, X)), X), f(f(X, X), X)))), f(f(f(f(f(X, X), f(X, X)), f(f(f(X, f(X, X)), X), f(f(X, X), X))), f(f(f(X, X), f(X, X)), f(f(f(X, f(X, X)), X), f(f(X, X), X)))), f(f(f(X, X), f(X, X)), f(f(f(X, f(X, X)), X), f(f(X, X), X)))))), f(f(X, X), f(f(X, X), X))))
= { by lemma 5 R->L }
  f(f(f(f(f(f(f(f(f(f(X, X), f(X, X)), f(f(f(X, f(X, X)), X), f(f(X, X), X))), f(f(f(f(X, X), f(X, X)), f(f(f(X, f(X, X)), X), f(f(X, X), X))), f(f(f(X, X), f(X, X)), f(f(f(X, f(X, X)), X), f(f(X, X), X))))), f(f(f(X, X), f(X, X)), f(f(f(X, f(X, X)), X), f(f(X, X), X)))), f(f(f(f(f(X, X), f(X, X)), f(f(f(X, f(X, X)), X), f(f(X, X), X))), f(f(f(X, X), f(X, X)), f(f(f(X, f(X, X)), X), f(f(X, X), X)))), f(f(f(X, X), f(X, X)), f(f(f(X, f(X, X)), X), f(f(X, X), X))))), f(f(f(f(f(f(X, X), f(X, X)), f(f(f(X, f(X, X)), X), f(f(X, X), X))), f(f(f(f(X, X), f(X, X)), f(f(f(X, f(X, X)), X), f(f(X, X), X))), f(f(f(X, X), f(X, X)), f(f(f(X, f(X, X)), X), f(f(X, X), X))))), f(f(f(X, X), f(X, X)), f(f(f(X, f(X, X)), X), f(f(X, X), X)))), f(f(f(f(f(X, X), f(X, X)), f(f(f(X, f(X, X)), X), f(f(X, X), X))), f(f(f(X, X), f(X, X)), f(f(f(X, f(X, X)), X), f(f(X, X), X)))), f(f(f(X, X), f(X, X)), f(f(f(X, f(X, X)), X), f(f(X, X), X)))))), f(f(X, X), f(f(f(f(f(f(f(f(X, X), f(X, X)), f(f(f(X, f(X, X)), X), f(f(X, X), X))), f(f(f(f(X, X), f(X, X)), f(f(f(X, f(X, X)), X), f(f(X, X), X))), f(f(f(X, X), f(X, X)), f(f(f(X, f(X, X)), X), f(f(X, X), X))))), f(f(f(X, X), f(X, X)), f(f(f(X, f(X, X)), X), f(f(X, X), X)))), f(f(f(f(f(X, X), f(X, X)), f(f(f(X, f(X, X)), X), f(f(X, X), X))), f(f(f(X, X), f(X, X)), f(f(f(X, f(X, X)), X), f(f(X, X), X)))), f(f(f(X, X), f(X, X)), f(f(f(X, f(X, X)), X), f(f(X, X), X))))), f(f(f(f(f(f(X, X), f(X, X)), f(f(f(X, f(X, X)), X), f(f(X, X), X))), f(f(f(f(X, X), f(X, X)), f(f(f(X, f(X, X)), X), f(f(X, X), X))), f(f(f(X, X), f(X, X)), f(f(f(X, f(X, X)), X), f(f(X, X), X))))), f(f(f(X, X), f(X, X)), f(f(f(X, f(X, X)), X), f(f(X, X), X)))), f(f(f(f(f(X, X), f(X, X)), f(f(f(X, f(X, X)), X), f(f(X, X), X))), f(f(f(X, X), f(X, X)), f(f(f(X, f(X, X)), X), f(f(X, X), X)))), f(f(f(X, X), f(X, X)), f(f(f(X, f(X, X)), X), f(f(X, X), X)))))), f(f(X, X), f(f(X, X), X))))), f(f(f(f(f(f(f(X, X), f(X, X)), f(f(f(X, f(X, X)), X), f(f(X, X), X))), f(f(f(f(X, X), f(X, X)), f(f(f(X, f(X, X)), X), f(f(X, X), X))), f(f(f(X, X), f(X, X)), f(f(f(X, f(X, X)), X), f(f(X, X), X))))), f(f(f(X, X), f(X, X)), f(f(f(X, f(X, X)), X), f(f(X, X), X)))), f(f(f(f(f(X, X), f(X, X)), f(f(f(X, f(X, X)), X), f(f(X, X), X))), f(f(f(X, X), f(X, X)), f(f(f(X, f(X, X)), X), f(f(X, X), X)))), f(f(f(X, X), f(X, X)), f(f(f(X, f(X, X)), X), f(f(X, X), X))))), f(X, X))), f(f(f(f(f(f(f(f(X, X), f(X, X)), f(f(f(X, f(X, X)), X), f(f(X, X), X))), f(f(f(f(X, X), f(X, X)), f(f(f(X, f(X, X)), X), f(f(X, X), X))), f(f(f(X, X), f(X, X)), f(f(f(X, f(X, X)), X), f(f(X, X), X))))), f(f(f(X, X), f(X, X)), f(f(f(X, f(X, X)), X), f(f(X, X), X)))), f(f(f(f(f(X, X), f(X, X)), f(f(f(X, f(X, X)), X), f(f(X, X), X))), f(f(f(X, X), f(X, X)), f(f(f(X, f(X, X)), X), f(f(X, X), X)))), f(f(f(X, X), f(X, X)), f(f(f(X, f(X, X)), X), f(f(X, X), X))))), f(f(f(f(f(f(X, X), f(X, X)), f(f(f(X, f(X, X)), X), f(f(X, X), X))), f(f(f(f(X, X), f(X, X)), f(f(f(X, f(X, X)), X), f(f(X, X), X))), f(f(f(X, X), f(X, X)), f(f(f(X, f(X, X)), X), f(f(X, X), X))))), f(f(f(X, X), f(X, X)), f(f(f(X, f(X, X)), X), f(f(X, X), X)))), f(f(f(f(f(X, X), f(X, X)), f(f(f(X, f(X, X)), X), f(f(X, X), X))), f(f(f(X, X), f(X, X)), f(f(f(X, f(X, X)), X), f(f(X, X), X)))), f(f(f(X, X), f(X, X)), f(f(f(X, f(X, X)), X), f(f(X, X), X)))))), f(f(X, X), f(f(X, X), X))))
= { by axiom 1 (hyp) R->L }
  f(X, X)

Lemma 9: f(f(f(X, X), X), f(f(f(X, f(X, X)), X), f(f(X, X), X))) = f(f(f(X, f(X, X)), X), f(f(X, X), X)).
Proof:
  f(f(f(X, X), X), f(f(f(X, f(X, X)), X), f(f(X, X), X)))
= { by lemma 5 R->L }
  f(f(f(X, f(f(f(f(X, f(X, X)), X), f(f(X, X), X)), f(f(f(X, f(X, X)), X), f(f(X, X), X)))), X), f(f(f(X, f(X, X)), X), f(f(X, X), X)))
= { by lemma 6 }
  f(f(f(X, f(X, X)), X), f(f(X, X), X))

Lemma 10: f(f(f(f(X, X), f(Y, Y)), f(X, f(f(f(Y, f(Y, Y)), Y), f(f(Y, Y), Y)))), f(f(Y, Y), Y)) = f(f(f(Y, f(Y, Y)), Y), f(f(Y, Y), Y)).
Proof:
  f(f(f(f(X, X), f(Y, Y)), f(X, f(f(f(Y, f(Y, Y)), Y), f(f(Y, Y), Y)))), f(f(Y, Y), Y))
= { by lemma 4 R->L }
  f(f(f(f(X, X), f(Y, Y)), f(X, f(f(f(Z, Z), f(f(Y, Y), f(f(Y, Y), Y))), f(Z, f(Y, Y))))), f(f(Y, Y), Y))
= { by lemma 2 }
  f(f(f(Z, Z), f(f(Y, Y), f(f(Y, Y), Y))), f(Z, f(Y, Y)))
= { by lemma 4 }
  f(f(f(Y, f(Y, Y)), Y), f(f(Y, Y), Y))

Lemma 11: f(f(f(f(f(f(f(X, X), f(Y, Z)), f(X, Y)), f(f(f(X, X), f(Y, Z)), f(X, Y))), f(Z, W)), Y), W) = Z.
Proof:
  f(f(f(f(f(f(f(X, X), f(Y, Z)), f(X, Y)), f(f(f(X, X), f(Y, Z)), f(X, Y))), f(Z, W)), Y), W)
= { by axiom 1 (hyp) }
  f(f(f(f(f(f(f(X, X), f(Y, Z)), f(X, Y)), f(f(f(X, X), f(Y, Z)), f(X, Y))), f(Z, W)), f(f(f(f(X, X), f(Y, Z)), f(X, Y)), Z)), W)
= { by axiom 1 (hyp) R->L }
  Z

Lemma 12: f(f(f(f(X, X), f(f(f(Y, f(Y, Y)), Y), f(f(Y, Y), Y))), f(X, f(f(Y, Y), Y))), f(f(f(Y, f(Y, Y)), Y), f(f(Y, Y), Y))) = f(f(Y, Y), Y).
Proof:
  f(f(f(f(X, X), f(f(f(Y, f(Y, Y)), Y), f(f(Y, Y), Y))), f(X, f(f(Y, Y), Y))), f(f(f(Y, f(Y, Y)), Y), f(f(Y, Y), Y)))
= { by lemma 9 R->L }
  f(f(f(f(X, X), f(f(f(Y, Y), Y), f(f(f(Y, f(Y, Y)), Y), f(f(Y, Y), Y)))), f(X, f(f(Y, Y), Y))), f(f(f(Y, f(Y, Y)), Y), f(f(Y, Y), Y)))
= { by axiom 1 (hyp) R->L }
  f(f(Y, Y), Y)

Lemma 13: f(f(f(X, f(f(f(f(X, f(X, X)), X), f(f(X, X), X)), X)), X), f(f(X, f(f(f(f(X, f(X, X)), X), f(f(X, X), X)), X)), X)) = f(f(X, X), X).
Proof:
  f(f(f(X, f(f(f(f(X, f(X, X)), X), f(f(X, X), X)), X)), X), f(f(X, f(f(f(f(X, f(X, X)), X), f(f(X, X), X)), X)), X))
= { by lemma 7 R->L }
  f(f(f(f(f(f(f(X, X), X), f(f(X, X), X)), f(f(f(X, f(X, X)), X), f(f(X, X), X))), f(f(f(X, X), X), f(f(X, f(f(f(f(X, f(X, X)), X), f(f(X, X), X)), X)), X))), X), f(f(X, f(f(f(f(X, f(X, X)), X), f(f(X, X), X)), X)), X))
= { by lemma 8 R->L }
  f(f(f(f(f(f(f(f(f(f(f(X, X), f(X, X)), f(f(f(X, f(X, X)), X), f(f(X, X), X))), f(f(X, X), f(f(X, X), X))), f(f(f(f(X, X), f(X, X)), f(f(f(X, f(X, X)), X), f(f(X, X), X))), f(f(X, X), f(f(X, X), X)))), X), f(f(X, X), X)), f(f(f(X, f(X, X)), X), f(f(X, X), X))), f(f(f(X, X), X), f(f(X, f(f(f(f(X, f(X, X)), X), f(f(X, X), X)), X)), X))), X), f(f(X, f(f(f(f(X, f(X, X)), X), f(f(X, X), X)), X)), X))
= { by lemma 9 R->L }
  f(f(f(f(f(f(f(f(f(f(f(X, X), f(X, X)), f(f(f(X, f(X, X)), X), f(f(X, X), X))), f(f(X, X), f(f(X, X), X))), f(f(f(f(X, X), f(X, X)), f(f(f(X, X), X), f(f(f(X, f(X, X)), X), f(f(X, X), X)))), f(f(X, X), f(f(X, X), X)))), X), f(f(X, X), X)), f(f(f(X, f(X, X)), X), f(f(X, X), X))), f(f(f(X, X), X), f(f(X, f(f(f(f(X, f(X, X)), X), f(f(X, X), X)), X)), X))), X), f(f(X, f(f(f(f(X, f(X, X)), X), f(f(X, X), X)), X)), X))
= { by lemma 9 R->L }
  f(f(f(f(f(f(f(f(f(f(f(X, X), f(X, X)), f(f(f(X, X), X), f(f(f(X, f(X, X)), X), f(f(X, X), X)))), f(f(X, X), f(f(X, X), X))), f(f(f(f(X, X), f(X, X)), f(f(f(X, X), X), f(f(f(X, f(X, X)), X), f(f(X, X), X)))), f(f(X, X), f(f(X, X), X)))), X), f(f(X, X), X)), f(f(f(X, f(X, X)), X), f(f(X, X), X))), f(f(f(X, X), X), f(f(X, f(f(f(f(X, f(X, X)), X), f(f(X, X), X)), X)), X))), X), f(f(X, f(f(f(f(X, f(X, X)), X), f(f(X, X), X)), X)), X))
= { by lemma 10 R->L }
  f(f(f(f(f(f(f(f(f(f(f(X, X), f(X, X)), f(f(f(X, X), X), f(f(f(X, f(X, X)), X), f(f(X, X), X)))), f(f(X, X), f(f(X, X), X))), f(f(f(f(X, X), f(X, X)), f(f(f(X, X), X), f(f(f(f(X, X), f(X, X)), f(X, f(f(f(X, f(X, X)), X), f(f(X, X), X)))), f(f(X, X), X)))), f(f(X, X), f(f(X, X), X)))), X), f(f(X, X), X)), f(f(f(X, f(X, X)), X), f(f(X, X), X))), f(f(f(X, X), X), f(f(X, f(f(f(f(X, f(X, X)), X), f(f(X, X), X)), X)), X))), X), f(f(X, f(f(f(f(X, f(X, X)), X), f(f(X, X), X)), X)), X))
= { by lemma 4 R->L }
  f(f(f(f(f(f(f(f(f(f(f(X, X), f(X, X)), f(f(f(X, X), X), f(f(f(Y, Y), f(f(X, X), f(f(X, X), X))), f(Y, f(X, X))))), f(f(X, X), f(f(X, X), X))), f(f(f(f(X, X), f(X, X)), f(f(f(X, X), X), f(f(f(f(X, X), f(X, X)), f(X, f(f(f(X, f(X, X)), X), f(f(X, X), X)))), f(f(X, X), X)))), f(f(X, X), f(f(X, X), X)))), X), f(f(X, X), X)), f(f(f(X, f(X, X)), X), f(f(X, X), X))), f(f(f(X, X), X), f(f(X, f(f(f(f(X, f(X, X)), X), f(f(X, X), X)), X)), X))), X), f(f(X, f(f(f(f(X, f(X, X)), X), f(f(X, X), X)), X)), X))
= { by lemma 4 R->L }
  f(f(f(f(f(f(f(f(f(f(f(X, X), f(X, X)), f(f(f(X, X), X), f(f(f(Y, Y), f(f(X, X), f(f(X, X), X))), f(Y, f(X, X))))), f(f(X, X), f(f(X, X), X))), f(f(f(f(X, X), f(X, X)), f(f(f(X, X), X), f(f(f(f(X, X), f(X, X)), f(X, f(f(f(Y, Y), f(f(X, X), f(f(X, X), X))), f(Y, f(X, X))))), f(f(X, X), X)))), f(f(X, X), f(f(X, X), X)))), X), f(f(X, X), X)), f(f(f(X, f(X, X)), X), f(f(X, X), X))), f(f(f(X, X), X), f(f(X, f(f(f(f(X, f(X, X)), X), f(f(X, X), X)), X)), X))), X), f(f(X, f(f(f(f(X, f(X, X)), X), f(f(X, X), X)), X)), X))
= { by lemma 4 R->L }
  f(f(f(f(f(f(f(f(f(f(f(X, X), f(X, X)), f(f(f(X, X), X), f(f(f(Y, Y), f(f(X, X), f(f(X, X), X))), f(Y, f(X, X))))), f(f(X, X), f(f(X, X), X))), f(f(f(f(X, X), f(X, X)), f(f(f(X, X), X), f(f(f(f(X, X), f(X, X)), f(X, f(f(f(Y, Y), f(f(X, X), f(f(X, X), X))), f(Y, f(X, X))))), f(f(X, X), X)))), f(f(X, X), f(f(X, X), X)))), X), f(f(X, X), X)), f(f(f(Y, Y), f(f(X, X), f(f(X, X), X))), f(Y, f(X, X)))), f(f(f(X, X), X), f(f(X, f(f(f(f(X, f(X, X)), X), f(f(X, X), X)), X)), X))), X), f(f(X, f(f(f(f(X, f(X, X)), X), f(f(X, X), X)), X)), X))
= { by lemma 2 R->L }
  f(f(f(f(f(f(f(f(f(f(f(X, X), f(X, X)), f(f(f(X, X), X), f(f(f(f(X, X), f(X, X)), f(X, f(f(f(Y, Y), f(f(X, X), f(f(X, X), X))), f(Y, f(X, X))))), f(f(X, X), X)))), f(f(X, X), f(f(X, X), X))), f(f(f(f(X, X), f(X, X)), f(f(f(X, X), X), f(f(f(f(X, X), f(X, X)), f(X, f(f(f(Y, Y), f(f(X, X), f(f(X, X), X))), f(Y, f(X, X))))), f(f(X, X), X)))), f(f(X, X), f(f(X, X), X)))), X), f(f(X, X), X)), f(f(f(Y, Y), f(f(X, X), f(f(X, X), X))), f(Y, f(X, X)))), f(f(f(X, X), X), f(f(X, f(f(f(f(X, f(X, X)), X), f(f(X, X), X)), X)), X))), X), f(f(X, f(f(f(f(X, f(X, X)), X), f(f(X, X), X)), X)), X))
= { by axiom 1 (hyp) }
  f(f(f(f(f(f(f(f(f(f(f(X, X), f(X, X)), f(f(f(X, X), X), f(f(f(f(X, X), f(X, X)), f(X, f(f(f(Y, Y), f(f(X, X), f(f(X, X), X))), f(Y, f(X, X))))), f(f(X, X), X)))), f(f(X, X), f(f(X, X), X))), f(f(f(f(X, X), f(X, X)), f(f(f(X, X), X), f(f(f(f(X, X), f(X, X)), f(X, f(f(f(Y, Y), f(f(X, X), f(f(X, X), X))), f(Y, f(X, X))))), f(f(X, X), X)))), f(f(X, X), f(f(X, X), X)))), f(f(f(f(f(X, X), f(X, X)), f(X, f(f(f(Y, Y), f(f(X, X), f(f(X, X), X))), f(Y, f(X, X))))), f(f(X, X), X)), f(f(f(Y, Y), f(f(X, X), f(f(X, X), X))), f(Y, f(X, X))))), f(f(X, X), X)), f(f(f(Y, Y), f(f(X, X), f(f(X, X), X))), f(Y, f(X, X)))), f(f(f(X, X), X), f(f(X, f(f(f(f(X, f(X, X)), X), f(f(X, X), X)), X)), X))), X), f(f(X, f(f(f(f(X, f(X, X)), X), f(f(X, X), X)), X)), X))
= { by lemma 11 }
  f(f(f(f(f(f(f(X, X), f(X, X)), f(X, f(f(f(Y, Y), f(f(X, X), f(f(X, X), X))), f(Y, f(X, X))))), f(f(X, X), X)), f(f(f(X, X), X), f(f(X, f(f(f(f(X, f(X, X)), X), f(f(X, X), X)), X)), X))), X), f(f(X, f(f(f(f(X, f(X, X)), X), f(f(X, X), X)), X)), X))
= { by lemma 2 }
  f(f(f(f(f(f(Y, Y), f(f(X, X), f(f(X, X), X))), f(Y, f(X, X))), f(f(f(X, X), X), f(f(X, f(f(f(f(X, f(X, X)), X), f(f(X, X), X)), X)), X))), X), f(f(X, f(f(f(f(X, f(X, X)), X), f(f(X, X), X)), X)), X))
= { by lemma 4 }
  f(f(f(f(f(f(X, f(X, X)), X), f(f(X, X), X)), f(f(f(X, X), X), f(f(X, f(f(f(f(X, f(X, X)), X), f(f(X, X), X)), X)), X))), X), f(f(X, f(f(f(f(X, f(X, X)), X), f(f(X, X), X)), X)), X))
= { by axiom 1 (hyp) }
  f(f(f(f(f(f(f(f(f(f(f(X, X), f(X, X)), f(f(f(X, f(X, X)), X), f(f(X, X), X))), f(f(X, X), f(f(X, X), X))), f(f(f(f(X, X), f(X, X)), f(f(f(X, f(X, X)), X), f(f(X, X), X))), f(f(X, X), f(f(X, X), X)))), f(f(f(f(X, f(X, X)), X), f(f(X, X), X)), f(f(f(Z, Z), f(X, f(f(f(f(f(X, X), f(X, X)), f(f(f(X, f(X, X)), X), f(f(X, X), X))), f(f(X, X), f(f(X, X), X))), f(f(f(X, f(X, X)), X), f(f(X, X), X))))), f(Z, X)))), f(f(f(f(f(X, X), f(X, X)), f(f(f(X, f(X, X)), X), f(f(X, X), X))), f(f(X, X), f(f(X, X), X))), f(f(f(X, f(X, X)), X), f(f(X, X), X)))), f(f(f(Z, Z), f(X, f(f(f(f(f(X, X), f(X, X)), f(f(f(X, f(X, X)), X), f(f(X, X), X))), f(f(X, X), f(f(X, X), X))), f(f(f(X, f(X, X)), X), f(f(X, X), X))))), f(Z, X))), f(f(f(X, X), X), f(f(X, f(f(f(f(X, f(X, X)), X), f(f(X, X), X)), X)), X))), X), f(f(X, f(f(f(f(X, f(X, X)), X), f(f(X, X), X)), X)), X))
= { by lemma 8 }
  f(f(f(f(f(f(f(X, X), f(f(f(f(X, f(X, X)), X), f(f(X, X), X)), f(f(f(Z, Z), f(X, f(f(f(f(f(X, X), f(X, X)), f(f(f(X, f(X, X)), X), f(f(X, X), X))), f(f(X, X), f(f(X, X), X))), f(f(f(X, f(X, X)), X), f(f(X, X), X))))), f(Z, X)))), f(f(f(f(f(X, X), f(X, X)), f(f(f(X, f(X, X)), X), f(f(X, X), X))), f(f(X, X), f(f(X, X), X))), f(f(f(X, f(X, X)), X), f(f(X, X), X)))), f(f(f(Z, Z), f(X, f(f(f(f(f(X, X), f(X, X)), f(f(f(X, f(X, X)), X), f(f(X, X), X))), f(f(X, X), f(f(X, X), X))), f(f(f(X, f(X, X)), X), f(f(X, X), X))))), f(Z, X))), f(f(f(X, X), X), f(f(X, f(f(f(f(X, f(X, X)), X), f(f(X, X), X)), X)), X))), X), f(f(X, f(f(f(f(X, f(X, X)), X), f(f(X, X), X)), X)), X))
= { by lemma 5 R->L }
  f(f(f(f(f(f(f(f(f(f(f(X, f(X, X)), X), f(f(X, X), X)), f(f(f(X, f(X, X)), X), f(f(X, X), X))), X), f(f(f(f(X, f(X, X)), X), f(f(X, X), X)), f(f(f(Z, Z), f(X, f(f(f(f(f(X, X), f(X, X)), f(f(f(X, f(X, X)), X), f(f(X, X), X))), f(f(X, X), f(f(X, X), X))), f(f(f(X, f(X, X)), X), f(f(X, X), X))))), f(Z, X)))), f(f(f(f(f(X, X), f(X, X)), f(f(f(X, f(X, X)), X), f(f(X, X), X))), f(f(X, X), f(f(X, X), X))), f(f(f(X, f(X, X)), X), f(f(X, X), X)))), f(f(f(Z, Z), f(X, f(f(f(f(f(X, X), f(X, X)), f(f(f(X, f(X, X)), X), f(f(X, X), X))), f(f(X, X), f(f(X, X), X))), f(f(f(X, f(X, X)), X), f(f(X, X), X))))), f(Z, X))), f(f(f(X, X), X), f(f(X, f(f(f(f(X, f(X, X)), X), f(f(X, X), X)), X)), X))), X), f(f(X, f(f(f(f(X, f(X, X)), X), f(f(X, X), X)), X)), X))
= { by lemma 2 }
  f(f(f(f(f(f(f(Z, Z), f(X, f(f(f(f(f(X, X), f(X, X)), f(f(f(X, f(X, X)), X), f(f(X, X), X))), f(f(X, X), f(f(X, X), X))), f(f(f(X, f(X, X)), X), f(f(X, X), X))))), f(Z, X)), f(f(f(Z, Z), f(X, f(f(f(f(f(X, X), f(X, X)), f(f(f(X, f(X, X)), X), f(f(X, X), X))), f(f(X, X), f(f(X, X), X))), f(f(f(X, f(X, X)), X), f(f(X, X), X))))), f(Z, X))), f(f(f(X, X), X), f(f(X, f(f(f(f(X, f(X, X)), X), f(f(X, X), X)), X)), X))), X), f(f(X, f(f(f(f(X, f(X, X)), X), f(f(X, X), X)), X)), X))
= { by lemma 12 }
  f(f(f(f(f(f(f(Z, Z), f(X, f(f(f(f(f(X, X), f(X, X)), f(f(f(X, f(X, X)), X), f(f(X, X), X))), f(f(X, X), f(f(X, X), X))), f(f(f(X, f(X, X)), X), f(f(X, X), X))))), f(Z, X)), f(f(f(Z, Z), f(X, f(f(X, X), X))), f(Z, X))), f(f(f(X, X), X), f(f(X, f(f(f(f(X, f(X, X)), X), f(f(X, X), X)), X)), X))), X), f(f(X, f(f(f(f(X, f(X, X)), X), f(f(X, X), X)), X)), X))
= { by lemma 12 }
  f(f(f(f(f(f(f(Z, Z), f(X, f(f(X, X), X))), f(Z, X)), f(f(f(Z, Z), f(X, f(f(X, X), X))), f(Z, X))), f(f(f(X, X), X), f(f(X, f(f(f(f(X, f(X, X)), X), f(f(X, X), X)), X)), X))), X), f(f(X, f(f(f(f(X, f(X, X)), X), f(f(X, X), X)), X)), X))
= { by lemma 11 }
  f(f(X, X), X)

Lemma 14: f(f(X, f(f(f(f(X, f(X, X)), X), f(f(X, X), X)), X)), X) = f(f(X, X), X).
Proof:
  f(f(X, f(f(f(f(X, f(X, X)), X), f(f(X, X), X)), X)), X)
= { by lemma 7 R->L }
  f(f(f(f(f(f(X, f(f(f(f(X, f(X, X)), X), f(f(X, X), X)), X)), X), f(f(X, f(f(f(f(X, f(X, X)), X), f(f(X, X), X)), X)), X)), f(f(f(X, f(X, X)), X), f(f(X, X), X))), f(f(f(X, f(f(f(f(X, f(X, X)), X), f(f(X, X), X)), X)), X), f(f(X, f(f(f(f(X, f(X, X)), X), f(f(X, X), X)), X)), X))), X)
= { by lemma 13 }
  f(f(f(f(f(f(X, f(f(f(f(X, f(X, X)), X), f(f(X, X), X)), X)), X), f(f(X, f(f(f(f(X, f(X, X)), X), f(f(X, X), X)), X)), X)), f(f(f(X, f(X, X)), X), f(f(X, X), X))), f(f(X, X), X)), X)
= { by lemma 13 }
  f(f(f(f(f(X, X), X), f(f(f(X, f(X, X)), X), f(f(X, X), X))), f(f(X, X), X)), X)
= { by lemma 9 }
  f(f(f(f(f(X, f(X, X)), X), f(f(X, X), X)), f(f(X, X), X)), X)
= { by lemma 4 R->L }
  f(f(f(f(f(Y, Y), f(f(X, X), f(f(X, X), X))), f(Y, f(X, X))), f(f(X, X), X)), X)
= { by axiom 1 (hyp) R->L }
  f(f(X, X), X)

Lemma 15: f(f(f(X, f(X, X)), X), f(f(X, X), X)) = f(f(f(X, X), X), X).
Proof:
  f(f(f(X, f(X, X)), X), f(f(X, X), X))
= { by lemma 6 R->L }
  f(f(f(X, f(f(f(f(X, f(X, X)), X), f(f(X, X), X)), X)), X), X)
= { by lemma 14 }
  f(f(f(X, X), X), X)

Lemma 16: f(f(f(f(X, X), X), X), f(f(f(X, X), X), X)) = X.
Proof:
  f(f(f(f(X, X), X), X), f(f(f(X, X), X), X))
= { by lemma 15 R->L }
  f(f(f(f(X, X), X), X), f(f(f(X, f(X, X)), X), f(f(X, X), X)))
= { by lemma 15 R->L }
  f(f(f(f(X, f(X, X)), X), f(f(X, X), X)), f(f(f(X, f(X, X)), X), f(f(X, X), X)))
= { by lemma 5 }
  X

Lemma 17: f(f(f(X, X), X), f(f(X, X), X)) = f(f(X, X), X).
Proof:
  f(f(f(X, X), X), f(f(X, X), X))
= { by lemma 14 R->L }
  f(f(f(X, X), X), f(f(X, f(f(f(f(X, f(X, X)), X), f(f(X, X), X)), X)), X))
= { by lemma 14 R->L }
  f(f(f(X, f(f(f(f(X, f(X, X)), X), f(f(X, X), X)), X)), X), f(f(X, f(f(f(f(X, f(X, X)), X), f(f(X, X), X)), X)), X))
= { by lemma 13 }
  f(f(X, X), X)

Lemma 18: f(X, f(f(f(X, X), X), X)) = f(f(f(X, X), X), X).
Proof:
  f(X, f(f(f(X, X), X), X))
= { by lemma 15 R->L }
  f(X, f(f(f(X, f(X, X)), X), f(f(X, X), X)))
= { by lemma 16 R->L }
  f(f(f(f(f(X, X), X), X), f(f(f(X, X), X), X)), f(f(f(X, f(X, X)), X), f(f(X, X), X)))
= { by lemma 17 R->L }
  f(f(f(f(f(f(X, X), X), f(f(X, X), X)), X), f(f(f(X, X), X), X)), f(f(f(X, f(X, X)), X), f(f(X, X), X)))
= { by lemma 15 R->L }
  f(f(f(f(f(f(X, X), X), f(f(X, X), X)), X), f(f(f(X, f(X, X)), X), f(f(X, X), X))), f(f(f(X, f(X, X)), X), f(f(X, X), X)))
= { by lemma 9 R->L }
  f(f(f(f(f(f(X, X), X), f(f(X, X), X)), X), f(f(f(X, X), X), f(f(f(X, f(X, X)), X), f(f(X, X), X)))), f(f(f(X, f(X, X)), X), f(f(X, X), X)))
= { by lemma 5 R->L }
  f(f(f(f(f(f(X, X), X), f(f(X, X), X)), f(f(f(f(X, f(X, X)), X), f(f(X, X), X)), f(f(f(X, f(X, X)), X), f(f(X, X), X)))), f(f(f(X, X), X), f(f(f(X, f(X, X)), X), f(f(X, X), X)))), f(f(f(X, f(X, X)), X), f(f(X, X), X)))
= { by axiom 1 (hyp) R->L }
  f(f(f(X, f(X, X)), X), f(f(X, X), X))
= { by lemma 15 }
  f(f(f(X, X), X), X)

Lemma 19: f(f(f(X, X), X), X) = f(X, X).
Proof:
  f(f(f(X, X), X), X)
= { by lemma 15 R->L }
  f(f(f(X, f(X, X)), X), f(f(X, X), X))
= { by axiom 1 (hyp) }
  f(f(f(f(f(f(X, X), X), f(f(X, X), X)), f(f(f(f(X, f(X, X)), X), f(f(X, X), X)), f(f(f(f(f(f(X, f(X, X)), X), f(f(X, X), X)), f(f(f(X, f(X, X)), X), f(f(X, X), X))), f(f(f(X, f(X, X)), X), f(f(X, X), X))), f(f(f(X, f(X, X)), X), f(f(X, X), X))))), f(f(f(X, X), X), f(f(f(X, f(X, X)), X), f(f(X, X), X)))), f(f(f(f(f(f(X, f(X, X)), X), f(f(X, X), X)), f(f(f(X, f(X, X)), X), f(f(X, X), X))), f(f(f(X, f(X, X)), X), f(f(X, X), X))), f(f(f(X, f(X, X)), X), f(f(X, X), X))))
= { by lemma 9 }
  f(f(f(f(f(f(X, X), X), f(f(X, X), X)), f(f(f(f(X, f(X, X)), X), f(f(X, X), X)), f(f(f(f(f(f(X, f(X, X)), X), f(f(X, X), X)), f(f(f(X, f(X, X)), X), f(f(X, X), X))), f(f(f(X, f(X, X)), X), f(f(X, X), X))), f(f(f(X, f(X, X)), X), f(f(X, X), X))))), f(f(f(X, f(X, X)), X), f(f(X, X), X))), f(f(f(f(f(f(X, f(X, X)), X), f(f(X, X), X)), f(f(f(X, f(X, X)), X), f(f(X, X), X))), f(f(f(X, f(X, X)), X), f(f(X, X), X))), f(f(f(X, f(X, X)), X), f(f(X, X), X))))
= { by lemma 18 }
  f(f(f(f(f(f(X, X), X), f(f(X, X), X)), f(f(f(f(f(f(X, f(X, X)), X), f(f(X, X), X)), f(f(f(X, f(X, X)), X), f(f(X, X), X))), f(f(f(X, f(X, X)), X), f(f(X, X), X))), f(f(f(X, f(X, X)), X), f(f(X, X), X)))), f(f(f(X, f(X, X)), X), f(f(X, X), X))), f(f(f(f(f(f(X, f(X, X)), X), f(f(X, X), X)), f(f(f(X, f(X, X)), X), f(f(X, X), X))), f(f(f(X, f(X, X)), X), f(f(X, X), X))), f(f(f(X, f(X, X)), X), f(f(X, X), X))))
= { by lemma 17 }
  f(f(f(f(f(X, X), X), f(f(f(f(f(f(X, f(X, X)), X), f(f(X, X), X)), f(f(f(X, f(X, X)), X), f(f(X, X), X))), f(f(f(X, f(X, X)), X), f(f(X, X), X))), f(f(f(X, f(X, X)), X), f(f(X, X), X)))), f(f(f(X, f(X, X)), X), f(f(X, X), X))), f(f(f(f(f(f(X, f(X, X)), X), f(f(X, X), X)), f(f(f(X, f(X, X)), X), f(f(X, X), X))), f(f(f(X, f(X, X)), X), f(f(X, X), X))), f(f(f(X, f(X, X)), X), f(f(X, X), X))))
= { by lemma 5 }
  f(f(f(f(f(X, X), X), f(f(X, f(f(f(X, f(X, X)), X), f(f(X, X), X))), f(f(f(X, f(X, X)), X), f(f(X, X), X)))), f(f(f(X, f(X, X)), X), f(f(X, X), X))), f(f(f(f(f(f(X, f(X, X)), X), f(f(X, X), X)), f(f(f(X, f(X, X)), X), f(f(X, X), X))), f(f(f(X, f(X, X)), X), f(f(X, X), X))), f(f(f(X, f(X, X)), X), f(f(X, X), X))))
= { by lemma 5 }
  f(f(f(f(f(X, X), X), f(f(X, f(f(f(X, f(X, X)), X), f(f(X, X), X))), f(f(f(X, f(X, X)), X), f(f(X, X), X)))), f(f(f(X, f(X, X)), X), f(f(X, X), X))), f(f(X, f(f(f(X, f(X, X)), X), f(f(X, X), X))), f(f(f(X, f(X, X)), X), f(f(X, X), X))))
= { by lemma 15 }
  f(f(f(f(f(X, X), X), f(f(X, f(f(f(X, X), X), X)), f(f(f(X, f(X, X)), X), f(f(X, X), X)))), f(f(f(X, f(X, X)), X), f(f(X, X), X))), f(f(X, f(f(f(X, f(X, X)), X), f(f(X, X), X))), f(f(f(X, f(X, X)), X), f(f(X, X), X))))
= { by lemma 15 }
  f(f(f(f(f(X, X), X), f(f(X, f(f(f(X, X), X), X)), f(f(f(X, X), X), X))), f(f(f(X, f(X, X)), X), f(f(X, X), X))), f(f(X, f(f(f(X, f(X, X)), X), f(f(X, X), X))), f(f(f(X, f(X, X)), X), f(f(X, X), X))))
= { by lemma 15 }
  f(f(f(f(f(X, X), X), f(f(X, f(f(f(X, X), X), X)), f(f(f(X, X), X), X))), f(f(f(X, X), X), X)), f(f(X, f(f(f(X, f(X, X)), X), f(f(X, X), X))), f(f(f(X, f(X, X)), X), f(f(X, X), X))))
= { by lemma 15 }
  f(f(f(f(f(X, X), X), f(f(X, f(f(f(X, X), X), X)), f(f(f(X, X), X), X))), f(f(f(X, X), X), X)), f(f(X, f(f(f(X, X), X), X)), f(f(f(X, f(X, X)), X), f(f(X, X), X))))
= { by lemma 15 }
  f(f(f(f(f(X, X), X), f(f(X, f(f(f(X, X), X), X)), f(f(f(X, X), X), X))), f(f(f(X, X), X), X)), f(f(X, f(f(f(X, X), X), X)), f(f(f(X, X), X), X)))
= { by lemma 18 }
  f(f(f(f(f(X, X), X), f(f(f(f(X, X), X), X), f(f(f(X, X), X), X))), f(f(f(X, X), X), X)), f(f(X, f(f(f(X, X), X), X)), f(f(f(X, X), X), X)))
= { by lemma 18 }
  f(f(f(f(f(X, X), X), f(f(f(f(X, X), X), X), f(f(f(X, X), X), X))), f(f(f(X, X), X), X)), f(f(f(f(X, X), X), X), f(f(f(X, X), X), X)))
= { by lemma 16 }
  f(f(f(f(f(X, X), X), X), f(f(f(X, X), X), X)), f(f(f(f(X, X), X), X), f(f(f(X, X), X), X)))
= { by lemma 16 }
  f(f(f(f(f(X, X), X), X), f(f(f(X, X), X), X)), X)
= { by lemma 16 }
  f(X, X)

Lemma 20: f(X, X) = X.
Proof:
  f(X, X)
= { by lemma 16 R->L }
  f(f(f(f(f(X, X), X), X), f(f(f(X, X), X), X)), X)
= { by lemma 19 }
  f(f(f(X, X), f(f(f(X, X), X), X)), X)
= { by lemma 19 }
  f(f(f(X, X), f(X, X)), X)
= { by lemma 19 R->L }
  f(f(f(f(f(X, X), f(X, X)), f(X, X)), f(X, X)), X)
= { by lemma 15 R->L }
  f(f(f(f(f(X, X), f(f(X, X), f(X, X))), f(X, X)), f(f(f(X, X), f(X, X)), f(X, X))), X)
= { by lemma 10 R->L }
  f(f(f(f(f(f(f(f(f(f(f(X, X), f(f(X, X), f(X, X))), f(X, X)), f(f(f(X, X), f(X, X)), f(X, X))), f(f(f(f(X, X), f(f(X, X), f(X, X))), f(X, X)), f(f(f(X, X), f(X, X)), f(X, X)))), f(f(f(f(X, X), f(f(X, X), f(X, X))), f(X, X)), f(f(f(X, X), f(X, X)), f(X, X)))), f(f(f(f(f(f(X, X), f(f(X, X), f(X, X))), f(X, X)), f(f(f(X, X), f(X, X)), f(X, X))), f(f(f(f(X, X), f(f(X, X), f(X, X))), f(X, X)), f(f(f(X, X), f(X, X)), f(X, X)))), f(f(f(f(X, X), f(f(X, X), f(X, X))), f(X, X)), f(f(f(X, X), f(X, X)), f(X, X))))), f(f(X, X), f(X, X))), f(f(f(f(f(f(f(X, X), f(f(X, X), f(X, X))), f(X, X)), f(f(f(X, X), f(X, X)), f(X, X))), f(f(f(f(X, X), f(f(X, X), f(X, X))), f(X, X)), f(f(f(X, X), f(X, X)), f(X, X)))), f(f(f(f(X, X), f(f(X, X), f(X, X))), f(X, X)), f(f(f(X, X), f(X, X)), f(X, X)))), f(f(f(f(X, X), f(f(X, X), f(X, X))), f(X, X)), f(f(f(X, X), f(X, X)), f(X, X))))), f(f(f(X, X), f(X, X)), f(X, X))), X)
= { by lemma 19 }
  f(f(f(f(f(f(f(f(f(f(f(X, X), f(f(X, X), f(X, X))), f(X, X)), f(f(f(X, X), f(X, X)), f(X, X))), f(f(f(f(X, X), f(f(X, X), f(X, X))), f(X, X)), f(f(f(X, X), f(X, X)), f(X, X)))), f(f(f(f(X, X), f(f(X, X), f(X, X))), f(X, X)), f(f(f(X, X), f(X, X)), f(X, X)))), f(f(f(f(f(f(X, X), f(f(X, X), f(X, X))), f(X, X)), f(f(f(X, X), f(X, X)), f(X, X))), f(f(f(f(X, X), f(f(X, X), f(X, X))), f(X, X)), f(f(f(X, X), f(X, X)), f(X, X)))), f(f(f(f(X, X), f(f(X, X), f(X, X))), f(X, X)), f(f(f(X, X), f(X, X)), f(X, X))))), f(f(X, X), f(X, X))), f(f(f(f(f(X, X), f(f(X, X), f(X, X))), f(X, X)), f(f(f(X, X), f(X, X)), f(X, X))), f(f(f(f(X, X), f(f(X, X), f(X, X))), f(X, X)), f(f(f(X, X), f(X, X)), f(X, X))))), f(f(f(X, X), f(X, X)), f(X, X))), X)
= { by lemma 17 }
  f(f(f(f(f(f(f(f(f(f(X, X), f(f(X, X), f(X, X))), f(X, X)), f(f(f(X, X), f(X, X)), f(X, X))), f(f(f(f(X, X), f(f(X, X), f(X, X))), f(X, X)), f(f(f(X, X), f(X, X)), f(X, X)))), f(f(f(f(X, X), f(f(X, X), f(X, X))), f(X, X)), f(f(f(X, X), f(X, X)), f(X, X)))), f(f(X, X), f(X, X))), f(f(f(f(f(X, X), f(f(X, X), f(X, X))), f(X, X)), f(f(f(X, X), f(X, X)), f(X, X))), f(f(f(f(X, X), f(f(X, X), f(X, X))), f(X, X)), f(f(f(X, X), f(X, X)), f(X, X))))), f(f(f(X, X), f(X, X)), f(X, X))), X)
= { by lemma 5 }
  f(f(f(f(f(f(f(f(f(f(X, X), f(f(X, X), f(X, X))), f(X, X)), f(f(f(X, X), f(X, X)), f(X, X))), f(f(f(f(X, X), f(f(X, X), f(X, X))), f(X, X)), f(f(f(X, X), f(X, X)), f(X, X)))), f(f(f(f(X, X), f(f(X, X), f(X, X))), f(X, X)), f(f(f(X, X), f(X, X)), f(X, X)))), f(f(X, X), f(X, X))), f(X, X)), f(f(f(X, X), f(X, X)), f(X, X))), X)
= { by lemma 5 }
  f(f(f(f(f(f(X, X), f(f(f(f(X, X), f(f(X, X), f(X, X))), f(X, X)), f(f(f(X, X), f(X, X)), f(X, X)))), f(f(X, X), f(X, X))), f(X, X)), f(f(f(X, X), f(X, X)), f(X, X))), X)
= { by lemma 15 }
  f(f(f(f(f(f(X, X), f(f(f(f(X, X), f(X, X)), f(X, X)), f(X, X))), f(f(X, X), f(X, X))), f(X, X)), f(f(f(X, X), f(X, X)), f(X, X))), X)
= { by lemma 3 R->L }
  f(f(f(f(f(f(f(f(f(Y, Y), f(f(f(X, X), f(X, X)), f(f(f(X, X), f(X, X)), f(X, X)))), f(Y, f(f(X, X), f(X, X)))), f(f(f(Y, Y), f(f(f(X, X), f(X, X)), f(f(f(X, X), f(X, X)), f(X, X)))), f(Y, f(f(X, X), f(X, X))))), f(f(f(f(X, X), f(X, X)), f(X, X)), f(X, X))), f(f(X, X), f(X, X))), f(X, X)), f(f(f(X, X), f(X, X)), f(X, X))), X)
= { by lemma 11 }
  f(f(f(f(f(X, X), f(X, X)), f(X, X)), f(f(f(X, X), f(X, X)), f(X, X))), X)
= { by lemma 17 }
  f(f(f(f(X, X), f(X, X)), f(X, X)), X)
= { by axiom 1 (hyp) R->L }
  X

Goal 1 (goal): x = y.
Proof:
  x
= { by lemma 11 R->L }
  f(f(f(f(f(f(f(X, X), f(f(f(f(Y, Y), f(y, x)), f(Y, y)), x)), f(X, f(f(f(Y, Y), f(y, x)), f(Y, y)))), f(f(f(X, X), f(f(f(f(Y, Y), f(y, x)), f(Y, y)), x)), f(X, f(f(f(Y, Y), f(y, x)), f(Y, y))))), f(x, x)), f(f(f(Y, Y), f(y, x)), f(Y, y))), x)
= { by lemma 20 }
  f(f(f(f(f(f(f(X, X), f(f(f(f(Y, Y), f(y, x)), f(Y, y)), x)), f(X, f(f(f(Y, Y), f(y, x)), f(Y, y)))), f(f(f(X, X), f(f(f(f(Y, Y), f(y, x)), f(Y, y)), x)), f(X, f(f(f(Y, Y), f(y, x)), f(Y, y))))), x), f(f(f(Y, Y), f(y, x)), f(Y, y))), x)
= { by lemma 20 }
  f(f(f(f(f(f(X, X), f(f(f(f(Y, Y), f(y, x)), f(Y, y)), x)), f(X, f(f(f(Y, Y), f(y, x)), f(Y, y)))), x), f(f(f(Y, Y), f(y, x)), f(Y, y))), x)
= { by axiom 1 (hyp) R->L }
  f(f(f(f(f(Y, Y), f(y, x)), f(Y, y)), f(f(f(Y, Y), f(y, x)), f(Y, y))), x)
= { by lemma 20 }
  f(f(f(f(Y, Y), f(y, x)), f(Y, y)), x)
= { by axiom 1 (hyp) R->L }
  y
% SZS output end Proof

RESULT: Theorem (the conjecture is true).
