% law: x = (((z ◇ y) ◇ (x ◇ (x ◇ y))) ◇ (z ◇ z))
% config: vampire/triv/discount @ 30s

% Running in auto input_syntax mode. Trying TPTP
% Refutation found. Thanks to Tanya!
% SZS status Theorem for p
% SZS output start Proof for p
1. ! [X0,X1,X2] : X0 = f(f(f(X2,X1),f(X0,f(X0,X1))),f(X2,X2)) [input(axiom)]
2. ! [X0,X1] : X0 = X1 [input(conjecture)]
3. ~! [X0,X1] : X0 = X1 [negated conjecture 2]
4. ? [X0,X1] : X0 != X1 [ennf transformation 3]
5. ? [X0,X1] : X0 != X1 => sK0 != sK1 [skolem symbol introduction]
6. sK0 != sK1 [skolemisation 4,5]
7. f(f(f(X2,X1),f(X0,f(X0,X1))),f(X2,X2)) = X0 [cnf transformation 1]
8. sK0 != sK1 [cnf transformation 6]
9. f(f(X0,f(X3,f(X3,f(X1,X1)))),f(f(f(X1,X2),f(X0,f(X0,X2))),f(f(X1,X2),f(X0,f(X0,X2))))) = X3 [superposition 7,7]
10. f(f(X2,X3),f(X0,f(X0,X3))) = f(f(f(X1,f(X2,X2)),f(f(f(X2,X3),f(X0,f(X0,X3))),X0)),f(X1,X1)) [superposition 7,7]
18. f(f(X0,f(X0,X0)),f(f(X0,f(X0,X0)),f(f(X0,f(X0,X0)),f(X0,X0)))) = f(f(f(X1,f(f(X0,f(X0,X0)),f(f(X0,f(X0,X0)),f(f(X0,f(X0,X0)),f(X0,X0))))),f(X0,f(X0,X0))),f(X1,X1)) [superposition 7,9]
31. f(f(X0,X1),f(f(X0,X0),f(f(X0,X0),X1))) = f(f(f(X2,f(X0,X0)),f(X0,X0)),f(X2,X2)) [superposition 10,7]
32. f(f(X2,f(X0,X0)),f(f(f(f(X0,X1),f(f(X2,f(X0,X0)),f(f(X2,f(X0,X0)),X1))),f(f(X0,X1),f(f(X2,f(X0,X0)),f(f(X2,f(X0,X0)),X1)))),f(f(f(f(X0,X1),f(f(X2,f(X0,X0)),f(f(X2,f(X0,X0)),X1))),f(f(X0,X1),f(f(X2,f(X0,X0)),f(f(X2,f(X0,X0)),X1)))),f(X0,X0)))) = f(f(f(X3,f(X2,X2)),f(f(f(X0,X1),f(f(X2,f(X0,X0)),f(f(X2,f(X0,X0)),X1))),f(f(X0,X1),f(f(X2,f(X0,X0)),f(f(X2,f(X0,X0)),X1))))),f(X3,X3)) [superposition 10,9]
47. f(f(f(X0,f(X1,X1)),f(X1,X1)),f(X0,X0)) = f(f(f(X3,f(X1,X1)),f(X1,X1)),f(X3,X3)) [superposition 31,31]
48. f(f(X1,X2),f(f(X1,X1),f(f(X1,X1),X2))) = f(f(X0,f(X1,X1)),f(f(f(X1,X3),f(X0,f(X0,X3))),f(f(X1,X3),f(X0,f(X0,X3))))) [superposition 31,7]
56. f(X1,X1) = f(f(f(f(X0,f(X1,X1)),f(X1,X1)),f(X0,X0)),f(X1,X1)) [superposition 7,31]
57. f(X1,X1) = f(f(f(f(X0,f(X1,X1)),f(X1,X1)),f(X0,X0)),f(f(f(X2,X3),f(f(X1,f(X2,X2)),f(f(X1,f(X2,X2)),X3))),f(f(X2,X3),f(f(X1,f(X2,X2)),f(f(X1,f(X2,X2)),X3))))) [superposition 9,31]
125. f(X0,X0) = f(f(f(X0,X0),f(f(f(X0,f(X0,X0)),f(X0,X0)),f(f(X0,f(X0,X0)),f(X0,X0)))),f(X0,X0)) [superposition 56,56]
126. f(X0,X0) = f(f(f(f(X0,X1),f(f(X0,X0),f(f(X0,X0),X1))),f(f(X0,f(X0,X0)),f(X0,f(X0,X0)))),f(X0,X0)) [superposition 56,31]
182. f(f(X1,X2),f(f(X1,X1),f(f(X1,X1),X2))) = f(f(f(f(X0,f(X1,X1)),f(X1,X1)),f(X0,X0)),f(f(X1,f(X1,X1)),f(X1,f(X1,X1)))) [superposition 31,47]
5756. f(f(f(X2,X3),f(f(X1,f(X2,X2)),f(f(X1,f(X2,X2)),X3))),f(f(X2,X3),f(f(X1,f(X2,X2)),f(f(X1,f(X2,X2)),X3)))) = f(f(f(f(X0,f(X1,X1)),f(f(f(X2,X3),f(f(X1,f(X2,X2)),f(f(X1,f(X2,X2)),X3))),f(f(X2,X3),f(f(X1,f(X2,X2)),f(f(X1,f(X2,X2)),X3))))),f(X0,X0)),f(X1,X1)) [superposition 7,32]
85050. f(f(f(X0,X0),f(f(f(X0,f(X0,X0)),f(X0,X0)),f(f(X0,f(X0,X0)),f(X0,X0)))),f(X0,X0)) = f(f(f(X1,X2),f(f(X0,f(X1,X1)),f(f(X0,f(X1,X1)),X2))),f(f(X1,X2),f(f(X0,f(X1,X1)),f(f(X0,f(X1,X1)),X2)))) [superposition 5756,57]
85071. f(f(f(f(X0,X1),f(f(X0,X0),f(f(X0,X0),X1))),f(f(X0,f(X0,X0)),f(X0,f(X0,X0)))),f(X0,X0)) = f(f(f(X0,X2),f(f(X0,f(X0,X0)),f(f(X0,f(X0,X0)),X2))),f(f(X0,X2),f(f(X0,f(X0,X0)),f(f(X0,f(X0,X0)),X2)))) [superposition 5756,48]
85627. f(X0,X0) = f(f(f(X0,X2),f(f(X0,f(X0,X0)),f(f(X0,f(X0,X0)),X2))),f(f(X0,X2),f(f(X0,f(X0,X0)),f(f(X0,f(X0,X0)),X2)))) [forward demodulation 85071,126]
85631. f(X0,X0) = f(f(f(X1,X2),f(f(X0,f(X1,X1)),f(f(X0,f(X1,X1)),X2))),f(f(X1,X2),f(f(X0,f(X1,X1)),f(f(X0,f(X1,X1)),X2)))) [forward demodulation 85050,125]
85915. f(f(X0,f(X0,X0)),f(f(X0,f(X0,X0)),f(f(X0,f(X0,X0)),f(X0,X0)))) = f(f(f(X0,X0),f(X0,f(X0,X0))),f(X0,X0)) [superposition 18,85627]
86552. f(f(X0,f(X0,X0)),f(f(X0,f(X0,X0)),f(f(X0,f(X0,X0)),f(X0,X0)))) = X0 [forward demodulation 85915,7]
88005. f(f(X0,X1),f(f(X0,f(X0,X0)),f(f(X0,f(X0,X0)),X1))) = f(f(f(f(X0,X1),f(f(X0,f(X0,X0)),f(f(X0,f(X0,X0)),X1))),f(X0,X0)),f(f(f(f(X0,X1),f(f(X0,f(X0,X0)),f(f(X0,f(X0,X0)),X1))),f(X0,X0)),f(f(f(f(X0,X1),f(f(X0,f(X0,X0)),f(f(X0,f(X0,X0)),X1))),f(X0,X0)),f(X0,X0)))) [superposition 86552,85627]
88446. f(f(X0,f(X0,X0)),f(f(X0,f(X0,X0)),f(f(X0,f(X0,X0)),f(X0,X0)))) = f(f(X0,X1),f(f(X0,f(X0,X0)),f(f(X0,f(X0,X0)),X1))) [forward demodulation 88005,7]
88448. f(f(X0,X1),f(f(X0,f(X0,X0)),f(f(X0,f(X0,X0)),X1))) = X0 [forward demodulation 88446,86552]
90066. f(f(X0,f(f(X0,f(X0,X0)),f(X0,X0))),X0) = X0 [superposition 88448,86552]
90381. f(f(X0,f(X2,f(X2,f(f(X0,f(X0,X0)),f(f(X0,f(X0,X0)),X1))))),f(f(X0,X1),f(X0,X1))) = X2 [superposition 7,88448]
90382. f(X0,X2) = f(f(f(X1,f(f(X0,f(X0,X0)),f(f(X0,f(X0,X0)),X2))),f(f(X0,X2),X0)),f(X1,X1)) [superposition 7,88448]
90625. f(X0,f(f(X0,f(X0,X0)),f(X0,X0))) = f(f(f(X1,X0),f(f(X0,f(f(X0,f(X0,X0)),f(X0,X0))),X0)),f(X1,X1)) [superposition 7,90066]
91320. f(X0,f(f(X0,f(X0,X0)),f(X0,X0))) = f(f(f(X1,X0),X0),f(X1,X1)) [forward demodulation 90625,90066]
92953. f(f(X0,X1),f(f(X0,X0),f(f(X0,X0),X1))) = f(f(X0,X0),f(f(f(X0,X0),f(f(X0,X0),f(X0,X0))),f(f(X0,X0),f(X0,X0)))) [superposition 91320,182]
92975. f(f(f(f(X0,X1),X1),f(X0,X0)),X1) = X1 [superposition 90066,91320]
108353. f(X0,X1) = f(f(X0,f(f(X0,X1),X0)),f(f(X0,X1),f(X0,X1))) [superposition 90381,88448]
109091. f(f(X1,X1),f(X0,f(X0,X1))) = f(f(f(X1,X1),X0),f(f(f(X1,X1),f(X0,f(X0,X1))),f(f(X1,X1),f(X0,f(X0,X1))))) [superposition 108353,7]
366815. f(f(X1,X1),f(f(X0,f(X1,X1)),f(f(X0,f(X1,X1)),X1))) = f(f(f(X1,X1),f(X0,f(X1,X1))),f(X0,X0)) [superposition 109091,85631]
366925. f(f(f(X0,X0),f(X3,f(X3,f(f(X1,X2),f(f(X0,f(X1,X1)),f(f(X0,f(X1,X1)),X2)))))),f(X0,X0)) = X3 [superposition 7,85631]
367996. f(f(f(f(f(f(X1,X2),f(f(X0,f(X1,X1)),f(f(X0,f(X1,X1)),X2))),X3),X3),f(X0,X0)),X3) = X3 [superposition 92975,85631]
379317. f(X1,X1) = f(f(f(f(X0,X0),f(X1,f(X0,X0))),f(X1,X1)),f(f(f(X0,X0),f(X1,f(X0,X0))),f(X1,X1))) [superposition 85631,366815]
379318. f(f(f(X1,X1),f(X2,f(X2,f(f(f(X0,X0),f(X1,f(X0,X0))),f(X1,X1))))),f(X1,X1)) = X2 [superposition 366925,366815]
379320. f(f(f(f(f(f(f(X0,X0),f(X1,f(X0,X0))),f(X1,X1)),X2),X2),f(X1,X1)),X2) = X2 [superposition 367996,366815]
383309. f(f(X0,X0),f(X0,X0)) = f(f(f(f(X0,X0),f(X0,X0)),f(f(X0,X0),f(X0,X0))),f(f(X0,X0),f(X0,X0))) [superposition 379320,92975]
416491. f(f(f(X0,X0),f(X0,X0)),f(f(X0,X0),f(X0,X0))) = f(f(f(f(X0,X0),f(f(X0,X0),f(X0,X0))),f(f(f(f(X0,X0),f(X0,X0)),f(f(X0,X0),f(X0,X0))),f(f(X0,X0),f(X0,X0)))),f(f(f(X0,X0),f(f(X0,X0),f(X0,X0))),f(f(f(f(X0,X0),f(X0,X0)),f(f(X0,X0),f(X0,X0))),f(f(X0,X0),f(X0,X0))))) [superposition 85631,383309]
417810. f(f(f(X0,X0),f(X0,X0)),f(f(X0,X0),f(X0,X0))) = f(f(f(f(X0,X0),f(f(X0,X0),f(X0,X0))),f(f(X0,X0),f(X0,X0))),f(f(f(X0,X0),f(f(X0,X0),f(X0,X0))),f(f(X0,X0),f(X0,X0)))) [forward demodulation 416491,383309]
417946. f(f(X0,X0),f(X0,X0)) = f(f(f(X0,X0),f(X0,X0)),f(f(X0,X0),f(X0,X0))) [forward demodulation 417810,379317]
421608. f(f(f(X0,X0),f(X0,X0)),f(f(f(f(X0,X0),f(X0,X0)),f(f(X0,X0),f(X0,X0))),f(f(X0,X0),f(X0,X0)))) = f(f(f(X0,X0),f(f(X0,X0),f(X0,X0))),f(f(f(X0,X0),f(X0,X0)),f(f(X0,X0),f(X0,X0)))) [superposition 92953,417946]
423994. f(f(f(X0,X0),f(f(X0,X0),f(X0,X0))),f(f(X0,X0),f(X0,X0))) = f(f(f(X0,X0),f(X0,X0)),f(f(f(X0,X0),f(X0,X0)),f(f(X0,X0),f(X0,X0)))) [forward demodulation 421608,417946]
424360. f(f(f(X0,X0),f(f(X0,X0),f(X0,X0))),f(f(X0,X0),f(X0,X0))) = f(f(f(X0,X0),f(X0,X0)),f(f(X0,X0),f(X0,X0))) [forward demodulation 423994,417946]
424513. f(f(X0,X0),f(X0,X0)) = f(f(f(X0,X0),f(f(X0,X0),f(X0,X0))),f(f(X0,X0),f(X0,X0))) [forward demodulation 424360,417946]
445442. f(f(f(f(X0,X0),f(X0,X0)),f(f(X0,X0),f(X0,X0))),f(f(f(X0,X0),f(f(X0,X0),f(X0,X0))),f(f(X0,X0),f(X0,X0)))) = f(f(f(f(f(X0,X0),f(X0,X0)),f(f(X0,X0),f(X0,X0))),f(f(X0,X0),f(f(X0,X0),f(X0,X0)))),f(f(f(f(f(X0,X0),f(X0,X0)),f(f(X0,X0),f(X0,X0))),f(f(f(X0,X0),f(f(X0,X0),f(X0,X0))),f(f(X0,X0),f(X0,X0)))),f(f(f(f(X0,X0),f(X0,X0)),f(f(X0,X0),f(X0,X0))),f(f(f(X0,X0),f(f(X0,X0),f(X0,X0))),f(f(X0,X0),f(X0,X0)))))) [superposition 109091,424513]
445496. f(f(f(f(X0,X0),f(X0,X0)),f(f(X0,X0),f(X0,X0))),f(f(X0,X0),f(X0,X0))) = f(f(f(f(f(X0,X0),f(X0,X0)),f(f(X0,X0),f(X0,X0))),f(f(X0,X0),f(f(X0,X0),f(X0,X0)))),f(f(f(f(f(X0,X0),f(X0,X0)),f(f(X0,X0),f(X0,X0))),f(f(X0,X0),f(X0,X0))),f(f(f(f(X0,X0),f(X0,X0)),f(f(X0,X0),f(X0,X0))),f(f(X0,X0),f(X0,X0))))) [forward demodulation 445442,424513]
446242. f(f(X0,X0),f(X0,X0)) = f(f(f(f(f(X0,X0),f(X0,X0)),f(f(X0,X0),f(X0,X0))),f(f(X0,X0),f(f(X0,X0),f(X0,X0)))),f(f(f(X0,X0),f(X0,X0)),f(f(X0,X0),f(X0,X0)))) [forward demodulation 445496,383309]
446397. f(f(X0,X0),f(X0,X0)) = f(f(f(f(X0,X0),f(X0,X0)),f(f(X0,X0),f(f(X0,X0),f(X0,X0)))),f(f(X0,X0),f(X0,X0))) [forward demodulation 446242,417946]
446439. f(X0,X0) = f(f(X0,X0),f(X0,X0)) [forward demodulation 446397,7]
446701. f(f(X0,X0),f(f(f(X0,X0),f(X0,X0)),f(X0,X0))) = f(f(X0,f(X0,X0)),f(f(X0,X0),f(X0,X0))) [superposition 92953,446439]
449282. f(f(X0,f(X0,X0)),f(X0,X0)) = f(f(X0,X0),f(f(X0,X0),f(X0,X0))) [forward demodulation 446701,446439]
449814. f(f(X0,f(X0,X0)),f(X0,X0)) = f(f(X0,X0),f(X0,X0)) [forward demodulation 449282,446439]
450023. f(X0,X0) = f(f(X0,f(X0,X0)),f(X0,X0)) [forward demodulation 449814,446439]
456198. f(f(f(X0,X0),f(X0,X0)),f(f(X0,f(X0,X0)),f(X0,X0))) = f(f(f(f(X0,X0),f(X0,X0)),f(X0,f(X0,X0))),f(f(f(f(X0,X0),f(X0,X0)),f(f(X0,f(X0,X0)),f(X0,X0))),f(f(f(X0,X0),f(X0,X0)),f(f(X0,f(X0,X0)),f(X0,X0))))) [superposition 109091,450023]
456252. f(f(f(X0,X0),f(X0,X0)),f(X0,X0)) = f(f(f(f(X0,X0),f(X0,X0)),f(X0,f(X0,X0))),f(f(f(f(X0,X0),f(X0,X0)),f(X0,X0)),f(f(f(X0,X0),f(X0,X0)),f(X0,X0)))) [forward demodulation 456198,450023]
457073. f(f(X0,X0),f(X0,X0)) = f(f(f(X0,X0),f(X0,f(X0,X0))),f(f(f(X0,X0),f(X0,X0)),f(f(X0,X0),f(X0,X0)))) [forward demodulation 456252,446439]
457236. f(f(X0,X0),f(X0,X0)) = f(f(f(X0,X0),f(X0,f(X0,X0))),f(f(X0,X0),f(X0,X0))) [forward demodulation 457073,417946]
457288. f(X0,X0) = f(f(f(X0,X0),f(X0,f(X0,X0))),f(X0,X0)) [forward demodulation 457236,446439]
457304. f(X0,X0) = X0 [forward demodulation 457288,7]
459681. f(X1,X1) = f(f(f(X0,X0),f(X1,f(X0,X0))),f(X1,X1)) [superposition 379317,457304]
460129. f(f(f(X0,X0),f(X1,f(X0,X0))),X1) = X1 [forward demodulation 459681,457304]
462681. f(f(X0,f(X1,X0)),X1) = X1 [forward demodulation 460129,457304]
488480. f(X2,f(f(f(f(X0,X0),f(X1,f(X0,X0))),f(X1,X1)),X2)) = f(f(f(X1,X1),f(f(X2,f(f(f(f(X0,X0),f(X1,f(X0,X0))),f(X1,X1)),X2)),f(f(f(X0,X0),f(X1,f(X0,X0))),f(X1,X1)))),f(X1,X1)) [superposition 379318,462681]
488786. f(X2,f(f(f(f(X0,X0),f(X1,f(X0,X0))),X1),X2)) = f(f(X1,f(f(X2,f(f(f(f(X0,X0),f(X1,f(X0,X0))),X1),X2)),f(f(f(X0,X0),f(X1,f(X0,X0))),X1))),X1) [forward demodulation 488480,457304]
490822. f(f(X1,f(f(f(X0,X0),f(X1,f(X0,X0))),X1)),X1) = f(X2,f(f(f(f(X0,X0),f(X1,f(X0,X0))),X1),X2)) [forward demodulation 488786,462681]
492802. f(f(X1,X1),X1) = f(X2,f(X1,X2)) [forward demodulation 490822,462681]
494506. f(X1,X1) = f(X2,f(X1,X2)) [forward demodulation 492802,457304]
495653. f(X2,f(X1,X2)) = X1 [forward demodulation 494506,457304]
496945. f(f(X0,X1),X0) = X1 [superposition 495653,495653]
548910. f(X0,X1) = f(f(X0,X1),X0) [superposition 90382,496945]
552785. f(X0,X1) = X1 [forward demodulation 548910,496945]
562023. X0 = X1 [superposition 552785,496945]
601335. sK0 != X0 [superposition 8,562023]
606376. $false [forward subsumption resolution 601335,562023]
% SZS output end Proof for p
% ------------------------------
% Version: Vampire 5.0.1 (Release build, commit 1b13eaf on 2026-01-18 12:14:50 +0000)
% Linked with Z3 4.14.0.0 3c47fd96cf5645d0c42b2c819d9e9a84380aa721 NOTFOUND
% CaDiCaL version: 2.1.3
% Termination reason: Refutation
% Time elapsed: 28.408 s
% Peak memory usage: 591 MB
% Instructions burned: 147964 (million)
% ------------------------------
% ------------------------------
