% law: x = (((((y ◇ (w ◇ z)) ◇ x) ◇ y) ◇ ((y ◇ z) ◇ x)) ◇ y)
% config: vampire/triv/discount @ 30s

% Running in auto input_syntax mode. Trying TPTP
% Refutation found. Thanks to Tanya!
% SZS status Theorem for p
% SZS output start Proof for p
1. ! [X0,X1,X2,X3] : X1 = f(f(f(f(f(X2,f(X0,X3)),X1),X2),f(f(X2,X3),X1)),X2) [input(axiom)]
2. ! [X0,X1] : X0 = X1 [input(conjecture)]
3. ~! [X0,X1] : X0 = X1 [negated conjecture 2]
4. ? [X0,X1] : X0 != X1 [ennf transformation 3]
5. ? [X0,X1] : X0 != X1 => sK0 != sK1 [skolem symbol introduction]
6. sK0 != sK1 [skolemisation 4,5]
7. f(f(f(f(f(X2,f(X0,X3)),X1),X2),f(f(X2,X3),X1)),X2) = X1 [cnf transformation 1]
8. sK0 != sK1 [cnf transformation 6]
9. f(f(f(f(f(X1,X0),X5),X1),f(f(X1,X2),X5)),X1) = X5 [superposition 7,7]
15. f(f(f(f(X0,X4),f(f(f(f(X1,X2),X0),X1),f(f(X1,X3),X0))),f(f(f(f(f(f(X1,X2),X0),X1),f(f(X1,X3),X0)),X5),X4)),f(f(f(f(X1,X2),X0),X1),f(f(X1,X3),X0))) = X4 [superposition 9,9]
17. f(f(f(X0,f(f(f(X1,X2),X0),X1)),f(f(f(f(f(X1,X2),X0),X1),X4),X1)),f(f(f(X1,X2),X0),X1)) = X1 [superposition 9,9]
46. f(f(f(X0,f(f(f(X1,X2),X0),X1)),X0),f(f(f(X1,X2),X0),X1)) = X1 [superposition 17,9]
118. f(f(X2,f(f(f(X0,X3),X2),X0)),X2) = f(f(f(X1,f(f(X0,X1),f(f(X2,f(f(f(X0,X3),X2),X0)),X2))),X1),f(f(X0,X1),f(f(X2,f(f(f(X0,X3),X2),X0)),X2))) [superposition 46,46]
497. f(f(f(f(X0,X1),f(f(f(f(X2,X3),X0),X2),f(f(X2,X4),X0))),f(X0,X1)),f(f(f(f(X2,X3),X0),X2),f(f(X2,X4),X0))) = X1 [superposition 15,9]
1316. f(f(X1,f(f(X0,X1),f(f(f(f(X2,X3),X0),X2),f(f(X2,X4),X0)))),X1) = f(f(f(X5,f(f(f(f(f(f(X2,X3),X0),X2),f(f(X2,X4),X0)),X5),f(f(X1,f(f(X0,X1),f(f(f(f(X2,X3),X0),X2),f(f(X2,X4),X0)))),X1))),X5),f(f(f(f(f(f(X2,X3),X0),X2),f(f(X2,X4),X0)),X5),f(f(X1,f(f(X0,X1),f(f(f(f(X2,X3),X0),X2),f(f(X2,X4),X0)))),X1))) [superposition 118,9]
245372. f(f(X1,f(f(X0,X1),f(f(f(f(X2,X3),X0),X2),f(f(X2,X4),X0)))),X1) = f(f(f(X2,f(X0,f(f(X1,f(f(X0,X1),f(f(f(f(X2,X3),X0),X2),f(f(X2,X4),X0)))),X1))),X2),f(X0,f(f(X1,f(f(X0,X1),f(f(f(f(X2,X3),X0),X2),f(f(X2,X4),X0)))),X1))) [superposition 1316,9]
248739. f(f(X1,f(f(f(f(f(X1,X2),X1),X1),X1),f(f(f(f(f(X1,X0),X3),f(f(f(X1,X2),X1),X1)),f(X1,X0)),f(f(f(X1,X0),X4),f(f(f(X1,X2),X1),X1))))),X1) = X0 [superposition 245372,497]
250789. f(f(f(f(f(X1,X2),X1),X1),X0),X1) = X1 [superposition 9,248739]
252243. f(f(f(X0,X1),X5),X1) = X1 [superposition 250789,248739]
254441. X0 = X1 [superposition 252243,7]
263249. sK0 != X0 [superposition 8,254441]
266791. $false [forward subsumption resolution 263249,254441]
% SZS output end Proof for p
% ------------------------------
% Version: Vampire 5.0.1 (Release build, commit 1b13eaf on 2026-01-18 12:14:50 +0000)
% Linked with Z3 4.14.0.0 3c47fd96cf5645d0c42b2c819d9e9a84380aa721 NOTFOUND
% CaDiCaL version: 2.1.3
% Termination reason: Refutation
% Time elapsed: 27.495 s
% Peak memory usage: 501 MB
% Instructions burned: 146990 (million)
% ------------------------------
% ------------------------------
