% law: x = (((y ◇ x) ◇ (y ◇ ((x ◇ (y ◇ z)) ◇ (z ◇ w)))) ◇ z)
% config: vampire/sat/otter+kbo @ 30s

% Running in auto input_syntax mode. Trying TPTP
[SA] active: 6. sK0 != sK1 [cnf transformation 4]
[SA] active: 5. f(f(f(X2,X1),f(X2,f(f(X1,f(X2,X3)),f(X3,X0)))),X3) = X1 [cnf transformation 1]
[SA] active: 7. f(f(X0,f(f(f(X1,X0),f(X1,f(f(X0,f(X1,X2)),f(X2,X3)))),f(f(X2,f(f(f(X1,X0),f(X1,f(f(X0,f(X1,X2)),f(X2,X3)))),X4)),f(X4,X5)))),X4) = X2 [superposition 5,5]
[SA] active: 8. f(f(f(f(f(X1,X0),f(X1,f(f(X0,f(X1,X2)),f(X2,X3)))),X4),f(f(f(X1,X0),f(X1,f(f(X0,f(X1,X2)),f(X2,X3)))),f(f(X4,X0),f(X2,X5)))),X2) = X4 [superposition 5,5]
[SA] active: 19. f(f(X0,f(f(f(X1,X0),f(X1,f(f(X0,f(X1,X2)),f(X2,X3)))),f(f(X2,X0),f(X2,X4)))),X2) = X2 [superposition 7,5]
[SA] active: 10. f(f(f(X1,X2),f(X1,f(f(X2,f(X1,f(f(X3,X0),f(X3,f(f(X0,f(X3,X4)),f(X4,X5)))))),X0))),f(f(X3,X0),f(X3,f(f(X0,f(X3,X4)),f(X4,X5))))) = X2 [superposition 5,5]
[SA] active: 159. f(f(X0,X0),f(f(X0,X0),f(X0,f(f(X0,f(X0,X3)),f(X3,X4))))) = X0 [forward demodulation 115,5]
[SA] active: 9. f(f(X2,X0),f(X2,f(f(X0,f(X2,f(X1,X3))),f(f(X1,X3),X4)))) = f(f(f(X1,f(f(X2,X0),f(X2,f(f(X0,f(X2,f(X1,X3))),f(f(X1,X3),X4))))),f(X1,f(X0,f(X3,X5)))),X3) [superposition 5,5]
[SA] active: 174. f(f(X1,X1),f(f(X1,X1),f(X1,f(f(X1,f(X1,f(X0,X0))),X0)))) = X1 [superposition 159,159]
[SA] active: 144. f(f(f(X1,X2),f(X1,f(f(X2,f(X1,f(f(X3,X0),f(X3,f(f(X0,f(X3,f(f(X4,X5),f(X4,f(f(X5,f(X4,X6)),f(X6,X7)))))),X5))))),X0))),f(f(X3,X0),f(X3,f(f(X0,f(X3,f(f(X4,X5),f(X4,f(f(X5,f(X4,X6)),f(X6,X7)))))),X5)))) = X2 [superposition 5,10]
[SA] active: 184. f(f(f(X1,X2),f(X1,f(f(X2,f(X1,f(X0,X0))),X0))),f(X0,X0)) = X2 [superposition 5,159]
[SA] active: 20. f(f(X1,f(f(f(X2,X1),f(X2,f(f(X1,f(X2,X3)),f(X3,X4)))),f(f(X3,f(f(f(X2,X1),f(X2,f(f(X1,f(X2,X3)),f(X3,X4)))),f(f(X5,X0),f(X5,f(f(X0,f(X5,X6)),f(X6,X7)))))),X0))),f(f(X5,X0),f(X5,f(f(X0,f(X5,X6)),f(X6,X7))))) = X3 [superposition 7,5]
[SA] active: 169. f(f(X1,X1),f(f(X1,X1),f(X1,f(f(X1,f(X1,f(f(X2,X0),f(X2,f(f(X0,f(X2,X3)),f(X3,X4)))))),X0)))) = X1 [superposition 159,5]
[SA] active: 39. f(f(X5,X0),f(X5,f(f(X0,f(X5,X2)),f(X2,X6)))) = f(f(f(f(f(X1,X2),f(X1,f(f(X2,f(X1,X3)),f(X3,X4)))),f(f(X5,X0),f(X5,f(f(X0,f(X5,X2)),f(X2,X6))))),f(f(f(X1,X2),f(X1,f(f(X2,f(X1,X3)),f(X3,X4)))),f(X0,f(X3,X7)))),X3) [superposition 8,5]
[SA] active: 727. f(X0,X0) = f(f(f(X0,X0),f(X0,X0)),f(f(f(X0,X0),f(X0,X0)),f(f(X0,X0),f(f(f(X0,X0),X0),X0)))) [superposition 169,159]
[SA] active: 109. f(f(f(f(f(X1,X0),f(X1,f(f(X0,f(X1,f(f(X2,X3),f(X2,f(f(X3,f(X2,X4)),f(X4,X5)))))),X3))),X6),f(f(f(X1,X0),f(X1,f(f(X0,f(X1,f(f(X2,X3),f(X2,f(f(X3,f(X2,X4)),f(X4,X5)))))),X3))),f(f(X6,X0),X3))),f(f(X2,X3),f(X2,f(f(X3,f(X2,X4)),f(X4,X5))))) = X6 [superposition 10,10]
[SA] active: 176. f(f(f(f(X0,X0),X1),f(f(X0,X0),f(f(X1,X0),X0))),f(f(X0,X0),f(X0,f(f(X0,f(X0,X2)),f(X2,X3))))) = X1 [superposition 10,159]
[SA] active: 15. f(f(f(f(X1,X0),f(X1,f(f(X0,f(X1,f(X2,X3))),f(f(X2,X3),X4)))),f(f(f(X2,f(f(X1,X0),f(X1,f(f(X0,f(X1,f(X2,X3))),f(f(X2,X3),X4))))),f(X2,f(X0,f(X3,X5)))),f(f(X3,f(f(f(X2,f(f(X1,X0),f(X1,f(f(X0,f(X1,f(X2,X3))),f(f(X2,X3),X4))))),f(X2,f(X0,f(X3,X5)))),X6)),f(X6,X7)))),X6) = X3 [superposition 7,5]
[SA] active: 532. f(f(X1,X1),f(f(X1,X1),f(X1,f(f(X1,f(X1,f(f(X2,X0),f(X2,f(f(X0,f(X2,f(X3,X3))),X3))))),X0)))) = X1 [superposition 159,184]
[SA] active: 33. f(f(f(f(f(X1,f(f(X2,X0),f(X2,f(f(X0,f(X2,f(X1,X3))),f(f(X1,X3),X4))))),f(X1,f(X0,f(X3,X5)))),X6),f(f(f(X1,f(f(X2,X0),f(X2,f(f(X0,f(X2,f(X1,X3))),f(f(X1,X3),X4))))),f(X1,f(X0,f(X3,X5)))),f(f(X6,f(f(X2,X0),f(X2,f(f(X0,f(X2,f(X1,X3))),f(f(X1,X3),X4))))),f(X3,X7)))),X3) = X6 [superposition 8,5]
[SA] active: 1317. f(f(f(f(X1,X1),X2),f(f(X1,X1),f(f(X2,X1),X1))),f(f(X1,X1),f(X1,f(f(X1,f(X1,f(X0,X0))),X0)))) = X2 [superposition 176,169]
[SA] active: 126. f(f(f(X1,X2),f(X1,f(f(X2,f(X1,f(f(X3,f(f(X4,X0),f(X4,f(f(X0,f(X4,f(X3,X5))),f(f(X3,X5),X6))))),f(X3,f(X0,f(X5,X7)))))),f(f(X4,X0),f(X4,f(f(X0,f(X4,f(X3,X5))),f(f(X3,X5),X6))))))),f(f(X3,f(f(X4,X0),f(X4,f(f(X0,f(X4,f(X3,X5))),f(f(X3,X5),X6))))),f(X3,f(X0,f(X5,X7))))) = X2 [superposition 10,5]
[SA] active: 1390. f(f(X1,X1),f(f(X1,X1),f(X1,f(f(X1,f(X1,f(f(f(X2,X2),X0),f(f(X2,X2),f(f(X0,X2),X2))))),X0)))) = X1 [superposition 159,176]
[SA] active: 141. f(f(X3,X0),f(X3,f(f(X0,f(X3,f(f(X1,X2),f(X1,f(f(X2,f(X1,X4)),f(X4,X5)))))),X2))) = f(f(f(f(X1,X2),f(f(X3,X0),f(X3,f(f(X0,f(X3,f(f(X1,X2),f(X1,f(f(X2,f(X1,X4)),f(X4,X5)))))),X2)))),f(f(X1,X2),f(X0,f(f(X1,f(f(X2,f(X1,X4)),f(X4,X5))),X6)))),f(X1,f(f(X2,f(X1,X4)),f(X4,X5)))) [superposition 5,10]
[SA] active: 198. f(X0,X0) = f(f(X1,f(f(f(X2,X1),f(X2,f(f(X1,f(X2,f(X0,X0))),X0))),f(f(f(X0,X0),X1),f(f(X0,X0),X5)))),f(X0,X0)) [superposition 19,159]
[SA] active: 135. f(f(f(X1,X2),f(X1,f(f(X2,f(X1,f(f(X3,X4),f(X3,f(f(X4,f(X3,f(f(X5,X0),f(X5,f(f(X0,f(X5,f(f(X6,X7),f(X6,f(f(X7,f(X6,X8)),f(X8,X9)))))),X7))))),X0))))),X4))),f(f(X3,X4),f(X3,f(f(X4,f(X3,f(f(X5,X0),f(X5,f(f(X0,f(X5,f(f(X6,X7),f(X6,f(f(X7,f(X6,X8)),f(X8,X9)))))),X7))))),X0)))) = X2 [superposition 10,10]
[SA] active: 2993. f(X0,X0) = f(f(X1,f(f(f(X2,X1),f(X2,f(f(X1,f(X2,f(X0,X0))),X0))),f(f(f(X0,X0),X1),X0))),f(X0,X0)) [superposition 198,1390]
[SA] active: 148. f(f(X1,f(f(f(X2,X1),f(X2,f(f(X1,f(X2,X3)),f(X3,X4)))),f(f(X3,f(f(f(X2,X1),f(X2,f(f(X1,f(X2,X3)),f(X3,X4)))),f(f(X5,X0),f(X5,f(f(X0,f(X5,f(f(X6,X7),f(X6,f(f(X7,f(X6,X8)),f(X8,X9)))))),X7))))),X0))),f(f(X5,X0),f(X5,f(f(X0,f(X5,f(f(X6,X7),f(X6,f(f(X7,f(X6,X8)),f(X8,X9)))))),X7)))) = X3 [superposition 7,10]
[SA] active: 202. f(X0,X0) = f(f(X1,f(f(f(X2,X1),f(X2,f(f(X1,f(X2,f(X0,X0))),f(f(X0,X0),X3)))),f(f(f(X0,X0),X1),X0))),f(X0,X0)) [superposition 19,159]
[SA] active: 261. f(X2,f(f(X0,f(X1,X1)),f(X0,f(f(f(X1,X1),f(X0,f(X2,X1))),f(f(X2,X1),X3))))) = f(f(f(X2,f(X2,f(f(X0,f(X1,X1)),f(X0,f(f(f(X1,X1),f(X0,f(X2,X1))),f(f(X2,X1),X3)))))),f(X2,f(f(X0,f(X1,X1)),f(X0,f(f(f(X1,X1),f(X0,f(X2,X1))),f(f(X2,X1),X3)))))),f(f(X1,X1),f(X1,f(f(X1,f(X1,X4)),f(X4,X5))))) [superposition 10,9]
[SA] active: 4500. f(X0,X0) = f(f(f(f(f(X0,X0),f(X0,X0)),f(X0,X0)),f(X0,X0)),f(f(X0,X0),f(X0,f(f(X0,f(X0,X2)),f(X2,X3))))) [superposition 261,159]
[SA] active: 13. f(f(X1,f(f(f(f(f(X2,X0),f(X2,f(f(X0,f(X2,X3)),f(X3,X4)))),X1),f(f(f(X2,X0),f(X2,f(f(X0,f(X2,X3)),f(X3,X4)))),f(f(X1,X0),f(X3,X5)))),f(f(X3,f(f(f(f(f(X2,X0),f(X2,f(f(X0,f(X2,X3)),f(X3,X4)))),X1),f(f(f(X2,X0),f(X2,f(f(X0,f(X2,X3)),f(X3,X4)))),f(f(X1,X0),f(X3,X5)))),X6)),f(X6,X7)))),X6) = X3 [superposition 7,5]
[SA] active: 4907. f(f(X1,X1),f(f(X1,X1),f(X1,f(f(X1,f(X1,f(f(f(f(X0,X0),f(X0,X0)),f(X0,X0)),f(X0,X0)))),f(X0,X0))))) = X1 [superposition 159,4500]
[SA] active: 17. f(f(X3,X0),f(X3,f(f(X0,f(X3,X4)),f(X4,X5)))) = f(f(X1,f(f(f(X2,X1),f(X2,f(f(X1,f(X2,f(f(X3,X0),f(X3,f(f(X0,f(X3,X4)),f(X4,X5)))))),X0))),f(f(f(f(X3,X0),f(X3,f(f(X0,f(X3,X4)),f(X4,X5)))),f(f(f(X2,X1),f(X2,f(f(X1,f(X2,f(f(X3,X0),f(X3,f(f(X0,f(X3,X4)),f(X4,X5)))))),X0))),X6)),f(X6,X7)))),X6) [superposition 7,5]
[SA] active: 4776. f(X1,X1) = f(f(f(f(f(X1,X1),f(X1,X1)),f(X1,X1)),f(X1,X1)),f(f(X1,X1),f(X1,f(f(X1,f(X1,f(X0,X0))),X0)))) [superposition 4500,1390]
[SA] active: 22. f(f(X0,f(f(X1,f(f(f(X2,X1),f(X2,f(f(X1,f(X2,X0)),f(X0,X3)))),f(f(X0,f(f(f(X2,X1),f(X2,f(f(X1,f(X2,X0)),f(X0,X3)))),X4)),f(X4,X5)))),f(f(X4,f(f(X1,f(f(f(X2,X1),f(X2,f(f(X1,f(X2,X0)),f(X0,X3)))),f(f(X0,f(f(f(X2,X1),f(X2,f(f(X1,f(X2,X0)),f(X0,X3)))),X4)),f(X4,X5)))),X6)),f(X6,X7)))),X6) = X4 [superposition 5,7]
[SA] active: 239. f(f(X0,X0),f(X0,f(f(X0,f(X0,f(f(X0,X0),X1))),f(f(f(X0,X0),X1),X2)))) = f(f(X0,f(f(X0,X0),f(X0,f(X1,X3)))),X1) [superposition 9,159]
[SA] active: 23. f(f(f(f(X1,f(f(f(X2,X1),f(X2,f(f(X1,f(X2,X0)),f(X0,X3)))),f(f(X0,f(f(f(X2,X1),f(X2,f(f(X1,f(X2,X0)),f(X0,X3)))),X4)),f(X4,X5)))),X6),f(f(X1,f(f(f(X2,X1),f(X2,f(f(X1,f(X2,X0)),f(X0,X3)))),f(f(X0,f(f(f(X2,X1),f(X2,f(f(X1,f(X2,X0)),f(X0,X3)))),X4)),f(X4,X5)))),f(f(X6,X0),f(X4,X7)))),X4) = X6 [superposition 5,7]
[SA] active: 6673. f(f(X0,X0),f(f(X0,f(f(X0,X0),f(X0,f(X1,X2)))),X1)) = X0 [superposition 159,239]
[SA] active: 24. f(f(f(X1,X2),f(X1,f(f(X2,f(X1,f(X3,f(f(f(X4,X3),f(X4,f(f(X3,f(X4,X0)),f(X0,X5)))),f(f(X0,f(f(f(X4,X3),f(X4,f(f(X3,f(X4,X0)),f(X0,X5)))),X6)),f(X6,X7)))))),X0))),f(X3,f(f(f(X4,X3),f(X4,f(f(X3,f(X4,X0)),f(X0,X5)))),f(f(X0,f(f(f(X4,X3),f(X4,f(f(X3,f(X4,X0)),f(X0,X5)))),X6)),f(X6,X7))))) = X2 [superposition 5,7]
[SA] active: 7660. f(f(X1,X1),f(f(X1,f(f(X1,X1),f(X1,X0))),f(X0,X0))) = X1 [superposition 6673,6673]
[SA] active: 36. f(f(f(f(f(X1,X2),f(X1,f(f(X2,f(X1,f(f(X3,X0),f(X3,f(f(X0,f(X3,X4)),f(X4,X5)))))),X0))),X6),f(f(f(X1,X2),f(X1,f(f(X2,f(X1,f(f(X3,X0),f(X3,f(f(X0,f(X3,X4)),f(X4,X5)))))),X0))),f(f(X6,X2),f(f(f(X3,X0),f(X3,f(f(X0,f(X3,X4)),f(X4,X5)))),X7)))),f(f(X3,X0),f(X3,f(f(X0,f(X3,X4)),f(X4,X5))))) = X6 [superposition 8,5]
[SA] active: 6648. f(f(f(X0,f(f(X0,X0),f(X0,f(X1,X2)))),X1),f(f(X0,X0),X1)) = X0 [superposition 5,239]
[SA] active: 49. f(f(f(f(f(f(f(X1,X2),f(X1,f(f(X2,f(X1,X3)),f(X3,X4)))),X0),f(f(f(X1,X2),f(X1,f(f(X2,f(X1,X3)),f(X3,X4)))),f(f(X0,X2),f(X3,X5)))),X6),f(f(f(f(f(X1,X2),f(X1,f(f(X2,f(X1,X3)),f(X3,X4)))),X0),f(f(f(X1,X2),f(X1,f(f(X2,f(X1,X3)),f(X3,X4)))),f(f(X0,X2),f(X3,X5)))),f(f(X6,X0),f(X3,X7)))),X3) = X6 [superposition 5,8]
[SA] active: 9199. f(f(f(X1,f(f(X1,X1),f(X1,X0))),f(X0,X0)),f(f(X1,X1),f(X0,X0))) = X1 [superposition 6648,6673]
[SA] active: 50. f(f(f(X1,X2),f(X1,f(f(X2,f(X1,f(f(f(f(X3,X4),f(X3,f(f(X4,f(X3,X5)),f(X5,X6)))),X0),f(f(f(X3,X4),f(X3,f(f(X4,f(X3,X5)),f(X5,X6)))),f(f(X0,X4),f(X5,X7)))))),X0))),f(f(f(f(X3,X4),f(X3,f(f(X4,f(X3,X5)),f(X5,X6)))),X0),f(f(f(X3,X4),f(X3,f(f(X4,f(X3,X5)),f(X5,X6)))),f(f(X0,X4),f(X5,X7))))) = X2 [superposition 5,8]
[SA] active: 6590. f(f(X0,f(f(X0,X0),f(X0,f(X1,X2)))),X1) = f(f(X0,f(f(X0,X0),f(X0,f(X1,X4)))),X1) [superposition 239,239]
[SA] active: 45. f(X2,X0) = f(f(f(f(f(X1,f(X2,f(f(X0,f(X2,f(X3,X4))),f(f(X3,X4),X5)))),f(X1,f(f(f(X2,f(f(X0,f(X2,f(X3,X4))),f(f(X3,X4),X5))),f(X1,X3)),f(X3,X6)))),f(X2,X0)),f(f(f(X1,f(X2,f(f(X0,f(X2,f(X3,X4))),f(f(X3,X4),X5)))),f(X1,f(f(f(X2,f(f(X0,f(X2,f(X3,X4))),f(f(X3,X4),X5))),f(X1,X3)),f(X3,X6)))),X0)),X3) [superposition 8,5]
[SA] active: 7697. f(X0,X0) = f(f(f(X0,X0),f(X0,X0)),f(f(f(X0,X0),f(f(f(X0,X0),f(X0,X0)),X0)),f(X0,X0))) [superposition 6673,4907]
[SA] active: 25. f(X2,f(f(f(X3,X2),f(X3,f(f(X2,f(X3,X0)),f(X0,X4)))),f(f(X0,f(f(f(X3,X2),f(X3,f(f(X2,f(X3,X0)),f(X0,X4)))),f(X1,X5))),f(f(X1,X5),X6)))) = f(f(f(X1,f(X2,f(f(f(X3,X2),f(X3,f(f(X2,f(X3,X0)),f(X0,X4)))),f(f(X0,f(f(f(X3,X2),f(X3,f(f(X2,f(X3,X0)),f(X0,X4)))),f(X1,X5))),f(f(X1,X5),X6))))),f(X1,f(X0,f(X5,X7)))),X5) [superposition 5,7]
[SA] active: 12801. f(X0,X0) = f(f(f(f(f(X0,X0),f(X0,X0)),f(X0,X0)),f(X0,X0)),X0) [superposition 5,7697]
[SA] active: 286. f(f(X2,f(f(X0,X1),f(X0,f(f(X1,f(X0,f(X2,f(X3,X4)))),f(f(X2,f(X3,X4)),X5))))),f(X2,f(X1,f(f(X3,X4),X6)))) = f(f(f(X3,f(f(X2,f(f(X0,X1),f(X0,f(f(X1,f(X0,f(X2,f(X3,X4)))),f(f(X2,f(X3,X4)),X5))))),f(X2,f(X1,f(f(X3,X4),X6))))),f(X3,f(f(f(X0,X1),f(X0,f(f(X1,f(X0,f(X2,f(X3,X4)))),f(f(X2,f(X3,X4)),X5)))),f(X4,X7)))),X4) [superposition 5,9]
[SA] active: 9508. f(f(X1,X1),f(f(X1,f(f(X1,X1),f(X1,X0))),f(f(X0,f(f(X0,X0),f(X0,f(X2,X3)))),X2))) = X1 [superposition 6673,6648]
[SA] active: 42. f(f(f(f(f(X1,X2),f(X1,f(f(X2,f(X1,f(f(X3,X0),f(X3,f(f(X0,f(X3,X4)),f(X4,X5)))))),f(f(f(X3,X0),f(X3,f(f(X0,f(X3,X4)),f(X4,X5)))),X6)))),X7),f(f(f(X1,X2),f(X1,f(f(X2,f(X1,f(f(X3,X0),f(X3,f(f(X0,f(X3,X4)),f(X4,X5)))))),f(f(f(X3,X0),f(X3,f(f(X0,f(X3,X4)),f(X4,X5)))),X6)))),f(f(X7,X2),X0))),f(f(X3,X0),f(X3,f(f(X0,f(X3,X4)),f(X4,X5))))) = X7 [superposition 8,5]
[SA] active: 10560. f(f(X1,X1),f(f(X1,f(f(X1,X1),f(X1,X0))),f(f(X0,f(f(X0,X0),f(X0,X2))),f(X2,X2)))) = X1 [superposition 6673,9199]
[SA] active: 56. f(f(f(f(X2,X3),f(X2,f(f(X3,f(X2,f(X1,X4))),f(f(X1,X4),X5)))),X0),f(f(f(X2,X3),f(X2,f(f(X3,f(X2,f(X1,X4))),f(f(X1,X4),X5)))),f(f(X0,X3),f(f(X1,X4),X6)))) = f(f(f(X1,f(f(f(f(X2,X3),f(X2,f(f(X3,f(X2,f(X1,X4))),f(f(X1,X4),X5)))),X0),f(f(f(X2,X3),f(X2,f(f(X3,f(X2,f(X1,X4))),f(f(X1,X4),X5)))),f(f(X0,X3),f(f(X1,X4),X6))))),f(X1,f(X0,f(X4,X7)))),X4) [superposition 5,8]
[SA] active: 6666. f(f(X3,X3),f(f(X3,X3),f(X3,f(f(X3,f(X3,f(f(X0,f(f(X0,X0),f(X0,f(X1,X2)))),X1))),X0)))) = X3 [superposition 169,239]
[SA] active: 269. f(f(X5,f(f(f(X6,X5),f(X6,f(f(X5,f(X6,X7)),f(X7,X8)))),f(f(X7,f(f(f(X6,X5),f(X6,f(f(X5,f(X6,X7)),f(X7,X8)))),f(f(X2,f(f(X0,X1),f(X0,f(f(X1,f(X0,f(X2,X3))),f(f(X2,X3),X4))))),f(X2,f(X1,f(X3,X9)))))),f(f(X0,X1),f(X0,f(f(X1,f(X0,f(X2,X3))),f(f(X2,X3),X4))))))),f(f(X2,f(f(X0,X1),f(X0,f(f(X1,f(X0,f(X2,X3))),f(f(X2,X3),X4))))),f(X2,f(X1,f(X3,X9))))) = X7 [superposition 7,9]
[SA] active: 6672. f(f(f(f(X0,X0),X3),f(f(X0,X0),f(f(X3,X0),X0))),f(f(X0,f(f(X0,X0),f(X0,f(X1,X2)))),X1)) = X3 [superposition 176,239]
[SA] active: 274. f(f(X2,f(f(X0,X1),f(X0,f(f(X1,f(X0,f(X2,X3))),f(f(X2,X3),X4))))),f(X2,f(X1,f(X3,X8)))) = f(f(f(f(f(X5,X3),f(X5,f(f(X3,f(X5,X6)),f(X6,X7)))),f(f(X2,f(f(X0,X1),f(X0,f(f(X1,f(X0,f(X2,X3))),f(f(X2,X3),X4))))),f(X2,f(X1,f(X3,X8))))),f(f(f(X5,X3),f(X5,f(f(X3,f(X5,X6)),f(X6,X7)))),f(f(f(X0,X1),f(X0,f(f(X1,f(X0,f(X2,X3))),f(f(X2,X3),X4)))),f(X6,X9)))),X6) [superposition 8,9]
[SA] active: 7627. f(f(X1,X1),f(f(X1,f(f(X1,X1),f(X1,X0))),f(f(f(X2,X2),X0),f(f(X2,X2),f(f(X0,X2),X2))))) = X1 [superposition 6673,1317]
[SA] active: 276. f(f(f(f(X0,X1),f(X0,f(f(X1,f(X0,f(X2,X3))),f(f(X2,X3),X4)))),f(f(f(X2,f(f(X0,X1),f(X0,f(f(X1,f(X0,f(X2,X3))),f(f(X2,X3),X4))))),f(X2,f(X1,f(X3,X5)))),f(f(X3,f(f(f(X2,f(f(X0,X1),f(X0,f(f(X1,f(X0,f(X2,X3))),f(f(X2,X3),X4))))),f(X2,f(X1,f(X3,X5)))),f(f(X6,X7),f(X6,f(f(X7,f(X6,X8)),f(X8,X9)))))),X7))),f(f(X6,X7),f(X6,f(f(X7,f(X6,X8)),f(X8,X9))))) = X3 [superposition 10,9]
[SA] active: 20664. f(X0,X0) = f(f(f(f(f(X0,X0),f(X0,X0)),f(X0,X0)),f(X0,X0)),f(f(X0,X0),X1)) [superposition 5,7627]
[SA] active: 110. f(f(X2,X0),f(X2,f(f(X0,f(X2,f(X1,f(f(X3,X4),f(X3,f(f(X4,f(X3,X5)),f(X5,X6))))))),f(f(X1,f(f(X3,X4),f(X3,f(f(X4,f(X3,X5)),f(X5,X6))))),X7)))) = f(f(f(X1,f(f(X2,X0),f(X2,f(f(X0,f(X2,f(X1,f(f(X3,X4),f(X3,f(f(X4,f(X3,X5)),f(X5,X6))))))),f(f(X1,f(f(X3,X4),f(X3,f(f(X4,f(X3,X5)),f(X5,X6))))),X7))))),f(X1,f(X0,X4))),f(f(X3,X4),f(X3,f(f(X4,f(X3,X5)),f(X5,X6))))) [superposition 10,5]
[SA] active: 7628. f(f(X1,X1),f(f(X1,f(f(X1,X1),f(X1,X0))),f(f(X2,X0),f(X2,f(f(X0,f(X2,f(X3,X3))),X3))))) = X1 [superposition 6673,184]
[SA] active: 247. f(f(X1,f(f(X2,X0),f(X2,f(f(X0,f(X2,f(X3,X4))),f(f(X3,X4),X5))))),f(X1,f(f(f(f(X2,X0),f(X2,f(f(X0,f(X2,f(X3,X4))),f(f(X3,X4),X5)))),f(X1,f(X6,X3))),f(f(X6,X3),X7)))) = f(f(f(X6,f(f(X1,f(f(X2,X0),f(X2,f(f(X0,f(X2,f(X3,X4))),f(f(X3,X4),X5))))),f(X1,f(f(f(f(X2,X0),f(X2,f(f(X0,f(X2,f(X3,X4))),f(f(X3,X4),X5)))),f(X1,f(X6,X3))),f(f(X6,X3),X7))))),f(X6,X0)),X3) [superposition 9,5]
[SA] active: 23690. f(f(f(f(X0,X0),X0),X0),f(X0,X1)) = X0 [superposition 5,7628]
[SA] active: 132. f(f(f(X1,X2),f(X1,f(f(X2,f(X1,f(f(X3,X4),f(X3,f(f(X4,f(X3,f(X5,f(f(f(X6,X5),f(X6,f(f(X5,f(X6,X0)),f(X0,X7)))),f(f(X0,f(f(f(X6,X5),f(X6,f(f(X5,f(X6,X0)),f(X0,X7)))),X8)),f(X8,X9)))))),X0))))),X4))),f(f(X3,X4),f(X3,f(f(X4,f(X3,f(X5,f(f(f(X6,X5),f(X6,f(f(X5,f(X6,X0)),f(X0,X7)))),f(f(X0,f(f(f(X6,X5),f(X6,f(f(X5,f(X6,X0)),f(X0,X7)))),X8)),f(X8,X9)))))),X0)))) = X2 [superposition 10,7]
[SA] active: 25565. f(f(X1,X1),f(f(X1,f(f(X1,X1),f(X1,X0))),f(f(f(X0,X0),X0),X0))) = X1 [superposition 6673,23690]
[SA] active: 133. f(f(f(X1,X2),f(X1,f(f(X2,f(X1,f(f(X3,X4),f(X3,f(f(X4,f(X3,f(f(f(f(X5,X6),f(X5,f(f(X6,f(X5,X7)),f(X7,X8)))),X0),f(f(f(X5,X6),f(X5,f(f(X6,f(X5,X7)),f(X7,X8)))),f(f(X0,X6),f(X7,X9)))))),X0))))),X4))),f(f(X3,X4),f(X3,f(f(X4,f(X3,f(f(f(f(X5,X6),f(X5,f(f(X6,f(X5,X7)),f(X7,X8)))),X0),f(f(f(X5,X6),f(X5,f(f(X6,f(X5,X7)),f(X7,X8)))),f(f(X0,X6),f(X7,X9)))))),X0)))) = X2 [superposition 10,8]
[SA] active: 23677. f(X0,X0) = f(f(X0,f(f(f(f(X0,X0),X0),X0),f(f(f(X0,X0),X0),X0))),f(X0,X0)) [superposition 202,7628]
[SA] active: 21. f(f(X1,f(f(f(X2,X1),f(X2,f(f(X1,f(X2,X3)),f(X3,X4)))),f(f(X3,f(f(f(X2,X1),f(X2,f(f(X1,f(X2,X3)),f(X3,X4)))),f(X5,f(f(f(X6,X5),f(X6,f(f(X5,f(X6,X0)),f(X0,X7)))),f(f(X0,f(f(f(X6,X5),f(X6,f(f(X5,f(X6,X0)),f(X0,X7)))),X8)),f(X8,X9)))))),X0))),f(X5,f(f(f(X6,X5),f(X6,f(f(X5,f(X6,X0)),f(X0,X7)))),f(f(X0,f(f(f(X6,X5),f(X6,f(f(X5,f(X6,X0)),f(X0,X7)))),X8)),f(X8,X9))))) = X3 [superposition 7,7]
[SA] active: 23716. f(f(X1,X1),f(f(X1,X1),f(X1,f(f(X1,f(X1,f(f(f(X0,X0),X0),X0))),X0)))) = X1 [superposition 169,7628]
[SA] active: 40. f(X5,f(f(f(X6,X5),f(X6,f(f(X5,f(X6,X0)),f(X0,X7)))),f(f(X0,f(f(f(X6,X5),f(X6,f(f(X5,f(X6,X0)),f(X0,X7)))),X2)),f(X2,X8)))) = f(f(f(f(f(X1,X2),f(X1,f(f(X2,f(X1,X3)),f(X3,X4)))),f(X5,f(f(f(X6,X5),f(X6,f(f(X5,f(X6,X0)),f(X0,X7)))),f(f(X0,f(f(f(X6,X5),f(X6,f(f(X5,f(X6,X0)),f(X0,X7)))),X2)),f(X2,X8))))),f(f(f(X1,X2),f(X1,f(f(X2,f(X1,X3)),f(X3,X4)))),f(X0,f(X3,X9)))),X3) [superposition 8,7]
[SA] active: 23678. f(f(f(X0,X0),X0),X0) = f(f(f(X0,f(f(f(X0,X0),X0),X0)),f(X0,f(X0,f(X1,X3)))),X1) [superposition 9,7628]
[SA] active: 41. f(f(f(f(X5,X6),f(X5,f(f(X6,f(X5,X2)),f(X2,X7)))),X0),f(f(f(X5,X6),f(X5,f(f(X6,f(X5,X2)),f(X2,X7)))),f(f(X0,X6),f(X2,X8)))) = f(f(f(f(f(X1,X2),f(X1,f(f(X2,f(X1,X3)),f(X3,X4)))),f(f(f(f(X5,X6),f(X5,f(f(X6,f(X5,X2)),f(X2,X7)))),X0),f(f(f(X5,X6),f(X5,f(f(X6,f(X5,X2)),f(X2,X7)))),f(f(X0,X6),f(X2,X8))))),f(f(f(X1,X2),f(X1,f(f(X2,f(X1,X3)),f(X3,X4)))),f(X0,f(X3,X9)))),X3) [superposition 8,8]
[SA] active: 25319. f(f(f(X0,X0),X0),X0) = f(f(f(X0,f(f(f(X0,X0),X0),X0)),f(X0,f(X0,X1))),f(X1,X1)) [superposition 184,23690]
[SA] active: 54. f(f(X1,f(f(f(X2,X1),f(X2,f(f(X1,f(X2,X3)),f(X3,X4)))),f(f(X3,f(f(f(X2,X1),f(X2,f(f(X1,f(X2,X3)),f(X3,X4)))),f(f(f(f(X5,X6),f(X5,f(f(X6,f(X5,X7)),f(X7,X8)))),X0),f(f(f(X5,X6),f(X5,f(f(X6,f(X5,X7)),f(X7,X8)))),f(f(X0,X6),f(X7,X9)))))),X0))),f(f(f(f(X5,X6),f(X5,f(f(X6,f(X5,X7)),f(X7,X8)))),X0),f(f(f(X5,X6),f(X5,f(f(X6,f(X5,X7)),f(X7,X8)))),f(f(X0,X6),f(X7,X9))))) = X3 [superposition 7,8]
[SA] active: 23693. f(f(f(X1,X2),f(X1,f(f(X2,f(X1,f(f(f(X0,X0),X0),X0))),X0))),f(f(f(X0,X0),X0),X0)) = X2 [superposition 10,7628]
[SA] active: 101. f(f(X0,f(f(X1,f(f(f(X2,X1),f(X2,f(f(X1,f(X2,X0)),f(X0,X3)))),f(f(X0,f(f(f(X2,X1),f(X2,f(f(X1,f(X2,X0)),f(X0,X3)))),X4)),f(X4,X5)))),f(f(X4,f(f(X1,f(f(f(X2,X1),f(X2,f(f(X1,f(X2,X0)),f(X0,X3)))),f(f(X0,f(f(f(X2,X1),f(X2,f(f(X1,f(X2,X0)),f(X0,X3)))),X4)),f(X4,X5)))),f(f(X6,X7),f(X6,f(f(X7,f(X6,X8)),f(X8,X9)))))),X7))),f(f(X6,X7),f(X6,f(f(X7,f(X6,X8)),f(X8,X9))))) = X4 [superposition 10,7]
[SA] active: 23696. f(X0,X1) = f(f(X0,f(f(f(f(X0,X0),X0),X0),f(f(f(X0,X1),X0),f(f(X0,X1),X3)))),f(X0,X1)) [superposition 19,7628]
[SA] active: 102. f(f(X0,f(f(f(f(f(X1,X2),f(X1,f(f(X2,f(X1,X3)),f(X3,X4)))),X0),f(f(f(X1,X2),f(X1,f(f(X2,f(X1,X3)),f(X3,X4)))),f(f(X0,X2),f(X3,X5)))),f(f(X3,f(f(f(f(f(X1,X2),f(X1,f(f(X2,f(X1,X3)),f(X3,X4)))),X0),f(f(f(X1,X2),f(X1,f(f(X2,f(X1,X3)),f(X3,X4)))),f(f(X0,X2),f(X3,X5)))),f(f(X6,X7),f(X6,f(f(X7,f(X6,X8)),f(X8,X9)))))),X7))),f(f(X6,X7),f(X6,f(f(X7,f(X6,X8)),f(X8,X9))))) = X3 [superposition 10,8]
[SA] active: 25324. f(f(f(f(f(f(X0,X0),X0),X0),X1),f(f(f(f(X0,X0),X0),X0),f(f(X1,X0),X0))),f(X0,X0)) = X1 [superposition 184,23690]
[SA] active: 104. f(f(X2,X3),f(X2,f(f(X3,f(X2,X4)),f(X4,X5)))) = f(f(X0,f(f(f(X1,X0),f(X1,f(f(X0,f(X1,f(f(X2,X3),f(X2,f(f(X3,f(X2,X4)),f(X4,X5)))))),X3))),f(f(f(f(X2,X3),f(X2,f(f(X3,f(X2,X4)),f(X4,X5)))),f(f(f(X1,X0),f(X1,f(f(X0,f(X1,f(f(X2,X3),f(X2,f(f(X3,f(X2,X4)),f(X4,X5)))))),X3))),f(f(X6,X7),f(X6,f(f(X7,f(X6,X8)),f(X8,X9)))))),X7))),f(f(X6,X7),f(X6,f(f(X7,f(X6,X8)),f(X8,X9))))) [superposition 10,10]
[SA] active: 39048. f(X0,X1) = f(f(X0,f(f(f(f(X0,X0),X0),X0),f(f(f(X0,X1),X0),X0))),f(X0,X0)) [superposition 25324,23690]
[SA] active: 226. f(f(X1,X2),f(X1,f(f(X2,f(X1,X0)),f(X0,X8)))) = f(f(f(f(X3,f(f(f(X4,X3),f(X4,f(f(X3,f(X4,X0)),f(X0,X5)))),f(f(X0,f(f(f(X4,X3),f(X4,f(f(X3,f(X4,X0)),f(X0,X5)))),X6)),f(X6,X7)))),f(f(X1,X2),f(X1,f(f(X2,f(X1,X0)),f(X0,X8))))),f(f(X3,f(f(f(X4,X3),f(X4,f(f(X3,f(X4,X0)),f(X0,X5)))),f(f(X0,f(f(f(X4,X3),f(X4,f(f(X3,f(X4,X0)),f(X0,X5)))),X6)),f(X6,X7)))),f(X2,f(X6,X9)))),X6) [superposition 9,7]
[SA] active: 41531. f(X0,f(f(X0,X0),f(X0,f(X0,X1)))) = f(X0,f(f(X0,X0),f(X0,f(X0,X2)))) [forward demodulation 41020,39048]
[SA] active: 227. f(f(X1,X2),f(X1,f(f(X2,f(X1,X0)),f(X0,X8)))) = f(f(f(f(f(f(f(X3,X4),f(X3,f(f(X4,f(X3,X5)),f(X5,X6)))),X0),f(f(f(X3,X4),f(X3,f(f(X4,f(X3,X5)),f(X5,X6)))),f(f(X0,X4),f(X5,X7)))),f(f(X1,X2),f(X1,f(f(X2,f(X1,X0)),f(X0,X8))))),f(f(f(f(f(X3,X4),f(X3,f(f(X4,f(X3,X5)),f(X5,X6)))),X0),f(f(f(X3,X4),f(X3,f(f(X4,f(X3,X5)),f(X5,X6)))),f(f(X0,X4),f(X5,X7)))),f(X2,f(X5,X9)))),X5) [superposition 9,8]
[SA] active: 43736. f(f(X0,X0),f(f(X0,f(f(X0,X0),f(X0,f(X0,X1)))),f(f(X0,X2),f(X0,X2)))) = X0 [superposition 7660,41531]
[SA] active: 229. f(f(X1,X2),f(X1,f(f(X2,f(X1,X0)),f(X0,X8)))) = f(f(f(f(f(X3,X0),f(X3,f(f(X0,f(X3,f(f(X4,X5),f(X4,f(f(X5,f(X4,X6)),f(X6,X7)))))),X5))),f(f(X1,X2),f(X1,f(f(X2,f(X1,X0)),f(X0,X8))))),f(f(f(X3,X0),f(X3,f(f(X0,f(X3,f(f(X4,X5),f(X4,f(f(X5,f(X4,X6)),f(X6,X7)))))),X5))),f(X2,f(f(f(X4,X5),f(X4,f(f(X5,f(X4,X6)),f(X6,X7)))),X9)))),f(f(X4,X5),f(X4,f(f(X5,f(X4,X6)),f(X6,X7))))) [superposition 9,10]
[SA] active: 7641. f(f(X1,X1),f(f(X1,f(f(X1,X1),f(X1,X0))),f(f(X2,X0),f(X2,f(f(X0,f(X2,X3)),f(X3,X4)))))) = X1 [superposition 6673,5]
[SA] active: 277. f(f(f(X5,X6),f(X5,f(f(X6,f(X5,f(f(X7,X8),f(X7,f(f(X8,f(X7,f(f(X2,f(f(X0,X1),f(X0,f(f(X1,f(X0,f(X2,X3))),f(f(X2,X3),X4))))),f(X2,f(X1,f(X3,X9)))))),f(f(X0,X1),f(X0,f(f(X1,f(X0,f(X2,X3))),f(f(X2,X3),X4))))))))),X8))),f(f(X7,X8),f(X7,f(f(X8,f(X7,f(f(X2,f(f(X0,X1),f(X0,f(f(X1,f(X0,f(X2,X3))),f(f(X2,X3),X4))))),f(X2,f(X1,f(X3,X9)))))),f(f(X0,X1),f(X0,f(f(X1,f(X0,f(X2,X3))),f(f(X2,X3),X4)))))))) = X6 [superposition 10,9]
[SA] active: 7659. f(f(X3,X3),f(f(X3,f(f(X3,X3),f(X3,f(f(X0,f(f(X0,X0),f(X0,f(X1,X2)))),X1)))),f(X0,X0))) = X3 [superposition 6673,239]
[SA] active: 236. f(f(X1,X2),f(X1,f(f(X2,f(X1,f(f(X3,X0),f(X3,f(f(X0,f(X3,f(f(X4,X5),f(X4,f(f(X5,f(X4,X6)),f(X6,X7)))))),X5))))),X0))) = f(f(f(f(X3,X0),f(f(X1,X2),f(X1,f(f(X2,f(X1,f(f(X3,X0),f(X3,f(f(X0,f(X3,f(f(X4,X5),f(X4,f(f(X5,f(X4,X6)),f(X6,X7)))))),X5))))),X0)))),f(f(X3,X0),f(X2,f(f(X3,f(f(X0,f(X3,f(f(X4,X5),f(X4,f(f(X5,f(X4,X6)),f(X6,X7)))))),X5)),X8)))),f(X3,f(f(X0,f(X3,f(f(X4,X5),f(X4,f(f(X5,f(X4,X6)),f(X6,X7)))))),X5))) [superposition 9,10]
[SA] active: 7700. f(f(X0,X0),f(f(X0,f(f(X0,f(f(X0,X0),f(X0,f(X1,X2)))),X1)),f(X0,f(X0,f(f(X0,X0),X1))))) = X0 [superposition 6673,239]
[SA] active: 137. f(X2,X0) = f(f(f(f(f(X1,f(X2,f(f(X0,f(X2,f(f(X3,X4),f(X3,f(f(X4,f(X3,X5)),f(X5,X6)))))),X4))),f(X1,f(f(f(X2,f(f(X0,f(X2,f(f(X3,X4),f(X3,f(f(X4,f(X3,X5)),f(X5,X6)))))),X4)),f(X1,f(X3,X4))),f(f(X3,X4),X7)))),f(X2,X0)),f(f(f(X1,f(X2,f(f(X0,f(X2,f(f(X3,X4),f(X3,f(f(X4,f(X3,X5)),f(X5,X6)))))),X4))),f(X1,f(f(f(X2,f(f(X0,f(X2,f(f(X3,X4),f(X3,f(f(X4,f(X3,X5)),f(X5,X6)))))),X4)),f(X1,f(X3,X4))),f(f(X3,X4),X7)))),X0)),f(X3,X4)) [superposition 8,10]
[SA] active: 9511. f(f(X0,f(f(X0,X0),f(X0,X1))),f(X1,X1)) = f(f(X0,f(f(X0,X0),f(X0,f(f(X1,X1),X2)))),f(X1,X1)) [forward demodulation 9368,6673]
[SA] active: 262. f(X2,f(f(X0,X1),f(X0,f(f(X1,f(X0,f(X2,f(X3,X4)))),f(f(X2,f(X3,X4)),X5))))) = f(f(f(f(f(X6,f(X2,f(X1,f(f(X3,X4),X7)))),f(X6,f(f(f(X2,f(X1,f(f(X3,X4),X7))),f(X6,X3)),f(X3,X8)))),f(X2,f(f(X0,X1),f(X0,f(f(X1,f(X0,f(X2,f(X3,X4)))),f(f(X2,f(X3,X4)),X5)))))),f(f(f(X6,f(X2,f(X1,f(f(X3,X4),X7)))),f(X6,f(f(f(X2,f(X1,f(f(X3,X4),X7))),f(X6,X3)),f(X3,X8)))),f(f(X0,X1),f(X0,f(f(X1,f(X0,f(X2,f(X3,X4)))),f(f(X2,f(X3,X4)),X5)))))),X3) [superposition 8,9]
[SA] active: 18952. f(f(f(f(X1,X1),X2),f(f(X1,X1),f(f(X2,X1),X1))),f(f(X1,f(f(X1,X1),f(X1,X0))),f(X0,X0))) = X2 [superposition 6672,6673]
[SA] active: 130. f(f(f(X1,X2),f(X1,f(f(X2,f(X1,f(f(f(X3,X4),f(f(X5,X0),f(X5,f(f(X0,f(X5,f(f(X3,X4),f(X3,f(f(X4,f(X3,X6)),f(X6,X7)))))),X4)))),f(f(X3,X4),f(X0,f(f(X3,f(f(X4,f(X3,X6)),f(X6,X7))),X8)))))),f(f(X5,X0),f(X5,f(f(X0,f(X5,f(f(X3,X4),f(X3,f(f(X4,f(X3,X6)),f(X6,X7)))))),X4)))))),f(f(f(X3,X4),f(f(X5,X0),f(X5,f(f(X0,f(X5,f(f(X3,X4),f(X3,f(f(X4,f(X3,X6)),f(X6,X7)))))),X4)))),f(f(X3,X4),f(X0,f(f(X3,f(f(X4,f(X3,X6)),f(X6,X7))),X8))))) = X2 [superposition 10,10]
[SA] active: 10538. f(f(X1,X1),f(f(X1,X1),f(X1,f(f(X1,f(X1,f(f(X0,f(f(X0,X0),f(X0,X2))),f(X2,X2)))),X0)))) = X1 [superposition 159,9199]
[SA] active: 145. f(f(X3,X0),f(X3,f(f(X0,f(X3,f(f(X4,X5),f(X4,f(f(X5,f(X4,X6)),f(X6,X7)))))),X5))) = f(f(X1,f(f(f(X2,X1),f(X2,f(f(X1,f(X2,f(f(X3,X0),f(X3,f(f(X0,f(X3,f(f(X4,X5),f(X4,f(f(X5,f(X4,X6)),f(X6,X7)))))),X5))))),X0))),f(f(f(f(X3,X0),f(X3,f(f(X0,f(X3,f(f(X4,X5),f(X4,f(f(X5,f(X4,X6)),f(X6,X7)))))),X5))),f(f(f(X2,X1),f(X2,f(f(X1,f(X2,f(f(X3,X0),f(X3,f(f(X0,f(X3,f(f(X4,X5),f(X4,f(f(X5,f(X4,X6)),f(X6,X7)))))),X5))))),X0))),X8)),f(X8,X9)))),X8) [superposition 7,10]
[SA] active: 24005. f(f(X0,X0),X0) = f(f(f(f(f(X1,X0),f(X1,f(f(X0,f(X1,X0)),f(X0,X4)))),f(f(X0,X0),X0)),X0),X0) [forward demodulation 23681,5]
[SA] active: 149. f(f(f(f(f(X1,X2),f(X1,f(f(X2,f(X1,f(f(X3,X0),f(X3,f(f(X0,f(X3,f(f(X4,X5),f(X4,f(f(X5,f(X4,X6)),f(X6,X7)))))),X5))))),X0))),X8),f(f(f(X1,X2),f(X1,f(f(X2,f(X1,f(f(X3,X0),f(X3,f(f(X0,f(X3,f(f(X4,X5),f(X4,f(f(X5,f(X4,X6)),f(X6,X7)))))),X5))))),X0))),f(f(X8,X2),f(f(f(X3,X0),f(X3,f(f(X0,f(X3,f(f(X4,X5),f(X4,f(f(X5,f(X4,X6)),f(X6,X7)))))),X5))),X9)))),f(f(X3,X0),f(X3,f(f(X0,f(X3,f(f(X4,X5),f(X4,f(f(X5,f(X4,X6)),f(X6,X7)))))),X5)))) = X8 [superposition 8,10]
[SA] active: 51136. f(f(X1,X1),f(f(X1,f(f(X1,X1),f(X1,f(f(X2,f(f(X2,X2),f(X2,X0))),f(X0,X0))))),f(X2,X2))) = X1 [superposition 7659,6673]
[SA] active: 153. f(f(X8,X0),f(X8,f(f(X0,f(X8,f(f(X2,X3),f(X2,f(f(X3,f(X2,X4)),f(X4,X5)))))),X3))) = f(f(f(f(f(X1,f(f(X2,X3),f(X2,f(f(X3,f(X2,X4)),f(X4,X5))))),f(X1,f(f(f(f(X2,X3),f(X2,f(f(X3,f(X2,X4)),f(X4,X5)))),f(X1,X6)),f(X6,X7)))),f(f(X8,X0),f(X8,f(f(X0,f(X8,f(f(X2,X3),f(X2,f(f(X3,f(X2,X4)),f(X4,X5)))))),X3)))),f(f(f(X1,f(f(X2,X3),f(X2,f(f(X3,f(X2,X4)),f(X4,X5))))),f(X1,f(f(f(f(X2,X3),f(X2,f(f(X3,f(X2,X4)),f(X4,X5)))),f(X1,X6)),f(X6,X7)))),f(X0,f(X6,X9)))),X6) [superposition 8,10]
[SA] active: 25561. f(f(f(X1,f(f(X1,X1),f(X1,X0))),f(f(f(X0,X0),X0),X0)),f(f(X1,X1),f(f(f(X0,X0),X0),X0))) = X1 [superposition 6648,23690]
[SA] active: 254. f(f(X1,X2),f(X1,f(f(X2,f(X1,f(f(f(X3,X0),f(X3,f(f(X0,f(X3,f(X2,f(X4,X5)))),f(f(X2,f(X4,X5)),X6)))),X4))),f(f(f(f(X3,X0),f(X3,f(f(X0,f(X3,f(X2,f(X4,X5)))),f(f(X2,f(X4,X5)),X6)))),X4),X7)))) = f(f(f(f(f(X3,X0),f(X3,f(f(X0,f(X3,f(X2,f(X4,X5)))),f(f(X2,f(X4,X5)),X6)))),f(f(X1,X2),f(X1,f(f(X2,f(X1,f(f(f(X3,X0),f(X3,f(f(X0,f(X3,f(X2,f(X4,X5)))),f(f(X2,f(X4,X5)),X6)))),X4))),f(f(f(f(X3,X0),f(X3,f(f(X0,f(X3,f(X2,f(X4,X5)))),f(f(X2,f(X4,X5)),X6)))),X4),X7))))),X0),X4) [superposition 9,5]
[SA] active: 31413. f(f(f(X1,X1),X1),X1) = f(f(f(X1,f(f(f(X1,X1),X1),X1)),f(X1,f(X1,X0))),f(f(f(X0,X0),X0),X0)) [superposition 23678,23690]
[SA] active: 222. f(f(f(X1,X2),f(f(X3,X0),f(X3,f(f(X0,f(X3,f(f(X1,X2),f(X1,f(f(X2,f(X1,X4)),f(X4,X5)))))),X2)))),f(f(X1,X2),f(X0,f(f(X1,f(f(X2,f(X1,X4)),f(X4,X5))),X6)))) = f(f(f(X1,f(f(f(X1,X2),f(f(X3,X0),f(X3,f(f(X0,f(X3,f(f(X1,X2),f(X1,f(f(X2,f(X1,X4)),f(X4,X5)))))),X2)))),f(f(X1,X2),f(X0,f(f(X1,f(f(X2,f(X1,X4)),f(X4,X5))),X6))))),f(X1,f(f(f(X3,X0),f(X3,f(f(X0,f(X3,f(f(X1,X2),f(X1,f(f(X2,f(X1,X4)),f(X4,X5)))))),X2))),f(f(f(X2,f(X1,X4)),f(X4,X5)),X7)))),f(f(X2,f(X1,X4)),f(X4,X5))) [superposition 9,10]
[SA] active: 44223. f(f(X0,X0),f(f(f(X0,X0),f(X0,X0)),X0)) = f(f(X0,X0),f(f(f(X0,X0),f(X0,X0)),f(f(X0,X0),X0))) [forward demodulation 43215,43228]
[SA] active: 251. f(f(X1,f(f(X2,X0),f(X2,f(f(X0,f(X2,f(f(X3,X4),f(X3,f(f(X4,f(X3,X5)),f(X5,X6)))))),X4)))),f(X1,f(f(f(f(X2,X0),f(X2,f(f(X0,f(X2,f(f(X3,X4),f(X3,f(f(X4,f(X3,X5)),f(X5,X6)))))),X4))),f(X1,f(X7,f(X3,X4)))),f(f(X7,f(X3,X4)),X8)))) = f(f(f(X7,f(f(X1,f(f(X2,X0),f(X2,f(f(X0,f(X2,f(f(X3,X4),f(X3,f(f(X4,f(X3,X5)),f(X5,X6)))))),X4)))),f(X1,f(f(f(f(X2,X0),f(X2,f(f(X0,f(X2,f(f(X3,X4),f(X3,f(f(X4,f(X3,X5)),f(X5,X6)))))),X4))),f(X1,f(X7,f(X3,X4)))),f(f(X7,f(X3,X4)),X8))))),f(X7,X0)),f(X3,X4)) [superposition 9,10]
[SA] active: 6670. f(X0,X0) = f(f(f(f(f(X0,X0),f(X0,X0)),f(X0,X0)),f(X0,X0)),f(f(X0,f(f(X0,X0),f(X0,f(X1,X2)))),X1)) [superposition 4500,239]
[SA] active: 139. f(f(f(f(f(f(X1,X2),f(f(X3,X0),f(X3,f(f(X0,f(X3,f(f(X1,X2),f(X1,f(f(X2,f(X1,X4)),f(X4,X5)))))),X2)))),f(f(X1,X2),f(X0,f(f(X1,f(f(X2,f(X1,X4)),f(X4,X5))),X6)))),X7),f(f(f(f(X1,X2),f(f(X3,X0),f(X3,f(f(X0,f(X3,f(f(X1,X2),f(X1,f(f(X2,f(X1,X4)),f(X4,X5)))))),X2)))),f(f(X1,X2),f(X0,f(f(X1,f(f(X2,f(X1,X4)),f(X4,X5))),X6)))),f(f(X7,f(f(X3,X0),f(X3,f(f(X0,f(X3,f(f(X1,X2),f(X1,f(f(X2,f(X1,X4)),f(X4,X5)))))),X2)))),f(f(X1,f(f(X2,f(X1,X4)),f(X4,X5))),X8)))),f(X1,f(f(X2,f(X1,X4)),f(X4,X5)))) = X7 [superposition 8,10]
[SA] active: 6729. f(f(f(X3,X4),f(X3,f(f(X4,f(X3,f(X0,X0))),f(f(X0,f(f(X0,X0),f(X0,f(X1,X2)))),X1)))),f(X0,X0)) = X4 [superposition 5,239]
[SA] active: 140. f(X2,f(f(X3,f(X2,X4)),f(X4,X5))) = f(f(f(f(X1,X0),f(X1,f(f(X0,f(X1,f(f(X2,X3),f(X2,f(f(X3,f(X2,X4)),f(X4,X5)))))),X3))),f(f(f(f(X2,X3),f(f(X1,X0),f(X1,f(f(X0,f(X1,f(f(X2,X3),f(X2,f(f(X3,f(X2,X4)),f(X4,X5)))))),X3)))),f(f(X2,X3),f(X0,f(f(X2,f(f(X3,f(X2,X4)),f(X4,X5))),X6)))),f(f(f(X2,f(f(X3,f(X2,X4)),f(X4,X5))),f(f(f(f(X2,X3),f(f(X1,X0),f(X1,f(f(X0,f(X1,f(f(X2,X3),f(X2,f(f(X3,f(X2,X4)),f(X4,X5)))))),X3)))),f(f(X2,X3),f(X0,f(f(X2,f(f(X3,f(X2,X4)),f(X4,X5))),X6)))),X7)),f(X7,X8)))),X7) [superposition 7,10]
[SA] active: 6819. f(f(X3,X3),f(f(X3,X3),f(X3,f(f(X3,f(X3,f(X0,X0))),f(f(X0,f(f(X0,X0),f(X0,f(X1,X2)))),X1))))) = X3 [superposition 159,239]
[SA] active: 106. f(f(f(f(X1,f(f(f(X2,X1),f(X2,f(f(X1,f(X2,X0)),f(X0,X3)))),f(f(X0,f(f(f(X2,X1),f(X2,f(f(X1,f(X2,X0)),f(X0,X3)))),f(f(X4,X5),f(X4,f(f(X5,f(X4,X6)),f(X6,X7)))))),f(f(f(X4,X5),f(X4,f(f(X5,f(X4,X6)),f(X6,X7)))),X8)))),X9),f(f(X1,f(f(f(X2,X1),f(X2,f(f(X1,f(X2,X0)),f(X0,X3)))),f(f(X0,f(f(f(X2,X1),f(X2,f(f(X1,f(X2,X0)),f(X0,X3)))),f(f(X4,X5),f(X4,f(f(X5,f(X4,X6)),f(X6,X7)))))),f(f(f(X4,X5),f(X4,f(f(X5,f(X4,X6)),f(X6,X7)))),X8)))),f(f(X9,X0),X5))),f(f(X4,X5),f(X4,f(f(X5,f(X4,X6)),f(X6,X7))))) = X9 [superposition 10,7]
[SA] active: 9239. f(X0,X0) = f(f(f(f(X0,X0),f(f(f(X0,X0),f(X0,X0)),X0)),f(X0,X0)),f(f(f(X0,X0),f(X0,X0)),f(X0,X0))) [superposition 6648,4907]
[SA] active: 16. f(f(f(X1,f(f(f(X2,X1),f(X2,f(f(X1,f(X2,X0)),f(X0,X3)))),f(f(X0,f(f(f(X2,X1),f(X2,f(f(X1,f(X2,X0)),f(X0,X3)))),f(X4,X5))),f(f(X4,X5),X6)))),f(f(f(X4,f(X1,f(f(f(X2,X1),f(X2,f(f(X1,f(X2,X0)),f(X0,X3)))),f(f(X0,f(f(f(X2,X1),f(X2,f(f(X1,f(X2,X0)),f(X0,X3)))),f(X4,X5))),f(f(X4,X5),X6))))),f(X4,f(X0,f(X5,X7)))),f(f(X5,f(f(f(X4,f(X1,f(f(f(X2,X1),f(X2,f(f(X1,f(X2,X0)),f(X0,X3)))),f(f(X0,f(f(f(X2,X1),f(X2,f(f(X1,f(X2,X0)),f(X0,X3)))),f(X4,X5))),f(f(X4,X5),X6))))),f(X4,f(X0,f(X5,X7)))),X8)),f(X8,X9)))),X8) = X5 [superposition 7,7]
[SA] active: 7652. f(f(X1,X1),f(f(X1,f(f(X1,X1),f(X1,f(X0,X0)))),f(f(f(f(X0,X0),f(X0,X0)),f(X0,X0)),f(X0,X0)))) = X1 [superposition 6673,4776]
[SA] active: 34. f(f(f(f(f(X1,f(X2,f(f(f(X3,X2),f(X3,f(f(X2,f(X3,X0)),f(X0,X4)))),f(f(X0,f(f(f(X3,X2),f(X3,f(f(X2,f(X3,X0)),f(X0,X4)))),f(X1,X5))),f(f(X1,X5),X6))))),f(X1,f(X0,f(X5,X7)))),X8),f(f(f(X1,f(X2,f(f(f(X3,X2),f(X3,f(f(X2,f(X3,X0)),f(X0,X4)))),f(f(X0,f(f(f(X3,X2),f(X3,f(f(X2,f(X3,X0)),f(X0,X4)))),f(X1,X5))),f(f(X1,X5),X6))))),f(X1,f(X0,f(X5,X7)))),f(f(X8,f(X2,f(f(f(X3,X2),f(X3,f(f(X2,f(X3,X0)),f(X0,X4)))),f(f(X0,f(f(f(X3,X2),f(X3,f(f(X2,f(X3,X0)),f(X0,X4)))),f(X1,X5))),f(f(X1,X5),X6))))),f(X5,X9)))),X5) = X8 [superposition 8,7]
[SA] active: 12807. f(f(f(X0,X0),f(f(f(f(f(X0,X0),f(X0,X0)),f(X0,X0)),f(X0,X0)),f(f(X0,f(X0,X0)),f(X0,X1)))),X0) = X0 [superposition 19,7697]
[SA] active: 127. f(f(f(X1,X2),f(X1,f(f(X2,f(X1,f(f(X3,f(X4,f(f(f(X5,X4),f(X5,f(f(X4,f(X5,X0)),f(X0,X6)))),f(f(X0,f(f(f(X5,X4),f(X5,f(f(X4,f(X5,X0)),f(X0,X6)))),f(X3,X7))),f(f(X3,X7),X8))))),f(X3,f(X0,f(X7,X9)))))),f(X4,f(f(f(X5,X4),f(X5,f(f(X4,f(X5,X0)),f(X0,X6)))),f(f(X0,f(f(f(X5,X4),f(X5,f(f(X4,f(X5,X0)),f(X0,X6)))),f(X3,X7))),f(f(X3,X7),X8))))))),f(f(X3,f(X4,f(f(f(X5,X4),f(X5,f(f(X4,f(X5,X0)),f(X0,X6)))),f(f(X0,f(f(f(X5,X4),f(X5,f(f(X4,f(X5,X0)),f(X0,X6)))),f(X3,X7))),f(f(X3,X7),X8))))),f(X3,f(X0,f(X7,X9))))) = X2 [superposition 10,7]
[SA] active: 23691. f(X0,X1) = f(f(X0,f(f(f(f(X0,X0),X0),X0),f(f(f(X0,X1),f(f(f(f(X0,X0),X0),X0),X3)),f(X3,X4)))),X3) [superposition 7,7628]
[SA] active: 111. f(X2,f(f(f(X3,X2),f(X3,f(f(X2,f(X3,X0)),f(X0,X4)))),f(f(X0,f(f(f(X3,X2),f(X3,f(f(X2,f(X3,X0)),f(X0,X4)))),f(X1,f(f(X5,X6),f(X5,f(f(X6,f(X5,X7)),f(X7,X8))))))),f(f(X1,f(f(X5,X6),f(X5,f(f(X6,f(X5,X7)),f(X7,X8))))),X9)))) = f(f(f(X1,f(X2,f(f(f(X3,X2),f(X3,f(f(X2,f(X3,X0)),f(X0,X4)))),f(f(X0,f(f(f(X3,X2),f(X3,f(f(X2,f(X3,X0)),f(X0,X4)))),f(X1,f(f(X5,X6),f(X5,f(f(X6,f(X5,X7)),f(X7,X8))))))),f(f(X1,f(f(X5,X6),f(X5,f(f(X6,f(X5,X7)),f(X7,X8))))),X9))))),f(X1,f(X0,X6))),f(f(X5,X6),f(X5,f(f(X6,f(X5,X7)),f(X7,X8))))) [superposition 10,7]
[SA] active: 93322. f(X0,f(f(X0,X0),f(X0,f(X0,X1)))) = f(f(X0,f(f(f(f(X0,X0),X0),X0),X0)),f(X0,X0)) [forward demodulation 92565,23690]
[SA] active: 230. f(f(X5,X6),f(X5,f(f(X6,f(X5,f(f(X0,X1),f(X0,f(f(X1,f(X0,f(X2,X3))),f(f(X2,X3),X4)))))),f(f(f(X0,X1),f(X0,f(f(X1,f(X0,f(X2,X3))),f(f(X2,X3),X4)))),X8)))) = f(f(f(f(f(X2,f(f(X0,X1),f(X0,f(f(X1,f(X0,f(X2,X3))),f(f(X2,X3),X4))))),f(X2,f(X1,f(X3,X7)))),f(f(X5,X6),f(X5,f(f(X6,f(X5,f(f(X0,X1),f(X0,f(f(X1,f(X0,f(X2,X3))),f(f(X2,X3),X4)))))),f(f(f(X0,X1),f(X0,f(f(X1,f(X0,f(X2,X3))),f(f(X2,X3),X4)))),X8))))),f(f(f(X2,f(f(X0,X1),f(X0,f(f(X1,f(X0,f(X2,X3))),f(f(X2,X3),X4))))),f(X2,f(X1,f(X3,X7)))),f(X6,f(X3,X9)))),X3) [superposition 9,9]
[SA] active: 97259. f(f(f(f(f(f(X0,X0),X0),X0),X0),X0),X0) = X0 [forward demodulation 96315,23690]
[SA] active: 125. f(f(f(X1,X2),f(X1,f(f(X2,f(X1,f(f(f(f(X3,X0),f(X3,f(f(X0,f(X3,f(f(X4,X5),f(X4,f(f(X5,f(X4,X6)),f(X6,X7)))))),X5))),X8),f(f(f(X3,X0),f(X3,f(f(X0,f(X3,f(f(X4,X5),f(X4,f(f(X5,f(X4,X6)),f(X6,X7)))))),X5))),f(f(X8,X0),f(f(f(X4,X5),f(X4,f(f(X5,f(X4,X6)),f(X6,X7)))),X9)))))),X8))),f(f(f(f(X3,X0),f(X3,f(f(X0,f(X3,f(f(X4,X5),f(X4,f(f(X5,f(X4,X6)),f(X6,X7)))))),X5))),X8),f(f(f(X3,X0),f(X3,f(f(X0,f(X3,f(f(X4,X5),f(X4,f(f(X5,f(X4,X6)),f(X6,X7)))))),X5))),f(f(X8,X0),f(f(f(X4,X5),f(X4,f(f(X5,f(X4,X6)),f(X6,X7)))),X9))))) = X2 [superposition 10,10]
[SA] active: 95583. f(f(X0,X0),f(f(f(X0,f(f(f(f(X0,X0),X0),X0),X0)),f(X0,X0)),X0)) = X0 [superposition 6673,93322]
[SA] active: 152. f(f(f(f(f(X1,X2),f(X1,f(f(X2,f(X1,f(f(X3,X0),f(X3,f(f(X0,f(X3,f(f(X4,X5),f(X4,f(f(X5,f(X4,X6)),f(X6,X7)))))),X5))))),f(f(f(X3,X0),f(X3,f(f(X0,f(X3,f(f(X4,X5),f(X4,f(f(X5,f(X4,X6)),f(X6,X7)))))),X5))),X8)))),X9),f(f(f(X1,X2),f(X1,f(f(X2,f(X1,f(f(X3,X0),f(X3,f(f(X0,f(X3,f(f(X4,X5),f(X4,f(f(X5,f(X4,X6)),f(X6,X7)))))),X5))))),f(f(f(X3,X0),f(X3,f(f(X0,f(X3,f(f(X4,X5),f(X4,f(f(X5,f(X4,X6)),f(X6,X7)))))),X5))),X8)))),f(f(X9,X2),X0))),f(f(X3,X0),f(X3,f(f(X0,f(X3,f(f(X4,X5),f(X4,f(f(X5,f(X4,X6)),f(X6,X7)))))),X5)))) = X9 [superposition 8,10]
[SA] active: 95579. f(f(f(f(X0,f(f(f(f(X0,X0),X0),X0),X0)),f(X0,X0)),X0),f(f(X0,X0),X0)) = X0 [superposition 6648,93322]
[SA] active: 244. f(f(X1,X2),f(X1,f(f(X2,f(X1,f(X3,f(f(X4,X0),f(X4,f(f(X0,f(X4,f(f(X5,X6),f(X5,f(f(X6,f(X5,X7)),f(X7,X8)))))),X6)))))),f(f(X3,f(f(X4,X0),f(X4,f(f(X0,f(X4,f(f(X5,X6),f(X5,f(f(X6,f(X5,X7)),f(X7,X8)))))),X6)))),X9)))) = f(f(f(X3,f(f(X1,X2),f(X1,f(f(X2,f(X1,f(X3,f(f(X4,X0),f(X4,f(f(X0,f(X4,f(f(X5,X6),f(X5,f(f(X6,f(X5,X7)),f(X7,X8)))))),X6)))))),f(f(X3,f(f(X4,X0),f(X4,f(f(X0,f(X4,f(f(X5,X6),f(X5,f(f(X6,f(X5,X7)),f(X7,X8)))))),X6)))),X9))))),f(X3,f(X2,X0))),f(f(X4,X0),f(X4,f(f(X0,f(X4,f(f(X5,X6),f(X5,f(f(X6,f(X5,X7)),f(X7,X8)))))),X6)))) [superposition 9,10]
[SA] active: 96178. f(f(f(f(X0,X0),X0),X0),f(f(X0,f(f(f(f(X0,X0),X0),X0),X0)),f(X0,X0))) = X0 [superposition 23690,93322]
[SA] active: 219. f(f(X1,f(X2,f(f(f(X3,X2),f(X3,f(f(X2,f(X3,X0)),f(X0,X4)))),f(f(X0,f(f(f(X3,X2),f(X3,f(f(X2,f(X3,X0)),f(X0,X4)))),f(X1,f(X5,X6)))),f(f(X1,f(X5,X6)),X7))))),f(X1,f(X0,f(f(X5,X6),X8)))) = f(f(f(X5,f(f(X1,f(X2,f(f(f(X3,X2),f(X3,f(f(X2,f(X3,X0)),f(X0,X4)))),f(f(X0,f(f(f(X3,X2),f(X3,f(f(X2,f(X3,X0)),f(X0,X4)))),f(X1,f(X5,X6)))),f(f(X1,f(X5,X6)),X7))))),f(X1,f(X0,f(f(X5,X6),X8))))),f(X5,f(f(X2,f(f(f(X3,X2),f(X3,f(f(X2,f(X3,X0)),f(X0,X4)))),f(f(X0,f(f(f(X3,X2),f(X3,f(f(X2,f(X3,X0)),f(X0,X4)))),f(X1,f(X5,X6)))),f(f(X1,f(X5,X6)),X7)))),f(X6,X9)))),X6) [superposition 9,7]
[SA] active: 97252. f(f(X0,f(f(f(f(f(f(X0,X0),X0),X0),X0),X0),f(f(X0,X0),f(X0,X2)))),X0) = X0 [forward demodulation 96322,23690]
[SA] active: 237. f(f(X5,X6),f(X5,f(f(X6,f(X5,f(f(X2,f(f(X0,X1),f(X0,f(f(X1,f(X0,f(X2,X3))),f(f(X2,X3),X4))))),f(X2,f(X1,f(X3,X7)))))),f(f(X0,X1),f(X0,f(f(X1,f(X0,f(X2,X3))),f(f(X2,X3),X4))))))) = f(f(f(f(X2,f(f(X0,X1),f(X0,f(f(X1,f(X0,f(X2,X3))),f(f(X2,X3),X4))))),f(f(X5,X6),f(X5,f(f(X6,f(X5,f(f(X2,f(f(X0,X1),f(X0,f(f(X1,f(X0,f(X2,X3))),f(f(X2,X3),X4))))),f(X2,f(X1,f(X3,X7)))))),f(f(X0,X1),f(X0,f(f(X1,f(X0,f(X2,X3))),f(f(X2,X3),X4)))))))),f(f(X2,f(f(X0,X1),f(X0,f(f(X1,f(X0,f(X2,X3))),f(f(X2,X3),X4))))),f(X6,f(f(X2,f(X1,f(X3,X7))),X8)))),f(X2,f(X1,f(X3,X7)))) [superposition 9,9]
[SA] active: 97190. f(f(X2,X2),f(f(X2,f(f(X2,X2),f(X2,X0))),f(f(f(f(f(X0,X0),X0),X0),X0),X0))) = X2 [forward demodulation 96384,23690]
[SA] active: 258. f(f(X1,f(X2,X3)),f(X1,f(f(f(X2,X3),f(X1,f(f(f(X4,X0),f(X4,f(f(X0,f(X4,f(f(X2,X3),f(X2,f(f(X3,f(X2,X5)),f(X5,X6)))))),X3))),X2))),f(f(f(f(X4,X0),f(X4,f(f(X0,f(X4,f(f(X2,X3),f(X2,f(f(X3,f(X2,X5)),f(X5,X6)))))),X3))),X2),X7)))) = f(f(f(f(f(X4,X0),f(X4,f(f(X0,f(X4,f(f(X2,X3),f(X2,f(f(X3,f(X2,X5)),f(X5,X6)))))),X3))),f(f(X1,f(X2,X3)),f(X1,f(f(f(X2,X3),f(X1,f(f(f(X4,X0),f(X4,f(f(X0,f(X4,f(f(X2,X3),f(X2,f(f(X3,f(X2,X5)),f(X5,X6)))))),X3))),X2))),f(f(f(f(X4,X0),f(X4,f(f(X0,f(X4,f(f(X2,X3),f(X2,f(f(X3,f(X2,X5)),f(X5,X6)))))),X3))),X2),X7))))),X0),X2) [superposition 9,10]
[SA] active: 97260. f(f(X0,X0),X0) = f(f(f(f(f(f(f(f(X0,X0),X0),X0),X0),X0),f(f(X0,X0),X0)),X0),X0) [forward demodulation 96314,23690]
[SA] active: 287. f(f(f(f(X2,f(f(X0,X1),f(X0,f(f(X1,f(X0,f(X2,f(X3,X4)))),f(f(X2,f(X3,X4)),X5))))),f(X2,f(X1,f(f(X3,X4),X6)))),f(f(f(X3,f(f(X2,f(f(X0,X1),f(X0,f(f(X1,f(X0,f(X2,f(X3,X4)))),f(f(X2,f(X3,X4)),X5))))),f(X2,f(X1,f(f(X3,X4),X6))))),f(X3,f(f(f(X0,X1),f(X0,f(f(X1,f(X0,f(X2,f(X3,X4)))),f(f(X2,f(X3,X4)),X5)))),f(X4,X7)))),f(f(X4,f(f(f(X3,f(f(X2,f(f(X0,X1),f(X0,f(f(X1,f(X0,f(X2,f(X3,X4)))),f(f(X2,f(X3,X4)),X5))))),f(X2,f(X1,f(f(X3,X4),X6))))),f(X3,f(f(f(X0,X1),f(X0,f(f(X1,f(X0,f(X2,f(X3,X4)))),f(f(X2,f(X3,X4)),X5)))),f(X4,X7)))),X8)),f(X8,X9)))),X8) = X4 [superposition 7,9]
[SA] active: 92399. f(X0,X1) = f(f(X0,f(f(f(f(X0,X0),X0),X0),f(f(f(X0,X1),X0),f(f(X0,X2),X3)))),f(X0,X2)) [superposition 23691,23690]
[SA] active: 288. f(f(f(f(f(X3,f(f(X2,f(f(X0,X1),f(X0,f(f(X1,f(X0,f(X2,f(X3,X4)))),f(f(X2,f(X3,X4)),X5))))),f(X2,f(X1,f(f(X3,X4),X6))))),f(X3,f(f(f(X0,X1),f(X0,f(f(X1,f(X0,f(X2,f(X3,X4)))),f(f(X2,f(X3,X4)),X5)))),f(X4,X7)))),X8),f(f(f(X3,f(f(X2,f(f(X0,X1),f(X0,f(f(X1,f(X0,f(X2,f(X3,X4)))),f(f(X2,f(X3,X4)),X5))))),f(X2,f(X1,f(f(X3,X4),X6))))),f(X3,f(f(f(X0,X1),f(X0,f(f(X1,f(X0,f(X2,f(X3,X4)))),f(f(X2,f(X3,X4)),X5)))),f(X4,X7)))),f(f(X8,f(f(X2,f(f(X0,X1),f(X0,f(f(X1,f(X0,f(X2,f(X3,X4)))),f(f(X2,f(X3,X4)),X5))))),f(X2,f(X1,f(f(X3,X4),X6))))),f(X4,X9)))),X4) = X8 [superposition 8,9]
[SA] active: 95596. f(f(X0,X0),f(f(f(X0,f(f(f(f(X0,X0),X0),X0),X0)),f(X0,X0)),f(f(X0,X1),f(X0,X1)))) = X0 [superposition 7660,93322]
[SA] active: 289. f(f(f(X6,X7),f(X6,f(f(X7,f(X6,f(f(X3,f(f(X2,f(f(X0,X1),f(X0,f(f(X1,f(X0,f(X2,f(X3,X4)))),f(f(X2,f(X3,X4)),X5))))),f(X2,f(X1,f(f(X3,X4),X8))))),f(X3,f(f(f(X0,X1),f(X0,f(f(X1,f(X0,f(X2,f(X3,X4)))),f(f(X2,f(X3,X4)),X5)))),f(X4,X9)))))),f(f(X2,f(f(X0,X1),f(X0,f(f(X1,f(X0,f(X2,f(X3,X4)))),f(f(X2,f(X3,X4)),X5))))),f(X2,f(X1,f(f(X3,X4),X8))))))),f(f(X3,f(f(X2,f(f(X0,X1),f(X0,f(f(X1,f(X0,f(X2,f(X3,X4)))),f(f(X2,f(X3,X4)),X5))))),f(X2,f(X1,f(f(X3,X4),X8))))),f(X3,f(f(f(X0,X1),f(X0,f(f(X1,f(X0,f(X2,f(X3,X4)))),f(f(X2,f(X3,X4)),X5)))),f(X4,X9))))) = X7 [superposition 10,9]
[SA] active: 97203. f(f(X2,X2),f(f(X2,X2),f(X2,f(f(X2,f(X2,f(f(f(f(f(X0,X0),X0),X0),X0),X0))),X0)))) = X2 [forward demodulation 96371,23690]
[SA] active: 35. f(f(f(f(f(X1,f(f(f(f(X2,X3),f(X2,f(f(X3,f(X2,f(X1,X4))),f(f(X1,X4),X5)))),X0),f(f(f(X2,X3),f(X2,f(f(X3,f(X2,f(X1,X4))),f(f(X1,X4),X5)))),f(f(X0,X3),f(f(X1,X4),X6))))),f(X1,f(X0,f(X4,X7)))),X8),f(f(f(X1,f(f(f(f(X2,X3),f(X2,f(f(X3,f(X2,f(X1,X4))),f(f(X1,X4),X5)))),X0),f(f(f(X2,X3),f(X2,f(f(X3,f(X2,f(X1,X4))),f(f(X1,X4),X5)))),f(f(X0,X3),f(f(X1,X4),X6))))),f(X1,f(X0,f(X4,X7)))),f(f(X8,f(f(f(f(X2,X3),f(X2,f(f(X3,f(X2,f(X1,X4))),f(f(X1,X4),X5)))),X0),f(f(f(X2,X3),f(X2,f(f(X3,f(X2,f(X1,X4))),f(f(X1,X4),X5)))),f(f(X0,X3),f(f(X1,X4),X6))))),f(X4,X9)))),X4) = X8 [superposition 8,8]
[SA] active: 113219. f(f(X0,X0),f(X0,X0)) = f(X0,f(f(f(f(f(f(X0,X0),X0),X0),X0),X0),f(f(X0,X0),f(X0,X1)))) [forward demodulation 112307,23690]
[SA] active: 55. f(f(f(f(f(f(X1,X2),f(X1,f(f(X2,f(X1,f(X3,X4))),f(f(X3,X4),X5)))),X0),f(f(f(X1,X2),f(X1,f(f(X2,f(X1,f(X3,X4))),f(f(X3,X4),X5)))),f(f(X0,X2),f(f(X3,X4),X6)))),f(f(f(X3,f(f(f(f(X1,X2),f(X1,f(f(X2,f(X1,f(X3,X4))),f(f(X3,X4),X5)))),X0),f(f(f(X1,X2),f(X1,f(f(X2,f(X1,f(X3,X4))),f(f(X3,X4),X5)))),f(f(X0,X2),f(f(X3,X4),X6))))),f(X3,f(X0,f(X4,X7)))),f(f(X4,f(f(f(X3,f(f(f(f(X1,X2),f(X1,f(f(X2,f(X1,f(X3,X4))),f(f(X3,X4),X5)))),X0),f(f(f(X1,X2),f(X1,f(f(X2,f(X1,f(X3,X4))),f(f(X3,X4),X5)))),f(f(X0,X2),f(f(X3,X4),X6))))),f(X3,f(X0,f(X4,X7)))),X8)),f(X8,X9)))),X8) = X4 [superposition 7,8]
[SA] active: 133769. f(f(f(X0,X0),f(X0,X0)),X0) = X0 [superposition 97252,113219]
[SA] active: 120. f(f(f(X1,X2),f(X1,f(f(X2,f(X1,f(X0,f(f(f(X3,X0),f(X3,f(f(X0,f(X3,f(f(X4,X5),f(X4,f(f(X5,f(X4,X6)),f(X6,X7)))))),X5))),f(f(f(f(X4,X5),f(X4,f(f(X5,f(X4,X6)),f(X6,X7)))),f(f(f(X3,X0),f(X3,f(f(X0,f(X3,f(f(X4,X5),f(X4,f(f(X5,f(X4,X6)),f(X6,X7)))))),X5))),X8)),f(X8,X9)))))),f(f(X4,X5),f(X4,f(f(X5,f(X4,X6)),f(X6,X7))))))),f(X0,f(f(f(X3,X0),f(X3,f(f(X0,f(X3,f(f(X4,X5),f(X4,f(f(X5,f(X4,X6)),f(X6,X7)))))),X5))),f(f(f(f(X4,X5),f(X4,f(f(X5,f(X4,X6)),f(X6,X7)))),f(f(f(X3,X0),f(X3,f(f(X0,f(X3,f(f(X4,X5),f(X4,f(f(X5,f(X4,X6)),f(X6,X7)))))),X5))),X8)),f(X8,X9))))) = X2 [superposition 10,10]
[SA] active: 134480. f(f(f(f(X0,X0),X0),X0),f(f(X0,X0),f(X0,X0))) = X0 [superposition 23690,113219]
[SA] active: 128. f(f(f(X1,X2),f(X1,f(f(X2,f(X1,f(f(X3,f(f(f(f(X4,X5),f(X4,f(f(X5,f(X4,f(X3,X6))),f(f(X3,X6),X7)))),X0),f(f(f(X4,X5),f(X4,f(f(X5,f(X4,f(X3,X6))),f(f(X3,X6),X7)))),f(f(X0,X5),f(f(X3,X6),X8))))),f(X3,f(X0,f(X6,X9)))))),f(f(f(f(X4,X5),f(X4,f(f(X5,f(X4,f(X3,X6))),f(f(X3,X6),X7)))),X0),f(f(f(X4,X5),f(X4,f(f(X5,f(X4,f(X3,X6))),f(f(X3,X6),X7)))),f(f(X0,X5),f(f(X3,X6),X8))))))),f(f(X3,f(f(f(f(X4,X5),f(X4,f(f(X5,f(X4,f(X3,X6))),f(f(X3,X6),X7)))),X0),f(f(f(X4,X5),f(X4,f(f(X5,f(X4,f(X3,X6))),f(f(X3,X6),X7)))),f(f(X0,X5),f(f(X3,X6),X8))))),f(X3,f(X0,f(X6,X9))))) = X2 [superposition 10,8]
[SA] active: 137809. f(X0,X0) = f(f(f(X0,X0),f(X0,X0)),f(f(f(X0,X0),X0),f(X0,X0))) [superposition 7697,133769]
[SA] active: 147. f(f(f(f(X1,X2),f(X1,f(f(X2,f(X1,X3)),f(X3,X4)))),f(f(X0,f(f(f(X5,X0),f(X5,f(f(X0,f(X5,f(f(X1,X2),f(X1,f(f(X2,f(X1,X3)),f(X3,X4)))))),X2))),f(f(f(f(X1,X2),f(X1,f(f(X2,f(X1,X3)),f(X3,X4)))),f(f(f(X5,X0),f(X5,f(f(X0,f(X5,f(f(X1,X2),f(X1,f(f(X2,f(X1,X3)),f(X3,X4)))))),X2))),X6)),f(X6,X7)))),f(f(X6,f(f(X0,f(f(f(X5,X0),f(X5,f(f(X0,f(X5,f(f(X1,X2),f(X1,f(f(X2,f(X1,X3)),f(X3,X4)))))),X2))),f(f(f(f(X1,X2),f(X1,f(f(X2,f(X1,X3)),f(X3,X4)))),f(f(f(X5,X0),f(X5,f(f(X0,f(X5,f(f(X1,X2),f(X1,f(f(X2,f(X1,X3)),f(X3,X4)))))),X2))),X6)),f(X6,X7)))),X8)),f(X8,X9)))),X8) = X6 [superposition 7,10]
[SA] active: 134020. f(f(f(X1,X2),f(X1,f(f(X2,f(X1,X0)),f(f(X0,X0),f(X0,X0))))),X0) = X2 [superposition 5,113219]
[SA] active: 151. f(f(f(f(X0,f(f(f(X1,X0),f(X1,f(f(X0,f(X1,f(f(X2,X3),f(X2,f(f(X3,f(X2,X4)),f(X4,X5)))))),X3))),f(f(f(f(X2,X3),f(X2,f(f(X3,f(X2,X4)),f(X4,X5)))),f(f(f(X1,X0),f(X1,f(f(X0,f(X1,f(f(X2,X3),f(X2,f(f(X3,f(X2,X4)),f(X4,X5)))))),X3))),X6)),f(X6,X7)))),X8),f(f(X0,f(f(f(X1,X0),f(X1,f(f(X0,f(X1,f(f(X2,X3),f(X2,f(f(X3,f(X2,X4)),f(X4,X5)))))),X3))),f(f(f(f(X2,X3),f(X2,f(f(X3,f(X2,X4)),f(X4,X5)))),f(f(f(X1,X0),f(X1,f(f(X0,f(X1,f(f(X2,X3),f(X2,f(f(X3,f(X2,X4)),f(X4,X5)))))),X3))),X6)),f(X6,X7)))),f(f(X8,f(f(X2,X3),f(X2,f(f(X3,f(X2,X4)),f(X4,X5))))),f(X6,X9)))),X6) = X8 [superposition 8,10]
[SA] active: 134455. f(f(X1,X1),f(f(X1,f(f(X1,X1),f(X1,f(f(X0,X0),f(X0,X0))))),X0)) = X1 [superposition 6673,113219]
[SA] active: 266. f(f(X2,f(f(X0,X1),f(X0,f(f(X1,f(X0,f(X2,X3))),f(f(X2,X3),X4))))),f(X2,f(X1,f(X3,X7)))) = f(f(X5,f(f(f(X6,X5),f(X6,f(f(X5,f(X6,f(f(X2,f(f(X0,X1),f(X0,f(f(X1,f(X0,f(X2,X3))),f(f(X2,X3),X4))))),f(X2,f(X1,f(X3,X7)))))),f(f(X0,X1),f(X0,f(f(X1,f(X0,f(X2,X3))),f(f(X2,X3),X4))))))),f(f(f(f(X2,f(f(X0,X1),f(X0,f(f(X1,f(X0,f(X2,X3))),f(f(X2,X3),X4))))),f(X2,f(X1,f(X3,X7)))),f(f(f(X6,X5),f(X6,f(f(X5,f(X6,f(f(X2,f(f(X0,X1),f(X0,f(f(X1,f(X0,f(X2,X3))),f(f(X2,X3),X4))))),f(X2,f(X1,f(X3,X7)))))),f(f(X0,X1),f(X0,f(f(X1,f(X0,f(X2,X3))),f(f(X2,X3),X4))))))),X8)),f(X8,X9)))),X8) [superposition 7,9]
[SA] active: 153370. f(X0,X0) = f(f(f(X0,X0),f(X0,X0)),f(f(f(X0,X0),X0),X0)) [forward demodulation 153359,133769]
[SA] active: 267. f(f(X5,f(f(f(f(f(X2,f(f(X0,X1),f(X0,f(f(X1,f(X0,f(X2,X3))),f(f(X2,X3),X4))))),f(X2,f(X1,f(X3,X6)))),X5),f(f(f(X2,f(f(X0,X1),f(X0,f(f(X1,f(X0,f(X2,X3))),f(f(X2,X3),X4))))),f(X2,f(X1,f(X3,X6)))),f(f(X5,f(f(X0,X1),f(X0,f(f(X1,f(X0,f(X2,X3))),f(f(X2,X3),X4))))),f(X3,X7)))),f(f(X3,f(f(f(f(f(X2,f(f(X0,X1),f(X0,f(f(X1,f(X0,f(X2,X3))),f(f(X2,X3),X4))))),f(X2,f(X1,f(X3,X6)))),X5),f(f(f(X2,f(f(X0,X1),f(X0,f(f(X1,f(X0,f(X2,X3))),f(f(X2,X3),X4))))),f(X2,f(X1,f(X3,X6)))),f(f(X5,f(f(X0,X1),f(X0,f(f(X1,f(X0,f(X2,X3))),f(f(X2,X3),X4))))),f(X3,X7)))),X8)),f(X8,X9)))),X8) = X3 [superposition 7,9]
[SA] active: 157215. f(X0,X0) = f(f(f(f(X0,X0),X0),f(f(f(X0,X0),X0),X0)),f(X0,X0)) [forward demodulation 157211,133769]
[SA] active: 268. f(f(X3,f(f(f(f(X0,X1),f(X0,f(f(X1,f(X0,f(X2,X3))),f(f(X2,X3),X4)))),f(f(f(X2,f(f(X0,X1),f(X0,f(f(X1,f(X0,f(X2,X3))),f(f(X2,X3),X4))))),f(X2,f(X1,f(X3,X5)))),f(f(X3,f(f(f(X2,f(f(X0,X1),f(X0,f(f(X1,f(X0,f(X2,X3))),f(f(X2,X3),X4))))),f(X2,f(X1,f(X3,X5)))),X6)),f(X6,X7)))),f(f(X6,f(f(f(f(X0,X1),f(X0,f(f(X1,f(X0,f(X2,X3))),f(f(X2,X3),X4)))),f(f(f(X2,f(f(X0,X1),f(X0,f(f(X1,f(X0,f(X2,X3))),f(f(X2,X3),X4))))),f(X2,f(X1,f(X3,X5)))),f(f(X3,f(f(f(X2,f(f(X0,X1),f(X0,f(f(X1,f(X0,f(X2,X3))),f(f(X2,X3),X4))))),f(X2,f(X1,f(X3,X5)))),X6)),f(X6,X7)))),X8)),f(X8,X9)))),X8) = X6 [superposition 7,9]
[SA] active: 138337. f(f(X1,X1),f(f(X1,f(f(X1,X1),f(X1,X0))),f(f(X0,X0),f(X0,X0)))) = X1 [superposition 6673,133769]
[SA] active: 270. f(f(f(f(f(X5,X6),f(X5,f(f(X6,f(X5,f(f(X2,f(f(X0,X1),f(X0,f(f(X1,f(X0,f(X2,X3))),f(f(X2,X3),X4))))),f(X2,f(X1,f(X3,X7)))))),f(f(X0,X1),f(X0,f(f(X1,f(X0,f(X2,X3))),f(f(X2,X3),X4))))))),X8),f(f(f(X5,X6),f(X5,f(f(X6,f(X5,f(f(X2,f(f(X0,X1),f(X0,f(f(X1,f(X0,f(X2,X3))),f(f(X2,X3),X4))))),f(X2,f(X1,f(X3,X7)))))),f(f(X0,X1),f(X0,f(f(X1,f(X0,f(X2,X3))),f(f(X2,X3),X4))))))),f(f(X8,X6),f(f(f(X2,f(f(X0,X1),f(X0,f(f(X1,f(X0,f(X2,X3))),f(f(X2,X3),X4))))),f(X2,f(X1,f(X3,X7)))),X9)))),f(f(X2,f(f(X0,X1),f(X0,f(f(X1,f(X0,f(X2,X3))),f(f(X2,X3),X4))))),f(X2,f(X1,f(X3,X7))))) = X8 [superposition 8,9]
[SA] active: 134315. f(f(X1,X1),f(f(X1,X1),f(X1,f(f(X1,f(X1,X0)),f(f(X0,X0),f(X0,X0)))))) = X1 [superposition 159,113219]
[SA] active: 271. f(f(f(f(f(f(f(X2,f(f(X0,X1),f(X0,f(f(X1,f(X0,f(X2,X3))),f(f(X2,X3),X4))))),f(X2,f(X1,f(X3,X5)))),X6),f(f(f(X2,f(f(X0,X1),f(X0,f(f(X1,f(X0,f(X2,X3))),f(f(X2,X3),X4))))),f(X2,f(X1,f(X3,X5)))),f(f(X6,f(f(X0,X1),f(X0,f(f(X1,f(X0,f(X2,X3))),f(f(X2,X3),X4))))),f(X3,X7)))),X8),f(f(f(f(f(X2,f(f(X0,X1),f(X0,f(f(X1,f(X0,f(X2,X3))),f(f(X2,X3),X4))))),f(X2,f(X1,f(X3,X5)))),X6),f(f(f(X2,f(f(X0,X1),f(X0,f(f(X1,f(X0,f(X2,X3))),f(f(X2,X3),X4))))),f(X2,f(X1,f(X3,X5)))),f(f(X6,f(f(X0,X1),f(X0,f(f(X1,f(X0,f(X2,X3))),f(f(X2,X3),X4))))),f(X3,X7)))),f(f(X8,X6),f(X3,X9)))),X3) = X8 [superposition 8,9]
[SA] active: 134450. f(f(f(X1,f(f(X1,X1),f(X1,f(f(X0,X0),f(X0,X0))))),X0),f(f(X1,X1),X0)) = X1 [superposition 6648,113219]
[SA] active: 272. f(f(f(f(f(f(X0,X1),f(X0,f(f(X1,f(X0,f(X2,X3))),f(f(X2,X3),X4)))),f(f(f(X2,f(f(X0,X1),f(X0,f(f(X1,f(X0,f(X2,X3))),f(f(X2,X3),X4))))),f(X2,f(X1,f(X3,X5)))),f(f(X3,f(f(f(X2,f(f(X0,X1),f(X0,f(f(X1,f(X0,f(X2,X3))),f(f(X2,X3),X4))))),f(X2,f(X1,f(X3,X5)))),X6)),f(X6,X7)))),X8),f(f(f(f(X0,X1),f(X0,f(f(X1,f(X0,f(X2,X3))),f(f(X2,X3),X4)))),f(f(f(X2,f(f(X0,X1),f(X0,f(f(X1,f(X0,f(X2,X3))),f(f(X2,X3),X4))))),f(X2,f(X1,f(X3,X5)))),f(f(X3,f(f(f(X2,f(f(X0,X1),f(X0,f(f(X1,f(X0,f(X2,X3))),f(f(X2,X3),X4))))),f(X2,f(X1,f(X3,X5)))),X6)),f(X6,X7)))),f(f(X8,X3),f(X6,X9)))),X6) = X8 [superposition 8,9]
[SA] active: 174294. f(X0,X0) = f(f(f(f(X0,X0),X0),X0),X0) [forward demodulation 174263,133769]
[SA] active: 275. f(f(f(X5,X6),f(X5,f(f(X6,f(X5,f(f(f(X0,X1),f(X0,f(f(X1,f(X0,f(X2,X3))),f(f(X2,X3),X4)))),f(f(f(X2,f(f(X0,X1),f(X0,f(f(X1,f(X0,f(X2,X3))),f(f(X2,X3),X4))))),f(X2,f(X1,f(X3,X7)))),f(f(X3,f(f(f(X2,f(f(X0,X1),f(X0,f(f(X1,f(X0,f(X2,X3))),f(f(X2,X3),X4))))),f(X2,f(X1,f(X3,X7)))),X8)),f(X8,X9)))))),X3))),f(f(f(X0,X1),f(X0,f(f(X1,f(X0,f(X2,X3))),f(f(X2,X3),X4)))),f(f(f(X2,f(f(X0,X1),f(X0,f(f(X1,f(X0,f(X2,X3))),f(f(X2,X3),X4))))),f(X2,f(X1,f(X3,X7)))),f(f(X3,f(f(f(X2,f(f(X0,X1),f(X0,f(f(X1,f(X0,f(X2,X3))),f(f(X2,X3),X4))))),f(X2,f(X1,f(X3,X7)))),X8)),f(X8,X9))))) = X6 [superposition 10,9]
[SA] active: 182326. f(X1,X1) = X1 [forward demodulation 181885,48801]
[SA] active: 278. f(f(f(X5,X6),f(X5,f(f(X6,f(X5,f(f(f(f(X2,f(f(X0,X1),f(X0,f(f(X1,f(X0,f(X2,X3))),f(f(X2,X3),X4))))),f(X2,f(X1,f(X3,X7)))),X8),f(f(f(X2,f(f(X0,X1),f(X0,f(f(X1,f(X0,f(X2,X3))),f(f(X2,X3),X4))))),f(X2,f(X1,f(X3,X7)))),f(f(X8,f(f(X0,X1),f(X0,f(f(X1,f(X0,f(X2,X3))),f(f(X2,X3),X4))))),f(X3,X9)))))),X8))),f(f(f(f(X2,f(f(X0,X1),f(X0,f(f(X1,f(X0,f(X2,X3))),f(f(X2,X3),X4))))),f(X2,f(X1,f(X3,X7)))),X8),f(f(f(X2,f(f(X0,X1),f(X0,f(f(X1,f(X0,f(X2,X3))),f(f(X2,X3),X4))))),f(X2,f(X1,f(X3,X7)))),f(f(X8,f(f(X0,X1),f(X0,f(f(X1,f(X0,f(X2,X3))),f(f(X2,X3),X4))))),f(X3,X9))))) = X6 [superposition 10,9]
[SA] active: 190757. X1 = X3 [forward demodulation 188068,184863]
% Refutation found. Thanks to Tanya!
% SZS status Unsatisfiable for p
% SZS output start Proof for p
1. ! [X0,X1,X2,X3] : X1 = f(f(f(X2,X1),f(X2,f(f(X1,f(X2,X3)),f(X3,X0)))),X3) [input(axiom)]
2. ? [X0,X1] : X0 != X1 [input(axiom)]
3. ? [X0,X1] : X0 != X1 => sK0 != sK1 [skolem symbol introduction]
4. sK0 != sK1 [skolemisation 2,3]
5. f(f(f(X2,X1),f(X2,f(f(X1,f(X2,X3)),f(X3,X0)))),X3) = X1 [cnf transformation 1]
6. sK0 != sK1 [cnf transformation 4]
7. f(f(X0,f(f(f(X1,X0),f(X1,f(f(X0,f(X1,X2)),f(X2,X3)))),f(f(X2,f(f(f(X1,X0),f(X1,f(f(X0,f(X1,X2)),f(X2,X3)))),X4)),f(X4,X5)))),X4) = X2 [superposition 5,5]
9. f(f(X2,X0),f(X2,f(f(X0,f(X2,f(X1,X3))),f(f(X1,X3),X4)))) = f(f(f(X1,f(f(X2,X0),f(X2,f(f(X0,f(X2,f(X1,X3))),f(f(X1,X3),X4))))),f(X1,f(X0,f(X3,X5)))),X3) [superposition 5,5]
10. f(f(f(X1,X2),f(X1,f(f(X2,f(X1,f(f(X3,X0),f(X3,f(f(X0,f(X3,X4)),f(X4,X5)))))),X0))),f(f(X3,X0),f(X3,f(f(X0,f(X3,X4)),f(X4,X5))))) = X2 [superposition 5,5]
15. f(f(f(f(X1,X0),f(X1,f(f(X0,f(X1,f(X2,X3))),f(f(X2,X3),X4)))),f(f(f(X2,f(f(X1,X0),f(X1,f(f(X0,f(X1,f(X2,X3))),f(f(X2,X3),X4))))),f(X2,f(X0,f(X3,X5)))),f(f(X3,f(f(f(X2,f(f(X1,X0),f(X1,f(f(X0,f(X1,f(X2,X3))),f(f(X2,X3),X4))))),f(X2,f(X0,f(X3,X5)))),X6)),f(X6,X7)))),X6) = X3 [superposition 7,5]
19. f(f(X0,f(f(f(X1,X0),f(X1,f(f(X0,f(X1,X2)),f(X2,X3)))),f(f(X2,X0),f(X2,X4)))),X2) = X2 [superposition 7,5]
115. f(f(f(f(f(X1,X0),f(X1,f(f(X0,f(X1,X0)),f(X0,X2)))),X0),f(f(f(X1,X0),f(X1,f(f(X0,f(X1,X0)),f(X0,X2)))),X0)),f(f(X0,X0),f(X0,f(f(X0,f(X0,X3)),f(X3,X4))))) = X0 [superposition 10,19]
159. f(f(X0,X0),f(f(X0,X0),f(X0,f(f(X0,f(X0,X3)),f(X3,X4))))) = X0 [forward demodulation 115,5]
184. f(f(f(X1,X2),f(X1,f(f(X2,f(X1,f(X0,X0))),X0))),f(X0,X0)) = X2 [superposition 5,159]
239. f(f(X0,X0),f(X0,f(f(X0,f(X0,f(f(X0,X0),X1))),f(f(f(X0,X0),X1),X2)))) = f(f(X0,f(f(X0,X0),f(X0,f(X1,X3)))),X1) [superposition 9,159]
261. f(X2,f(f(X0,f(X1,X1)),f(X0,f(f(f(X1,X1),f(X0,f(X2,X1))),f(f(X2,X1),X3))))) = f(f(f(X2,f(X2,f(f(X0,f(X1,X1)),f(X0,f(f(f(X1,X1),f(X0,f(X2,X1))),f(f(X2,X1),X3)))))),f(X2,f(f(X0,f(X1,X1)),f(X0,f(f(f(X1,X1),f(X0,f(X2,X1))),f(f(X2,X1),X3)))))),f(f(X1,X1),f(X1,f(f(X1,f(X1,X4)),f(X4,X5))))) [superposition 10,9]
269. f(f(X5,f(f(f(X6,X5),f(X6,f(f(X5,f(X6,X7)),f(X7,X8)))),f(f(X7,f(f(f(X6,X5),f(X6,f(f(X5,f(X6,X7)),f(X7,X8)))),f(f(X2,f(f(X0,X1),f(X0,f(f(X1,f(X0,f(X2,X3))),f(f(X2,X3),X4))))),f(X2,f(X1,f(X3,X9)))))),f(f(X0,X1),f(X0,f(f(X1,f(X0,f(X2,X3))),f(f(X2,X3),X4))))))),f(f(X2,f(f(X0,X1),f(X0,f(f(X1,f(X0,f(X2,X3))),f(f(X2,X3),X4))))),f(X2,f(X1,f(X3,X9))))) = X7 [superposition 7,9]
275. f(f(f(X5,X6),f(X5,f(f(X6,f(X5,f(f(f(X0,X1),f(X0,f(f(X1,f(X0,f(X2,X3))),f(f(X2,X3),X4)))),f(f(f(X2,f(f(X0,X1),f(X0,f(f(X1,f(X0,f(X2,X3))),f(f(X2,X3),X4))))),f(X2,f(X1,f(X3,X7)))),f(f(X3,f(f(f(X2,f(f(X0,X1),f(X0,f(f(X1,f(X0,f(X2,X3))),f(f(X2,X3),X4))))),f(X2,f(X1,f(X3,X7)))),X8)),f(X8,X9)))))),X3))),f(f(f(X0,X1),f(X0,f(f(X1,f(X0,f(X2,X3))),f(f(X2,X3),X4)))),f(f(f(X2,f(f(X0,X1),f(X0,f(f(X1,f(X0,f(X2,X3))),f(f(X2,X3),X4))))),f(X2,f(X1,f(X3,X7)))),f(f(X3,f(f(f(X2,f(f(X0,X1),f(X0,f(f(X1,f(X0,f(X2,X3))),f(f(X2,X3),X4))))),f(X2,f(X1,f(X3,X7)))),X8)),f(X8,X9))))) = X6 [superposition 10,9]
278. f(f(f(X5,X6),f(X5,f(f(X6,f(X5,f(f(f(f(X2,f(f(X0,X1),f(X0,f(f(X1,f(X0,f(X2,X3))),f(f(X2,X3),X4))))),f(X2,f(X1,f(X3,X7)))),X8),f(f(f(X2,f(f(X0,X1),f(X0,f(f(X1,f(X0,f(X2,X3))),f(f(X2,X3),X4))))),f(X2,f(X1,f(X3,X7)))),f(f(X8,f(f(X0,X1),f(X0,f(f(X1,f(X0,f(X2,X3))),f(f(X2,X3),X4))))),f(X3,X9)))))),X8))),f(f(f(f(X2,f(f(X0,X1),f(X0,f(f(X1,f(X0,f(X2,X3))),f(f(X2,X3),X4))))),f(X2,f(X1,f(X3,X7)))),X8),f(f(f(X2,f(f(X0,X1),f(X0,f(f(X1,f(X0,f(X2,X3))),f(f(X2,X3),X4))))),f(X2,f(X1,f(X3,X7)))),f(f(X8,f(f(X0,X1),f(X0,f(f(X1,f(X0,f(X2,X3))),f(f(X2,X3),X4))))),f(X3,X9))))) = X6 [superposition 10,9]
4500. f(X0,X0) = f(f(f(f(f(X0,X0),f(X0,X0)),f(X0,X0)),f(X0,X0)),f(f(X0,X0),f(X0,f(f(X0,f(X0,X2)),f(X2,X3))))) [superposition 261,159]
4907. f(f(X1,X1),f(f(X1,X1),f(X1,f(f(X1,f(X1,f(f(f(f(X0,X0),f(X0,X0)),f(X0,X0)),f(X0,X0)))),f(X0,X0))))) = X1 [superposition 159,4500]
6590. f(f(X0,f(f(X0,X0),f(X0,f(X1,X2)))),X1) = f(f(X0,f(f(X0,X0),f(X0,f(X1,X4)))),X1) [superposition 239,239]
6648. f(f(f(X0,f(f(X0,X0),f(X0,f(X1,X2)))),X1),f(f(X0,X0),X1)) = X0 [superposition 5,239]
6670. f(X0,X0) = f(f(f(f(f(X0,X0),f(X0,X0)),f(X0,X0)),f(X0,X0)),f(f(X0,f(f(X0,X0),f(X0,f(X1,X2)))),X1)) [superposition 4500,239]
6673. f(f(X0,X0),f(f(X0,f(f(X0,X0),f(X0,f(X1,X2)))),X1)) = X0 [superposition 159,239]
6729. f(f(f(X3,X4),f(X3,f(f(X4,f(X3,f(X0,X0))),f(f(X0,f(f(X0,X0),f(X0,f(X1,X2)))),X1)))),f(X0,X0)) = X4 [superposition 5,239]
7628. f(f(X1,X1),f(f(X1,f(f(X1,X1),f(X1,X0))),f(f(X2,X0),f(X2,f(f(X0,f(X2,f(X3,X3))),X3))))) = X1 [superposition 6673,184]
7641. f(f(X1,X1),f(f(X1,f(f(X1,X1),f(X1,X0))),f(f(X2,X0),f(X2,f(f(X0,f(X2,X3)),f(X3,X4)))))) = X1 [superposition 6673,5]
9368. f(f(X0,f(f(X0,X0),f(X0,f(f(X1,X1),X2)))),f(X1,X1)) = f(f(f(f(X0,X0),f(f(X0,f(f(X0,X0),f(X0,f(f(X1,X1),X2)))),f(X1,X1))),f(f(X0,X0),f(X0,X1))),f(X1,X1)) [superposition 184,6648]
9511. f(f(X0,f(f(X0,X0),f(X0,X1))),f(X1,X1)) = f(f(X0,f(f(X0,X0),f(X0,f(f(X1,X1),X2)))),f(X1,X1)) [forward demodulation 9368,6673]
23690. f(f(f(f(X0,X0),X0),X0),f(X0,X1)) = X0 [superposition 5,7628]
23691. f(X0,X1) = f(f(X0,f(f(f(f(X0,X0),X0),X0),f(f(f(X0,X1),f(f(f(f(X0,X0),X0),X0),X3)),f(X3,X4)))),X3) [superposition 7,7628]
25324. f(f(f(f(f(f(X0,X0),X0),X0),X1),f(f(f(f(X0,X0),X0),X0),f(f(X1,X0),X0))),f(X0,X0)) = X1 [superposition 184,23690]
39048. f(X0,X1) = f(f(X0,f(f(f(f(X0,X0),X0),X0),f(f(f(X0,X1),X0),X0))),f(X0,X0)) [superposition 25324,23690]
41020. f(X0,f(f(X0,X0),f(X0,f(X0,X2)))) = f(f(X0,f(f(f(f(X0,X0),X0),X0),f(f(f(X0,f(f(X0,X0),f(X0,f(X0,X1)))),X0),X0))),f(X0,X0)) [superposition 39048,6590]
41531. f(X0,f(f(X0,X0),f(X0,f(X0,X1)))) = f(X0,f(f(X0,X0),f(X0,f(X0,X2)))) [forward demodulation 41020,39048]
43228. f(f(X0,X0),f(f(f(X0,X0),f(X0,X0)),X0)) = f(f(X0,X0),f(f(f(X0,X0),f(X0,X0)),f(f(X0,X0),f(f(X0,X0),X1)))) [superposition 41531,4907]
48801. f(f(X1,X1),f(f(X1,f(f(X1,X1),f(X1,X2))),f(f(X3,X2),f(X3,f(f(X2,f(X3,f(f(f(X4,X5),f(X4,f(f(X5,f(X4,f(X6,X0))),f(f(X6,X0),X7)))),f(f(f(X6,f(f(X4,X5),f(X4,f(f(X5,f(X4,f(X6,X0))),f(f(X6,X0),X7))))),f(X6,f(X5,f(X0,X8)))),f(f(X0,f(f(f(X6,f(f(X4,X5),f(X4,f(f(X5,f(X4,f(X6,X0))),f(f(X6,X0),X7))))),f(X6,f(X5,f(X0,X8)))),X9)),f(X9,X10)))))),X0))))) = X1 [superposition 7641,15]
92565. f(X0,f(f(X0,X0),f(X0,f(f(f(f(f(X0,X0),X0),X0),f(X0,X0)),X1)))) = f(f(X0,f(f(f(f(X0,X0),X0),X0),X0)),f(X0,X0)) [superposition 23691,6648]
93322. f(X0,f(f(X0,X0),f(X0,f(X0,X1)))) = f(f(X0,f(f(f(f(X0,X0),X0),X0),X0)),f(X0,X0)) [forward demodulation 92565,23690]
96315. f(f(f(f(f(f(X0,X0),X0),X0),X0),f(f(f(f(X0,X0),X0),X0),f(X0,f(f(X0,X0),f(X0,f(X0,X1)))))),X0) = X0 [superposition 5,93322]
96322. f(f(X0,f(f(f(f(f(f(X0,X0),X0),X0),X0),f(f(f(f(X0,X0),X0),X0),f(X0,f(f(X0,X0),f(X0,f(X0,X1)))))),f(f(X0,X0),f(X0,X2)))),X0) = X0 [superposition 19,93322]
97252. f(f(X0,f(f(f(f(f(f(X0,X0),X0),X0),X0),X0),f(f(X0,X0),f(X0,X2)))),X0) = X0 [forward demodulation 96322,23690]
97259. f(f(f(f(f(f(X0,X0),X0),X0),X0),X0),X0) = X0 [forward demodulation 96315,23690]
112307. f(f(X0,f(f(f(f(X0,X0),X0),X0),f(X0,X0))),f(X0,X0)) = f(X0,f(f(f(f(f(f(X0,X0),X0),X0),X0),X0),f(f(X0,X0),f(X0,X1)))) [superposition 39048,97252]
113219. f(f(X0,X0),f(X0,X0)) = f(X0,f(f(f(f(f(f(X0,X0),X0),X0),X0),X0),f(f(X0,X0),f(X0,X1)))) [forward demodulation 112307,23690]
133769. f(f(f(X0,X0),f(X0,X0)),X0) = X0 [superposition 97252,113219]
134450. f(f(f(X1,f(f(X1,X1),f(X1,f(f(X0,X0),f(X0,X0))))),X0),f(f(X1,X1),X0)) = X1 [superposition 6648,113219]
172922. f(X0,X0) = f(f(f(f(X0,X0),f(f(f(X0,X0),f(X0,X0)),f(f(X0,X0),f(f(X0,X0),f(X0,X0))))),X0),X0) [superposition 134450,133769]
174263. f(X0,X0) = f(f(f(f(X0,X0),f(f(f(X0,X0),f(X0,X0)),X0)),X0),X0) [forward demodulation 172922,43228]
174294. f(X0,X0) = f(f(f(f(X0,X0),X0),X0),X0) [forward demodulation 174263,133769]
177778. f(f(f(X0,X0),X0),X0) = X0 [superposition 97259,174294]
181807. f(X1,X1) = f(f(f(f(f(X1,X1),f(X1,X1)),f(X1,X1)),f(X1,X1)),f(f(X1,f(f(X1,X1),f(X1,X0))),f(f(X2,X0),f(X2,f(f(X0,f(X2,f(f(f(X3,X4),f(X3,f(f(X4,f(X3,f(X5,X6))),f(f(X5,X6),X7)))),f(f(f(X5,f(f(X3,X4),f(X3,f(f(X4,f(X3,f(X5,X6))),f(f(X5,X6),X7))))),f(X5,f(X4,f(X6,X8)))),f(f(X6,f(f(f(X5,f(f(X3,X4),f(X3,f(f(X4,f(X3,f(X5,X6))),f(f(X5,X6),X7))))),f(X5,f(X4,f(X6,X8)))),X9)),f(X9,X10)))))),X6))))) [superposition 6670,275]
181885. f(X1,X1) = f(f(X1,X1),f(f(X1,f(f(X1,X1),f(X1,X0))),f(f(X2,X0),f(X2,f(f(X0,f(X2,f(f(f(X3,X4),f(X3,f(f(X4,f(X3,f(X5,X6))),f(f(X5,X6),X7)))),f(f(f(X5,f(f(X3,X4),f(X3,f(f(X4,f(X3,f(X5,X6))),f(f(X5,X6),X7))))),f(X5,f(X4,f(X6,X8)))),f(f(X6,f(f(f(X5,f(f(X3,X4),f(X3,f(f(X4,f(X3,f(X5,X6))),f(f(X5,X6),X7))))),f(X5,f(X4,f(X6,X8)))),X9)),f(X9,X10)))))),X6))))) [forward demodulation 181807,177778]
182326. f(X1,X1) = X1 [forward demodulation 181885,48801]
183084. f(f(X0,f(X0,f(f(X0,f(X0,f(X1,X1))),f(f(X1,f(f(X1,X1),f(X1,f(X2,X3)))),X2)))),f(X1,X1)) = X0 [superposition 6729,182326]
183600. f(f(X1,f(f(X1,X1),f(X1,f(X0,X2)))),X0) = f(f(X1,f(f(X1,X1),f(X1,X0))),X0) [superposition 9511,182326]
183614. f(f(f(X0,X0),X0),f(X0,X1)) = X0 [superposition 23690,182326]
184360. f(f(X0,X0),f(X0,X1)) = X0 [forward demodulation 183614,182326]
184373. f(f(X1,f(X1,f(X1,X0))),X0) = f(f(X1,f(X1,f(X1,f(X0,X2)))),X0) [forward demodulation 183600,182326]
184506. f(f(X0,f(X0,f(f(X0,f(X0,X1)),f(f(X1,f(X1,f(X1,f(X2,X3)))),X2)))),X1) = X0 [forward demodulation 183084,182326]
184652. f(X0,f(X0,X1)) = X0 [forward demodulation 184360,182326]
184746. f(f(X0,f(X0,f(f(X0,f(X0,X1)),f(f(X1,f(X1,f(X1,X2))),X2)))),X1) = X0 [forward demodulation 184506,184373]
184863. f(X0,X1) = X0 [forward demodulation 184746,184652]
187828. f(f(X1,f(f(f(X2,X1),f(X2,f(f(X1,f(X2,X3)),f(X3,X4)))),f(f(X3,f(f(f(X2,X1),f(X2,f(f(X1,f(X2,X3)),f(X3,X4)))),f(f(X5,f(f(X6,X7),f(X6,f(f(X7,f(X6,f(X5,f(f(X8,X0),f(X8,f(f(X0,f(X8,f(f(f(f(X9,f(f(X10,X11),f(X10,f(f(X11,f(X10,f(X9,X12))),f(f(X9,X12),X13))))),f(X9,f(X11,f(X12,X14)))),X15),f(f(f(X9,f(f(X10,X11),f(X10,f(f(X11,f(X10,f(X9,X12))),f(f(X9,X12),X13))))),f(X9,f(X11,f(X12,X14)))),f(f(X15,f(f(X10,X11),f(X10,f(f(X11,f(X10,f(X9,X12))),f(f(X9,X12),X13))))),f(X12,X16)))))),X15)))))),f(f(X5,f(f(X8,X0),f(X8,f(f(X0,f(X8,f(f(f(f(X9,f(f(X10,X11),f(X10,f(f(X11,f(X10,f(X9,X12))),f(f(X9,X12),X13))))),f(X9,f(X11,f(X12,X14)))),X15),f(f(f(X9,f(f(X10,X11),f(X10,f(f(X11,f(X10,f(X9,X12))),f(f(X9,X12),X13))))),f(X9,f(X11,f(X12,X14)))),f(f(X15,f(f(X10,X11),f(X10,f(f(X11,f(X10,f(X9,X12))),f(f(X9,X12),X13))))),f(X12,X16)))))),X15)))),X17))))),f(X5,f(X7,X0))))),f(f(X6,X7),f(X6,f(f(X7,f(X6,f(X5,f(f(X8,X0),f(X8,f(f(X0,f(X8,f(f(f(f(X9,f(f(X10,X11),f(X10,f(f(X11,f(X10,f(X9,X12))),f(f(X9,X12),X13))))),f(X9,f(X11,f(X12,X14)))),X15),f(f(f(X9,f(f(X10,X11),f(X10,f(f(X11,f(X10,f(X9,X12))),f(f(X9,X12),X13))))),f(X9,f(X11,f(X12,X14)))),f(f(X15,f(f(X10,X11),f(X10,f(f(X11,f(X10,f(X9,X12))),f(f(X9,X12),X13))))),f(X12,X16)))))),X15)))))),f(f(X5,f(f(X8,X0),f(X8,f(f(X0,f(X8,f(f(f(f(X9,f(f(X10,X11),f(X10,f(f(X11,f(X10,f(X9,X12))),f(f(X9,X12),X13))))),f(X9,f(X11,f(X12,X14)))),X15),f(f(f(X9,f(f(X10,X11),f(X10,f(f(X11,f(X10,f(X9,X12))),f(f(X9,X12),X13))))),f(X9,f(X11,f(X12,X14)))),f(f(X15,f(f(X10,X11),f(X10,f(f(X11,f(X10,f(X9,X12))),f(f(X9,X12),X13))))),f(X12,X16)))))),X15)))),X17))))))),f(f(X5,f(f(X6,X7),f(X6,f(f(X7,f(X6,f(X5,f(f(X8,X0),f(X8,f(f(X0,f(X8,f(f(f(f(X9,f(f(X10,X11),f(X10,f(f(X11,f(X10,f(X9,X12))),f(f(X9,X12),X13))))),f(X9,f(X11,f(X12,X14)))),X15),f(f(f(X9,f(f(X10,X11),f(X10,f(f(X11,f(X10,f(X9,X12))),f(f(X9,X12),X13))))),f(X9,f(X11,f(X12,X14)))),f(f(X15,f(f(X10,X11),f(X10,f(f(X11,f(X10,f(X9,X12))),f(f(X9,X12),X13))))),f(X12,X16)))))),X15)))))),f(f(X5,f(f(X8,X0),f(X8,f(f(X0,f(X8,f(f(f(f(X9,f(f(X10,X11),f(X10,f(f(X11,f(X10,f(X9,X12))),f(f(X9,X12),X13))))),f(X9,f(X11,f(X12,X14)))),X15),f(f(f(X9,f(f(X10,X11),f(X10,f(f(X11,f(X10,f(X9,X12))),f(f(X9,X12),X13))))),f(X9,f(X11,f(X12,X14)))),f(f(X15,f(f(X10,X11),f(X10,f(f(X11,f(X10,f(X9,X12))),f(f(X9,X12),X13))))),f(X12,X16)))))),X15)))),X17))))),f(X5,f(X7,X0)))) = X3 [superposition 269,278]
188068. f(X1,f(f(f(X2,X1),f(X2,f(f(X1,f(X2,X3)),f(X3,X4)))),f(f(X3,f(f(f(X2,X1),f(X2,f(f(X1,f(X2,X3)),f(X3,X4)))),f(f(X5,f(f(X6,X7),f(X6,f(f(X7,f(X6,f(X5,f(f(X8,X0),f(X8,f(f(X0,f(X8,f(f(f(f(X9,f(f(X10,X11),f(X10,f(f(X11,f(X10,f(X9,X12))),f(f(X9,X12),X13))))),f(X9,f(X11,f(X12,X14)))),X15),f(f(f(X9,f(f(X10,X11),f(X10,f(f(X11,f(X10,f(X9,X12))),f(f(X9,X12),X13))))),f(X9,f(X11,f(X12,X14)))),f(f(X15,f(f(X10,X11),f(X10,f(f(X11,f(X10,f(X9,X12))),f(f(X9,X12),X13))))),f(X12,X16)))))),X15)))))),f(f(X5,f(f(X8,X0),f(X8,f(f(X0,f(X8,f(f(f(f(X9,f(f(X10,X11),f(X10,f(f(X11,f(X10,f(X9,X12))),f(f(X9,X12),X13))))),f(X9,f(X11,f(X12,X14)))),X15),f(f(f(X9,f(f(X10,X11),f(X10,f(f(X11,f(X10,f(X9,X12))),f(f(X9,X12),X13))))),f(X9,f(X11,f(X12,X14)))),f(f(X15,f(f(X10,X11),f(X10,f(f(X11,f(X10,f(X9,X12))),f(f(X9,X12),X13))))),f(X12,X16)))))),X15)))),X17))))),f(X5,f(X7,X0))))),f(f(X6,X7),f(X6,f(f(X7,f(X6,f(X5,f(f(X8,X0),f(X8,f(f(X0,f(X8,f(f(f(f(X9,f(f(X10,X11),f(X10,f(f(X11,f(X10,f(X9,X12))),f(f(X9,X12),X13))))),f(X9,f(X11,f(X12,X14)))),X15),f(f(f(X9,f(f(X10,X11),f(X10,f(f(X11,f(X10,f(X9,X12))),f(f(X9,X12),X13))))),f(X9,f(X11,f(X12,X14)))),f(f(X15,f(f(X10,X11),f(X10,f(f(X11,f(X10,f(X9,X12))),f(f(X9,X12),X13))))),f(X12,X16)))))),X15)))))),f(f(X5,f(f(X8,X0),f(X8,f(f(X0,f(X8,f(f(f(f(X9,f(f(X10,X11),f(X10,f(f(X11,f(X10,f(X9,X12))),f(f(X9,X12),X13))))),f(X9,f(X11,f(X12,X14)))),X15),f(f(f(X9,f(f(X10,X11),f(X10,f(f(X11,f(X10,f(X9,X12))),f(f(X9,X12),X13))))),f(X9,f(X11,f(X12,X14)))),f(f(X15,f(f(X10,X11),f(X10,f(f(X11,f(X10,f(X9,X12))),f(f(X9,X12),X13))))),f(X12,X16)))))),X15)))),X17))))))) = X3 [forward demodulation 187828,184863]
190757. X1 = X3 [forward demodulation 188068,184863]
196225. sK0 != X0 [superposition 6,190757]
199082. $false [forward subsumption resolution 196225,190757]
% SZS output end Proof for p
% ------------------------------
% Version: Vampire 5.0.1 (Release build, commit 1b13eaf on 2026-01-18 12:14:50 +0000)
% Linked with Z3 4.14.0.0 3c47fd96cf5645d0c42b2c819d9e9a84380aa721 NOTFOUND
% CaDiCaL version: 2.1.3
% Termination reason: Refutation
% Time elapsed: 27.432 s
% Peak memory usage: 2800 MB
% Instructions burned: 151301 (million)
% ------------------------------
% ------------------------------
