% law: x = ((((y ◇ x) ◇ (y ◇ y)) ◇ (x ◇ z)) ◇ (y ◇ w))
% config: twee/complete @ 30s

Here is the input problem:
  Axiom 1 (hyp): X = f(f(f(f(Y, X), f(Y, Y)), f(X, Z)), f(Y, W)).
  Goal 1 (goal): x = y.

1. f(f(f(f(X, Y), f(X, X)), f(Y, Z)), f(X, W)) -> Y
2. f(f(f(f(f(f(f(X, Y), f(X, X)), f(Y, Z)), W), f(f(f(f(X, Y), f(X, X)), f(Y, Z)), f(f(f(X, Y), f(X, X)), f(Y, Z)))), f(W, V)), Y) -> W
3. f(f(f(X, f(f(f(f(Y, X), f(Y, Y)), f(X, Z)), f(f(f(Y, X), f(Y, Y)), f(X, Z)))), f(f(Y, W), V)), X) -> f(Y, W)
4. f(f(f(f(X, f(f(f(Y, Z), f(Y, Y)), f(Z, W))), f(X, X)), Z), f(X, V)) -> f(f(f(Y, Z), f(Y, Y)), f(Z, W))
5. f(f(f(X, f(f(f(f(Y, X), f(Y, Y)), f(X, Z)), f(f(f(Y, X), f(Y, Y)), f(X, Z)))), f(f(Y, W), V)), f(f(f(f(Y, X), f(Y, Y)), f(X, Z)), U)) -> f(Y, W)
6. f(f(f(X, f(f(f(f(f(f(Y, Z), f(Y, Y)), X), f(f(f(Y, Z), f(Y, Y)), f(f(Y, Z), f(Y, Y)))), f(X, W)), f(f(f(f(f(Y, Z), f(Y, Y)), X), f(f(f(Y, Z), f(Y, Y)), f(f(Y, Z), f(Y, Y)))), f(X, W)))), Z), X) -> f(f(f(Y, Z), f(Y, Y)), f(Z, ?))
7. f(f(f(X, Y), f(X, X)), f(Y, Z)) ~> f(f(f(X, Y), f(X, X)), f(Y, ?))
8. f(f(f(X, f(f(f(Y, Z), f(Y, Y)), f(Z, ?))), f(X, X)), f(f(f(f(Y, Z), f(Y, Y)), f(Z, ?)), ?)) -> f(f(f(X, f(f(f(Y, Z), f(Y, Y)), f(Z, ?))), f(X, X)), Z)
9. f(f(f(f(f(f(X, Y), f(X, X)), f(Y, ?)), f(f(f(X, Y), f(X, X)), f(f(X, Y), f(X, X)))), f(f(Y, Z), W)), f(f(f(X, Y), f(X, X)), V)) -> f(Y, Z)
10. f(f(X, f(f(f(f(Y, X), f(Y, Y)), f(X, ?)), f(f(f(Y, X), f(Y, Y)), f(X, ?)))), f(f(Y, Z), W)) ~> f(f(X, f(f(f(f(Y, X), f(Y, Y)), f(X, ?)), f(f(f(Y, X), f(Y, Y)), f(X, ?)))), f(f(Y, Z), ?))
11. f(f(f(f(f(X, Y), f(X, X)), f(Y, ?)), f(f(f(X, Y), f(X, X)), f(f(X, Y), f(X, X)))), f(f(Y, Z), W)) ~> f(f(f(f(f(X, Y), f(X, X)), f(Y, ?)), f(f(f(X, Y), f(X, X)), f(f(X, Y), f(X, X)))), f(f(Y, Z), ?))
12. f(f(f(X, f(f(f(f(f(f(Y, Z), f(Y, Y)), X), f(f(f(Y, Z), f(Y, Y)), f(f(Y, Z), f(Y, Y)))), f(X, ?)), f(f(f(f(f(Y, Z), f(Y, Y)), X), f(f(f(Y, Z), f(Y, Y)), f(f(Y, Z), f(Y, Y)))), f(X, ?)))), Z), f(f(f(f(f(f(Y, Z), f(Y, Y)), X), f(f(f(Y, Z), f(Y, Y)), f(f(Y, Z), f(Y, Y)))), f(X, ?)), W)) -> f(f(f(Y, Z), f(Y, Y)), f(Z, ?))
13. f(f(f(f(f(f(X, f(f(Y, Z), f(Y, Y))), f(X, X)), f(f(f(Y, Z), f(Y, Y)), ?)), f(f(f(X, f(f(Y, Z), f(Y, Y))), f(X, X)), f(f(X, f(f(Y, Z), f(Y, Y))), f(X, X)))), Z), f(f(f(X, f(f(Y, Z), f(Y, Y))), f(X, X)), W)) -> f(f(f(Y, Z), f(Y, Y)), f(Z, ?))
14. f(f(f(f(X, Y), f(f(f(f(X, f(X, Y)), f(X, X)), f(f(X, Y), ?)), f(f(f(X, f(X, Y)), f(X, X)), f(f(X, Y), ?)))), f(f(X, Y), ?)), f(f(f(f(f(X, f(X, Y)), f(X, X)), f(f(X, Y), ?)), f(f(f(X, f(X, Y)), f(X, X)), f(f(X, Y), ?))), Z)) ~> f(f(f(f(X, Y), f(f(f(f(X, f(X, Y)), f(X, X)), f(f(X, Y), ?)), f(f(f(X, f(X, Y)), f(X, X)), f(f(X, Y), ?)))), f(f(X, Y), ?)), f(f(f(f(f(X, f(X, Y)), f(X, X)), f(f(X, Y), ?)), f(f(f(X, f(X, Y)), f(X, X)), f(f(X, Y), ?))), ?))
15. f(f(f(f(f(f(f(X, f(f(f(Y, Z), f(Y, Y)), f(Z, ?))), f(X, X)), Z), W), f(f(f(f(X, f(f(f(Y, Z), f(Y, Y)), f(Z, ?))), f(X, X)), Z), f(f(f(X, f(f(f(Y, Z), f(Y, Y)), f(Z, ?))), f(X, X)), Z))), f(W, ?)), f(f(f(Y, Z), f(Y, Y)), f(Z, ?))) -> W
16. f(f(f(X, f(f(f(f(f(f(f(Y, Z), f(Y, Y)), f(Z, ?)), X), f(f(f(f(Y, Z), f(Y, Y)), f(Z, ?)), f(f(f(Y, Z), f(Y, Y)), f(Z, ?)))), f(X, ?)), f(f(f(f(f(f(Y, Z), f(Y, Y)), f(Z, ?)), X), f(f(f(f(Y, Z), f(Y, Y)), f(Z, ?)), f(f(f(Y, Z), f(Y, Y)), f(Z, ?)))), f(X, ?)))), f(Z, W)), X) -> Z
17. f(f(f(f(X, Y), f(f(f(Z, f(f(f(f(X, Z), f(X, X)), f(Z, ?)), f(f(f(X, Z), f(X, X)), f(Z, ?)))), f(f(X, Y), ?)), f(f(Z, f(f(f(f(X, Z), f(X, X)), f(Z, ?)), f(f(f(X, Z), f(X, X)), f(Z, ?)))), f(f(X, Y), ?)))), f(Z, W)), f(X, Y)) -> Z
18. f(f(f(f(f(f(X, Y), f(X, X)), f(Y, ?)), f(f(f(f(Z, f(f(f(X, Y), f(X, X)), f(Y, ?))), f(Z, Z)), Y), f(f(f(Z, f(f(f(X, Y), f(X, X)), f(Y, ?))), f(Z, Z)), Y))), f(f(Z, W), V)), f(f(f(X, Y), f(X, X)), f(Y, ?))) -> f(Z, W)
19. f(f(f(f(f(X, Y), f(f(f(f(X, f(X, Y)), f(X, X)), f(f(X, Y), ?)), f(f(f(X, f(X, Y)), f(X, X)), f(f(X, Y), ?)))), f(f(X, Y), ?)), f(f(f(f(f(X, f(X, Y)), f(X, X)), f(f(X, Y), ?)), f(f(f(X, f(X, Y)), f(X, X)), f(f(X, Y), ?))), ?)), f(f(X, Y), Z)) -> f(f(f(f(X, f(X, Y)), f(X, X)), f(f(X, Y), ?)), f(f(f(X, f(X, Y)), f(X, X)), f(f(X, Y), ?)))
20. f(f(f(X, f(f(f(f(f(f(f(Y, Z), f(Y, Y)), f(Z, ?)), X), f(f(f(f(Y, Z), f(Y, Y)), f(Z, ?)), f(f(f(Y, Z), f(Y, Y)), f(Z, ?)))), f(X, ?)), f(f(f(f(f(f(Y, Z), f(Y, Y)), f(Z, ?)), X), f(f(f(f(Y, Z), f(Y, Y)), f(Z, ?)), f(f(f(Y, Z), f(Y, Y)), f(Z, ?)))), f(X, ?)))), f(Z, W)), f(f(f(f(f(f(f(Y, Z), f(Y, Y)), f(Z, ?)), X), f(f(f(f(Y, Z), f(Y, Y)), f(Z, ?)), f(f(f(Y, Z), f(Y, Y)), f(Z, ?)))), f(X, ?)), V)) -> Z
21. f(f(f(f(f(f(X, f(f(f(f(Y, X), f(Y, Y)), f(X, ?)), f(f(f(Y, X), f(Y, Y)), f(X, ?)))), f(f(Y, Z), ?)), W), f(f(f(X, f(f(f(f(Y, X), f(Y, Y)), f(X, ?)), f(f(f(Y, X), f(Y, Y)), f(X, ?)))), f(f(Y, Z), ?)), f(f(X, f(f(f(f(Y, X), f(Y, Y)), f(X, ?)), f(f(f(Y, X), f(Y, Y)), f(X, ?)))), f(f(Y, Z), ?)))), f(W, ?)), f(Y, Z)) -> W
22. f(f(f(f(f(f(X, Y), f(f(f(f(X, f(X, Y)), f(X, X)), f(f(X, Y), ?)), f(f(f(X, f(X, Y)), f(X, X)), f(f(X, Y), ?)))), Z), f(f(f(X, Y), f(f(f(f(X, f(X, Y)), f(X, X)), f(f(X, Y), ?)), f(f(f(X, f(X, Y)), f(X, X)), f(f(X, Y), ?)))), f(f(X, Y), ?))), f(Z, W)), f(f(f(X, Y), f(f(f(f(X, f(X, Y)), f(X, X)), f(f(X, Y), ?)), f(f(f(X, f(X, Y)), f(X, X)), f(f(X, Y), ?)))), V)) -> Z
23. f(f(f(f(f(f(f(X, Y), f(X, X)), f(Y, ?)), f(f(f(Z, W), f(Z, Z)), f(W, ?))), f(f(f(f(X, Y), f(X, X)), f(Y, ?)), f(f(f(X, Y), f(X, X)), f(Y, ?)))), W), Y) -> f(f(f(Z, W), f(Z, Z)), f(W, ?))
24. f(f(f(f(f(f(X, Y), f(X, X)), f(Y, ?)), f(f(f(f(Z, f(f(f(X, Y), f(X, X)), f(Y, ?))), f(Z, Z)), Y), f(f(f(Z, f(f(f(X, Y), f(X, X)), f(Y, ?))), f(Z, Z)), Y))), f(f(Z, W), V)), f(f(f(f(Z, f(f(f(X, Y), f(X, X)), f(Y, ?))), f(Z, Z)), Y), U)) -> f(Z, W)
25. f(f(f(f(X, Y), f(f(f(Z, f(f(f(f(X, Z), f(X, X)), f(Z, ?)), f(f(f(X, Z), f(X, X)), f(Z, ?)))), f(f(X, Y), ?)), f(f(Z, f(f(f(f(X, Z), f(X, X)), f(Z, ?)), f(f(f(X, Z), f(X, X)), f(Z, ?)))), f(f(X, Y), ?)))), f(Z, W)), f(f(f(Z, f(f(f(f(X, Z), f(X, X)), f(Z, ?)), f(f(f(X, Z), f(X, X)), f(Z, ?)))), f(f(X, Y), ?)), V)) -> Z
26. f(f(f(f(X, f(f(f(Y, f(f(f(Z, W), f(Z, Z)), f(W, ?))), f(Y, Y)), W)), f(X, X)), f(f(f(Z, W), f(Z, Z)), f(W, ?))), f(X, V)) -> f(f(f(Y, f(f(f(Z, W), f(Z, Z)), f(W, ?))), f(Y, Y)), W)
27. f(f(f(f(X, Y), f(f(f(f(f(f(Z, X), f(Z, Z)), f(X, ?)), f(f(f(Z, X), f(Z, Z)), f(f(Z, X), f(Z, Z)))), f(f(X, Y), ?)), f(f(f(f(f(Z, X), f(Z, Z)), f(X, ?)), f(f(f(Z, X), f(Z, Z)), f(f(Z, X), f(Z, Z)))), f(f(X, Y), ?)))), X), f(f(f(f(f(f(Z, X), f(Z, Z)), f(X, ?)), f(f(f(Z, X), f(Z, Z)), f(f(Z, X), f(Z, Z)))), f(f(X, Y), ?)), W)) -> f(f(f(Z, X), f(Z, Z)), f(X, ?))
28. f(f(f(f(X, Y), f(f(f(f(f(f(Z, X), f(Z, Z)), f(X, ?)), f(f(f(Z, X), f(Z, Z)), f(f(Z, X), f(Z, Z)))), f(f(X, Y), ?)), f(f(f(f(f(Z, X), f(Z, Z)), f(X, ?)), f(f(f(Z, X), f(Z, Z)), f(f(Z, X), f(Z, Z)))), f(f(X, Y), ?)))), X), f(X, Y)) -> f(f(f(Z, X), f(Z, Z)), f(X, ?))
29. f(f(f(f(f(f(f(f(f(X, Y), f(X, X)), f(Y, ?)), f(f(f(X, Y), f(X, X)), f(f(X, Y), f(X, X)))), f(f(Y, Z), ?)), W), f(f(f(f(f(f(X, Y), f(X, X)), f(Y, ?)), f(f(f(X, Y), f(X, X)), f(f(X, Y), f(X, X)))), f(f(Y, Z), ?)), f(f(f(f(f(X, Y), f(X, X)), f(Y, ?)), f(f(f(X, Y), f(X, X)), f(f(X, Y), f(X, X)))), f(f(Y, Z), ?)))), f(W, ?)), f(Y, Z)) -> W
30. f(f(f(f(f(X, Y), f(f(f(f(X, f(X, Y)), f(X, X)), f(f(X, Y), ?)), f(f(f(X, f(X, Y)), f(X, X)), f(f(X, Y), ?)))), Z), f(f(f(X, Y), f(f(f(f(X, f(X, Y)), f(X, X)), f(f(X, Y), ?)), f(f(f(X, f(X, Y)), f(X, X)), f(f(X, Y), ?)))), f(f(X, Y), ?))), f(Z, W)) ~> f(f(f(f(f(X, Y), f(f(f(f(X, f(X, Y)), f(X, X)), f(f(X, Y), ?)), f(f(f(X, f(X, Y)), f(X, X)), f(f(X, Y), ?)))), Z), f(f(f(X, Y), f(f(f(f(X, f(X, Y)), f(X, X)), f(f(X, Y), ?)), f(f(f(X, f(X, Y)), f(X, X)), f(f(X, Y), ?)))), f(f(X, Y), ?))), f(Z, ?))
31. f(f(f(X, f(f(f(Y, f(f(f(Z, W), f(Z, Z)), f(W, ?))), f(Y, Y)), W)), f(X, X)), f(f(f(f(Y, f(f(f(Z, W), f(Z, Z)), f(W, ?))), f(Y, Y)), W), ?)) -> f(f(f(X, f(f(f(Y, f(f(f(Z, W), f(Z, Z)), f(W, ?))), f(Y, Y)), W)), f(X, X)), f(f(f(Z, W), f(Z, Z)), f(W, ?)))
32. f(f(f(f(X, Y), f(f(f(Z, f(f(f(f(X, Z), f(X, X)), f(Z, ?)), f(f(f(X, Z), f(X, X)), f(Z, ?)))), f(f(X, Y), ?)), f(f(Z, f(f(f(f(X, Z), f(X, X)), f(Z, ?)), f(f(f(X, Z), f(X, X)), f(Z, ?)))), f(f(X, Y), ?)))), f(f(f(f(f(X, Z), f(X, X)), f(Z, ?)), W), V)), f(X, Y)) -> f(f(f(f(X, Z), f(X, X)), f(Z, ?)), W)
33. f(f(f(f(f(X, f(f(Y, Z), f(Y, Y))), f(X, X)), f(f(f(Y, Z), f(Y, Y)), ?)), f(f(f(X, f(f(Y, Z), f(Y, Y))), f(X, X)), f(f(X, f(f(Y, Z), f(Y, Y))), f(X, X)))), f(f(f(f(Y, Z), f(Y, Y)), f(Z, ?)), ?)) -> f(f(f(f(f(X, f(f(Y, Z), f(Y, Y))), f(X, X)), f(f(f(Y, Z), f(Y, Y)), ?)), f(f(f(X, f(f(Y, Z), f(Y, Y))), f(X, X)), f(f(X, f(f(Y, Z), f(Y, Y))), f(X, X)))), Z)
34. f(f(X, f(f(f(f(f(f(Y, Z), f(Y, Y)), X), f(f(f(Y, Z), f(Y, Y)), f(f(Y, Z), f(Y, Y)))), f(X, ?)), f(f(f(f(f(Y, Z), f(Y, Y)), X), f(f(f(Y, Z), f(Y, Y)), f(f(Y, Z), f(Y, Y)))), f(X, ?)))), f(f(f(f(Y, Z), f(Y, Y)), f(Z, ?)), ?)) -> f(f(X, f(f(f(f(f(f(Y, Z), f(Y, Y)), X), f(f(f(Y, Z), f(Y, Y)), f(f(Y, Z), f(Y, Y)))), f(X, ?)), f(f(f(f(f(Y, Z), f(Y, Y)), X), f(f(f(Y, Z), f(Y, Y)), f(f(Y, Z), f(Y, Y)))), f(X, ?)))), Z)
35. f(f(f(f(f(f(X, Y), f(X, X)), f(Y, ?)), f(f(f(f(f(f(Z, W), f(Z, Z)), f(f(f(X, Y), f(X, X)), f(Y, ?))), f(f(f(Z, W), f(Z, Z)), f(f(Z, W), f(Z, Z)))), Y), f(f(f(f(f(Z, W), f(Z, Z)), f(f(f(X, Y), f(X, X)), f(Y, ?))), f(f(f(Z, W), f(Z, Z)), f(f(Z, W), f(Z, Z)))), Y))), W), f(f(f(X, Y), f(X, X)), f(Y, ?))) -> f(f(f(Z, W), f(Z, Z)), f(W, ?))
36. f(f(f(X, Y), f(f(f(Z, f(f(f(f(X, Z), f(X, X)), f(Z, ?)), f(f(f(X, Z), f(X, X)), f(Z, ?)))), f(f(X, Y), ?)), f(f(Z, f(f(f(f(X, Z), f(X, X)), f(Z, ?)), f(f(f(X, Z), f(X, X)), f(Z, ?)))), f(f(X, Y), ?)))), f(Z, W)) ~> f(f(f(X, Y), f(f(f(Z, f(f(f(f(X, Z), f(X, X)), f(Z, ?)), f(f(f(X, Z), f(X, X)), f(Z, ?)))), f(f(X, Y), ?)), f(f(Z, f(f(f(f(X, Z), f(X, X)), f(Z, ?)), f(f(f(X, Z), f(X, X)), f(Z, ?)))), f(f(X, Y), ?)))), f(Z, ?))
37. f(f(X, f(f(f(f(f(f(f(Y, Z), f(Y, Y)), f(Z, ?)), X), f(f(f(f(Y, Z), f(Y, Y)), f(Z, ?)), f(f(f(Y, Z), f(Y, Y)), f(Z, ?)))), f(X, ?)), f(f(f(f(f(f(Y, Z), f(Y, Y)), f(Z, ?)), X), f(f(f(f(Y, Z), f(Y, Y)), f(Z, ?)), f(f(f(Y, Z), f(Y, Y)), f(Z, ?)))), f(X, ?)))), f(Z, W)) ~> f(f(X, f(f(f(f(f(f(f(Y, Z), f(Y, Y)), f(Z, ?)), X), f(f(f(f(Y, Z), f(Y, Y)), f(Z, ?)), f(f(f(Y, Z), f(Y, Y)), f(Z, ?)))), f(X, ?)), f(f(f(f(f(f(Y, Z), f(Y, Y)), f(Z, ?)), X), f(f(f(f(Y, Z), f(Y, Y)), f(Z, ?)), f(f(f(Y, Z), f(Y, Y)), f(Z, ?)))), f(X, ?)))), f(Z, ?))
38. f(f(f(f(f(X, Y), f(X, X)), f(Y, ?)), f(f(f(f(Z, f(f(f(X, Y), f(X, X)), f(Y, ?))), f(Z, Z)), Y), f(f(f(Z, f(f(f(X, Y), f(X, X)), f(Y, ?))), f(Z, Z)), Y))), f(f(Z, W), V)) ~> f(f(f(f(f(X, Y), f(X, X)), f(Y, ?)), f(f(f(f(Z, f(f(f(X, Y), f(X, X)), f(Y, ?))), f(Z, Z)), Y), f(f(f(Z, f(f(f(X, Y), f(X, X)), f(Y, ?))), f(Z, Z)), Y))), f(f(Z, W), ?))
39. f(f(f(f(f(f(X, Y), f(X, X)), f(Y, ?)), f(f(f(f(f(f(Z, W), f(Z, Z)), f(f(f(X, Y), f(X, X)), f(Y, ?))), f(f(f(Z, W), f(Z, Z)), f(f(Z, W), f(Z, Z)))), Y), f(f(f(f(f(Z, W), f(Z, Z)), f(f(f(X, Y), f(X, X)), f(Y, ?))), f(f(f(Z, W), f(Z, Z)), f(f(Z, W), f(Z, Z)))), Y))), W), f(f(f(f(f(f(Z, W), f(Z, Z)), f(f(f(X, Y), f(X, X)), f(Y, ?))), f(f(f(Z, W), f(Z, Z)), f(f(Z, W), f(Z, Z)))), Y), V)) -> f(f(f(Z, W), f(Z, Z)), f(W, ?))
40. f(f(f(f(X, f(f(Y, f(f(f(f(Z, Y), f(Z, Z)), f(Y, ?)), f(f(f(Z, Y), f(Z, Z)), f(Y, ?)))), f(f(Z, W), ?))), f(X, X)), f(Z, W)), f(X, V)) -> f(f(Y, f(f(f(f(Z, Y), f(Z, Z)), f(Y, ?)), f(f(f(Z, Y), f(Z, Z)), f(Y, ?)))), f(f(Z, W), ?))
41. f(f(f(X, Y), f(f(f(f(f(f(Z, X), f(Z, Z)), f(X, ?)), f(f(f(Z, X), f(Z, Z)), f(f(Z, X), f(Z, Z)))), f(f(X, Y), ?)), f(f(f(f(f(Z, X), f(Z, Z)), f(X, ?)), f(f(f(Z, X), f(Z, Z)), f(f(Z, X), f(Z, Z)))), f(f(X, Y), ?)))), f(f(f(f(Z, X), f(Z, Z)), f(X, ?)), ?)) -> f(f(f(X, Y), f(f(f(f(f(f(Z, X), f(Z, Z)), f(X, ?)), f(f(f(Z, X), f(Z, Z)), f(f(Z, X), f(Z, Z)))), f(f(X, Y), ?)), f(f(f(f(f(Z, X), f(Z, Z)), f(X, ?)), f(f(f(Z, X), f(Z, Z)), f(f(Z, X), f(Z, Z)))), f(f(X, Y), ?)))), X)
42. f(f(f(f(f(f(X, f(f(f(Y, Z), f(Y, Y)), f(Z, ?))), f(X, X)), Z), f(f(f(X, f(f(f(Y, Z), f(Y, Y)), f(Z, ?))), f(X, X)), f(f(X, f(f(f(Y, Z), f(Y, Y)), f(Z, ?))), f(X, X)))), f(f(f(f(f(Y, Z), f(Y, Y)), f(Z, ?)), W), V)), f(f(f(X, f(f(f(Y, Z), f(Y, Y)), f(Z, ?))), f(X, X)), U)) -> f(f(f(f(Y, Z), f(Y, Y)), f(Z, ?)), W)
43. f(f(f(f(f(X, f(f(f(Y, Z), f(Y, Y)), f(Z, ?))), f(X, X)), Z), f(f(f(X, f(f(f(Y, Z), f(Y, Y)), f(Z, ?))), f(X, X)), f(f(X, f(f(f(Y, Z), f(Y, Y)), f(Z, ?))), f(X, X)))), f(f(f(f(f(Y, Z), f(Y, Y)), f(Z, ?)), W), V)) ~> f(f(f(f(f(X, f(f(f(Y, Z), f(Y, Y)), f(Z, ?))), f(X, X)), Z), f(f(f(X, f(f(f(Y, Z), f(Y, Y)), f(Z, ?))), f(X, X)), f(f(X, f(f(f(Y, Z), f(Y, Y)), f(Z, ?))), f(X, X)))), f(f(f(f(f(Y, Z), f(Y, Y)), f(Z, ?)), W), ?))
44. f(f(f(f(X, Y), f(f(f(f(f(f(Z, X), f(Z, Z)), f(X, ?)), f(f(f(Z, X), f(Z, Z)), f(f(Z, X), f(Z, Z)))), f(f(X, Y), ?)), f(f(f(f(f(Z, X), f(Z, Z)), f(X, ?)), f(f(f(Z, X), f(Z, Z)), f(f(Z, X), f(Z, Z)))), f(f(X, Y), ?)))), f(f(f(f(Z, X), f(Z, Z)), W), ?)), f(X, Y)) -> f(f(f(Z, X), f(Z, Z)), W)
45. f(f(f(X, f(f(f(Y, f(f(f(f(f(f(f(Z, X), f(Z, Z)), f(X, ?)), Y), f(f(f(f(Z, X), f(Z, Z)), f(X, ?)), f(f(f(Z, X), f(Z, Z)), f(X, ?)))), f(Y, ?)), f(f(f(f(f(f(Z, X), f(Z, Z)), f(X, ?)), Y), f(f(f(f(Z, X), f(Z, Z)), f(X, ?)), f(f(f(Z, X), f(Z, Z)), f(X, ?)))), f(Y, ?)))), f(X, ?)), f(f(Y, f(f(f(f(f(f(f(Z, X), f(Z, Z)), f(X, ?)), Y), f(f(f(f(Z, X), f(Z, Z)), f(X, ?)), f(f(f(Z, X), f(Z, Z)), f(X, ?)))), f(Y, ?)), f(f(f(f(f(f(Z, X), f(Z, Z)), f(X, ?)), Y), f(f(f(f(Z, X), f(Z, Z)), f(X, ?)), f(f(f(Z, X), f(Z, Z)), f(X, ?)))), f(Y, ?)))), f(X, ?)))), f(Y, W)), X) -> Y
46. f(f(f(f(f(X, f(f(f(f(Y, X), f(Y, Y)), f(X, ?)), f(f(f(Y, X), f(Y, Y)), f(X, ?)))), f(f(Y, Z), ?)), f(f(X, f(f(f(f(Y, X), f(Y, Y)), f(X, ?)), f(f(f(Y, X), f(Y, Y)), f(X, ?)))), f(X, f(f(f(f(Y, X), f(Y, Y)), f(X, ?)), f(f(f(Y, X), f(Y, Y)), f(X, ?)))))), f(f(f(Y, Z), W), V)), f(f(X, f(f(f(f(Y, X), f(Y, Y)), f(X, ?)), f(f(f(Y, X), f(Y, Y)), f(X, ?)))), U)) -> f(f(Y, Z), W)
47. f(f(f(f(X, Y), f(f(f(Z, f(f(f(f(X, Z), f(X, X)), f(Z, ?)), f(f(f(X, Z), f(X, X)), f(Z, ?)))), f(f(X, Y), ?)), f(f(Z, f(f(f(f(X, Z), f(X, X)), f(Z, ?)), f(f(f(X, Z), f(X, X)), f(Z, ?)))), f(f(X, Y), ?)))), f(f(f(f(f(X, Z), f(X, X)), f(Z, ?)), W), V)), f(f(f(Z, f(f(f(f(X, Z), f(X, X)), f(Z, ?)), f(f(f(X, Z), f(X, X)), f(Z, ?)))), f(f(X, Y), ?)), U)) -> f(f(f(f(X, Z), f(X, X)), f(Z, ?)), W)
48. f(f(f(f(f(f(X, Y), f(X, X)), f(Y, ?)), f(f(f(f(f(f(f(Z, W), f(Z, Z)), f(W, ?)), f(f(f(X, Y), f(X, X)), f(Y, ?))), f(f(f(f(Z, W), f(Z, Z)), f(W, ?)), f(f(f(Z, W), f(Z, Z)), f(W, ?)))), Y), f(f(f(f(f(f(Z, W), f(Z, Z)), f(W, ?)), f(f(f(X, Y), f(X, X)), f(Y, ?))), f(f(f(f(Z, W), f(Z, Z)), f(W, ?)), f(f(f(Z, W), f(Z, Z)), f(W, ?)))), Y))), f(W, ?)), f(f(f(X, Y), f(X, X)), f(Y, ?))) -> W
49. f(f(f(f(f(f(X, Y), f(X, X)), f(Y, ?)), f(f(f(f(Y, ?), f(f(f(f(f(f(X, Y), f(X, X)), f(Y, ?)), f(f(f(X, Y), f(X, X)), f(f(X, Y), f(X, X)))), f(f(Y, ?), ?)), f(f(f(f(f(X, Y), f(X, X)), f(Y, ?)), f(f(f(X, Y), f(X, X)), f(f(X, Y), f(X, X)))), f(f(Y, ?), ?)))), Y), f(f(f(Y, ?), f(f(f(f(f(f(X, Y), f(X, X)), f(Y, ?)), f(f(f(X, Y), f(X, X)), f(f(X, Y), f(X, X)))), f(f(Y, ?), ?)), f(f(f(f(f(X, Y), f(X, X)), f(Y, ?)), f(f(f(X, Y), f(X, X)), f(f(X, Y), f(X, X)))), f(f(Y, ?), ?)))), Y))), f(f(Y, ?), ?)), f(f(f(X, Y), f(X, X)), f(Y, ?))) -> f(Y, ?)
50. f(f(f(f(f(f(X, Y), f(X, X)), f(Y, ?)), f(f(f(Z, f(f(f(f(f(f(X, Y), f(X, X)), Z), f(f(f(X, Y), f(X, X)), f(f(X, Y), f(X, X)))), f(Z, ?)), f(f(f(f(f(X, Y), f(X, X)), Z), f(f(f(X, Y), f(X, X)), f(f(X, Y), f(X, X)))), f(Z, ?)))), Y), f(f(Z, f(f(f(f(f(f(X, Y), f(X, X)), Z), f(f(f(X, Y), f(X, X)), f(f(X, Y), f(X, X)))), f(Z, ?)), f(f(f(f(f(X, Y), f(X, X)), Z), f(f(f(X, Y), f(X, X)), f(f(X, Y), f(X, X)))), f(Z, ?)))), Y))), f(Z, ?)), f(f(f(X, Y), f(X, X)), f(Y, ?))) -> Z
51. f(f(f(f(f(f(X, Y), f(X, X)), f(Y, ?)), f(f(f(f(Y, Z), f(f(f(f(f(f(X, Y), f(X, X)), f(Y, ?)), f(f(f(X, Y), f(X, X)), f(f(X, Y), f(X, X)))), f(f(Y, Z), ?)), f(f(f(f(f(X, Y), f(X, X)), f(Y, ?)), f(f(f(X, Y), f(X, X)), f(f(X, Y), f(X, X)))), f(f(Y, Z), ?)))), Y), f(f(f(Y, Z), f(f(f(f(f(f(X, Y), f(X, X)), f(Y, ?)), f(f(f(X, Y), f(X, X)), f(f(X, Y), f(X, X)))), f(f(Y, Z), ?)), f(f(f(f(f(X, Y), f(X, X)), f(Y, ?)), f(f(f(X, Y), f(X, X)), f(f(X, Y), f(X, X)))), f(f(Y, Z), ?)))), Y))), f(f(Y, Z), ?)), f(f(f(X, Y), f(X, X)), f(Y, ?))) -> f(Y, Z)
  (simplifying rules with respect to one another...)
  (delete rule 1)
52. f(f(f(f(X, Y), f(X, X)), f(Y, ?)), f(X, Z)) -> Y
  (delete rule 2)
53. f(f(f(f(f(f(f(X, Y), f(X, X)), f(Y, ?)), Z), f(f(f(f(X, Y), f(X, X)), f(Y, ?)), f(f(f(X, Y), f(X, X)), f(Y, ?)))), f(Z, ?)), Y) -> Z
  (delete rule 3)
54. f(f(f(X, f(f(f(f(Y, X), f(Y, Y)), f(X, ?)), f(f(f(Y, X), f(Y, Y)), f(X, ?)))), f(f(Y, Z), ?)), X) -> f(Y, Z)
  (delete rule 4)
55. f(f(f(f(X, f(f(f(Y, Z), f(Y, Y)), f(Z, ?))), f(X, X)), Z), f(X, W)) -> f(f(f(Y, Z), f(Y, Y)), f(Z, ?))
  (delete rule 5)
56. f(f(f(X, f(f(f(f(Y, X), f(Y, Y)), f(X, ?)), f(f(f(Y, X), f(Y, Y)), f(X, ?)))), f(f(Y, Z), ?)), f(f(f(f(Y, X), f(Y, Y)), f(X, ?)), W)) -> f(Y, Z)
  (delete rule 6)
57. f(f(f(X, f(f(f(f(f(f(Y, Z), f(Y, Y)), X), f(f(f(Y, Z), f(Y, Y)), f(f(Y, Z), f(Y, Y)))), f(X, ?)), f(f(f(f(f(Y, Z), f(Y, Y)), X), f(f(f(Y, Z), f(Y, Y)), f(f(Y, Z), f(Y, Y)))), f(X, ?)))), Z), X) -> f(f(f(Y, Z), f(Y, Y)), f(Z, ?))
  (delete rule 9)
58. f(f(f(f(f(f(X, Y), f(X, X)), f(Y, ?)), f(f(f(X, Y), f(X, X)), f(f(X, Y), f(X, X)))), f(f(Y, Z), ?)), f(f(f(X, Y), f(X, X)), W)) -> f(Y, Z)
  (delete rule 16)
59. f(f(f(X, f(f(f(f(f(f(f(Y, Z), f(Y, Y)), f(Z, ?)), X), f(f(f(f(Y, Z), f(Y, Y)), f(Z, ?)), f(f(f(Y, Z), f(Y, Y)), f(Z, ?)))), f(X, ?)), f(f(f(f(f(f(Y, Z), f(Y, Y)), f(Z, ?)), X), f(f(f(f(Y, Z), f(Y, Y)), f(Z, ?)), f(f(f(Y, Z), f(Y, Y)), f(Z, ?)))), f(X, ?)))), f(Z, ?)), X) -> Z
  (delete rule 17)
60. f(f(f(f(X, Y), f(f(f(Z, f(f(f(f(X, Z), f(X, X)), f(Z, ?)), f(f(f(X, Z), f(X, X)), f(Z, ?)))), f(f(X, Y), ?)), f(f(Z, f(f(f(f(X, Z), f(X, X)), f(Z, ?)), f(f(f(X, Z), f(X, X)), f(Z, ?)))), f(f(X, Y), ?)))), f(Z, ?)), f(X, Y)) -> Z
  (delete rule 18)
61. f(f(f(f(f(f(X, Y), f(X, X)), f(Y, ?)), f(f(f(f(Z, f(f(f(X, Y), f(X, X)), f(Y, ?))), f(Z, Z)), Y), f(f(f(Z, f(f(f(X, Y), f(X, X)), f(Y, ?))), f(Z, Z)), Y))), f(f(Z, W), ?)), f(f(f(X, Y), f(X, X)), f(Y, ?))) -> f(Z, W)
  (delete rule 20)
62. f(f(f(X, f(f(f(f(f(f(f(Y, Z), f(Y, Y)), f(Z, ?)), X), f(f(f(f(Y, Z), f(Y, Y)), f(Z, ?)), f(f(f(Y, Z), f(Y, Y)), f(Z, ?)))), f(X, ?)), f(f(f(f(f(f(Y, Z), f(Y, Y)), f(Z, ?)), X), f(f(f(f(Y, Z), f(Y, Y)), f(Z, ?)), f(f(f(Y, Z), f(Y, Y)), f(Z, ?)))), f(X, ?)))), f(Z, ?)), f(f(f(f(f(f(f(Y, Z), f(Y, Y)), f(Z, ?)), X), f(f(f(f(Y, Z), f(Y, Y)), f(Z, ?)), f(f(f(Y, Z), f(Y, Y)), f(Z, ?)))), f(X, ?)), W)) -> Z
  (delete rule 22)
63. f(f(f(f(f(f(X, Y), f(f(f(f(X, f(X, Y)), f(X, X)), f(f(X, Y), ?)), f(f(f(X, f(X, Y)), f(X, X)), f(f(X, Y), ?)))), Z), f(f(f(X, Y), f(f(f(f(X, f(X, Y)), f(X, X)), f(f(X, Y), ?)), f(f(f(X, f(X, Y)), f(X, X)), f(f(X, Y), ?)))), f(f(X, Y), ?))), f(Z, ?)), f(f(f(X, Y), f(f(f(f(X, f(X, Y)), f(X, X)), f(f(X, Y), ?)), f(f(f(X, f(X, Y)), f(X, X)), f(f(X, Y), ?)))), W)) -> Z
  (delete rule 24)
64. f(f(f(f(f(f(X, Y), f(X, X)), f(Y, ?)), f(f(f(f(Z, f(f(f(X, Y), f(X, X)), f(Y, ?))), f(Z, Z)), Y), f(f(f(Z, f(f(f(X, Y), f(X, X)), f(Y, ?))), f(Z, Z)), Y))), f(f(Z, W), ?)), f(f(f(f(Z, f(f(f(X, Y), f(X, X)), f(Y, ?))), f(Z, Z)), Y), V)) -> f(Z, W)
  (delete rule 25)
65. f(f(f(f(X, Y), f(f(f(Z, f(f(f(f(X, Z), f(X, X)), f(Z, ?)), f(f(f(X, Z), f(X, X)), f(Z, ?)))), f(f(X, Y), ?)), f(f(Z, f(f(f(f(X, Z), f(X, X)), f(Z, ?)), f(f(f(X, Z), f(X, X)), f(Z, ?)))), f(f(X, Y), ?)))), f(Z, ?)), f(f(f(Z, f(f(f(f(X, Z), f(X, X)), f(Z, ?)), f(f(f(X, Z), f(X, X)), f(Z, ?)))), f(f(X, Y), ?)), W)) -> Z
  (delete rule 42)
66. f(f(f(f(f(f(X, f(f(f(Y, Z), f(Y, Y)), f(Z, ?))), f(X, X)), Z), f(f(f(X, f(f(f(Y, Z), f(Y, Y)), f(Z, ?))), f(X, X)), f(f(X, f(f(f(Y, Z), f(Y, Y)), f(Z, ?))), f(X, X)))), f(f(f(f(f(Y, Z), f(Y, Y)), f(Z, ?)), W), ?)), f(f(f(X, f(f(f(Y, Z), f(Y, Y)), f(Z, ?))), f(X, X)), V)) -> f(f(f(f(Y, Z), f(Y, Y)), f(Z, ?)), W)
  (delete rule 49)
67. f(f(f(f(f(f(f(f(X, Y), f(f(f(f(X, f(X, Y)), f(X, X)), f(f(X, Y), ?)), f(f(f(X, f(X, Y)), f(X, X)), f(f(X, Y), ?)))), f(f(X, Y), ?)), f(f(f(f(f(X, f(X, Y)), f(X, X)), f(f(X, Y), ?)), f(f(f(X, f(X, Y)), f(X, X)), f(f(X, Y), ?))), ?)), Z), f(f(f(f(f(X, Y), f(f(f(f(X, f(X, Y)), f(X, X)), f(f(X, Y), ?)), f(f(f(X, f(X, Y)), f(X, X)), f(f(X, Y), ?)))), f(f(X, Y), ?)), f(f(f(f(f(X, f(X, Y)), f(X, X)), f(f(X, Y), ?)), f(f(f(X, f(X, Y)), f(X, X)), f(f(X, Y), ?))), ?)), f(f(f(f(X, Y), f(f(f(f(X, f(X, Y)), f(X, X)), f(f(X, Y), ?)), f(f(f(X, f(X, Y)), f(X, X)), f(f(X, Y), ?)))), f(f(X, Y), ?)), f(f(f(f(f(X, f(X, Y)), f(X, X)), f(f(X, Y), ?)), f(f(f(X, f(X, Y)), f(X, X)), f(f(X, Y), ?))), ?)))), f(Z, ?)), f(f(f(f(X, f(X, Y)), f(X, X)), f(f(X, Y), ?)), f(f(f(X, f(X, Y)), f(X, X)), f(f(X, Y), ?)))) -> Z
68. f(f(f(X, f(f(f(Y, f(f(f(f(f(f(f(Z, X), f(Z, Z)), f(X, ?)), Y), f(f(f(f(Z, X), f(Z, Z)), f(X, ?)), f(f(f(Z, X), f(Z, Z)), f(X, ?)))), f(Y, ?)), f(f(f(f(f(f(Z, X), f(Z, Z)), f(X, ?)), Y), f(f(f(f(Z, X), f(Z, Z)), f(X, ?)), f(f(f(Z, X), f(Z, Z)), f(X, ?)))), f(Y, ?)))), f(X, ?)), f(f(Y, f(f(f(f(f(f(f(Z, X), f(Z, Z)), f(X, ?)), Y), f(f(f(f(Z, X), f(Z, Z)), f(X, ?)), f(f(f(Z, X), f(Z, Z)), f(X, ?)))), f(Y, ?)), f(f(f(f(f(f(Z, X), f(Z, Z)), f(X, ?)), Y), f(f(f(f(Z, X), f(Z, Z)), f(X, ?)), f(f(f(Z, X), f(Z, Z)), f(X, ?)))), f(Y, ?)))), f(X, ?)))), f(Y, ?)), f(f(f(Y, f(f(f(f(f(f(f(Z, X), f(Z, Z)), f(X, ?)), Y), f(f(f(f(Z, X), f(Z, Z)), f(X, ?)), f(f(f(Z, X), f(Z, Z)), f(X, ?)))), f(Y, ?)), f(f(f(f(f(f(Z, X), f(Z, Z)), f(X, ?)), Y), f(f(f(f(Z, X), f(Z, Z)), f(X, ?)), f(f(f(Z, X), f(Z, Z)), f(X, ?)))), f(Y, ?)))), f(X, ?)), W)) -> Y
69. f(f(f(f(f(f(f(f(X, Y), f(X, X)), f(Y, ?)), f(f(f(X, Y), f(X, X)), f(f(X, Y), f(X, X)))), f(f(Y, Z), ?)), f(f(f(f(f(X, Y), f(X, X)), f(Y, ?)), f(f(f(X, Y), f(X, X)), f(f(X, Y), f(X, X)))), f(f(f(f(X, Y), f(X, X)), f(Y, ?)), f(f(f(X, Y), f(X, X)), f(f(X, Y), f(X, X)))))), f(f(f(Y, Z), W), ?)), f(f(f(f(f(X, Y), f(X, X)), f(Y, ?)), f(f(f(X, Y), f(X, X)), f(f(X, Y), f(X, X)))), V)) -> f(f(Y, Z), W)
70. f(f(f(f(f(f(f(X, Y), f(X, X)), f(Y, ?)), f(f(f(f(f(f(X, Y), f(X, X)), f(f(f(X, Y), f(X, X)), f(Y, ?))), f(f(f(X, Y), f(X, X)), f(f(X, Y), f(X, X)))), Y), f(f(f(f(f(X, Y), f(X, X)), f(f(f(X, Y), f(X, X)), f(Y, ?))), f(f(f(X, Y), f(X, X)), f(f(X, Y), f(X, X)))), Y))), Y), f(f(f(f(f(f(f(X, Y), f(X, X)), f(f(f(X, Y), f(X, X)), f(Y, ?))), f(f(f(X, Y), f(X, X)), f(f(X, Y), f(X, X)))), Y), f(f(f(f(f(X, Y), f(X, X)), f(f(f(X, Y), f(X, X)), f(Y, ?))), f(f(f(X, Y), f(X, X)), f(f(X, Y), f(X, X)))), Y)), ?)), Y) -> f(f(f(f(f(f(X, Y), f(X, X)), f(f(f(X, Y), f(X, X)), f(Y, ?))), f(f(f(X, Y), f(X, X)), f(f(X, Y), f(X, X)))), Y), f(f(f(f(f(X, Y), f(X, X)), f(f(f(X, Y), f(X, X)), f(Y, ?))), f(f(f(X, Y), f(X, X)), f(f(X, Y), f(X, X)))), Y))
71. f(f(f(X, f(f(f(f(f(f(f(Y, X), f(Y, Y)), f(X, ?)), X), f(f(f(f(Y, X), f(Y, Y)), f(X, ?)), f(f(f(Y, X), f(Y, Y)), f(X, ?)))), f(X, ?)), f(f(f(f(f(f(Y, X), f(Y, Y)), f(X, ?)), X), f(f(f(f(Y, X), f(Y, Y)), f(X, ?)), f(f(f(Y, X), f(Y, Y)), f(X, ?)))), f(X, ?)))), f(X, ?)), f(f(f(f(f(f(f(f(Y, X), f(Y, Y)), f(X, ?)), X), f(f(f(f(Y, X), f(Y, Y)), f(X, ?)), f(f(f(Y, X), f(Y, Y)), f(X, ?)))), f(X, ?)), f(f(f(f(f(f(Y, X), f(Y, Y)), f(X, ?)), X), f(f(f(f(Y, X), f(Y, Y)), f(X, ?)), f(f(f(Y, X), f(Y, Y)), f(X, ?)))), f(X, ?))), Z)) ~> f(f(f(X, f(f(f(f(f(f(f(Y, X), f(Y, Y)), f(X, ?)), X), f(f(f(f(Y, X), f(Y, Y)), f(X, ?)), f(f(f(Y, X), f(Y, Y)), f(X, ?)))), f(X, ?)), f(f(f(f(f(f(Y, X), f(Y, Y)), f(X, ?)), X), f(f(f(f(Y, X), f(Y, Y)), f(X, ?)), f(f(f(Y, X), f(Y, Y)), f(X, ?)))), f(X, ?)))), f(X, ?)), f(f(f(f(f(f(f(f(Y, X), f(Y, Y)), f(X, ?)), X), f(f(f(f(Y, X), f(Y, Y)), f(X, ?)), f(f(f(Y, X), f(Y, Y)), f(X, ?)))), f(X, ?)), f(f(f(f(f(f(Y, X), f(Y, Y)), f(X, ?)), X), f(f(f(f(Y, X), f(Y, Y)), f(X, ?)), f(f(f(Y, X), f(Y, Y)), f(X, ?)))), f(X, ?))), ?))
72. f(f(f(f(f(f(X, Y), f(X, X)), f(Y, ?)), f(f(f(X, Y), f(X, X)), f(f(X, Y), f(X, X)))), f(f(Y, f(f(f(f(f(f(f(f(X, Y), f(X, X)), f(Y, ?)), f(f(f(X, Y), f(X, X)), f(f(X, Y), f(X, X)))), Y), f(f(f(f(f(X, Y), f(X, X)), f(Y, ?)), f(f(f(X, Y), f(X, X)), f(f(X, Y), f(X, X)))), f(f(f(f(X, Y), f(X, X)), f(Y, ?)), f(f(f(X, Y), f(X, X)), f(f(X, Y), f(X, X)))))), f(Y, ?)), f(f(f(f(f(f(f(X, Y), f(X, X)), f(Y, ?)), f(f(f(X, Y), f(X, X)), f(f(X, Y), f(X, X)))), Y), f(f(f(f(f(X, Y), f(X, X)), f(Y, ?)), f(f(f(X, Y), f(X, X)), f(f(X, Y), f(X, X)))), f(f(f(f(X, Y), f(X, X)), f(Y, ?)), f(f(f(X, Y), f(X, X)), f(f(X, Y), f(X, X)))))), f(Y, ?)))), ?)), f(Y, f(f(f(f(f(f(f(f(X, Y), f(X, X)), f(Y, ?)), f(f(f(X, Y), f(X, X)), f(f(X, Y), f(X, X)))), Y), f(f(f(f(f(X, Y), f(X, X)), f(Y, ?)), f(f(f(X, Y), f(X, X)), f(f(X, Y), f(X, X)))), f(f(f(f(X, Y), f(X, X)), f(Y, ?)), f(f(f(X, Y), f(X, X)), f(f(X, Y), f(X, X)))))), f(Y, ?)), f(f(f(f(f(f(f(X, Y), f(X, X)), f(Y, ?)), f(f(f(X, Y), f(X, X)), f(f(X, Y), f(X, X)))), Y), f(f(f(f(f(X, Y), f(X, X)), f(Y, ?)), f(f(f(X, Y), f(X, X)), f(f(X, Y), f(X, X)))), f(f(f(f(X, Y), f(X, X)), f(Y, ?)), f(f(f(X, Y), f(X, X)), f(f(X, Y), f(X, X)))))), f(Y, ?))))) -> f(f(f(X, Y), f(X, X)), f(Y, ?))
73. f(X, f(f(f(f(f(f(f(f(Y, X), f(Y, Y)), f(X, ?)), f(f(f(Y, X), f(Y, Y)), f(f(Y, X), f(Y, Y)))), X), f(f(f(f(f(Y, X), f(Y, Y)), f(X, ?)), f(f(f(Y, X), f(Y, Y)), f(f(Y, X), f(Y, Y)))), f(f(f(f(Y, X), f(Y, Y)), f(X, ?)), f(f(f(Y, X), f(Y, Y)), f(f(Y, X), f(Y, Y)))))), f(X, ?)), f(f(f(f(f(f(f(Y, X), f(Y, Y)), f(X, ?)), f(f(f(Y, X), f(Y, Y)), f(f(Y, X), f(Y, Y)))), X), f(f(f(f(f(Y, X), f(Y, Y)), f(X, ?)), f(f(f(Y, X), f(Y, Y)), f(f(Y, X), f(Y, Y)))), f(f(f(f(Y, X), f(Y, Y)), f(X, ?)), f(f(f(Y, X), f(Y, Y)), f(f(Y, X), f(Y, Y)))))), f(X, ?)))) -> f(f(f(Y, X), f(Y, Y)), f(X, ?))
74. f(f(f(X, Y), f(X, X)), f(f(f(Z, Y), f(Z, Z)), f(Y, ?))) -> f(f(f(X, Y), f(X, X)), f(Y, ?))
75. f(f(f(f(X, Y), f(X, X)), f(Y, ?)), f(f(f(Z, X), f(Z, Z)), f(X, ?))) -> Y
76. f(f(X, X), f(f(X, Y), Z)) ~> f(f(X, X), f(f(X, Y), ?))
77. f(f(f(X, X), f(f(X, Y), ?)), X) -> f(X, Y)
78. f(f(f(f(?, ?), f(?, ?)), f(?, ?)), f(?, ?)) -> f(f(?, ?), f(f(?, ?), ?))
79. f(f(?, ?), f(f(?, X), ?)) ~> f(f(?, ?), f(f(?, ?), ?))
80. f(?, X) ~> f(?, ?)
81. f(f(?, ?), f(f(?, ?), ?)) -> ?
82. f(f(?, ?), ?) -> ?
83. f(f(?, ?), f(?, ?)) -> f(?, ?)
84. f(?, ?) -> ?
85. X ~> ?

% SZS status Theorem

% SZS output start Proof
Axiom 1 (hyp): X = f(f(f(f(Y, X), f(Y, Y)), f(X, Z)), f(Y, W)).

Lemma 2: f(f(f(f(f(f(f(X, Y), f(X, X)), f(Y, Z)), W), f(f(f(f(X, Y), f(X, X)), f(Y, Z)), f(f(f(X, Y), f(X, X)), f(Y, Z)))), f(W, V)), Y) = W.
Proof:
  f(f(f(f(f(f(f(X, Y), f(X, X)), f(Y, Z)), W), f(f(f(f(X, Y), f(X, X)), f(Y, Z)), f(f(f(X, Y), f(X, X)), f(Y, Z)))), f(W, V)), Y)
= { by axiom 1 (hyp) }
  f(f(f(f(f(f(f(X, Y), f(X, X)), f(Y, Z)), W), f(f(f(f(X, Y), f(X, X)), f(Y, Z)), f(f(f(X, Y), f(X, X)), f(Y, Z)))), f(W, V)), f(f(f(f(X, Y), f(X, X)), f(Y, Z)), f(X, U)))
= { by axiom 1 (hyp) R->L }
  W

Lemma 3: f(f(f(X, f(f(f(f(Y, X), f(Y, Y)), f(X, Z)), f(f(f(Y, X), f(Y, Y)), f(X, Z)))), f(f(Y, W), V)), X) = f(Y, W).
Proof:
  f(f(f(X, f(f(f(f(Y, X), f(Y, Y)), f(X, Z)), f(f(f(Y, X), f(Y, Y)), f(X, Z)))), f(f(Y, W), V)), X)
= { by axiom 1 (hyp) }
  f(f(f(f(f(f(f(Y, X), f(Y, Y)), f(X, Z)), f(Y, W)), f(f(f(f(Y, X), f(Y, Y)), f(X, Z)), f(f(f(Y, X), f(Y, Y)), f(X, Z)))), f(f(Y, W), V)), X)
= { by lemma 2 }
  f(Y, W)

Lemma 4: f(f(f(X, Y), f(X, X)), f(Y, W)) = f(f(f(X, Y), f(X, X)), f(Y, Z)).
Proof:
  f(f(f(X, Y), f(X, X)), f(Y, W))
= { by lemma 3 R->L }
  f(f(f(V, f(f(f(f(f(f(X, Y), f(X, X)), V), f(f(f(X, Y), f(X, X)), f(f(X, Y), f(X, X)))), f(V, U)), f(f(f(f(f(X, Y), f(X, X)), V), f(f(f(X, Y), f(X, X)), f(f(X, Y), f(X, X)))), f(V, U)))), f(f(f(f(X, Y), f(X, X)), f(Y, W)), f(X, S))), V)
= { by axiom 1 (hyp) R->L }
  f(f(f(V, f(f(f(f(f(f(X, Y), f(X, X)), V), f(f(f(X, Y), f(X, X)), f(f(X, Y), f(X, X)))), f(V, U)), f(f(f(f(f(X, Y), f(X, X)), V), f(f(f(X, Y), f(X, X)), f(f(X, Y), f(X, X)))), f(V, U)))), Y), V)
= { by axiom 1 (hyp) }
  f(f(f(V, f(f(f(f(f(f(X, Y), f(X, X)), V), f(f(f(X, Y), f(X, X)), f(f(X, Y), f(X, X)))), f(V, U)), f(f(f(f(f(X, Y), f(X, X)), V), f(f(f(X, Y), f(X, X)), f(f(X, Y), f(X, X)))), f(V, U)))), f(f(f(f(X, Y), f(X, X)), f(Y, Z)), f(X, T))), V)
= { by lemma 3 }
  f(f(f(X, Y), f(X, X)), f(Y, Z))

Lemma 5: f(f(f(f(f(f(X, Y), f(X, X)), f(Y, Z)), f(f(f(X, Y), f(X, X)), f(f(X, Y), f(X, X)))), f(f(Y, W), V)), f(f(f(X, Y), f(X, X)), U)) = f(Y, W).
Proof:
  f(f(f(f(f(f(X, Y), f(X, X)), f(Y, Z)), f(f(f(X, Y), f(X, X)), f(f(X, Y), f(X, X)))), f(f(Y, W), V)), f(f(f(X, Y), f(X, X)), U))
= { by lemma 4 }
  f(f(f(f(f(f(X, Y), f(X, X)), f(Y, W)), f(f(f(X, Y), f(X, X)), f(f(X, Y), f(X, X)))), f(f(Y, W), V)), f(f(f(X, Y), f(X, X)), U))
= { by axiom 1 (hyp) R->L }
  f(Y, W)

Lemma 6: f(f(f(f(X, Y), f(f(f(f(f(f(Z, X), f(Z, Z)), f(X, W)), f(f(f(Z, X), f(Z, Z)), f(f(Z, X), f(Z, Z)))), f(f(X, Y), V)), f(f(f(f(f(Z, X), f(Z, Z)), f(X, U)), f(f(f(Z, X), f(Z, Z)), f(f(Z, X), f(Z, Z)))), f(f(X, Y), V)))), X), f(f(f(f(f(f(Z, X), f(Z, Z)), f(X, T)), f(f(f(Z, X), f(Z, Z)), f(f(Z, X), f(Z, Z)))), f(f(X, Y), V)), S)) = f(f(f(Z, X), f(Z, Z)), f(X, X2)).
Proof:
  f(f(f(f(X, Y), f(f(f(f(f(f(Z, X), f(Z, Z)), f(X, W)), f(f(f(Z, X), f(Z, Z)), f(f(Z, X), f(Z, Z)))), f(f(X, Y), V)), f(f(f(f(f(Z, X), f(Z, Z)), f(X, U)), f(f(f(Z, X), f(Z, Z)), f(f(Z, X), f(Z, Z)))), f(f(X, Y), V)))), X), f(f(f(f(f(f(Z, X), f(Z, Z)), f(X, T)), f(f(f(Z, X), f(Z, Z)), f(f(Z, X), f(Z, Z)))), f(f(X, Y), V)), S))
= { by lemma 4 }
  f(f(f(f(X, Y), f(f(f(f(f(f(Z, X), f(Z, Z)), f(X, W)), f(f(f(Z, X), f(Z, Z)), f(f(Z, X), f(Z, Z)))), f(f(X, Y), V)), f(f(f(f(f(Z, X), f(Z, Z)), f(X, Y)), f(f(f(Z, X), f(Z, Z)), f(f(Z, X), f(Z, Z)))), f(f(X, Y), V)))), X), f(f(f(f(f(f(Z, X), f(Z, Z)), f(X, T)), f(f(f(Z, X), f(Z, Z)), f(f(Z, X), f(Z, Z)))), f(f(X, Y), V)), S))
= { by lemma 4 }
  f(f(f(f(X, Y), f(f(f(f(f(f(Z, X), f(Z, Z)), f(X, W)), f(f(f(Z, X), f(Z, Z)), f(f(Z, X), f(Z, Z)))), f(f(X, Y), V)), f(f(f(f(f(Z, X), f(Z, Z)), f(X, Y)), f(f(f(Z, X), f(Z, Z)), f(f(Z, X), f(Z, Z)))), f(f(X, Y), V)))), X), f(f(f(f(f(f(Z, X), f(Z, Z)), f(X, Y)), f(f(f(Z, X), f(Z, Z)), f(f(Z, X), f(Z, Z)))), f(f(X, Y), V)), S))
= { by lemma 4 }
  f(f(f(f(X, Y), f(f(f(f(f(f(Z, X), f(Z, Z)), f(X, Y)), f(f(f(Z, X), f(Z, Z)), f(f(Z, X), f(Z, Z)))), f(f(X, Y), V)), f(f(f(f(f(Z, X), f(Z, Z)), f(X, Y)), f(f(f(Z, X), f(Z, Z)), f(f(Z, X), f(Z, Z)))), f(f(X, Y), V)))), X), f(f(f(f(f(f(Z, X), f(Z, Z)), f(X, Y)), f(f(f(Z, X), f(Z, Z)), f(f(Z, X), f(Z, Z)))), f(f(X, Y), V)), S))
= { by axiom 1 (hyp) }
  f(f(f(f(f(f(f(f(f(Z, X), f(Z, Z)), f(X, Y)), f(f(f(Z, X), f(Z, Z)), f(f(Z, X), f(Z, Z)))), f(f(X, Y), V)), f(f(f(Z, X), f(Z, Z)), f(X, X2))), f(f(f(f(f(f(Z, X), f(Z, Z)), f(X, Y)), f(f(f(Z, X), f(Z, Z)), f(f(Z, X), f(Z, Z)))), f(f(X, Y), V)), f(f(f(f(f(Z, X), f(Z, Z)), f(X, Y)), f(f(f(Z, X), f(Z, Z)), f(f(Z, X), f(Z, Z)))), f(f(X, Y), V)))), X), f(f(f(f(f(f(Z, X), f(Z, Z)), f(X, Y)), f(f(f(Z, X), f(Z, Z)), f(f(Z, X), f(Z, Z)))), f(f(X, Y), V)), S))
= { by axiom 1 (hyp) }
  f(f(f(f(f(f(f(f(f(Z, X), f(Z, Z)), f(X, Y)), f(f(f(Z, X), f(Z, Z)), f(f(Z, X), f(Z, Z)))), f(f(X, Y), V)), f(f(f(Z, X), f(Z, Z)), f(X, X2))), f(f(f(f(f(f(Z, X), f(Z, Z)), f(X, Y)), f(f(f(Z, X), f(Z, Z)), f(f(Z, X), f(Z, Z)))), f(f(X, Y), V)), f(f(f(f(f(Z, X), f(Z, Z)), f(X, Y)), f(f(f(Z, X), f(Z, Z)), f(f(Z, X), f(Z, Z)))), f(f(X, Y), V)))), f(f(f(f(Z, X), f(Z, Z)), f(X, X2)), f(Z, Y2))), f(f(f(f(f(f(Z, X), f(Z, Z)), f(X, Y)), f(f(f(Z, X), f(Z, Z)), f(f(Z, X), f(Z, Z)))), f(f(X, Y), V)), S))
= { by axiom 1 (hyp) R->L }
  f(f(f(Z, X), f(Z, Z)), f(X, X2))

Lemma 7: f(X, f(f(f(f(f(f(f(f(Y, X), f(Y, Y)), f(X, Z)), f(f(f(Y, X), f(Y, Y)), f(f(Y, X), f(Y, Y)))), X), f(f(f(f(f(Y, X), f(Y, Y)), f(X, Z)), f(f(f(Y, X), f(Y, Y)), f(f(Y, X), f(Y, Y)))), f(f(f(f(Y, X), f(Y, Y)), f(X, Z)), f(f(f(Y, X), f(Y, Y)), f(f(Y, X), f(Y, Y)))))), f(X, W)), f(f(f(f(f(f(f(Y, X), f(Y, Y)), f(X, Z)), f(f(f(Y, X), f(Y, Y)), f(f(Y, X), f(Y, Y)))), X), f(f(f(f(f(Y, X), f(Y, Y)), f(X, Z)), f(f(f(Y, X), f(Y, Y)), f(f(Y, X), f(Y, Y)))), f(f(f(f(Y, X), f(Y, Y)), f(X, Z)), f(f(f(Y, X), f(Y, Y)), f(f(Y, X), f(Y, Y)))))), f(X, W)))) = f(f(f(Y, X), f(Y, Y)), f(X, V)).
Proof:
  f(X, f(f(f(f(f(f(f(f(Y, X), f(Y, Y)), f(X, Z)), f(f(f(Y, X), f(Y, Y)), f(f(Y, X), f(Y, Y)))), X), f(f(f(f(f(Y, X), f(Y, Y)), f(X, Z)), f(f(f(Y, X), f(Y, Y)), f(f(Y, X), f(Y, Y)))), f(f(f(f(Y, X), f(Y, Y)), f(X, Z)), f(f(f(Y, X), f(Y, Y)), f(f(Y, X), f(Y, Y)))))), f(X, W)), f(f(f(f(f(f(f(Y, X), f(Y, Y)), f(X, Z)), f(f(f(Y, X), f(Y, Y)), f(f(Y, X), f(Y, Y)))), X), f(f(f(f(f(Y, X), f(Y, Y)), f(X, Z)), f(f(f(Y, X), f(Y, Y)), f(f(Y, X), f(Y, Y)))), f(f(f(f(Y, X), f(Y, Y)), f(X, Z)), f(f(f(Y, X), f(Y, Y)), f(f(Y, X), f(Y, Y)))))), f(X, W))))
= { by lemma 5 R->L }
  f(f(f(f(f(f(Y, X), f(Y, Y)), f(X, Z)), f(f(f(Y, X), f(Y, Y)), f(f(Y, X), f(Y, Y)))), f(f(X, f(f(f(f(f(f(f(f(Y, X), f(Y, Y)), f(X, Z)), f(f(f(Y, X), f(Y, Y)), f(f(Y, X), f(Y, Y)))), X), f(f(f(f(f(Y, X), f(Y, Y)), f(X, Z)), f(f(f(Y, X), f(Y, Y)), f(f(Y, X), f(Y, Y)))), f(f(f(f(Y, X), f(Y, Y)), f(X, Z)), f(f(f(Y, X), f(Y, Y)), f(f(Y, X), f(Y, Y)))))), f(X, W)), f(f(f(f(f(f(f(Y, X), f(Y, Y)), f(X, Z)), f(f(f(Y, X), f(Y, Y)), f(f(Y, X), f(Y, Y)))), X), f(f(f(f(f(Y, X), f(Y, Y)), f(X, Z)), f(f(f(Y, X), f(Y, Y)), f(f(Y, X), f(Y, Y)))), f(f(f(f(Y, X), f(Y, Y)), f(X, Z)), f(f(f(Y, X), f(Y, Y)), f(f(Y, X), f(Y, Y)))))), f(X, W)))), U)), f(f(f(Y, X), f(Y, Y)), f(X, T)))
= { by lemma 3 R->L }
  f(f(f(f(X, f(f(f(f(f(f(f(f(Y, X), f(Y, Y)), f(X, Z)), f(f(f(Y, X), f(Y, Y)), f(f(Y, X), f(Y, Y)))), X), f(f(f(f(f(Y, X), f(Y, Y)), f(X, Z)), f(f(f(Y, X), f(Y, Y)), f(f(Y, X), f(Y, Y)))), f(f(f(f(Y, X), f(Y, Y)), f(X, Z)), f(f(f(Y, X), f(Y, Y)), f(f(Y, X), f(Y, Y)))))), f(X, W)), f(f(f(f(f(f(f(Y, X), f(Y, Y)), f(X, Z)), f(f(f(Y, X), f(Y, Y)), f(f(Y, X), f(Y, Y)))), X), f(f(f(f(f(Y, X), f(Y, Y)), f(X, Z)), f(f(f(Y, X), f(Y, Y)), f(f(Y, X), f(Y, Y)))), f(f(f(f(Y, X), f(Y, Y)), f(X, Z)), f(f(f(Y, X), f(Y, Y)), f(f(Y, X), f(Y, Y)))))), f(X, W)))), f(f(f(f(f(f(Y, X), f(Y, Y)), f(X, Z)), f(f(f(Y, X), f(Y, Y)), f(f(Y, X), f(Y, Y)))), f(f(X, f(f(f(f(f(f(f(f(Y, X), f(Y, Y)), f(X, Z)), f(f(f(Y, X), f(Y, Y)), f(f(Y, X), f(Y, Y)))), X), f(f(f(f(f(Y, X), f(Y, Y)), f(X, Z)), f(f(f(Y, X), f(Y, Y)), f(f(Y, X), f(Y, Y)))), f(f(f(f(Y, X), f(Y, Y)), f(X, Z)), f(f(f(Y, X), f(Y, Y)), f(f(Y, X), f(Y, Y)))))), f(X, W)), f(f(f(f(f(f(f(Y, X), f(Y, Y)), f(X, Z)), f(f(f(Y, X), f(Y, Y)), f(f(Y, X), f(Y, Y)))), X), f(f(f(f(f(Y, X), f(Y, Y)), f(X, Z)), f(f(f(Y, X), f(Y, Y)), f(f(Y, X), f(Y, Y)))), f(f(f(f(Y, X), f(Y, Y)), f(X, Z)), f(f(f(Y, X), f(Y, Y)), f(f(Y, X), f(Y, Y)))))), f(X, W)))), U)), f(f(f(f(f(Y, X), f(Y, Y)), f(X, S)), f(f(f(Y, X), f(Y, Y)), f(f(Y, X), f(Y, Y)))), f(f(X, f(f(f(f(f(f(f(f(Y, X), f(Y, Y)), f(X, Z)), f(f(f(Y, X), f(Y, Y)), f(f(Y, X), f(Y, Y)))), X), f(f(f(f(f(Y, X), f(Y, Y)), f(X, Z)), f(f(f(Y, X), f(Y, Y)), f(f(Y, X), f(Y, Y)))), f(f(f(f(Y, X), f(Y, Y)), f(X, Z)), f(f(f(Y, X), f(Y, Y)), f(f(Y, X), f(Y, Y)))))), f(X, W)), f(f(f(f(f(f(f(Y, X), f(Y, Y)), f(X, Z)), f(f(f(Y, X), f(Y, Y)), f(f(Y, X), f(Y, Y)))), X), f(f(f(f(f(Y, X), f(Y, Y)), f(X, Z)), f(f(f(Y, X), f(Y, Y)), f(f(Y, X), f(Y, Y)))), f(f(f(f(Y, X), f(Y, Y)), f(X, Z)), f(f(f(Y, X), f(Y, Y)), f(f(Y, X), f(Y, Y)))))), f(X, W)))), U)))), X), f(f(f(Y, X), f(Y, Y)), f(X, T)))
= { by lemma 6 R->L }
  f(f(f(f(X, f(f(f(f(f(f(f(f(Y, X), f(Y, Y)), f(X, Z)), f(f(f(Y, X), f(Y, Y)), f(f(Y, X), f(Y, Y)))), X), f(f(f(f(f(Y, X), f(Y, Y)), f(X, Z)), f(f(f(Y, X), f(Y, Y)), f(f(Y, X), f(Y, Y)))), f(f(f(f(Y, X), f(Y, Y)), f(X, Z)), f(f(f(Y, X), f(Y, Y)), f(f(Y, X), f(Y, Y)))))), f(X, W)), f(f(f(f(f(f(f(Y, X), f(Y, Y)), f(X, Z)), f(f(f(Y, X), f(Y, Y)), f(f(Y, X), f(Y, Y)))), X), f(f(f(f(f(Y, X), f(Y, Y)), f(X, Z)), f(f(f(Y, X), f(Y, Y)), f(f(Y, X), f(Y, Y)))), f(f(f(f(Y, X), f(Y, Y)), f(X, Z)), f(f(f(Y, X), f(Y, Y)), f(f(Y, X), f(Y, Y)))))), f(X, W)))), f(f(f(f(f(f(Y, X), f(Y, Y)), f(X, Z)), f(f(f(Y, X), f(Y, Y)), f(f(Y, X), f(Y, Y)))), f(f(X, f(f(f(f(f(f(f(f(Y, X), f(Y, Y)), f(X, Z)), f(f(f(Y, X), f(Y, Y)), f(f(Y, X), f(Y, Y)))), X), f(f(f(f(f(Y, X), f(Y, Y)), f(X, Z)), f(f(f(Y, X), f(Y, Y)), f(f(Y, X), f(Y, Y)))), f(f(f(f(Y, X), f(Y, Y)), f(X, Z)), f(f(f(Y, X), f(Y, Y)), f(f(Y, X), f(Y, Y)))))), f(X, W)), f(f(f(f(f(f(f(Y, X), f(Y, Y)), f(X, Z)), f(f(f(Y, X), f(Y, Y)), f(f(Y, X), f(Y, Y)))), X), f(f(f(f(f(Y, X), f(Y, Y)), f(X, Z)), f(f(f(Y, X), f(Y, Y)), f(f(Y, X), f(Y, Y)))), f(f(f(f(Y, X), f(Y, Y)), f(X, Z)), f(f(f(Y, X), f(Y, Y)), f(f(Y, X), f(Y, Y)))))), f(X, W)))), U)), f(f(f(f(f(Y, X), f(Y, Y)), f(X, S)), f(f(f(Y, X), f(Y, Y)), f(f(Y, X), f(Y, Y)))), f(f(X, f(f(f(f(f(f(f(f(Y, X), f(Y, Y)), f(X, Z)), f(f(f(Y, X), f(Y, Y)), f(f(Y, X), f(Y, Y)))), X), f(f(f(f(f(Y, X), f(Y, Y)), f(X, Z)), f(f(f(Y, X), f(Y, Y)), f(f(Y, X), f(Y, Y)))), f(f(f(f(Y, X), f(Y, Y)), f(X, Z)), f(f(f(Y, X), f(Y, Y)), f(f(Y, X), f(Y, Y)))))), f(X, W)), f(f(f(f(f(f(f(Y, X), f(Y, Y)), f(X, Z)), f(f(f(Y, X), f(Y, Y)), f(f(Y, X), f(Y, Y)))), X), f(f(f(f(f(Y, X), f(Y, Y)), f(X, Z)), f(f(f(Y, X), f(Y, Y)), f(f(Y, X), f(Y, Y)))), f(f(f(f(Y, X), f(Y, Y)), f(X, Z)), f(f(f(Y, X), f(Y, Y)), f(f(Y, X), f(Y, Y)))))), f(X, W)))), U)))), X), f(f(f(f(X, f(f(f(f(f(f(f(f(Y, X), f(Y, Y)), f(X, Z)), f(f(f(Y, X), f(Y, Y)), f(f(Y, X), f(Y, Y)))), X), f(f(f(f(f(Y, X), f(Y, Y)), f(X, Z)), f(f(f(Y, X), f(Y, Y)), f(f(Y, X), f(Y, Y)))), f(f(f(f(Y, X), f(Y, Y)), f(X, Z)), f(f(f(Y, X), f(Y, Y)), f(f(Y, X), f(Y, Y)))))), f(X, W)), f(f(f(f(f(f(f(Y, X), f(Y, Y)), f(X, Z)), f(f(f(Y, X), f(Y, Y)), f(f(Y, X), f(Y, Y)))), X), f(f(f(f(f(Y, X), f(Y, Y)), f(X, Z)), f(f(f(Y, X), f(Y, Y)), f(f(Y, X), f(Y, Y)))), f(f(f(f(Y, X), f(Y, Y)), f(X, Z)), f(f(f(Y, X), f(Y, Y)), f(f(Y, X), f(Y, Y)))))), f(X, W)))), f(f(f(f(f(f(Y, X), f(Y, Y)), f(X, Z)), f(f(f(Y, X), f(Y, Y)), f(f(Y, X), f(Y, Y)))), f(f(X, f(f(f(f(f(f(f(f(Y, X), f(Y, Y)), f(X, Z)), f(f(f(Y, X), f(Y, Y)), f(f(Y, X), f(Y, Y)))), X), f(f(f(f(f(Y, X), f(Y, Y)), f(X, Z)), f(f(f(Y, X), f(Y, Y)), f(f(Y, X), f(Y, Y)))), f(f(f(f(Y, X), f(Y, Y)), f(X, Z)), f(f(f(Y, X), f(Y, Y)), f(f(Y, X), f(Y, Y)))))), f(X, W)), f(f(f(f(f(f(f(Y, X), f(Y, Y)), f(X, Z)), f(f(f(Y, X), f(Y, Y)), f(f(Y, X), f(Y, Y)))), X), f(f(f(f(f(Y, X), f(Y, Y)), f(X, Z)), f(f(f(Y, X), f(Y, Y)), f(f(Y, X), f(Y, Y)))), f(f(f(f(Y, X), f(Y, Y)), f(X, Z)), f(f(f(Y, X), f(Y, Y)), f(f(Y, X), f(Y, Y)))))), f(X, W)))), U)), f(f(f(f(f(Y, X), f(Y, Y)), f(X, X2)), f(f(f(Y, X), f(Y, Y)), f(f(Y, X), f(Y, Y)))), f(f(X, f(f(f(f(f(f(f(f(Y, X), f(Y, Y)), f(X, Z)), f(f(f(Y, X), f(Y, Y)), f(f(Y, X), f(Y, Y)))), X), f(f(f(f(f(Y, X), f(Y, Y)), f(X, Z)), f(f(f(Y, X), f(Y, Y)), f(f(Y, X), f(Y, Y)))), f(f(f(f(Y, X), f(Y, Y)), f(X, Z)), f(f(f(Y, X), f(Y, Y)), f(f(Y, X), f(Y, Y)))))), f(X, W)), f(f(f(f(f(f(f(Y, X), f(Y, Y)), f(X, Z)), f(f(f(Y, X), f(Y, Y)), f(f(Y, X), f(Y, Y)))), X), f(f(f(f(f(Y, X), f(Y, Y)), f(X, Z)), f(f(f(Y, X), f(Y, Y)), f(f(Y, X), f(Y, Y)))), f(f(f(f(Y, X), f(Y, Y)), f(X, Z)), f(f(f(Y, X), f(Y, Y)), f(f(Y, X), f(Y, Y)))))), f(X, W)))), U)))), X), f(f(f(f(f(f(Y, X), f(Y, Y)), f(X, Y2)), f(f(f(Y, X), f(Y, Y)), f(f(Y, X), f(Y, Y)))), f(f(X, f(f(f(f(f(f(f(f(Y, X), f(Y, Y)), f(X, Z)), f(f(f(Y, X), f(Y, Y)), f(f(Y, X), f(Y, Y)))), X), f(f(f(f(f(Y, X), f(Y, Y)), f(X, Z)), f(f(f(Y, X), f(Y, Y)), f(f(Y, X), f(Y, Y)))), f(f(f(f(Y, X), f(Y, Y)), f(X, Z)), f(f(f(Y, X), f(Y, Y)), f(f(Y, X), f(Y, Y)))))), f(X, W)), f(f(f(f(f(f(f(Y, X), f(Y, Y)), f(X, Z)), f(f(f(Y, X), f(Y, Y)), f(f(Y, X), f(Y, Y)))), X), f(f(f(f(f(Y, X), f(Y, Y)), f(X, Z)), f(f(f(Y, X), f(Y, Y)), f(f(Y, X), f(Y, Y)))), f(f(f(f(Y, X), f(Y, Y)), f(X, Z)), f(f(f(Y, X), f(Y, Y)), f(f(Y, X), f(Y, Y)))))), f(X, W)))), U)), f(f(f(Y, X), f(Y, Y)), Z2))))
= { by lemma 5 }
  f(f(f(f(X, f(f(f(f(f(f(f(f(Y, X), f(Y, Y)), f(X, Z)), f(f(f(Y, X), f(Y, Y)), f(f(Y, X), f(Y, Y)))), X), f(f(f(f(f(Y, X), f(Y, Y)), f(X, Z)), f(f(f(Y, X), f(Y, Y)), f(f(Y, X), f(Y, Y)))), f(f(f(f(Y, X), f(Y, Y)), f(X, Z)), f(f(f(Y, X), f(Y, Y)), f(f(Y, X), f(Y, Y)))))), f(X, W)), f(f(f(f(f(f(f(Y, X), f(Y, Y)), f(X, Z)), f(f(f(Y, X), f(Y, Y)), f(f(Y, X), f(Y, Y)))), X), f(f(f(f(f(Y, X), f(Y, Y)), f(X, Z)), f(f(f(Y, X), f(Y, Y)), f(f(Y, X), f(Y, Y)))), f(f(f(f(Y, X), f(Y, Y)), f(X, Z)), f(f(f(Y, X), f(Y, Y)), f(f(Y, X), f(Y, Y)))))), f(X, W)))), f(f(f(f(f(f(Y, X), f(Y, Y)), f(X, Z)), f(f(f(Y, X), f(Y, Y)), f(f(Y, X), f(Y, Y)))), f(f(X, f(f(f(f(f(f(f(f(Y, X), f(Y, Y)), f(X, Z)), f(f(f(Y, X), f(Y, Y)), f(f(Y, X), f(Y, Y)))), X), f(f(f(f(f(Y, X), f(Y, Y)), f(X, Z)), f(f(f(Y, X), f(Y, Y)), f(f(Y, X), f(Y, Y)))), f(f(f(f(Y, X), f(Y, Y)), f(X, Z)), f(f(f(Y, X), f(Y, Y)), f(f(Y, X), f(Y, Y)))))), f(X, W)), f(f(f(f(f(f(f(Y, X), f(Y, Y)), f(X, Z)), f(f(f(Y, X), f(Y, Y)), f(f(Y, X), f(Y, Y)))), X), f(f(f(f(f(Y, X), f(Y, Y)), f(X, Z)), f(f(f(Y, X), f(Y, Y)), f(f(Y, X), f(Y, Y)))), f(f(f(f(Y, X), f(Y, Y)), f(X, Z)), f(f(f(Y, X), f(Y, Y)), f(f(Y, X), f(Y, Y)))))), f(X, W)))), U)), f(f(f(f(f(Y, X), f(Y, Y)), f(X, S)), f(f(f(Y, X), f(Y, Y)), f(f(Y, X), f(Y, Y)))), f(f(X, f(f(f(f(f(f(f(f(Y, X), f(Y, Y)), f(X, Z)), f(f(f(Y, X), f(Y, Y)), f(f(Y, X), f(Y, Y)))), X), f(f(f(f(f(Y, X), f(Y, Y)), f(X, Z)), f(f(f(Y, X), f(Y, Y)), f(f(Y, X), f(Y, Y)))), f(f(f(f(Y, X), f(Y, Y)), f(X, Z)), f(f(f(Y, X), f(Y, Y)), f(f(Y, X), f(Y, Y)))))), f(X, W)), f(f(f(f(f(f(f(Y, X), f(Y, Y)), f(X, Z)), f(f(f(Y, X), f(Y, Y)), f(f(Y, X), f(Y, Y)))), X), f(f(f(f(f(Y, X), f(Y, Y)), f(X, Z)), f(f(f(Y, X), f(Y, Y)), f(f(Y, X), f(Y, Y)))), f(f(f(f(Y, X), f(Y, Y)), f(X, Z)), f(f(f(Y, X), f(Y, Y)), f(f(Y, X), f(Y, Y)))))), f(X, W)))), U)))), X), f(f(f(f(X, f(f(f(f(f(f(f(f(Y, X), f(Y, Y)), f(X, Z)), f(f(f(Y, X), f(Y, Y)), f(f(Y, X), f(Y, Y)))), X), f(f(f(f(f(Y, X), f(Y, Y)), f(X, Z)), f(f(f(Y, X), f(Y, Y)), f(f(Y, X), f(Y, Y)))), f(f(f(f(Y, X), f(Y, Y)), f(X, Z)), f(f(f(Y, X), f(Y, Y)), f(f(Y, X), f(Y, Y)))))), f(X, W)), f(f(f(f(f(f(f(Y, X), f(Y, Y)), f(X, Z)), f(f(f(Y, X), f(Y, Y)), f(f(Y, X), f(Y, Y)))), X), f(f(f(f(f(Y, X), f(Y, Y)), f(X, Z)), f(f(f(Y, X), f(Y, Y)), f(f(Y, X), f(Y, Y)))), f(f(f(f(Y, X), f(Y, Y)), f(X, Z)), f(f(f(Y, X), f(Y, Y)), f(f(Y, X), f(Y, Y)))))), f(X, W)))), f(f(f(f(f(f(Y, X), f(Y, Y)), f(X, Z)), f(f(f(Y, X), f(Y, Y)), f(f(Y, X), f(Y, Y)))), f(f(X, f(f(f(f(f(f(f(f(Y, X), f(Y, Y)), f(X, Z)), f(f(f(Y, X), f(Y, Y)), f(f(Y, X), f(Y, Y)))), X), f(f(f(f(f(Y, X), f(Y, Y)), f(X, Z)), f(f(f(Y, X), f(Y, Y)), f(f(Y, X), f(Y, Y)))), f(f(f(f(Y, X), f(Y, Y)), f(X, Z)), f(f(f(Y, X), f(Y, Y)), f(f(Y, X), f(Y, Y)))))), f(X, W)), f(f(f(f(f(f(f(Y, X), f(Y, Y)), f(X, Z)), f(f(f(Y, X), f(Y, Y)), f(f(Y, X), f(Y, Y)))), X), f(f(f(f(f(Y, X), f(Y, Y)), f(X, Z)), f(f(f(Y, X), f(Y, Y)), f(f(Y, X), f(Y, Y)))), f(f(f(f(Y, X), f(Y, Y)), f(X, Z)), f(f(f(Y, X), f(Y, Y)), f(f(Y, X), f(Y, Y)))))), f(X, W)))), U)), f(f(f(f(f(Y, X), f(Y, Y)), f(X, X2)), f(f(f(Y, X), f(Y, Y)), f(f(Y, X), f(Y, Y)))), f(f(X, f(f(f(f(f(f(f(f(Y, X), f(Y, Y)), f(X, Z)), f(f(f(Y, X), f(Y, Y)), f(f(Y, X), f(Y, Y)))), X), f(f(f(f(f(Y, X), f(Y, Y)), f(X, Z)), f(f(f(Y, X), f(Y, Y)), f(f(Y, X), f(Y, Y)))), f(f(f(f(Y, X), f(Y, Y)), f(X, Z)), f(f(f(Y, X), f(Y, Y)), f(f(Y, X), f(Y, Y)))))), f(X, W)), f(f(f(f(f(f(f(Y, X), f(Y, Y)), f(X, Z)), f(f(f(Y, X), f(Y, Y)), f(f(Y, X), f(Y, Y)))), X), f(f(f(f(f(Y, X), f(Y, Y)), f(X, Z)), f(f(f(Y, X), f(Y, Y)), f(f(Y, X), f(Y, Y)))), f(f(f(f(Y, X), f(Y, Y)), f(X, Z)), f(f(f(Y, X), f(Y, Y)), f(f(Y, X), f(Y, Y)))))), f(X, W)))), U)))), X), f(X, f(f(f(f(f(f(f(f(Y, X), f(Y, Y)), f(X, Z)), f(f(f(Y, X), f(Y, Y)), f(f(Y, X), f(Y, Y)))), X), f(f(f(f(f(Y, X), f(Y, Y)), f(X, Z)), f(f(f(Y, X), f(Y, Y)), f(f(Y, X), f(Y, Y)))), f(f(f(f(Y, X), f(Y, Y)), f(X, Z)), f(f(f(Y, X), f(Y, Y)), f(f(Y, X), f(Y, Y)))))), f(X, W)), f(f(f(f(f(f(f(Y, X), f(Y, Y)), f(X, Z)), f(f(f(Y, X), f(Y, Y)), f(f(Y, X), f(Y, Y)))), X), f(f(f(f(f(Y, X), f(Y, Y)), f(X, Z)), f(f(f(Y, X), f(Y, Y)), f(f(Y, X), f(Y, Y)))), f(f(f(f(Y, X), f(Y, Y)), f(X, Z)), f(f(f(Y, X), f(Y, Y)), f(f(Y, X), f(Y, Y)))))), f(X, W))))))
= { by lemma 4 }
  f(f(f(f(X, f(f(f(f(f(f(f(f(Y, X), f(Y, Y)), f(X, Z)), f(f(f(Y, X), f(Y, Y)), f(f(Y, X), f(Y, Y)))), X), f(f(f(f(f(Y, X), f(Y, Y)), f(X, Z)), f(f(f(Y, X), f(Y, Y)), f(f(Y, X), f(Y, Y)))), f(f(f(f(Y, X), f(Y, Y)), f(X, Z)), f(f(f(Y, X), f(Y, Y)), f(f(Y, X), f(Y, Y)))))), f(X, W)), f(f(f(f(f(f(f(Y, X), f(Y, Y)), f(X, Z)), f(f(f(Y, X), f(Y, Y)), f(f(Y, X), f(Y, Y)))), X), f(f(f(f(f(Y, X), f(Y, Y)), f(X, Z)), f(f(f(Y, X), f(Y, Y)), f(f(Y, X), f(Y, Y)))), f(f(f(f(Y, X), f(Y, Y)), f(X, Z)), f(f(f(Y, X), f(Y, Y)), f(f(Y, X), f(Y, Y)))))), f(X, W)))), f(f(f(f(f(f(Y, X), f(Y, Y)), f(X, Z)), f(f(f(Y, X), f(Y, Y)), f(f(Y, X), f(Y, Y)))), f(f(X, f(f(f(f(f(f(f(f(Y, X), f(Y, Y)), f(X, Z)), f(f(f(Y, X), f(Y, Y)), f(f(Y, X), f(Y, Y)))), X), f(f(f(f(f(Y, X), f(Y, Y)), f(X, Z)), f(f(f(Y, X), f(Y, Y)), f(f(Y, X), f(Y, Y)))), f(f(f(f(Y, X), f(Y, Y)), f(X, Z)), f(f(f(Y, X), f(Y, Y)), f(f(Y, X), f(Y, Y)))))), f(X, W)), f(f(f(f(f(f(f(Y, X), f(Y, Y)), f(X, Z)), f(f(f(Y, X), f(Y, Y)), f(f(Y, X), f(Y, Y)))), X), f(f(f(f(f(Y, X), f(Y, Y)), f(X, Z)), f(f(f(Y, X), f(Y, Y)), f(f(Y, X), f(Y, Y)))), f(f(f(f(Y, X), f(Y, Y)), f(X, Z)), f(f(f(Y, X), f(Y, Y)), f(f(Y, X), f(Y, Y)))))), f(X, W)))), U)), f(f(f(f(f(Y, X), f(Y, Y)), f(X, S)), f(f(f(Y, X), f(Y, Y)), f(f(Y, X), f(Y, Y)))), f(f(X, f(f(f(f(f(f(f(f(Y, X), f(Y, Y)), f(X, Z)), f(f(f(Y, X), f(Y, Y)), f(f(Y, X), f(Y, Y)))), X), f(f(f(f(f(Y, X), f(Y, Y)), f(X, Z)), f(f(f(Y, X), f(Y, Y)), f(f(Y, X), f(Y, Y)))), f(f(f(f(Y, X), f(Y, Y)), f(X, Z)), f(f(f(Y, X), f(Y, Y)), f(f(Y, X), f(Y, Y)))))), f(X, W)), f(f(f(f(f(f(f(Y, X), f(Y, Y)), f(X, Z)), f(f(f(Y, X), f(Y, Y)), f(f(Y, X), f(Y, Y)))), X), f(f(f(f(f(Y, X), f(Y, Y)), f(X, Z)), f(f(f(Y, X), f(Y, Y)), f(f(Y, X), f(Y, Y)))), f(f(f(f(Y, X), f(Y, Y)), f(X, Z)), f(f(f(Y, X), f(Y, Y)), f(f(Y, X), f(Y, Y)))))), f(X, W)))), U)))), X), f(f(f(f(X, f(f(f(f(f(f(f(f(Y, X), f(Y, Y)), f(X, Z)), f(f(f(Y, X), f(Y, Y)), f(f(Y, X), f(Y, Y)))), X), f(f(f(f(f(Y, X), f(Y, Y)), f(X, Z)), f(f(f(Y, X), f(Y, Y)), f(f(Y, X), f(Y, Y)))), f(f(f(f(Y, X), f(Y, Y)), f(X, Z)), f(f(f(Y, X), f(Y, Y)), f(f(Y, X), f(Y, Y)))))), f(X, W2)), f(f(f(f(f(f(f(Y, X), f(Y, Y)), f(X, Z)), f(f(f(Y, X), f(Y, Y)), f(f(Y, X), f(Y, Y)))), X), f(f(f(f(f(Y, X), f(Y, Y)), f(X, Z)), f(f(f(Y, X), f(Y, Y)), f(f(Y, X), f(Y, Y)))), f(f(f(f(Y, X), f(Y, Y)), f(X, Z)), f(f(f(Y, X), f(Y, Y)), f(f(Y, X), f(Y, Y)))))), f(X, W)))), f(f(f(f(f(f(Y, X), f(Y, Y)), f(X, Z)), f(f(f(Y, X), f(Y, Y)), f(f(Y, X), f(Y, Y)))), f(f(X, f(f(f(f(f(f(f(f(Y, X), f(Y, Y)), f(X, Z)), f(f(f(Y, X), f(Y, Y)), f(f(Y, X), f(Y, Y)))), X), f(f(f(f(f(Y, X), f(Y, Y)), f(X, Z)), f(f(f(Y, X), f(Y, Y)), f(f(Y, X), f(Y, Y)))), f(f(f(f(Y, X), f(Y, Y)), f(X, Z)), f(f(f(Y, X), f(Y, Y)), f(f(Y, X), f(Y, Y)))))), f(X, W)), f(f(f(f(f(f(f(Y, X), f(Y, Y)), f(X, Z)), f(f(f(Y, X), f(Y, Y)), f(f(Y, X), f(Y, Y)))), X), f(f(f(f(f(Y, X), f(Y, Y)), f(X, Z)), f(f(f(Y, X), f(Y, Y)), f(f(Y, X), f(Y, Y)))), f(f(f(f(Y, X), f(Y, Y)), f(X, Z)), f(f(f(Y, X), f(Y, Y)), f(f(Y, X), f(Y, Y)))))), f(X, W)))), U)), f(f(f(f(f(Y, X), f(Y, Y)), f(X, X2)), f(f(f(Y, X), f(Y, Y)), f(f(Y, X), f(Y, Y)))), f(f(X, f(f(f(f(f(f(f(f(Y, X), f(Y, Y)), f(X, Z)), f(f(f(Y, X), f(Y, Y)), f(f(Y, X), f(Y, Y)))), X), f(f(f(f(f(Y, X), f(Y, Y)), f(X, Z)), f(f(f(Y, X), f(Y, Y)), f(f(Y, X), f(Y, Y)))), f(f(f(f(Y, X), f(Y, Y)), f(X, Z)), f(f(f(Y, X), f(Y, Y)), f(f(Y, X), f(Y, Y)))))), f(X, W)), f(f(f(f(f(f(f(Y, X), f(Y, Y)), f(X, Z)), f(f(f(Y, X), f(Y, Y)), f(f(Y, X), f(Y, Y)))), X), f(f(f(f(f(Y, X), f(Y, Y)), f(X, Z)), f(f(f(Y, X), f(Y, Y)), f(f(Y, X), f(Y, Y)))), f(f(f(f(Y, X), f(Y, Y)), f(X, Z)), f(f(f(Y, X), f(Y, Y)), f(f(Y, X), f(Y, Y)))))), f(X, W)))), U)))), X), f(X, f(f(f(f(f(f(f(f(Y, X), f(Y, Y)), f(X, Z)), f(f(f(Y, X), f(Y, Y)), f(f(Y, X), f(Y, Y)))), X), f(f(f(f(f(Y, X), f(Y, Y)), f(X, Z)), f(f(f(Y, X), f(Y, Y)), f(f(Y, X), f(Y, Y)))), f(f(f(f(Y, X), f(Y, Y)), f(X, Z)), f(f(f(Y, X), f(Y, Y)), f(f(Y, X), f(Y, Y)))))), f(X, W)), f(f(f(f(f(f(f(Y, X), f(Y, Y)), f(X, Z)), f(f(f(Y, X), f(Y, Y)), f(f(Y, X), f(Y, Y)))), X), f(f(f(f(f(Y, X), f(Y, Y)), f(X, Z)), f(f(f(Y, X), f(Y, Y)), f(f(Y, X), f(Y, Y)))), f(f(f(f(Y, X), f(Y, Y)), f(X, Z)), f(f(f(Y, X), f(Y, Y)), f(f(Y, X), f(Y, Y)))))), f(X, W))))))
= { by lemma 4 }
  f(f(f(f(X, f(f(f(f(f(f(f(f(Y, X), f(Y, Y)), f(X, Z)), f(f(f(Y, X), f(Y, Y)), f(f(Y, X), f(Y, Y)))), X), f(f(f(f(f(Y, X), f(Y, Y)), f(X, Z)), f(f(f(Y, X), f(Y, Y)), f(f(Y, X), f(Y, Y)))), f(f(f(f(Y, X), f(Y, Y)), f(X, Z)), f(f(f(Y, X), f(Y, Y)), f(f(Y, X), f(Y, Y)))))), f(X, W)), f(f(f(f(f(f(f(Y, X), f(Y, Y)), f(X, Z)), f(f(f(Y, X), f(Y, Y)), f(f(Y, X), f(Y, Y)))), X), f(f(f(f(f(Y, X), f(Y, Y)), f(X, Z)), f(f(f(Y, X), f(Y, Y)), f(f(Y, X), f(Y, Y)))), f(f(f(f(Y, X), f(Y, Y)), f(X, Z)), f(f(f(Y, X), f(Y, Y)), f(f(Y, X), f(Y, Y)))))), f(X, W)))), f(f(f(f(f(f(Y, X), f(Y, Y)), f(X, Z)), f(f(f(Y, X), f(Y, Y)), f(f(Y, X), f(Y, Y)))), f(f(X, f(f(f(f(f(f(f(f(Y, X), f(Y, Y)), f(X, Z)), f(f(f(Y, X), f(Y, Y)), f(f(Y, X), f(Y, Y)))), X), f(f(f(f(f(Y, X), f(Y, Y)), f(X, Z)), f(f(f(Y, X), f(Y, Y)), f(f(Y, X), f(Y, Y)))), f(f(f(f(Y, X), f(Y, Y)), f(X, Z)), f(f(f(Y, X), f(Y, Y)), f(f(Y, X), f(Y, Y)))))), f(X, W)), f(f(f(f(f(f(f(Y, X), f(Y, Y)), f(X, Z)), f(f(f(Y, X), f(Y, Y)), f(f(Y, X), f(Y, Y)))), X), f(f(f(f(f(Y, X), f(Y, Y)), f(X, Z)), f(f(f(Y, X), f(Y, Y)), f(f(Y, X), f(Y, Y)))), f(f(f(f(Y, X), f(Y, Y)), f(X, Z)), f(f(f(Y, X), f(Y, Y)), f(f(Y, X), f(Y, Y)))))), f(X, W)))), U)), f(f(f(f(f(Y, X), f(Y, Y)), f(X, S)), f(f(f(Y, X), f(Y, Y)), f(f(Y, X), f(Y, Y)))), f(f(X, f(f(f(f(f(f(f(f(Y, X), f(Y, Y)), f(X, Z)), f(f(f(Y, X), f(Y, Y)), f(f(Y, X), f(Y, Y)))), X), f(f(f(f(f(Y, X), f(Y, Y)), f(X, Z)), f(f(f(Y, X), f(Y, Y)), f(f(Y, X), f(Y, Y)))), f(f(f(f(Y, X), f(Y, Y)), f(X, Z)), f(f(f(Y, X), f(Y, Y)), f(f(Y, X), f(Y, Y)))))), f(X, W)), f(f(f(f(f(f(f(Y, X), f(Y, Y)), f(X, Z)), f(f(f(Y, X), f(Y, Y)), f(f(Y, X), f(Y, Y)))), X), f(f(f(f(f(Y, X), f(Y, Y)), f(X, Z)), f(f(f(Y, X), f(Y, Y)), f(f(Y, X), f(Y, Y)))), f(f(f(f(Y, X), f(Y, Y)), f(X, Z)), f(f(f(Y, X), f(Y, Y)), f(f(Y, X), f(Y, Y)))))), f(X, W)))), U)))), X), f(f(f(f(X, f(f(f(f(f(f(f(f(Y, X), f(Y, Y)), f(X, Z)), f(f(f(Y, X), f(Y, Y)), f(f(Y, X), f(Y, Y)))), X), f(f(f(f(f(Y, X), f(Y, Y)), f(X, Z)), f(f(f(Y, X), f(Y, Y)), f(f(Y, X), f(Y, Y)))), f(f(f(f(Y, X), f(Y, Y)), f(X, Z)), f(f(f(Y, X), f(Y, Y)), f(f(Y, X), f(Y, Y)))))), f(X, W2)), f(f(f(f(f(f(f(Y, X), f(Y, Y)), f(X, Z)), f(f(f(Y, X), f(Y, Y)), f(f(Y, X), f(Y, Y)))), X), f(f(f(f(f(Y, X), f(Y, Y)), f(X, Z)), f(f(f(Y, X), f(Y, Y)), f(f(Y, X), f(Y, Y)))), f(f(f(f(Y, X), f(Y, Y)), f(X, Z)), f(f(f(Y, X), f(Y, Y)), f(f(Y, X), f(Y, Y)))))), f(X, W2)))), f(f(f(f(f(f(Y, X), f(Y, Y)), f(X, Z)), f(f(f(Y, X), f(Y, Y)), f(f(Y, X), f(Y, Y)))), f(f(X, f(f(f(f(f(f(f(f(Y, X), f(Y, Y)), f(X, Z)), f(f(f(Y, X), f(Y, Y)), f(f(Y, X), f(Y, Y)))), X), f(f(f(f(f(Y, X), f(Y, Y)), f(X, Z)), f(f(f(Y, X), f(Y, Y)), f(f(Y, X), f(Y, Y)))), f(f(f(f(Y, X), f(Y, Y)), f(X, Z)), f(f(f(Y, X), f(Y, Y)), f(f(Y, X), f(Y, Y)))))), f(X, W)), f(f(f(f(f(f(f(Y, X), f(Y, Y)), f(X, Z)), f(f(f(Y, X), f(Y, Y)), f(f(Y, X), f(Y, Y)))), X), f(f(f(f(f(Y, X), f(Y, Y)), f(X, Z)), f(f(f(Y, X), f(Y, Y)), f(f(Y, X), f(Y, Y)))), f(f(f(f(Y, X), f(Y, Y)), f(X, Z)), f(f(f(Y, X), f(Y, Y)), f(f(Y, X), f(Y, Y)))))), f(X, W)))), U)), f(f(f(f(f(Y, X), f(Y, Y)), f(X, X2)), f(f(f(Y, X), f(Y, Y)), f(f(Y, X), f(Y, Y)))), f(f(X, f(f(f(f(f(f(f(f(Y, X), f(Y, Y)), f(X, Z)), f(f(f(Y, X), f(Y, Y)), f(f(Y, X), f(Y, Y)))), X), f(f(f(f(f(Y, X), f(Y, Y)), f(X, Z)), f(f(f(Y, X), f(Y, Y)), f(f(Y, X), f(Y, Y)))), f(f(f(f(Y, X), f(Y, Y)), f(X, Z)), f(f(f(Y, X), f(Y, Y)), f(f(Y, X), f(Y, Y)))))), f(X, W)), f(f(f(f(f(f(f(Y, X), f(Y, Y)), f(X, Z)), f(f(f(Y, X), f(Y, Y)), f(f(Y, X), f(Y, Y)))), X), f(f(f(f(f(Y, X), f(Y, Y)), f(X, Z)), f(f(f(Y, X), f(Y, Y)), f(f(Y, X), f(Y, Y)))), f(f(f(f(Y, X), f(Y, Y)), f(X, Z)), f(f(f(Y, X), f(Y, Y)), f(f(Y, X), f(Y, Y)))))), f(X, W)))), U)))), X), f(X, f(f(f(f(f(f(f(f(Y, X), f(Y, Y)), f(X, Z)), f(f(f(Y, X), f(Y, Y)), f(f(Y, X), f(Y, Y)))), X), f(f(f(f(f(Y, X), f(Y, Y)), f(X, Z)), f(f(f(Y, X), f(Y, Y)), f(f(Y, X), f(Y, Y)))), f(f(f(f(Y, X), f(Y, Y)), f(X, Z)), f(f(f(Y, X), f(Y, Y)), f(f(Y, X), f(Y, Y)))))), f(X, W)), f(f(f(f(f(f(f(Y, X), f(Y, Y)), f(X, Z)), f(f(f(Y, X), f(Y, Y)), f(f(Y, X), f(Y, Y)))), X), f(f(f(f(f(Y, X), f(Y, Y)), f(X, Z)), f(f(f(Y, X), f(Y, Y)), f(f(Y, X), f(Y, Y)))), f(f(f(f(Y, X), f(Y, Y)), f(X, Z)), f(f(f(Y, X), f(Y, Y)), f(f(Y, X), f(Y, Y)))))), f(X, W))))))
= { by lemma 3 }
  f(f(f(f(X, f(f(f(f(f(f(f(f(Y, X), f(Y, Y)), f(X, Z)), f(f(f(Y, X), f(Y, Y)), f(f(Y, X), f(Y, Y)))), X), f(f(f(f(f(Y, X), f(Y, Y)), f(X, Z)), f(f(f(Y, X), f(Y, Y)), f(f(Y, X), f(Y, Y)))), f(f(f(f(Y, X), f(Y, Y)), f(X, Z)), f(f(f(Y, X), f(Y, Y)), f(f(Y, X), f(Y, Y)))))), f(X, W)), f(f(f(f(f(f(f(Y, X), f(Y, Y)), f(X, Z)), f(f(f(Y, X), f(Y, Y)), f(f(Y, X), f(Y, Y)))), X), f(f(f(f(f(Y, X), f(Y, Y)), f(X, Z)), f(f(f(Y, X), f(Y, Y)), f(f(Y, X), f(Y, Y)))), f(f(f(f(Y, X), f(Y, Y)), f(X, Z)), f(f(f(Y, X), f(Y, Y)), f(f(Y, X), f(Y, Y)))))), f(X, W)))), f(f(f(f(f(f(Y, X), f(Y, Y)), f(X, Z)), f(f(f(Y, X), f(Y, Y)), f(f(Y, X), f(Y, Y)))), f(f(X, f(f(f(f(f(f(f(f(Y, X), f(Y, Y)), f(X, Z)), f(f(f(Y, X), f(Y, Y)), f(f(Y, X), f(Y, Y)))), X), f(f(f(f(f(Y, X), f(Y, Y)), f(X, Z)), f(f(f(Y, X), f(Y, Y)), f(f(Y, X), f(Y, Y)))), f(f(f(f(Y, X), f(Y, Y)), f(X, Z)), f(f(f(Y, X), f(Y, Y)), f(f(Y, X), f(Y, Y)))))), f(X, W)), f(f(f(f(f(f(f(Y, X), f(Y, Y)), f(X, Z)), f(f(f(Y, X), f(Y, Y)), f(f(Y, X), f(Y, Y)))), X), f(f(f(f(f(Y, X), f(Y, Y)), f(X, Z)), f(f(f(Y, X), f(Y, Y)), f(f(Y, X), f(Y, Y)))), f(f(f(f(Y, X), f(Y, Y)), f(X, Z)), f(f(f(Y, X), f(Y, Y)), f(f(Y, X), f(Y, Y)))))), f(X, W)))), U)), f(f(f(f(f(Y, X), f(Y, Y)), f(X, S)), f(f(f(Y, X), f(Y, Y)), f(f(Y, X), f(Y, Y)))), f(f(X, f(f(f(f(f(f(f(f(Y, X), f(Y, Y)), f(X, Z)), f(f(f(Y, X), f(Y, Y)), f(f(Y, X), f(Y, Y)))), X), f(f(f(f(f(Y, X), f(Y, Y)), f(X, Z)), f(f(f(Y, X), f(Y, Y)), f(f(Y, X), f(Y, Y)))), f(f(f(f(Y, X), f(Y, Y)), f(X, Z)), f(f(f(Y, X), f(Y, Y)), f(f(Y, X), f(Y, Y)))))), f(X, W)), f(f(f(f(f(f(f(Y, X), f(Y, Y)), f(X, Z)), f(f(f(Y, X), f(Y, Y)), f(f(Y, X), f(Y, Y)))), X), f(f(f(f(f(Y, X), f(Y, Y)), f(X, Z)), f(f(f(Y, X), f(Y, Y)), f(f(Y, X), f(Y, Y)))), f(f(f(f(Y, X), f(Y, Y)), f(X, Z)), f(f(f(Y, X), f(Y, Y)), f(f(Y, X), f(Y, Y)))))), f(X, W)))), U)))), X), f(f(f(f(f(f(Y, X), f(Y, Y)), f(X, Z)), f(f(f(Y, X), f(Y, Y)), f(f(Y, X), f(Y, Y)))), f(f(X, f(f(f(f(f(f(f(f(Y, X), f(Y, Y)), f(X, Z)), f(f(f(Y, X), f(Y, Y)), f(f(Y, X), f(Y, Y)))), X), f(f(f(f(f(Y, X), f(Y, Y)), f(X, Z)), f(f(f(Y, X), f(Y, Y)), f(f(Y, X), f(Y, Y)))), f(f(f(f(Y, X), f(Y, Y)), f(X, Z)), f(f(f(Y, X), f(Y, Y)), f(f(Y, X), f(Y, Y)))))), f(X, W)), f(f(f(f(f(f(f(Y, X), f(Y, Y)), f(X, Z)), f(f(f(Y, X), f(Y, Y)), f(f(Y, X), f(Y, Y)))), X), f(f(f(f(f(Y, X), f(Y, Y)), f(X, Z)), f(f(f(Y, X), f(Y, Y)), f(f(Y, X), f(Y, Y)))), f(f(f(f(Y, X), f(Y, Y)), f(X, Z)), f(f(f(Y, X), f(Y, Y)), f(f(Y, X), f(Y, Y)))))), f(X, W)))), U)), f(X, f(f(f(f(f(f(f(f(Y, X), f(Y, Y)), f(X, Z)), f(f(f(Y, X), f(Y, Y)), f(f(Y, X), f(Y, Y)))), X), f(f(f(f(f(Y, X), f(Y, Y)), f(X, Z)), f(f(f(Y, X), f(Y, Y)), f(f(Y, X), f(Y, Y)))), f(f(f(f(Y, X), f(Y, Y)), f(X, Z)), f(f(f(Y, X), f(Y, Y)), f(f(Y, X), f(Y, Y)))))), f(X, W)), f(f(f(f(f(f(f(Y, X), f(Y, Y)), f(X, Z)), f(f(f(Y, X), f(Y, Y)), f(f(Y, X), f(Y, Y)))), X), f(f(f(f(f(Y, X), f(Y, Y)), f(X, Z)), f(f(f(Y, X), f(Y, Y)), f(f(Y, X), f(Y, Y)))), f(f(f(f(Y, X), f(Y, Y)), f(X, Z)), f(f(f(Y, X), f(Y, Y)), f(f(Y, X), f(Y, Y)))))), f(X, W))))))
= { by lemma 6 }
  f(f(f(Y, X), f(Y, Y)), f(X, V))

Lemma 8: f(f(f(X, X), f(f(X, Y), Z)), X) = f(X, Y).
Proof:
  f(f(f(X, X), f(f(X, Y), Z)), X)
= { by axiom 1 (hyp) }
  f(f(f(X, f(f(f(f(X, X), f(X, X)), f(X, W)), f(X, f(f(f(f(f(f(f(f(X, X), f(X, X)), f(X, V)), f(f(f(X, X), f(X, X)), f(f(X, X), f(X, X)))), X), f(f(f(f(f(X, X), f(X, X)), f(X, V)), f(f(f(X, X), f(X, X)), f(f(X, X), f(X, X)))), f(f(f(f(X, X), f(X, X)), f(X, V)), f(f(f(X, X), f(X, X)), f(f(X, X), f(X, X)))))), f(X, U)), f(f(f(f(f(f(f(X, X), f(X, X)), f(X, V)), f(f(f(X, X), f(X, X)), f(f(X, X), f(X, X)))), X), f(f(f(f(f(X, X), f(X, X)), f(X, V)), f(f(f(X, X), f(X, X)), f(f(X, X), f(X, X)))), f(f(f(f(X, X), f(X, X)), f(X, V)), f(f(f(X, X), f(X, X)), f(f(X, X), f(X, X)))))), f(X, U)))))), f(f(X, Y), Z)), X)
= { by lemma 7 }
  f(f(f(X, f(f(f(f(X, X), f(X, X)), f(X, W)), f(f(f(X, X), f(X, X)), f(X, W)))), f(f(X, Y), Z)), X)
= { by lemma 3 }
  f(X, Y)

Lemma 9: f(X, Z) = f(X, Y).
Proof:
  f(X, Z)
= { by lemma 8 R->L }
  f(f(f(X, X), f(f(X, Z), V)), X)
= { by lemma 8 R->L }
  f(f(f(f(f(X, X), f(X, X)), f(f(f(X, X), f(f(X, Z), V)), X)), f(X, X)), X)
= { by lemma 8 }
  f(f(f(f(f(X, X), f(X, X)), f(X, Z)), f(X, X)), X)
= { by lemma 4 }
  f(f(f(f(f(X, X), f(X, X)), f(X, Y)), f(X, X)), X)
= { by lemma 8 R->L }
  f(f(f(f(f(X, X), f(X, X)), f(f(f(X, X), f(f(X, Y), W)), X)), f(X, X)), X)
= { by lemma 8 }
  f(f(f(X, X), f(f(X, Y), W)), X)
= { by lemma 8 }
  f(X, Y)

Lemma 10: f(f(X, X), f(f(X, Y), Z)) = X.
Proof:
  f(f(X, X), f(f(X, Y), Z))
= { by lemma 8 R->L }
  f(f(f(f(X, X), f(X, X)), f(f(f(X, X), f(f(X, Y), Z)), X)), f(X, X))
= { by lemma 8 }
  f(f(f(f(X, X), f(X, X)), f(X, Y)), f(X, X))
= { by axiom 1 (hyp) R->L }
  X

Lemma 11: f(f(X, X), X) = X.
Proof:
  f(f(X, X), X)
= { by lemma 10 R->L }
  f(f(X, X), f(f(X, X), f(f(X, Y), Z)))
= { by lemma 10 }
  X

Lemma 12: f(f(X, Y), f(X, Z)) = f(X, W).
Proof:
  f(f(X, Y), f(X, Z))
= { by lemma 9 }
  f(f(X, f(f(X, X), f(X, X))), f(X, Z))
= { by lemma 11 R->L }
  f(f(f(f(X, X), X), f(f(X, X), f(X, X))), f(X, Z))
= { by lemma 7 R->L }
  f(X, f(f(f(f(f(f(f(f(f(X, X), X), f(f(X, X), f(X, X))), f(X, V)), f(f(f(f(X, X), X), f(f(X, X), f(X, X))), f(f(f(X, X), X), f(f(X, X), f(X, X))))), X), f(f(f(f(f(f(X, X), X), f(f(X, X), f(X, X))), f(X, V)), f(f(f(f(X, X), X), f(f(X, X), f(X, X))), f(f(f(X, X), X), f(f(X, X), f(X, X))))), f(f(f(f(f(X, X), X), f(f(X, X), f(X, X))), f(X, V)), f(f(f(f(X, X), X), f(f(X, X), f(X, X))), f(f(f(X, X), X), f(f(X, X), f(X, X))))))), f(X, U)), f(f(f(f(f(f(f(f(X, X), X), f(f(X, X), f(X, X))), f(X, V)), f(f(f(f(X, X), X), f(f(X, X), f(X, X))), f(f(f(X, X), X), f(f(X, X), f(X, X))))), X), f(f(f(f(f(f(X, X), X), f(f(X, X), f(X, X))), f(X, V)), f(f(f(f(X, X), X), f(f(X, X), f(X, X))), f(f(f(X, X), X), f(f(X, X), f(X, X))))), f(f(f(f(f(X, X), X), f(f(X, X), f(X, X))), f(X, V)), f(f(f(f(X, X), X), f(f(X, X), f(X, X))), f(f(f(X, X), X), f(f(X, X), f(X, X))))))), f(X, U))))
= { by lemma 11 }
  f(X, f(f(f(f(f(f(f(X, f(f(X, X), f(X, X))), f(X, V)), f(f(f(f(X, X), X), f(f(X, X), f(X, X))), f(f(f(X, X), X), f(f(X, X), f(X, X))))), X), f(f(f(f(f(f(X, X), X), f(f(X, X), f(X, X))), f(X, V)), f(f(f(f(X, X), X), f(f(X, X), f(X, X))), f(f(f(X, X), X), f(f(X, X), f(X, X))))), f(f(f(f(f(X, X), X), f(f(X, X), f(X, X))), f(X, V)), f(f(f(f(X, X), X), f(f(X, X), f(X, X))), f(f(f(X, X), X), f(f(X, X), f(X, X))))))), f(X, U)), f(f(f(f(f(f(f(f(X, X), X), f(f(X, X), f(X, X))), f(X, V)), f(f(f(f(X, X), X), f(f(X, X), f(X, X))), f(f(f(X, X), X), f(f(X, X), f(X, X))))), X), f(f(f(f(f(f(X, X), X), f(f(X, X), f(X, X))), f(X, V)), f(f(f(f(X, X), X), f(f(X, X), f(X, X))), f(f(f(X, X), X), f(f(X, X), f(X, X))))), f(f(f(f(f(X, X), X), f(f(X, X), f(X, X))), f(X, V)), f(f(f(f(X, X), X), f(f(X, X), f(X, X))), f(f(f(X, X), X), f(f(X, X), f(X, X))))))), f(X, U))))
= { by lemma 9 R->L }
  f(X, W)

Lemma 13: f(X, Y) = X.
Proof:
  f(X, Y)
= { by lemma 9 }
  f(X, f(f(X, Z), W))
= { by lemma 10 R->L }
  f(f(f(X, X), f(f(X, V), f(X, U))), f(f(X, Z), W))
= { by lemma 12 R->L }
  f(f(f(f(X, T), f(X, S)), f(f(X, V), f(X, U))), f(f(X, Z), W))
= { by lemma 12 }
  f(f(f(X, X2), f(f(X, V), f(X, U))), f(f(X, Z), W))
= { by lemma 12 }
  f(f(f(X, X2), f(X, Y2)), f(f(X, Z), W))
= { by lemma 12 }
  f(f(X, X), f(f(X, Z), W))
= { by lemma 10 }
  X

Lemma 14: f(f(f(X, f(f(f(Y, Z), f(Y, Y)), f(Z, W))), f(X, X)), f(f(f(f(Y, Z), f(Y, Y)), f(Z, W)), V)) = f(f(f(X, f(f(f(Y, Z), f(Y, Y)), f(Z, W))), f(X, X)), Z).
Proof:
  f(f(f(X, f(f(f(Y, Z), f(Y, Y)), f(Z, W))), f(X, X)), f(f(f(f(Y, Z), f(Y, Y)), f(Z, W)), V))
= { by lemma 4 }
  f(f(f(X, f(f(f(Y, Z), f(Y, Y)), f(Z, W))), f(X, X)), f(f(f(f(Y, Z), f(Y, Y)), f(Z, W)), f(Y, U)))
= { by axiom 1 (hyp) R->L }
  f(f(f(X, f(f(f(Y, Z), f(Y, Y)), f(Z, W))), f(X, X)), Z)

Lemma 15: f(f(f(f(f(f(f(X, f(f(f(Y, Z), f(Y, Y)), f(Z, W))), f(X, X)), Z), V), f(f(f(f(X, f(f(f(Y, Z), f(Y, Y)), f(Z, W))), f(X, X)), Z), f(f(f(X, f(f(f(Y, Z), f(Y, Y)), f(Z, W))), f(X, X)), Z))), f(V, U)), f(f(f(Y, Z), f(Y, Y)), f(Z, W))) = V.
Proof:
  f(f(f(f(f(f(f(X, f(f(f(Y, Z), f(Y, Y)), f(Z, W))), f(X, X)), Z), V), f(f(f(f(X, f(f(f(Y, Z), f(Y, Y)), f(Z, W))), f(X, X)), Z), f(f(f(X, f(f(f(Y, Z), f(Y, Y)), f(Z, W))), f(X, X)), Z))), f(V, U)), f(f(f(Y, Z), f(Y, Y)), f(Z, W)))
= { by lemma 14 R->L }
  f(f(f(f(f(f(f(X, f(f(f(Y, Z), f(Y, Y)), f(Z, W))), f(X, X)), Z), V), f(f(f(f(X, f(f(f(Y, Z), f(Y, Y)), f(Z, W))), f(X, X)), f(f(f(f(Y, Z), f(Y, Y)), f(Z, W)), f(Y, T))), f(f(f(X, f(f(f(Y, Z), f(Y, Y)), f(Z, W))), f(X, X)), Z))), f(V, U)), f(f(f(Y, Z), f(Y, Y)), f(Z, W)))
= { by lemma 14 R->L }
  f(f(f(f(f(f(f(X, f(f(f(Y, Z), f(Y, Y)), f(Z, W))), f(X, X)), Z), V), f(f(f(f(X, f(f(f(Y, Z), f(Y, Y)), f(Z, W))), f(X, X)), f(f(f(f(Y, Z), f(Y, Y)), f(Z, W)), f(Y, T))), f(f(f(X, f(f(f(Y, Z), f(Y, Y)), f(Z, W))), f(X, X)), f(f(f(f(Y, Z), f(Y, Y)), f(Z, W)), f(Y, T))))), f(V, U)), f(f(f(Y, Z), f(Y, Y)), f(Z, W)))
= { by axiom 1 (hyp) }
  f(f(f(f(f(f(f(X, f(f(f(Y, Z), f(Y, Y)), f(Z, W))), f(X, X)), f(f(f(f(Y, Z), f(Y, Y)), f(Z, W)), f(Y, T))), V), f(f(f(f(X, f(f(f(Y, Z), f(Y, Y)), f(Z, W))), f(X, X)), f(f(f(f(Y, Z), f(Y, Y)), f(Z, W)), f(Y, T))), f(f(f(X, f(f(f(Y, Z), f(Y, Y)), f(Z, W))), f(X, X)), f(f(f(f(Y, Z), f(Y, Y)), f(Z, W)), f(Y, T))))), f(V, U)), f(f(f(Y, Z), f(Y, Y)), f(Z, W)))
= { by lemma 2 }
  V

Goal 1 (goal): x = y.
Proof:
  x
= { by lemma 15 R->L }
  f(f(f(f(f(f(f(f(f(f(X, Y), f(X, X)), f(Y, Z)), f(f(f(X, Y), f(X, X)), f(Y, Z))), f(f(f(f(X, Y), f(X, X)), f(Y, Z)), f(f(f(X, Y), f(X, X)), f(Y, Z)))), Y), x), f(f(f(f(f(f(f(X, Y), f(X, X)), f(Y, Z)), f(f(f(X, Y), f(X, X)), f(Y, Z))), f(f(f(f(X, Y), f(X, X)), f(Y, Z)), f(f(f(X, Y), f(X, X)), f(Y, Z)))), Y), f(f(f(f(f(f(X, Y), f(X, X)), f(Y, Z)), f(f(f(X, Y), f(X, X)), f(Y, Z))), f(f(f(f(X, Y), f(X, X)), f(Y, Z)), f(f(f(X, Y), f(X, X)), f(Y, Z)))), Y))), f(x, W)), f(f(f(X, Y), f(X, X)), f(Y, Z)))
= { by lemma 13 }
  f(f(f(f(f(f(f(f(f(f(X, Y), f(X, X)), f(Y, Z)), f(f(f(X, Y), f(X, X)), f(Y, Z))), f(f(f(X, Y), f(X, X)), f(Y, Z))), Y), x), f(f(f(f(f(f(f(X, Y), f(X, X)), f(Y, Z)), f(f(f(X, Y), f(X, X)), f(Y, Z))), f(f(f(f(X, Y), f(X, X)), f(Y, Z)), f(f(f(X, Y), f(X, X)), f(Y, Z)))), Y), f(f(f(f(f(f(X, Y), f(X, X)), f(Y, Z)), f(f(f(X, Y), f(X, X)), f(Y, Z))), f(f(f(f(X, Y), f(X, X)), f(Y, Z)), f(f(f(X, Y), f(X, X)), f(Y, Z)))), Y))), f(x, W)), f(f(f(X, Y), f(X, X)), f(Y, Z)))
= { by lemma 11 }
  f(f(f(f(f(f(f(f(X, Y), f(X, X)), f(Y, Z)), Y), x), f(f(f(f(f(f(f(X, Y), f(X, X)), f(Y, Z)), f(f(f(X, Y), f(X, X)), f(Y, Z))), f(f(f(f(X, Y), f(X, X)), f(Y, Z)), f(f(f(X, Y), f(X, X)), f(Y, Z)))), Y), f(f(f(f(f(f(X, Y), f(X, X)), f(Y, Z)), f(f(f(X, Y), f(X, X)), f(Y, Z))), f(f(f(f(X, Y), f(X, X)), f(Y, Z)), f(f(f(X, Y), f(X, X)), f(Y, Z)))), Y))), f(x, W)), f(f(f(X, Y), f(X, X)), f(Y, Z)))
= { by lemma 13 }
  f(f(f(f(f(f(f(f(X, Y), f(X, X)), f(Y, Z)), Y), x), f(f(f(f(f(f(f(X, Y), f(X, X)), f(Y, Z)), f(f(f(X, Y), f(X, X)), f(Y, Z))), f(f(f(f(X, Y), f(X, X)), f(Y, Z)), f(f(f(X, Y), f(X, X)), f(Y, Z)))), Y), f(f(f(f(f(f(X, Y), f(X, X)), f(Y, Z)), f(f(f(X, Y), f(X, X)), f(Y, Z))), f(f(f(X, Y), f(X, X)), f(Y, Z))), Y))), f(x, W)), f(f(f(X, Y), f(X, X)), f(Y, Z)))
= { by lemma 13 }
  f(f(f(f(f(f(f(f(X, Y), f(X, X)), f(Y, Z)), Y), x), f(f(f(f(f(f(f(X, Y), f(X, X)), f(Y, Z)), f(f(f(X, Y), f(X, X)), f(Y, Z))), f(f(f(f(X, Y), f(X, X)), f(Y, Z)), f(f(f(X, Y), f(X, X)), f(Y, Z)))), Y), f(f(f(f(f(X, Y), f(X, X)), f(Y, Z)), f(f(f(X, Y), f(X, X)), f(Y, Z))), Y))), f(x, W)), f(f(f(X, Y), f(X, X)), f(Y, Z)))
= { by lemma 13 }
  f(f(f(f(f(f(f(f(X, Y), f(X, X)), f(Y, Z)), Y), x), f(f(f(f(f(f(f(X, Y), f(X, X)), f(Y, Z)), f(f(f(X, Y), f(X, X)), f(Y, Z))), f(f(f(X, Y), f(X, X)), f(Y, Z))), Y), f(f(f(f(f(X, Y), f(X, X)), f(Y, Z)), f(f(f(X, Y), f(X, X)), f(Y, Z))), Y))), f(x, W)), f(f(f(X, Y), f(X, X)), f(Y, Z)))
= { by lemma 13 }
  f(f(f(f(f(f(f(f(X, Y), f(X, X)), f(Y, Z)), Y), x), f(f(f(f(f(f(X, Y), f(X, X)), f(Y, Z)), f(f(f(X, Y), f(X, X)), f(Y, Z))), Y), f(f(f(f(f(X, Y), f(X, X)), f(Y, Z)), f(f(f(X, Y), f(X, X)), f(Y, Z))), Y))), f(x, W)), f(f(f(X, Y), f(X, X)), f(Y, Z)))
= { by lemma 13 }
  f(f(f(f(f(f(f(X, Y), f(X, X)), f(Y, Z)), x), f(f(f(f(f(f(X, Y), f(X, X)), f(Y, Z)), f(f(f(X, Y), f(X, X)), f(Y, Z))), Y), f(f(f(f(f(X, Y), f(X, X)), f(Y, Z)), f(f(f(X, Y), f(X, X)), f(Y, Z))), Y))), f(x, W)), f(f(f(X, Y), f(X, X)), f(Y, Z)))
= { by lemma 13 }
  f(f(f(f(f(f(f(X, Y), f(X, X)), f(Y, Z)), x), f(f(f(f(f(f(X, Y), f(X, X)), f(Y, Z)), f(f(f(X, Y), f(X, X)), f(Y, Z))), Y), f(f(f(f(X, Y), f(X, X)), f(Y, Z)), Y))), f(x, W)), f(f(f(X, Y), f(X, X)), f(Y, Z)))
= { by lemma 13 }
  f(f(f(f(f(f(f(X, Y), f(X, X)), f(Y, Z)), x), f(f(f(f(f(X, Y), f(X, X)), f(Y, Z)), Y), f(f(f(f(X, Y), f(X, X)), f(Y, Z)), Y))), f(x, W)), f(f(f(X, Y), f(X, X)), f(Y, Z)))
= { by lemma 13 }
  f(f(f(f(f(f(X, Y), f(X, X)), f(Y, Z)), f(f(f(f(f(X, Y), f(X, X)), f(Y, Z)), Y), f(f(f(f(X, Y), f(X, X)), f(Y, Z)), Y))), f(x, W)), f(f(f(X, Y), f(X, X)), f(Y, Z)))
= { by lemma 13 }
  f(f(f(f(f(X, Y), f(X, X)), f(Y, Z)), f(x, W)), f(f(f(X, Y), f(X, X)), f(Y, Z)))
= { by lemma 9 R->L }
  f(f(f(f(f(X, Y), f(X, X)), f(Y, Z)), f(y, V)), f(f(f(X, Y), f(X, X)), f(Y, Z)))
= { by lemma 13 R->L }
  f(f(f(f(f(f(X, Y), f(X, X)), f(Y, Z)), f(f(f(f(f(f(X, Y), f(X, X)), f(Y, Z)), f(f(f(X, Y), f(X, X)), f(Y, Z))), Y), f(f(f(f(f(X, Y), f(X, X)), f(Y, Z)), f(f(f(X, Y), f(X, X)), f(Y, Z))), Y))), f(y, V)), f(f(f(X, Y), f(X, X)), f(Y, Z)))
= { by lemma 13 R->L }
  f(f(f(f(f(f(f(X, Y), f(X, X)), f(Y, Z)), y), f(f(f(f(f(f(X, Y), f(X, X)), f(Y, Z)), f(f(f(X, Y), f(X, X)), f(Y, Z))), Y), f(f(f(f(f(X, Y), f(X, X)), f(Y, Z)), f(f(f(X, Y), f(X, X)), f(Y, Z))), Y))), f(y, V)), f(f(f(X, Y), f(X, X)), f(Y, Z)))
= { by lemma 13 R->L }
  f(f(f(f(f(f(f(X, Y), f(X, X)), f(Y, Z)), y), f(f(f(f(f(f(X, Y), f(X, X)), f(Y, Z)), f(f(f(X, Y), f(X, X)), f(Y, Z))), Y), f(f(f(f(f(X, Y), f(X, X)), f(Y, Z)), f(f(f(f(X, Y), f(X, X)), f(Y, Z)), f(f(f(X, Y), f(X, X)), f(Y, Z)))), Y))), f(y, V)), f(f(f(X, Y), f(X, X)), f(Y, Z)))
= { by lemma 13 R->L }
  f(f(f(f(f(f(f(X, Y), f(X, X)), f(Y, Z)), y), f(f(f(f(f(f(X, Y), f(X, X)), f(Y, Z)), f(f(f(X, Y), f(X, X)), f(Y, Z))), Y), f(f(f(f(f(f(X, Y), f(X, X)), f(Y, Z)), f(f(f(X, Y), f(X, X)), f(Y, Z))), f(f(f(f(X, Y), f(X, X)), f(Y, Z)), f(f(f(X, Y), f(X, X)), f(Y, Z)))), Y))), f(y, V)), f(f(f(X, Y), f(X, X)), f(Y, Z)))
= { by lemma 13 R->L }
  f(f(f(f(f(f(f(X, Y), f(X, X)), f(Y, Z)), y), f(f(f(f(f(f(X, Y), f(X, X)), f(Y, Z)), f(f(f(f(X, Y), f(X, X)), f(Y, Z)), f(f(f(X, Y), f(X, X)), f(Y, Z)))), Y), f(f(f(f(f(f(X, Y), f(X, X)), f(Y, Z)), f(f(f(X, Y), f(X, X)), f(Y, Z))), f(f(f(f(X, Y), f(X, X)), f(Y, Z)), f(f(f(X, Y), f(X, X)), f(Y, Z)))), Y))), f(y, V)), f(f(f(X, Y), f(X, X)), f(Y, Z)))
= { by lemma 13 R->L }
  f(f(f(f(f(f(f(X, Y), f(X, X)), f(Y, Z)), y), f(f(f(f(f(f(f(X, Y), f(X, X)), f(Y, Z)), f(f(f(X, Y), f(X, X)), f(Y, Z))), f(f(f(f(X, Y), f(X, X)), f(Y, Z)), f(f(f(X, Y), f(X, X)), f(Y, Z)))), Y), f(f(f(f(f(f(X, Y), f(X, X)), f(Y, Z)), f(f(f(X, Y), f(X, X)), f(Y, Z))), f(f(f(f(X, Y), f(X, X)), f(Y, Z)), f(f(f(X, Y), f(X, X)), f(Y, Z)))), Y))), f(y, V)), f(f(f(X, Y), f(X, X)), f(Y, Z)))
= { by lemma 13 R->L }
  f(f(f(f(f(f(f(f(X, Y), f(X, X)), f(Y, Z)), Y), y), f(f(f(f(f(f(f(X, Y), f(X, X)), f(Y, Z)), f(f(f(X, Y), f(X, X)), f(Y, Z))), f(f(f(f(X, Y), f(X, X)), f(Y, Z)), f(f(f(X, Y), f(X, X)), f(Y, Z)))), Y), f(f(f(f(f(f(X, Y), f(X, X)), f(Y, Z)), f(f(f(X, Y), f(X, X)), f(Y, Z))), f(f(f(f(X, Y), f(X, X)), f(Y, Z)), f(f(f(X, Y), f(X, X)), f(Y, Z)))), Y))), f(y, V)), f(f(f(X, Y), f(X, X)), f(Y, Z)))
= { by lemma 11 R->L }
  f(f(f(f(f(f(f(f(f(f(X, Y), f(X, X)), f(Y, Z)), f(f(f(X, Y), f(X, X)), f(Y, Z))), f(f(f(X, Y), f(X, X)), f(Y, Z))), Y), y), f(f(f(f(f(f(f(X, Y), f(X, X)), f(Y, Z)), f(f(f(X, Y), f(X, X)), f(Y, Z))), f(f(f(f(X, Y), f(X, X)), f(Y, Z)), f(f(f(X, Y), f(X, X)), f(Y, Z)))), Y), f(f(f(f(f(f(X, Y), f(X, X)), f(Y, Z)), f(f(f(X, Y), f(X, X)), f(Y, Z))), f(f(f(f(X, Y), f(X, X)), f(Y, Z)), f(f(f(X, Y), f(X, X)), f(Y, Z)))), Y))), f(y, V)), f(f(f(X, Y), f(X, X)), f(Y, Z)))
= { by lemma 13 R->L }
  f(f(f(f(f(f(f(f(f(f(X, Y), f(X, X)), f(Y, Z)), f(f(f(X, Y), f(X, X)), f(Y, Z))), f(f(f(f(X, Y), f(X, X)), f(Y, Z)), f(f(f(X, Y), f(X, X)), f(Y, Z)))), Y), y), f(f(f(f(f(f(f(X, Y), f(X, X)), f(Y, Z)), f(f(f(X, Y), f(X, X)), f(Y, Z))), f(f(f(f(X, Y), f(X, X)), f(Y, Z)), f(f(f(X, Y), f(X, X)), f(Y, Z)))), Y), f(f(f(f(f(f(X, Y), f(X, X)), f(Y, Z)), f(f(f(X, Y), f(X, X)), f(Y, Z))), f(f(f(f(X, Y), f(X, X)), f(Y, Z)), f(f(f(X, Y), f(X, X)), f(Y, Z)))), Y))), f(y, V)), f(f(f(X, Y), f(X, X)), f(Y, Z)))
= { by lemma 15 }
  y
% SZS output end Proof

RESULT: Theorem (the conjecture is true).
