% law: x = ((y ◇ (((w ◇ x) ◇ y) ◇ x)) ◇ ((y ◇ (z ◇ x)) ◇ y))
% config: vampire/sat/otter+kbo @ 30s

% Running in auto input_syntax mode. Trying TPTP
[SA] active: 6. sK0 != sK1 [cnf transformation 4]
[SA] active: 5. f(f(X2,f(f(f(X0,X1),X2),X1)),f(f(X2,f(X3,X1)),X2)) = X1 [cnf transformation 1]
[SA] active: 7. f(f(X2,f(X4,X0)),X2) = f(f(X1,f(f(X0,X1),f(f(X2,f(X4,X0)),X2))),f(f(X1,f(X5,f(f(X2,f(X4,X0)),X2))),X1)) [superposition 5,5]
[SA] active: 9. f(f(X3,f(X4,X0)),X3) = f(f(X1,f(f(f(X2,f(f(X3,f(X4,X0)),X3)),X1),f(f(X3,f(X4,X0)),X3))),f(f(X1,X0),X1)) [superposition 5,5]
[SA] active: 19. f(f(X1,f(X2,X0)),X1) = f(f(X3,f(f(X0,X3),f(f(X1,f(X2,X0)),X1))),f(f(X3,X0),X3)) [superposition 7,5]
[SA] active: 10. f(f(f(X1,f(f(f(X2,X0),X1),X0)),f(f(f(X3,X1),f(X1,f(f(f(X2,X0),X1),X0))),X1)),f(X0,f(X1,f(f(f(X2,X0),X1),X0)))) = X1 [superposition 5,5]
[SA] active: 15. f(f(X1,X0),X1) = f(f(X5,f(f(f(f(X2,f(X4,X0)),X2),X5),f(f(X1,X0),X1))),f(f(X5,f(X6,f(f(X1,X0),X1))),X5)) [superposition 7,5]
[SA] active: 8. f(f(f(X3,X0),X1),X0) = f(f(f(f(X1,f(X2,X0)),X1),f(X0,f(f(f(X3,X0),X1),X0))),f(f(f(f(X1,f(X2,X0)),X1),f(X4,f(f(f(X3,X0),X1),X0))),f(f(X1,f(X2,X0)),X1))) [superposition 5,5]
[SA] active: 29. f(f(X4,f(X2,X3)),X4) = f(f(X5,f(f(f(f(X0,f(X1,f(X2,X3))),X0),X5),f(f(X4,f(X2,X3)),X4))),f(f(X5,X3),X5)) [superposition 9,9]
[SA] active: 44. f(f(X4,f(X2,X3)),X4) = f(f(X5,f(f(X3,X5),f(f(X4,f(X2,X3)),X4))),f(f(X5,f(f(X0,f(X1,f(X2,X3))),X0)),X5)) [superposition 7,9]
[SA] active: 47. f(f(X5,X2),X5) = f(f(X3,f(f(f(X4,f(f(X5,X2),X5)),X3),f(f(X5,X2),X5))),f(f(X3,f(f(X0,f(X1,X2)),X0)),X3)) [superposition 5,9]
[SA] active: 106. f(f(X1,X0),X1) = f(f(X5,f(f(f(X3,f(X0,f(f(f(X2,X3),X0),X3))),X5),f(f(X1,X0),X1))),f(f(X5,f(X6,f(f(X1,X0),X1))),X5)) [superposition 7,10]
[SA] active: 53. f(f(X1,X0),X1) = f(f(X5,f(f(f(f(X2,f(X4,X0)),X2),X5),f(f(X1,X0),X1))),f(f(X5,f(f(X2,f(X4,X0)),X2)),X5)) [superposition 19,5]
[SA] active: 107. f(f(X1,X0),X1) = f(f(X5,f(f(f(X6,f(f(X1,X0),X1)),X5),f(f(X1,X0),X1))),f(f(X5,f(X3,f(X0,f(f(f(X2,X3),X0),X3)))),X5)) [superposition 9,10]
[SA] active: 57. f(X0,f(X1,f(f(f(X2,X0),X1),X0))) = f(f(X4,f(f(X1,X4),f(X0,f(X1,f(f(f(X2,X0),X1),X0))))),f(f(X4,X1),X4)) [superposition 19,5]
[SA] active: 13. f(f(X0,f(X1,X0)),X0) = f(f(f(f(f(X2,X0),X0),X0),X0),f(f(f(f(f(X2,X0),X0),X0),f(X3,f(f(X0,f(X1,X0)),X0))),f(f(f(X2,X0),X0),X0))) [superposition 7,5]
[SA] active: 61. f(f(X0,f(X1,X0)),X0) = f(f(f(f(f(X2,X0),X0),X0),X0),f(f(f(f(f(X2,X0),X0),X0),X0),f(f(f(X2,X0),X0),X0))) [superposition 19,5]
[SA] active: 17. f(X0,f(X1,f(f(f(X2,X0),X1),X0))) = f(f(X4,f(f(X1,X4),f(X0,f(X1,f(f(f(X2,X0),X1),X0))))),f(f(X4,f(X5,f(X0,f(X1,f(f(f(X2,X0),X1),X0))))),X4)) [superposition 7,5]
[SA] active: 1086. f(f(X0,f(X1,X0)),X0) = f(f(X0,f(X2,X0)),X0) [superposition 61,61]
[SA] active: 33. f(X0,f(X1,f(f(f(X2,X0),X1),X0))) = f(f(X4,f(f(f(X5,f(X0,f(X1,f(f(f(X2,X0),X1),X0)))),X4),f(X0,f(X1,f(f(f(X2,X0),X1),X0))))),f(f(X4,X1),X4)) [superposition 9,5]
[SA] active: 1590. f(X2,X0) = f(f(X0,f(f(f(X0,f(X1,X0)),X0),f(X2,X0))),f(f(X0,f(X3,f(X2,X0))),X0)) [superposition 5,1086]
[SA] active: 20. f(f(X3,f(X4,f(f(X0,f(X1,X2)),X0))),X3) = f(f(X5,f(f(f(f(X0,f(X1,X2)),X0),X5),f(f(X3,f(X4,f(f(X0,f(X1,X2)),X0))),X3))),f(f(X5,f(f(X0,f(X1,X2)),X0)),X5)) [superposition 7,7]
[SA] active: 1578. f(f(X2,f(X3,X4)),X2) = f(f(X0,f(f(X4,X0),f(f(X2,f(X3,X4)),X2))),f(f(X0,f(X1,X0)),X0)) [superposition 44,1086]
[SA] active: 32. f(f(X3,f(f(X0,f(X1,X2)),X0)),X3) = f(f(X6,f(f(f(X7,f(f(X3,f(f(X0,f(X1,X2)),X0)),X3)),X6),f(f(X3,f(f(X0,f(X1,X2)),X0)),X3))),f(f(X6,f(f(X4,X2),X4)),X6)) [superposition 9,9]
[SA] active: 1579. f(f(X2,X3),X2) = f(f(X0,f(f(f(f(X0,f(X4,X3)),X0),X0),f(f(X2,X3),X2))),f(f(X0,f(X1,X0)),X0)) [superposition 53,1086]
[SA] active: 45. f(f(X3,f(f(X0,f(X1,X2)),X0)),X3) = f(f(X6,f(f(f(f(X4,X2),X4),X6),f(f(X3,f(f(X0,f(X1,X2)),X0)),X3))),f(f(X6,f(X7,f(f(X3,f(f(X0,f(X1,X2)),X0)),X3))),X6)) [superposition 7,9]
[SA] active: 1580. f(f(X2,X3),X2) = f(f(X0,f(f(f(X4,f(f(X2,X3),X2)),X0),f(f(X2,X3),X2))),f(f(X0,f(X1,X0)),X0)) [superposition 47,1086]
[SA] active: 24. f(f(f(X3,f(f(X2,X3),f(f(X0,f(X1,X2)),X0))),f(f(f(X4,X3),f(X3,f(f(X2,X3),f(f(X0,f(X1,X2)),X0)))),X3)),f(f(f(X0,f(X1,X2)),X0),f(X3,f(f(X2,X3),f(f(X0,f(X1,X2)),X0))))) = X3 [superposition 5,7]
[SA] active: 3264. f(f(X0,X2),X0) = f(f(X0,f(f(f(X0,f(X1,X0)),X0),f(f(X0,X2),X0))),f(f(X0,f(X3,X0)),X0)) [superposition 1580,1086]
[SA] active: 16. f(f(X3,f(f(X0,f(X1,X2)),X0)),X3) = f(f(X6,f(f(f(f(X4,f(X5,f(f(X0,f(X1,X2)),X0))),X4),X6),f(f(X3,f(f(X0,f(X1,X2)),X0)),X3))),f(f(X6,f(X7,f(f(X3,f(f(X0,f(X1,X2)),X0)),X3))),X6)) [superposition 7,7]
[SA] active: 1599. f(f(X0,f(X2,X3)),X0) = f(f(X0,f(f(f(X0,f(X1,X0)),X0),f(f(X0,f(X2,X3)),X0))),f(f(X0,X3),X0)) [superposition 9,1086]
[SA] active: 92. f(f(f(X1,f(f(X0,X1),f(X3,f(X0,f(f(f(X2,X3),X0),X3))))),f(f(f(X5,X1),f(X1,f(f(X0,X1),f(X3,f(X0,f(f(f(X2,X3),X0),X3)))))),X1)),f(f(X3,f(X0,f(f(f(X2,X3),X0),X3))),f(X1,f(f(X0,X1),f(X3,f(X0,f(f(f(X2,X3),X0),X3))))))) = X1 [superposition 10,10]
[SA] active: 2232. f(f(X1,X0),X1) = f(f(X5,f(f(f(f(X2,f(X4,X0)),X2),X5),f(f(X1,X0),X1))),f(f(X5,f(X6,X5)),X5)) [superposition 1578,5]
[SA] active: 11. f(f(X1,f(X2,f(X3,f(f(f(X4,X0),X3),X0)))),X1) = f(f(f(f(X3,f(X5,X0)),X3),f(X0,f(f(X1,f(X2,f(X3,f(f(f(X4,X0),X3),X0)))),X1))),f(f(f(f(X3,f(X5,X0)),X3),f(X6,f(f(X1,f(X2,f(X3,f(f(f(X4,X0),X3),X0)))),X1))),f(f(X3,f(X5,X0)),X3))) [superposition 7,5]
[SA] active: 2833. f(f(X2,f(X3,X2)),X2) = f(f(X4,f(f(X2,X4),f(f(X2,f(X3,X2)),X2))),f(f(X4,f(f(X0,X1),X0)),X4)) [superposition 7,1579]
[SA] active: 36. f(f(X1,f(X2,f(f(X3,f(X4,X0)),X3))),X1) = f(f(f(X3,f(f(f(X5,X0),X3),X0)),f(f(f(X6,f(f(X1,f(X2,f(f(X3,f(X4,X0)),X3))),X1)),f(X3,f(f(f(X5,X0),X3),X0))),f(f(X1,f(X2,f(f(X3,f(X4,X0)),X3))),X1))),f(X0,f(X3,f(f(f(X5,X0),X3),X0)))) [superposition 9,5]
[SA] active: 2834. f(f(X2,f(X3,X2)),X2) = f(f(X4,f(f(f(f(X0,X1),X0),X4),f(f(X2,f(X3,X2)),X2))),f(f(X4,X2),X4)) [superposition 9,1579]
[SA] active: 18. f(f(f(X0,f(X1,X2)),X0),f(X3,f(f(X2,X3),f(f(X0,f(X1,X2)),X0)))) = f(f(X5,f(f(X3,X5),f(f(f(X0,f(X1,X2)),X0),f(X3,f(f(X2,X3),f(f(X0,f(X1,X2)),X0)))))),f(f(X5,f(X6,f(f(f(X0,f(X1,X2)),X0),f(X3,f(f(X2,X3),f(f(X0,f(X1,X2)),X0)))))),X5)) [superposition 7,7]
[SA] active: 1598. f(f(X0,X2),X0) = f(f(X0,f(f(f(X0,f(X1,X0)),X0),f(f(X0,X2),X0))),f(f(X0,f(f(X3,f(X4,X2)),X3)),X0)) [superposition 47,1086]
[SA] active: 34. f(f(f(X0,f(X1,X2)),X0),f(X3,f(f(X2,X3),f(f(X0,f(X1,X2)),X0)))) = f(f(X5,f(f(f(X6,f(f(f(X0,f(X1,X2)),X0),f(X3,f(f(X2,X3),f(f(X0,f(X1,X2)),X0))))),X5),f(f(f(X0,f(X1,X2)),X0),f(X3,f(f(X2,X3),f(f(X0,f(X1,X2)),X0)))))),f(f(X5,X3),X5)) [superposition 9,7]
[SA] active: 2337. f(f(X3,f(X4,X3)),X3) = f(f(X5,f(f(f(f(X0,f(X1,X2)),X0),X5),f(f(X3,f(X4,X3)),X3))),f(f(X5,X3),X5)) [superposition 9,1578]
[SA] active: 198. f(f(X2,f(X3,X1)),X2) = f(f(f(f(f(X2,f(X3,X1)),X2),f(X1,f(f(f(X0,X1),X2),X1))),f(f(X1,f(f(f(X2,f(X3,X1)),X2),f(X1,f(f(f(X0,X1),X2),X1)))),f(f(X2,f(X3,X1)),X2))),f(f(f(f(X0,X1),X2),X1),f(f(f(X2,f(X3,X1)),X2),f(X1,f(f(f(X0,X1),X2),X1))))) [superposition 7,8]
[SA] active: 2338. f(f(X3,f(X4,X3)),X3) = f(f(X5,f(f(X3,X5),f(f(X3,f(X4,X3)),X3))),f(f(X5,f(f(X0,f(X1,X2)),X0)),X5)) [superposition 7,1578]
[SA] active: 21. f(f(X1,f(X2,X3)),X1) = f(f(f(f(f(X1,f(X2,X3)),X1),f(f(f(X4,X0),f(f(X1,f(X2,X3)),X1)),X0)),f(f(X3,f(f(f(X1,f(X2,X3)),X1),f(f(f(X4,X0),f(f(X1,f(X2,X3)),X1)),X0))),f(f(X1,f(X2,X3)),X1))),f(X0,f(f(f(X1,f(X2,X3)),X1),f(f(f(X4,X0),f(f(X1,f(X2,X3)),X1)),X0)))) [superposition 7,5]
[SA] active: 3246. f(f(X2,f(X3,X2)),X2) = f(f(X4,f(f(f(f(X0,X1),X0),X4),f(f(X2,f(X3,X2)),X2))),f(f(X4,f(X6,X4)),X4)) [superposition 1580,1579]
[SA] active: 23. f(f(X2,X3),f(f(X0,f(X1,X2)),X0)) = f(f(f(f(X3,f(X4,f(f(X0,f(X1,X2)),X0))),X3),f(f(f(X0,f(X1,X2)),X0),f(f(X2,X3),f(f(X0,f(X1,X2)),X0)))),f(f(f(f(X3,f(X4,f(f(X0,f(X1,X2)),X0))),X3),f(X5,f(f(X2,X3),f(f(X0,f(X1,X2)),X0)))),f(f(X3,f(X4,f(f(X0,f(X1,X2)),X0))),X3))) [superposition 5,7]
[SA] active: 139. f(f(X3,X2),X3) = f(f(X4,f(f(f(f(X5,f(X6,X2)),X5),X4),f(f(X3,X2),X3))),f(f(X4,f(f(X0,f(X1,X2)),X0)),X4)) [superposition 15,19]
[SA] active: 40. f(f(f(X4,f(f(X0,f(X1,X2)),X0)),X3),f(f(X0,f(X1,X2)),X0)) = f(f(f(f(X3,X2),X3),f(f(f(X0,f(X1,X2)),X0),f(f(f(X4,f(f(X0,f(X1,X2)),X0)),X3),f(f(X0,f(X1,X2)),X0)))),f(f(f(f(X3,X2),X3),f(X5,f(f(f(X4,f(f(X0,f(X1,X2)),X0)),X3),f(f(X0,f(X1,X2)),X0)))),f(f(X3,X2),X3))) [superposition 5,9]
[SA] active: 1565. f(f(X0,f(X1,X0)),X0) = f(f(X3,f(f(f(f(X4,f(X5,f(X2,X0))),X4),X3),f(f(X0,f(X1,X0)),X0))),f(f(X3,X0),X3)) [superposition 29,1086]
[SA] active: 93. f(f(X1,f(X2,X0)),X1) = f(f(f(f(f(X1,f(X2,X0)),X1),f(X0,f(f(f(X3,X0),X1),X0))),f(f(f(X4,f(f(X1,f(X2,X0)),X1)),f(f(f(X1,f(X2,X0)),X1),f(X0,f(f(f(X3,X0),X1),X0)))),f(f(X1,f(X2,X0)),X1))),f(f(f(f(X3,X0),X1),X0),f(f(f(X1,f(X2,X0)),X1),f(X0,f(f(f(X3,X0),X1),X0))))) [superposition 10,5]
[SA] active: 1566. f(f(X0,f(X1,X0)),X0) = f(f(X3,f(f(X0,X3),f(f(X0,f(X1,X0)),X0))),f(f(X3,f(f(X4,f(X5,f(X2,X0))),X4)),X3)) [superposition 44,1086]
[SA] active: 98. f(f(f(X3,X0),f(X0,f(f(f(X2,X1),X0),X1))),X0) = f(f(f(X1,f(X0,f(f(f(X2,X1),X0),X1))),f(X0,f(f(f(X3,X0),f(X0,f(f(f(X2,X1),X0),X1))),X0))),f(f(f(X1,f(X0,f(f(f(X2,X1),X0),X1))),f(X4,f(f(f(X3,X0),f(X0,f(f(f(X2,X1),X0),X1))),X0))),f(X1,f(X0,f(f(f(X2,X1),X0),X1))))) [superposition 5,10]
[SA] active: 1583. f(f(X2,f(X3,f(X4,X0))),X2) = f(f(X0,f(f(f(X4,X0),X0),f(f(X2,f(X3,f(X4,X0))),X2))),f(f(X0,f(X1,X0)),X0)) [superposition 19,1086]
[SA] active: 205. f(f(f(f(X0,X1),X2),X1),f(f(f(X2,f(X3,X1)),X2),f(X1,f(f(f(X0,X1),X2),X1)))) = f(f(X5,f(f(f(X6,f(f(f(f(X0,X1),X2),X1),f(f(f(X2,f(X3,X1)),X2),f(X1,f(f(f(X0,X1),X2),X1))))),X5),f(f(f(f(X0,X1),X2),X1),f(f(f(X2,f(X3,X1)),X2),f(X1,f(f(f(X0,X1),X2),X1)))))),f(f(X5,f(f(X2,f(X3,X1)),X2)),X5)) [superposition 9,8]
[SA] active: 2244. f(f(X1,X0),X1) = f(f(X5,f(f(f(X3,f(X0,f(f(f(X2,X3),X0),X3))),X5),f(f(X1,X0),X1))),f(f(X5,f(X6,X5)),X5)) [superposition 1578,10]
[SA] active: 206. f(f(f(f(X0,X1),X2),X1),f(f(f(X2,f(X3,X1)),X2),f(X1,f(f(f(X0,X1),X2),X1)))) = f(f(X5,f(f(f(f(X2,f(X3,X1)),X2),X5),f(f(f(f(X0,X1),X2),X1),f(f(f(X2,f(X3,X1)),X2),f(X1,f(f(f(X0,X1),X2),X1)))))),f(f(X5,f(X6,f(f(f(f(X0,X1),X2),X1),f(f(f(X2,f(X3,X1)),X2),f(X1,f(f(f(X0,X1),X2),X1)))))),X5)) [superposition 7,8]
[SA] active: 2863. f(f(X2,f(X3,X2)),X2) = f(f(X2,f(f(f(X2,f(X4,X2)),X2),f(f(X2,f(X3,X2)),X2))),f(f(X2,f(f(X0,X1),X0)),X2)) [superposition 1590,1579]
[SA] active: 39. f(f(X3,f(X2,X3)),X3) = f(f(f(f(f(X4,f(f(X0,f(X1,f(X2,X3))),X0)),X3),f(f(X0,f(X1,f(X2,X3))),X0)),f(f(X0,f(X1,f(X2,X3))),X0)),f(f(f(f(f(X4,f(f(X0,f(X1,f(X2,X3))),X0)),X3),f(f(X0,f(X1,f(X2,X3))),X0)),f(X5,f(f(X3,f(X2,X3)),X3))),f(f(f(X4,f(f(X0,f(X1,f(X2,X3))),X0)),X3),f(f(X0,f(X1,f(X2,X3))),X0)))) [superposition 7,9]
[SA] active: 3252. f(f(X3,f(X4,X3)),X3) = f(f(X5,f(f(f(f(X0,f(X1,X2)),X0),X5),f(f(X3,f(X4,X3)),X3))),f(f(X5,f(X6,X5)),X5)) [superposition 1580,1578]
[SA] active: 35. f(f(f(X0,f(X1,X2)),X0),f(X3,f(f(f(X4,f(f(X0,f(X1,X2)),X0)),X3),f(f(X0,f(X1,X2)),X0)))) = f(f(X5,f(f(f(X6,f(f(f(X0,f(X1,X2)),X0),f(X3,f(f(f(X4,f(f(X0,f(X1,X2)),X0)),X3),f(f(X0,f(X1,X2)),X0))))),X5),f(f(f(X0,f(X1,X2)),X0),f(X3,f(f(f(X4,f(f(X0,f(X1,X2)),X0)),X3),f(f(X0,f(X1,X2)),X0)))))),f(f(X5,X3),X5)) [superposition 9,9]
[SA] active: 1597. f(f(X0,X2),X0) = f(f(X0,f(f(f(X0,f(X1,X0)),X0),f(f(X0,X2),X0))),f(f(X0,f(X3,f(X2,f(f(f(X4,X3),X2),X3)))),X0)) [superposition 107,1086]
[SA] active: 22. f(f(X3,f(X4,X5)),X3) = f(f(f(f(f(X3,f(X4,X5)),X3),f(f(X2,f(f(X3,f(X4,X5)),X3)),f(f(X0,f(X1,X2)),X0))),f(f(X5,f(f(f(X3,f(X4,X5)),X3),f(f(X2,f(f(X3,f(X4,X5)),X3)),f(f(X0,f(X1,X2)),X0)))),f(f(X3,f(X4,X5)),X3))),f(f(f(X0,f(X1,X2)),X0),f(f(f(X3,f(X4,X5)),X3),f(f(X2,f(f(X3,f(X4,X5)),X3)),f(f(X0,f(X1,X2)),X0))))) [superposition 7,7]
[SA] active: 2239. f(f(X2,f(X0,X1)),X2) = f(f(X5,f(f(f(f(X1,f(X4,f(X0,X1))),X1),X5),f(f(X2,f(X0,X1)),X2))),f(f(X5,f(X6,X5)),X5)) [superposition 1578,1590]
[SA] active: 12. f(f(X3,f(X4,f(X5,f(f(X2,X5),f(f(X0,f(X1,X2)),X0))))),X3) = f(f(f(f(X5,f(X6,f(f(X0,f(X1,X2)),X0))),X5),f(f(f(X0,f(X1,X2)),X0),f(f(X3,f(X4,f(X5,f(f(X2,X5),f(f(X0,f(X1,X2)),X0))))),X3))),f(f(f(f(X5,f(X6,f(f(X0,f(X1,X2)),X0))),X5),f(X7,f(f(X3,f(X4,f(X5,f(f(X2,X5),f(f(X0,f(X1,X2)),X0))))),X3))),f(f(X5,f(X6,f(f(X0,f(X1,X2)),X0))),X5))) [superposition 7,7]
[SA] active: 2256. f(X0,f(X1,f(f(f(X2,X0),X1),X0))) = f(f(X4,f(f(X1,X4),f(X0,f(X1,f(f(f(X2,X0),X1),X0))))),f(f(X4,f(X5,X4)),X4)) [superposition 1578,5]
[SA] active: 37. f(f(X3,f(X4,f(f(X5,f(X6,f(f(X0,f(X1,X2)),X0))),X5))),X3) = f(f(f(X5,f(f(X2,X5),f(f(X0,f(X1,X2)),X0))),f(f(f(X7,f(f(X3,f(X4,f(f(X5,f(X6,f(f(X0,f(X1,X2)),X0))),X5))),X3)),f(X5,f(f(X2,X5),f(f(X0,f(X1,X2)),X0)))),f(f(X3,f(X4,f(f(X5,f(X6,f(f(X0,f(X1,X2)),X0))),X5))),X3))),f(f(f(X0,f(X1,X2)),X0),f(X5,f(f(X2,X5),f(f(X0,f(X1,X2)),X0))))) [superposition 9,7]
[SA] active: 2358. f(f(X3,f(X4,X3)),X3) = f(f(X3,f(f(f(X3,f(X5,X3)),X3),f(f(X3,f(X4,X3)),X3))),f(f(X3,f(f(X0,f(X1,X2)),X0)),X3)) [superposition 1590,1578]
[SA] active: 38. f(f(X3,f(X4,f(f(X5,X2),X5))),X3) = f(f(f(X5,f(f(f(X6,f(f(X0,f(X1,X2)),X0)),X5),f(f(X0,f(X1,X2)),X0))),f(f(f(X7,f(f(X3,f(X4,f(f(X5,X2),X5))),X3)),f(X5,f(f(f(X6,f(f(X0,f(X1,X2)),X0)),X5),f(f(X0,f(X1,X2)),X0)))),f(f(X3,f(X4,f(f(X5,X2),X5))),X3))),f(f(f(X0,f(X1,X2)),X0),f(X5,f(f(f(X6,f(f(X0,f(X1,X2)),X0)),X5),f(f(X0,f(X1,X2)),X0))))) [superposition 9,9]
[SA] active: 2789. f(f(X0,f(X1,X0)),X0) = f(f(X3,f(f(f(f(X3,f(X4,f(X2,X0))),X3),X3),f(f(X0,f(X1,X0)),X0))),f(f(X3,f(X5,X3)),X3)) [superposition 1579,1086]
[SA] active: 46. f(f(X3,f(X4,f(X5,f(f(f(X6,f(f(X0,f(X1,X2)),X0)),X5),f(f(X0,f(X1,X2)),X0))))),X3) = f(f(f(f(X5,X2),X5),f(f(f(X0,f(X1,X2)),X0),f(f(X3,f(X4,f(X5,f(f(f(X6,f(f(X0,f(X1,X2)),X0)),X5),f(f(X0,f(X1,X2)),X0))))),X3))),f(f(f(f(X5,X2),X5),f(X7,f(f(X3,f(X4,f(X5,f(f(f(X6,f(f(X0,f(X1,X2)),X0)),X5),f(f(X0,f(X1,X2)),X0))))),X3))),f(f(X5,X2),X5))) [superposition 7,9]
[SA] active: 5590. f(f(X1,f(X2,X1)),X1) = f(f(X3,f(f(X1,X3),f(f(X1,f(X2,X1)),X1))),f(f(X3,f(X0,f(X4,f(f(f(X5,X0),X4),X0)))),X3)) [superposition 2833,5]
[SA] active: 14. f(f(f(f(X0,f(X1,X2)),X0),f(X3,f(f(X0,f(X1,X2)),X0))),f(f(X0,f(X1,X2)),X0)) = f(f(f(f(X2,f(f(X0,f(X1,X2)),X0)),f(f(X0,f(X1,X2)),X0)),f(f(X0,f(X1,X2)),X0)),f(f(f(f(X2,f(f(X0,f(X1,X2)),X0)),f(f(X0,f(X1,X2)),X0)),f(X4,f(f(f(f(X0,f(X1,X2)),X0),f(X3,f(f(X0,f(X1,X2)),X0))),f(f(X0,f(X1,X2)),X0)))),f(f(X2,f(f(X0,f(X1,X2)),X0)),f(f(X0,f(X1,X2)),X0)))) [superposition 7,7]
[SA] active: 5685. f(f(X2,f(f(X3,X4),X3)),X2) = f(f(X5,f(f(X3,X5),f(f(X2,f(f(X3,X4),X3)),X2))),f(f(X5,f(f(X0,f(X1,X0)),X0)),X5)) [superposition 7,2833]
[SA] active: 172. f(f(X0,X4),f(X2,f(X0,f(f(f(X1,X2),X0),X2)))) = f(f(f(f(X4,f(X5,f(X2,f(X0,f(f(f(X1,X2),X0),X2))))),X4),f(f(X2,f(X0,f(f(f(X1,X2),X0),X2))),f(f(X0,X4),f(X2,f(X0,f(f(f(X1,X2),X0),X2)))))),f(f(f(f(X4,f(X5,f(X2,f(X0,f(f(f(X1,X2),X0),X2))))),X4),f(X6,f(f(X0,X4),f(X2,f(X0,f(f(f(X1,X2),X0),X2)))))),f(f(X4,f(X5,f(X2,f(X0,f(f(f(X1,X2),X0),X2))))),X4))) [superposition 8,10]
[SA] active: 5686. f(f(X2,f(f(X3,X4),X3)),X2) = f(f(X5,f(f(f(f(X0,f(X1,X0)),X0),X5),f(f(X2,f(f(X3,X4),X3)),X2))),f(f(X5,X3),X5)) [superposition 9,2833]
[SA] active: 186. f(f(f(X1,f(X2,f(X0,f(f(f(X3,X2),X0),X2)))),X4),f(X2,f(X0,f(f(f(X3,X2),X0),X2)))) = f(f(f(f(X4,X0),X4),f(f(X2,f(X0,f(f(f(X3,X2),X0),X2))),f(f(f(X1,f(X2,f(X0,f(f(f(X3,X2),X0),X2)))),X4),f(X2,f(X0,f(f(f(X3,X2),X0),X2)))))),f(f(f(f(X4,X0),X4),f(X6,f(f(f(X1,f(X2,f(X0,f(f(f(X3,X2),X0),X2)))),X4),f(X2,f(X0,f(f(f(X3,X2),X0),X2)))))),f(f(X4,X0),X4))) [superposition 8,10]
[SA] active: 6218. f(f(X1,f(X2,X1)),X1) = f(f(X3,f(f(f(X0,f(X4,f(f(f(X5,X0),X4),X0))),X3),f(f(X1,f(X2,X1)),X1))),f(f(X3,X1),X3)) [superposition 2834,5]
[SA] active: 87. f(X1,f(X0,f(f(f(X2,X1),X0),X1))) = f(f(f(f(X1,f(X0,f(f(f(X2,X1),X0),X1))),f(f(f(X3,X4),f(X1,f(X0,f(f(f(X2,X1),X0),X1)))),X4)),f(f(X0,f(f(X1,f(X0,f(f(f(X2,X1),X0),X1))),f(f(f(X3,X4),f(X1,f(X0,f(f(f(X2,X1),X0),X1)))),X4))),f(X1,f(X0,f(f(f(X2,X1),X0),X1))))),f(X4,f(f(X1,f(X0,f(f(f(X2,X1),X0),X1))),f(f(f(X3,X4),f(X1,f(X0,f(f(f(X2,X1),X0),X1)))),X4)))) [superposition 10,10]
[SA] active: 221. f(f(X1,f(f(X2,f(X3,X0)),X2)),X1) = f(f(X4,f(f(f(f(X5,X0),X5),X4),f(f(X1,f(f(X2,f(X3,X0)),X2)),X1))),f(f(X4,X2),X4)) [superposition 29,5]
[SA] active: 196. f(X1,f(f(f(X0,X1),X2),X1)) = f(f(f(f(f(f(X2,f(X3,X1)),X2),f(X4,f(f(f(X0,X1),X2),X1))),f(f(X2,f(X3,X1)),X2)),f(f(f(f(X0,X1),X2),X1),f(X1,f(f(f(X0,X1),X2),X1)))),f(f(f(f(f(f(X2,f(X3,X1)),X2),f(X4,f(f(f(X0,X1),X2),X1))),f(f(X2,f(X3,X1)),X2)),f(X5,f(X1,f(f(f(X0,X1),X2),X1)))),f(f(f(f(X2,f(X3,X1)),X2),f(X4,f(f(f(X0,X1),X2),X1))),f(f(X2,f(X3,X1)),X2)))) [superposition 5,8]
[SA] active: 244. f(f(X1,X0),X1) = f(f(X5,f(f(f(f(X6,f(X7,X0)),X6),X5),f(f(X1,X0),X1))),f(f(X5,f(X3,f(X0,f(f(f(X2,X3),X0),X3)))),X5)) [superposition 29,10]
[SA] active: 105. f(f(X1,f(X2,f(f(X0,f(f(f(X3,X4),X0),X4)),f(f(f(X5,X0),f(X0,f(f(f(X3,X4),X0),X4))),X0)))),X1) = f(f(f(X4,f(X0,f(f(f(X3,X4),X0),X4))),f(X0,f(f(X1,f(X2,f(f(X0,f(f(f(X3,X4),X0),X4)),f(f(f(X5,X0),f(X0,f(f(f(X3,X4),X0),X4))),X0)))),X1))),f(f(f(X4,f(X0,f(f(f(X3,X4),X0),X4))),f(X6,f(f(X1,f(X2,f(f(X0,f(f(f(X3,X4),X0),X4)),f(f(f(X5,X0),f(X0,f(f(f(X3,X4),X0),X4))),X0)))),X1))),f(X4,f(X0,f(f(f(X3,X4),X0),X4))))) [superposition 7,10]
[SA] active: 332. f(f(X1,X0),X1) = f(f(X5,f(f(f(X3,f(X0,f(f(f(X2,X3),X0),X3))),X5),f(f(X1,X0),X1))),f(f(X5,f(f(X6,f(X7,X0)),X6)),X5)) [superposition 44,10]
[SA] active: 108. f(f(X1,f(X2,f(X3,f(X0,f(f(f(X4,X3),X0),X3))))),X1) = f(f(f(f(X0,f(f(f(X4,X3),X0),X3)),f(f(f(X5,X0),f(X0,f(f(f(X4,X3),X0),X3))),X0)),f(f(f(X6,f(f(X1,f(X2,f(X3,f(X0,f(f(f(X4,X3),X0),X3))))),X1)),f(f(X0,f(f(f(X4,X3),X0),X3)),f(f(f(X5,X0),f(X0,f(f(f(X4,X3),X0),X3))),X0))),f(f(X1,f(X2,f(X3,f(X0,f(f(f(X4,X3),X0),X3))))),X1))),f(X0,f(f(X0,f(f(f(X4,X3),X0),X3)),f(f(f(X5,X0),f(X0,f(f(f(X4,X3),X0),X3))),X0)))) [superposition 9,10]
[SA] active: 334. f(f(X1,f(f(X2,f(X3,X0)),X2)),X1) = f(f(X4,f(f(X2,X4),f(f(X1,f(f(X2,f(X3,X0)),X2)),X1))),f(f(X4,f(f(X5,X0),X5)),X4)) [superposition 44,5]
[SA] active: 95. f(f(X3,X2),X3) = f(f(f(f(f(X3,X2),X3),f(f(f(X0,f(X1,X2)),X0),f(f(f(X4,f(f(X0,f(X1,X2)),X0)),X3),f(f(X0,f(X1,X2)),X0)))),f(f(f(X5,f(f(X3,X2),X3)),f(f(f(X3,X2),X3),f(f(f(X0,f(X1,X2)),X0),f(f(f(X4,f(f(X0,f(X1,X2)),X0)),X3),f(f(X0,f(X1,X2)),X0))))),f(f(X3,X2),X3))),f(f(f(f(X4,f(f(X0,f(X1,X2)),X0)),X3),f(f(X0,f(X1,X2)),X0)),f(f(f(X3,X2),X3),f(f(f(X0,f(X1,X2)),X0),f(f(f(X4,f(f(X0,f(X1,X2)),X0)),X3),f(f(X0,f(X1,X2)),X0)))))) [superposition 10,9]
[SA] active: 1087. f(f(X1,f(f(f(X2,X1),X1),X1)),f(f(f(f(f(X0,X1),X1),X1),X1),f(f(f(f(f(X0,X1),X1),X1),X1),f(f(f(X0,X1),X1),X1)))) = X1 [superposition 5,61]
[SA] active: 97. f(X1,f(X0,f(f(f(X2,X1),X0),X1))) = f(f(f(f(X1,f(X0,f(f(f(X2,X1),X0),X1))),f(X0,f(f(f(X3,X0),f(X0,f(f(f(X2,X1),X0),X1))),X0))),f(f(f(X4,f(X1,f(X0,f(f(f(X2,X1),X0),X1)))),f(f(X1,f(X0,f(f(f(X2,X1),X0),X1))),f(X0,f(f(f(X3,X0),f(X0,f(f(f(X2,X1),X0),X1))),X0)))),f(X1,f(X0,f(f(f(X2,X1),X0),X1))))),f(f(f(f(X3,X0),f(X0,f(f(f(X2,X1),X0),X1))),X0),f(f(X1,f(X0,f(f(f(X2,X1),X0),X1))),f(X0,f(f(f(X3,X0),f(X0,f(f(f(X2,X1),X0),X1))),X0))))) [superposition 10,10]
[SA] active: 30200. f(X0,f(X1,f(f(f(X2,X0),X1),X0))) = f(f(X4,f(f(f(f(X5,X0),X5),X4),f(X0,f(X1,f(f(f(X2,X0),X1),X0))))),f(f(X4,X1),X4)) [superposition 221,5]
[SA] active: 94. f(f(X3,f(X4,f(f(X0,f(X1,X2)),X0))),X3) = f(f(f(f(f(X3,f(X4,f(f(X0,f(X1,X2)),X0))),X3),f(f(f(X0,f(X1,X2)),X0),f(f(X2,X3),f(f(X0,f(X1,X2)),X0)))),f(f(f(X5,f(f(X3,f(X4,f(f(X0,f(X1,X2)),X0))),X3)),f(f(f(X3,f(X4,f(f(X0,f(X1,X2)),X0))),X3),f(f(f(X0,f(X1,X2)),X0),f(f(X2,X3),f(f(X0,f(X1,X2)),X0))))),f(f(X3,f(X4,f(f(X0,f(X1,X2)),X0))),X3))),f(f(f(X2,X3),f(f(X0,f(X1,X2)),X0)),f(f(f(X3,f(X4,f(f(X0,f(X1,X2)),X0))),X3),f(f(f(X0,f(X1,X2)),X0),f(f(X2,X3),f(f(X0,f(X1,X2)),X0)))))) [superposition 10,7]
[SA] active: 35037. f(X0,f(X1,f(f(f(X2,X0),X1),X0))) = f(f(X4,f(f(X1,X4),f(X0,f(X1,f(f(f(X2,X0),X1),X0))))),f(f(X4,f(f(X5,X0),X5)),X4)) [superposition 334,5]
[SA] active: 210. f(f(X3,f(X4,f(f(f(X2,f(X5,X1)),X2),f(X1,f(f(f(X0,X1),X2),X1))))),X3) = f(f(f(f(f(f(X2,f(X5,X1)),X2),f(X6,f(f(f(X0,X1),X2),X1))),f(f(X2,f(X5,X1)),X2)),f(f(f(f(X0,X1),X2),X1),f(f(X3,f(X4,f(f(f(X2,f(X5,X1)),X2),f(X1,f(f(f(X0,X1),X2),X1))))),X3))),f(f(f(f(f(f(X2,f(X5,X1)),X2),f(X6,f(f(f(X0,X1),X2),X1))),f(f(X2,f(X5,X1)),X2)),f(X7,f(f(X3,f(X4,f(f(f(X2,f(X5,X1)),X2),f(X1,f(f(f(X0,X1),X2),X1))))),X3))),f(f(f(f(X2,f(X5,X1)),X2),f(X6,f(f(f(X0,X1),X2),X1))),f(f(X2,f(X5,X1)),X2)))) [superposition 7,8]
[SA] active: 1439. f(f(f(f(X3,X2),X3),f(f(X0,f(X1,X2)),X0)),f(f(X3,X2),X3)) = f(f(f(f(X3,X2),X3),f(X4,f(f(X3,X2),X3))),f(f(X3,X2),X3)) [superposition 1086,19]
[SA] active: 213. f(f(X3,f(X4,f(f(f(f(X2,f(X5,X1)),X2),f(X6,f(f(f(X0,X1),X2),X1))),f(f(X2,f(X5,X1)),X2)))),X3) = f(f(f(f(f(X2,f(X5,X1)),X2),f(X1,f(f(f(X0,X1),X2),X1))),f(f(f(X7,f(f(X3,f(X4,f(f(f(f(X2,f(X5,X1)),X2),f(X6,f(f(f(X0,X1),X2),X1))),f(f(X2,f(X5,X1)),X2)))),X3)),f(f(f(X2,f(X5,X1)),X2),f(X1,f(f(f(X0,X1),X2),X1)))),f(f(X3,f(X4,f(f(f(f(X2,f(X5,X1)),X2),f(X6,f(f(f(X0,X1),X2),X1))),f(f(X2,f(X5,X1)),X2)))),X3))),f(f(f(f(X0,X1),X2),X1),f(f(f(X2,f(X5,X1)),X2),f(X1,f(f(f(X0,X1),X2),X1))))) [superposition 9,8]
[SA] active: 1447. f(f(X1,f(X2,X1)),X1) = f(f(X1,f(f(f(f(f(X0,X1),X1),X1),X1),f(f(f(f(f(X0,X1),X1),X1),X1),f(f(f(X0,X1),X1),X1)))),X1) [superposition 1086,61]
[SA] active: 194. f(f(f(X3,f(f(X2,f(X4,X1)),X2)),f(f(f(X2,f(X4,X1)),X2),f(X1,f(f(f(X0,X1),X2),X1)))),f(f(X2,f(X4,X1)),X2)) = f(f(f(f(f(f(X0,X1),X2),X1),f(f(f(X2,f(X4,X1)),X2),f(X1,f(f(f(X0,X1),X2),X1)))),f(f(f(X2,f(X4,X1)),X2),f(f(f(X3,f(f(X2,f(X4,X1)),X2)),f(f(f(X2,f(X4,X1)),X2),f(X1,f(f(f(X0,X1),X2),X1)))),f(f(X2,f(X4,X1)),X2)))),f(f(f(f(f(f(X0,X1),X2),X1),f(f(f(X2,f(X4,X1)),X2),f(X1,f(f(f(X0,X1),X2),X1)))),f(X6,f(f(f(X3,f(f(X2,f(X4,X1)),X2)),f(f(f(X2,f(X4,X1)),X2),f(X1,f(f(f(X0,X1),X2),X1)))),f(f(X2,f(X4,X1)),X2)))),f(f(f(f(X0,X1),X2),X1),f(f(f(X2,f(X4,X1)),X2),f(X1,f(f(f(X0,X1),X2),X1)))))) [superposition 8,8]
[SA] active: 2538. f(f(X0,f(X1,X0)),X0) = f(f(X4,f(f(f(X5,f(f(X0,f(X1,X0)),X0)),X4),f(f(X0,f(X1,X0)),X0))),f(f(X4,f(f(X6,X3),X6)),X4)) [superposition 32,1086]
[SA] active: 179. f(X0,f(f(f(X3,X0),f(X0,f(f(f(X1,X2),X0),X2))),X0)) = f(f(f(f(f(X2,f(X0,f(f(f(X1,X2),X0),X2))),f(X4,f(f(f(X3,X0),f(X0,f(f(f(X1,X2),X0),X2))),X0))),f(X2,f(X0,f(f(f(X1,X2),X0),X2)))),f(f(f(f(X3,X0),f(X0,f(f(f(X1,X2),X0),X2))),X0),f(X0,f(f(f(X3,X0),f(X0,f(f(f(X1,X2),X0),X2))),X0)))),f(f(f(f(f(X2,f(X0,f(f(f(X1,X2),X0),X2))),f(X4,f(f(f(X3,X0),f(X0,f(f(f(X1,X2),X0),X2))),X0))),f(X2,f(X0,f(f(f(X1,X2),X0),X2)))),f(X5,f(X0,f(f(f(X3,X0),f(X0,f(f(f(X1,X2),X0),X2))),X0)))),f(f(f(X2,f(X0,f(f(f(X1,X2),X0),X2))),f(X4,f(f(f(X3,X0),f(X0,f(f(f(X1,X2),X0),X2))),X0))),f(X2,f(X0,f(f(f(X1,X2),X0),X2)))))) [superposition 8,10]
[SA] active: 46673. f(f(X2,f(X3,X2)),X2) = f(f(X4,f(f(f(f(X0,X1),X0),X4),f(f(X2,f(X3,X2)),X2))),f(f(X4,f(f(X7,X8),X7)),X4)) [superposition 2538,2244]
[SA] active: 176. f(f(f(X0,f(X1,X2)),X0),f(f(X2,X3),f(f(X0,f(X1,X2)),X0))) = f(f(f(f(f(f(X3,f(X4,f(f(X0,f(X1,X2)),X0))),X3),f(X5,f(f(X2,X3),f(f(X0,f(X1,X2)),X0)))),f(f(X3,f(X4,f(f(X0,f(X1,X2)),X0))),X3)),f(f(f(X2,X3),f(f(X0,f(X1,X2)),X0)),f(f(f(X0,f(X1,X2)),X0),f(f(X2,X3),f(f(X0,f(X1,X2)),X0))))),f(f(f(f(f(f(X3,f(X4,f(f(X0,f(X1,X2)),X0))),X3),f(X5,f(f(X2,X3),f(f(X0,f(X1,X2)),X0)))),f(f(X3,f(X4,f(f(X0,f(X1,X2)),X0))),X3)),f(X6,f(f(f(X0,f(X1,X2)),X0),f(f(X2,X3),f(f(X0,f(X1,X2)),X0))))),f(f(f(f(X3,f(X4,f(f(X0,f(X1,X2)),X0))),X3),f(X5,f(f(X2,X3),f(f(X0,f(X1,X2)),X0)))),f(f(X3,f(X4,f(f(X0,f(X1,X2)),X0))),X3)))) [superposition 8,7]
[SA] active: 46689. f(f(X3,f(X4,X3)),X3) = f(f(X5,f(f(f(f(X0,f(X1,X2)),X0),X5),f(f(X3,f(X4,X3)),X3))),f(f(X5,f(f(X6,X7),X6)),X5)) [superposition 2538,1578]
[SA] active: 177. f(f(f(X0,f(X1,X2)),X0),f(f(f(X4,f(f(X0,f(X1,X2)),X0)),X3),f(f(X0,f(X1,X2)),X0))) = f(f(f(f(f(f(X3,X2),X3),f(X5,f(f(f(X4,f(f(X0,f(X1,X2)),X0)),X3),f(f(X0,f(X1,X2)),X0)))),f(f(X3,X2),X3)),f(f(f(f(X4,f(f(X0,f(X1,X2)),X0)),X3),f(f(X0,f(X1,X2)),X0)),f(f(f(X0,f(X1,X2)),X0),f(f(f(X4,f(f(X0,f(X1,X2)),X0)),X3),f(f(X0,f(X1,X2)),X0))))),f(f(f(f(f(f(X3,X2),X3),f(X5,f(f(f(X4,f(f(X0,f(X1,X2)),X0)),X3),f(f(X0,f(X1,X2)),X0)))),f(f(X3,X2),X3)),f(X6,f(f(f(X0,f(X1,X2)),X0),f(f(f(X4,f(f(X0,f(X1,X2)),X0)),X3),f(f(X0,f(X1,X2)),X0))))),f(f(f(f(X3,X2),X3),f(X5,f(f(f(X4,f(f(X0,f(X1,X2)),X0)),X3),f(f(X0,f(X1,X2)),X0)))),f(f(X3,X2),X3)))) [superposition 8,9]
[SA] active: 2841. f(f(f(f(f(X4,X2),X2),X2),X2),f(f(f(f(f(X4,X2),X2),X2),f(f(X0,X1),X0)),f(f(f(X4,X2),X2),X2))) = f(f(X2,f(X3,X2)),X2) [superposition 13,1579]
[SA] active: 195. f(f(f(f(X2,f(X3,X1)),X2),f(X4,f(f(f(X0,X1),X2),X1))),f(f(X2,f(X3,X1)),X2)) = f(f(f(f(f(f(f(X2,f(X3,X1)),X2),f(X4,f(f(f(X0,X1),X2),X1))),f(f(X2,f(X3,X1)),X2)),f(f(f(f(X0,X1),X2),X1),f(X1,f(f(f(X0,X1),X2),X1)))),f(f(f(X5,f(f(f(f(X2,f(X3,X1)),X2),f(X4,f(f(f(X0,X1),X2),X1))),f(f(X2,f(X3,X1)),X2))),f(f(f(f(f(X2,f(X3,X1)),X2),f(X4,f(f(f(X0,X1),X2),X1))),f(f(X2,f(X3,X1)),X2)),f(f(f(f(X0,X1),X2),X1),f(X1,f(f(f(X0,X1),X2),X1))))),f(f(f(f(X2,f(X3,X1)),X2),f(X4,f(f(f(X0,X1),X2),X1))),f(f(X2,f(X3,X1)),X2)))),f(f(X1,f(f(f(X0,X1),X2),X1)),f(f(f(f(f(X2,f(X3,X1)),X2),f(X4,f(f(f(X0,X1),X2),X1))),f(f(X2,f(X3,X1)),X2)),f(f(f(f(X0,X1),X2),X1),f(X1,f(f(f(X0,X1),X2),X1)))))) [superposition 10,8]
[SA] active: 52491. f(f(X0,f(X3,X0)),X0) = f(f(f(f(f(f(X2,X0),X0),X0),X0),X0),f(f(f(X0,f(X1,X0)),X0),f(f(f(f(X2,X0),X0),X0),X0))) [superposition 2841,61]
[SA] active: 180. f(f(f(f(X0,X1),X2),X1),f(X1,f(f(f(X0,X1),X2),X1))) = f(f(f(f(f(f(f(f(X2,f(X3,X1)),X2),f(X4,f(f(f(X0,X1),X2),X1))),f(f(X2,f(X3,X1)),X2)),f(X5,f(X1,f(f(f(X0,X1),X2),X1)))),f(f(f(f(X2,f(X3,X1)),X2),f(X4,f(f(f(X0,X1),X2),X1))),f(f(X2,f(X3,X1)),X2))),f(f(X1,f(f(f(X0,X1),X2),X1)),f(f(f(f(X0,X1),X2),X1),f(X1,f(f(f(X0,X1),X2),X1))))),f(f(f(f(f(f(f(f(X2,f(X3,X1)),X2),f(X4,f(f(f(X0,X1),X2),X1))),f(f(X2,f(X3,X1)),X2)),f(X5,f(X1,f(f(f(X0,X1),X2),X1)))),f(f(f(f(X2,f(X3,X1)),X2),f(X4,f(f(f(X0,X1),X2),X1))),f(f(X2,f(X3,X1)),X2))),f(X6,f(f(f(f(X0,X1),X2),X1),f(X1,f(f(f(X0,X1),X2),X1))))),f(f(f(f(f(f(X2,f(X3,X1)),X2),f(X4,f(f(f(X0,X1),X2),X1))),f(f(X2,f(X3,X1)),X2)),f(X5,f(X1,f(f(f(X0,X1),X2),X1)))),f(f(f(f(X2,f(X3,X1)),X2),f(X4,f(f(f(X0,X1),X2),X1))),f(f(X2,f(X3,X1)),X2))))) [superposition 8,8]
[SA] active: 2846. f(f(X2,f(X3,X2)),X2) = f(f(X4,f(f(f(f(X0,X1),X0),X4),f(f(X2,f(X3,X2)),X2))),f(f(X4,f(f(X6,f(X7,f(X3,X2))),X6)),X4)) [superposition 47,1579]
[SA] active: 226. f(f(X3,f(f(X4,X2),X4)),X3) = f(f(X5,f(f(f(f(X6,f(f(X0,f(X1,X2)),X0)),X6),X5),f(f(X3,f(f(X4,X2),X4)),X3))),f(f(X5,X4),X5)) [superposition 29,19]
[SA] active: 2847. f(f(X2,f(X3,X2)),X2) = f(f(X4,f(f(f(f(X5,f(X6,f(X3,X2))),X5),X4),f(f(X2,f(X3,X2)),X2))),f(f(X4,f(f(X0,X1),X0)),X4)) [superposition 15,1579]
[SA] active: 229. f(f(X1,f(X2,X3)),X1) = f(f(X4,f(f(f(X0,f(f(X2,X3),f(f(f(X5,X0),f(X2,X3)),X0))),X4),f(f(X1,f(X2,X3)),X1))),f(f(X4,X3),X4)) [superposition 29,5]
[SA] active: 2871. f(f(X3,f(X5,X3)),X3) = f(f(X2,f(f(f(f(X0,X1),X0),X2),f(f(X3,f(X5,X3)),X3))),f(f(X2,f(X6,f(f(X3,f(X5,X3)),X3))),X2)) [superposition 5,1579]
[SA] active: 340. f(f(X3,f(f(X4,X2),X4)),X3) = f(f(X5,f(f(X4,X5),f(f(X3,f(f(X4,X2),X4)),X3))),f(f(X5,f(f(X6,f(f(X0,f(X1,X2)),X0)),X6)),X5)) [superposition 44,19]
[SA] active: 2916. f(f(X2,f(f(X0,X1),X0)),X2) = f(f(X6,f(f(f(f(X3,f(X5,X3)),X3),X6),f(f(X2,f(f(X0,X1),X0)),X2))),f(f(X6,f(X7,X6)),X6)) [superposition 1578,1579]
[SA] active: 343. f(f(X1,f(X2,X3)),X1) = f(f(X4,f(f(X3,X4),f(f(X1,f(X2,X3)),X1))),f(f(X4,f(X0,f(f(X2,X3),f(f(f(X5,X0),f(X2,X3)),X0)))),X4)) [superposition 44,5]
[SA] active: 2921. f(f(f(f(X2,f(X3,X2)),X2),f(f(X0,X1),X0)),f(f(X2,f(X3,X2)),X2)) = f(f(f(f(X2,f(X3,X2)),X2),X2),f(f(X2,f(X3,X2)),X2)) [forward demodulation 2913,1428]
[SA] active: 56. f(f(X3,f(f(X0,f(X1,X2)),X0)),X3) = f(f(X5,f(f(f(f(X4,X2),X4),X5),f(f(X3,f(f(X0,f(X1,X2)),X0)),X3))),f(f(X5,f(f(X4,X2),X4)),X5)) [superposition 19,19]
[SA] active: 68671. f(f(X0,f(X1,X0)),X0) = f(f(X0,f(f(f(f(X0,f(X1,X0)),X0),f(f(X2,X3),X2)),f(f(X0,f(X1,X0)),X0))),f(f(X0,X0),X0)) [superposition 2337,2921]
[SA] active: 110. f(f(X1,X0),X1) = f(f(X5,f(f(f(X3,f(X0,f(f(f(X2,X3),X0),X3))),X5),f(f(X1,X0),X1))),f(f(X5,f(X3,f(X0,f(f(f(X2,X3),X0),X3)))),X5)) [superposition 19,10]
[SA] active: 71741. f(f(X0,f(X1,X0)),X0) = f(f(f(f(X0,f(X1,X0)),X0),X0),f(f(X0,f(X1,X0)),X0)) [forward demodulation 71738,2410]
[SA] active: 318. f(f(X0,f(X1,X0)),X0) = f(f(f(f(f(X2,X0),X0),X0),X0),f(f(f(f(f(X2,X0),X0),X0),f(f(X3,f(X4,f(X1,X0))),X3)),f(f(f(X2,X0),X0),X0))) [superposition 44,5]
[SA] active: 72922. f(f(X0,f(X1,X0)),X0) = f(f(X0,f(f(X0,f(X1,X0)),X0)),f(f(X0,X0),X0)) [superposition 2337,71741]
[SA] active: 368. f(f(X3,f(f(X4,f(X5,f(X1,X2))),X4)),X3) = f(f(X6,f(f(X4,X6),f(f(X3,f(f(X4,f(X5,f(X1,X2))),X4)),X3))),f(f(X6,f(f(X0,f(X1,X2)),X0)),X6)) [superposition 7,44]
[SA] active: 72921. f(f(X0,f(X1,X0)),X0) = f(f(X0,f(f(X0,f(X1,X0)),X0)),f(f(X0,f(X2,X0)),X0)) [superposition 3252,71741]
[SA] active: 246. f(X0,f(X1,f(f(f(X2,X0),X1),X0))) = f(f(X4,f(f(f(f(X5,f(X6,f(f(X1,f(X3,X0)),X1))),X5),X4),f(X0,f(X1,f(f(f(X2,X0),X1),X0))))),f(f(X4,X1),X4)) [superposition 29,5]
[SA] active: 78475. f(f(X0,f(X2,X0)),X0) = f(f(f(f(X0,f(X1,X0)),X0),X0),f(f(X0,f(X1,X0)),X0)) [forward demodulation 78297,2410]
[SA] active: 309. f(X0,f(X1,f(f(f(X2,X0),X1),X0))) = f(f(X4,f(f(X1,X4),f(X0,f(X1,f(f(f(X2,X0),X1),X0))))),f(f(X4,f(f(X5,f(X6,f(f(X1,f(X3,X0)),X1))),X5)),X4)) [superposition 44,5]
[SA] active: 81257. f(f(X0,f(X2,X0)),X0) = f(f(X0,f(f(X0,f(X1,X0)),X0)),f(f(X0,X0),X0)) [superposition 2337,78475]
[SA] active: 973. f(f(X3,f(f(X3,f(X4,f(X1,X2))),X3)),X3) = f(f(f(f(f(X5,X3),X3),X3),X3),f(f(f(f(f(X5,X3),X3),X3),f(f(X0,f(X1,X2)),X0)),f(f(f(X5,X3),X3),X3))) [superposition 13,44]
[SA] active: 81256. f(f(X0,f(X2,X0)),X0) = f(f(X0,f(f(X0,f(X1,X0)),X0)),f(f(X0,f(X3,X0)),X0)) [superposition 3252,78475]
[SA] active: 122. f(f(X3,X4),X3) = f(f(X5,f(f(f(f(f(X0,f(X1,X2)),X0),f(X4,f(f(X2,X4),f(f(X0,f(X1,X2)),X0)))),X5),f(f(X3,X4),X3))),f(f(X5,f(X6,f(f(X3,X4),X3))),X5)) [superposition 15,19]
[SA] active: 72920. f(f(X0,f(X1,X0)),X0) = f(f(X0,f(f(X0,f(X1,X0)),X0)),f(f(X0,f(f(X2,X3),X2)),X0)) [superposition 46689,71741]
[SA] active: 434. f(f(X3,X4),X3) = f(f(X5,f(f(f(X6,f(f(X3,X4),X3)),X5),f(f(X3,X4),X3))),f(f(X5,f(f(f(X0,f(X1,X2)),X0),f(X4,f(f(X2,X4),f(f(X0,f(X1,X2)),X0))))),X5)) [superposition 47,19]
[SA] active: 78469. f(f(X0,f(f(X0,X2),X0)),X0) = f(f(f(f(X0,f(X1,X0)),X0),X0),f(f(X0,f(X1,X0)),X0)) [forward demodulation 78291,2410]
[SA] active: 3636. f(f(X1,X0),X1) = f(f(X6,f(f(f(f(X7,f(X8,X0)),X7),X6),f(f(X1,X0),X1))),f(f(X6,f(f(f(X3,f(X4,X2)),X3),f(X0,f(f(X2,X0),f(f(X3,f(X4,X2)),X3))))),X6)) [superposition 29,24]
[SA] active: 81255. f(f(X0,f(X2,X0)),X0) = f(f(X0,f(f(X0,f(X1,X0)),X0)),f(f(X0,f(f(X3,X4),X3)),X0)) [superposition 46689,78475]
[SA] active: 3642. f(f(X1,X0),X1) = f(f(X6,f(f(f(f(f(X3,f(X4,X2)),X3),f(X0,f(f(X2,X0),f(f(X3,f(X4,X2)),X3)))),X6),f(f(X1,X0),X1))),f(f(X6,f(f(X7,f(X8,X0)),X7)),X6)) [superposition 44,24]
[SA] active: 72912. f(f(X0,f(X1,X0)),X0) = f(f(f(f(X0,f(X1,X0)),X0),f(f(X2,X3),X2)),f(f(X0,f(X1,X0)),X0)) [superposition 2921,71741]
[SA] active: 116. f(f(X3,f(f(X4,X2),X4)),X3) = f(f(X5,f(f(f(f(X6,f(f(X0,f(X1,X2)),X0)),X6),X5),f(f(X3,f(f(X4,X2),X4)),X3))),f(f(X5,f(X7,f(f(X3,f(f(X4,X2),X4)),X3))),X5)) [superposition 15,19]
[SA] active: 109510. f(f(X0,f(X1,X0)),X0) = f(f(X4,f(f(X2,X4),f(f(X0,f(X1,X0)),X0))),f(f(X4,X2),X4)) [superposition 19,72912]
[SA] active: 119. f(f(X2,X3),X2) = f(f(X4,f(f(f(f(f(X0,X1),X0),f(X3,f(f(f(f(X5,f(X6,X1)),X5),X3),f(f(X0,X1),X0)))),X4),f(f(X2,X3),X2))),f(f(X4,f(X8,f(f(X2,X3),X2))),X4)) [superposition 15,15]
[SA] active: 78468. f(f(X0,f(f(X0,f(X2,X3)),X0)),X0) = f(f(f(f(X0,f(X1,X0)),X0),X0),f(f(X0,f(X1,X0)),X0)) [forward demodulation 78290,2410]
[SA] active: 222. f(f(X2,f(f(X3,f(X4,f(f(X0,X1),X0))),X3)),X2) = f(f(X5,f(f(f(f(X6,f(f(X0,X1),X0)),X6),X5),f(f(X2,f(f(X3,f(X4,f(f(X0,X1),X0))),X3)),X2))),f(f(X5,X3),X5)) [superposition 29,15]
[SA] active: 109562. f(f(X0,f(X1,X0)),X0) = f(f(X4,f(f(X2,X4),f(f(X0,f(X1,X0)),X0))),f(f(X4,f(X5,X4)),X4)) [superposition 1578,72912]
[SA] active: 234. f(f(X3,f(X4,X5)),X3) = f(f(X6,f(f(f(f(f(X0,f(X1,X2)),X0),f(f(X4,X5),f(f(X2,f(X4,X5)),f(f(X0,f(X1,X2)),X0)))),X6),f(f(X3,f(X4,X5)),X3))),f(f(X6,X5),X6)) [superposition 29,19]
[SA] active: 81247. f(f(X0,f(X1,X0)),X0) = f(f(f(f(X0,f(X2,X0)),X0),f(f(X3,X4),X3)),f(f(X0,f(X2,X0)),X0)) [superposition 2921,78475]
[SA] active: 243. f(f(X3,f(f(X0,f(X1,X2)),X0)),X3) = f(f(X5,f(f(f(f(X6,f(X7,f(f(X0,f(X1,X2)),X0))),X6),X5),f(f(X3,f(f(X0,f(X1,X2)),X0)),X3))),f(f(X5,f(f(X4,X2),X4)),X5)) [superposition 29,19]
[SA] active: 128817. f(f(X0,f(X1,X0)),X0) = f(f(f(f(X0,f(X1,X0)),X0),X2),f(f(X0,f(X1,X0)),X0)) [forward demodulation 128801,71741]
[SA] active: 331. f(f(X3,f(f(X0,f(X1,X2)),X0)),X3) = f(f(X5,f(f(f(f(X4,X2),X4),X5),f(f(X3,f(f(X0,f(X1,X2)),X0)),X3))),f(f(X5,f(f(X6,f(X7,f(f(X0,f(X1,X2)),X0))),X6)),X5)) [superposition 44,19]
[SA] active: 132496. f(f(X0,f(X1,X0)),X0) = X2 [forward demodulation 132368,128817]
[SA] active: 349. f(f(X3,f(X4,X5)),X3) = f(f(X6,f(f(X5,X6),f(f(X3,f(X4,X5)),X3))),f(f(X6,f(f(f(X0,f(X1,X2)),X0),f(f(X4,X5),f(f(X2,f(X4,X5)),f(f(X0,f(X1,X2)),X0))))),X6)) [superposition 44,19]
[SA] active: 135438. X0 = X3 [superposition 132496,132496]
% Refutation found. Thanks to Tanya!
% SZS status Unsatisfiable for p
% SZS output start Proof for p
1. ! [X0,X1,X2,X3] : X1 = f(f(X2,f(f(f(X0,X1),X2),X1)),f(f(X2,f(X3,X1)),X2)) [input(axiom)]
2. ? [X0,X1] : X0 != X1 [input(axiom)]
3. ? [X0,X1] : X0 != X1 => sK0 != sK1 [skolem symbol introduction]
4. sK0 != sK1 [skolemisation 2,3]
5. f(f(X2,f(f(f(X0,X1),X2),X1)),f(f(X2,f(X3,X1)),X2)) = X1 [cnf transformation 1]
6. sK0 != sK1 [cnf transformation 4]
7. f(f(X2,f(X4,X0)),X2) = f(f(X1,f(f(X0,X1),f(f(X2,f(X4,X0)),X2))),f(f(X1,f(X5,f(f(X2,f(X4,X0)),X2))),X1)) [superposition 5,5]
9. f(f(X3,f(X4,X0)),X3) = f(f(X1,f(f(f(X2,f(f(X3,f(X4,X0)),X3)),X1),f(f(X3,f(X4,X0)),X3))),f(f(X1,X0),X1)) [superposition 5,5]
19. f(f(X1,f(X2,X0)),X1) = f(f(X3,f(f(X0,X3),f(f(X1,f(X2,X0)),X1))),f(f(X3,X0),X3)) [superposition 7,5]
44. f(f(X4,f(X2,X3)),X4) = f(f(X5,f(f(X3,X5),f(f(X4,f(X2,X3)),X4))),f(f(X5,f(f(X0,f(X1,f(X2,X3))),X0)),X5)) [superposition 7,9]
47. f(f(X5,X2),X5) = f(f(X3,f(f(f(X4,f(f(X5,X2),X5)),X3),f(f(X5,X2),X5))),f(f(X3,f(f(X0,f(X1,X2)),X0)),X3)) [superposition 5,9]
53. f(f(X1,X0),X1) = f(f(X5,f(f(f(f(X2,f(X4,X0)),X2),X5),f(f(X1,X0),X1))),f(f(X5,f(f(X2,f(X4,X0)),X2)),X5)) [superposition 19,5]
61. f(f(X0,f(X1,X0)),X0) = f(f(f(f(f(X2,X0),X0),X0),X0),f(f(f(f(f(X2,X0),X0),X0),X0),f(f(f(X2,X0),X0),X0))) [superposition 19,5]
1086. f(f(X0,f(X1,X0)),X0) = f(f(X0,f(X2,X0)),X0) [superposition 61,61]
1428. f(f(f(f(X1,f(X2,X0)),X1),X0),f(f(X1,f(X2,X0)),X1)) = f(f(f(f(X1,f(X2,X0)),X1),f(X3,f(f(X1,f(X2,X0)),X1))),f(f(X1,f(X2,X0)),X1)) [superposition 1086,5]
1439. f(f(f(f(X3,X2),X3),f(f(X0,f(X1,X2)),X0)),f(f(X3,X2),X3)) = f(f(f(f(X3,X2),X3),f(X4,f(f(X3,X2),X3))),f(f(X3,X2),X3)) [superposition 1086,19]
1578. f(f(X2,f(X3,X4)),X2) = f(f(X0,f(f(X4,X0),f(f(X2,f(X3,X4)),X2))),f(f(X0,f(X1,X0)),X0)) [superposition 44,1086]
1579. f(f(X2,X3),X2) = f(f(X0,f(f(f(f(X0,f(X4,X3)),X0),X0),f(f(X2,X3),X2))),f(f(X0,f(X1,X0)),X0)) [superposition 53,1086]
1580. f(f(X2,X3),X2) = f(f(X0,f(f(f(X4,f(f(X2,X3),X2)),X0),f(f(X2,X3),X2))),f(f(X0,f(X1,X0)),X0)) [superposition 47,1086]
2337. f(f(X3,f(X4,X3)),X3) = f(f(X5,f(f(f(f(X0,f(X1,X2)),X0),X5),f(f(X3,f(X4,X3)),X3))),f(f(X5,X3),X5)) [superposition 9,1578]
2406. f(f(f(f(X3,f(X4,X3)),X3),f(X5,f(f(X3,f(X4,X3)),X3))),f(f(X3,f(X4,X3)),X3)) = f(f(f(f(X3,f(X4,X3)),X3),f(f(X0,f(X1,X2)),X0)),f(f(X3,f(X4,X3)),X3)) [superposition 1086,1578]
2410. f(f(f(f(X3,f(X4,X3)),X3),f(f(X0,f(X1,X2)),X0)),f(f(X3,f(X4,X3)),X3)) = f(f(f(f(X3,f(X4,X3)),X3),X3),f(f(X3,f(X4,X3)),X3)) [forward demodulation 2406,1428]
2833. f(f(X2,f(X3,X2)),X2) = f(f(X4,f(f(X2,X4),f(f(X2,f(X3,X2)),X2))),f(f(X4,f(f(X0,X1),X0)),X4)) [superposition 7,1579]
2913. f(f(f(f(X2,f(X3,X2)),X2),f(f(X0,X1),X0)),f(f(X2,f(X3,X2)),X2)) = f(f(f(f(X2,f(X3,X2)),X2),f(X5,f(f(X2,f(X3,X2)),X2))),f(f(X2,f(X3,X2)),X2)) [superposition 1086,1579]
2921. f(f(f(f(X2,f(X3,X2)),X2),f(f(X0,X1),X0)),f(f(X2,f(X3,X2)),X2)) = f(f(f(f(X2,f(X3,X2)),X2),X2),f(f(X2,f(X3,X2)),X2)) [forward demodulation 2913,1428]
3252. f(f(X3,f(X4,X3)),X3) = f(f(X5,f(f(f(f(X0,f(X1,X2)),X0),X5),f(f(X3,f(X4,X3)),X3))),f(f(X5,f(X6,X5)),X5)) [superposition 1580,1578]
5686. f(f(X2,f(f(X3,X4),X3)),X2) = f(f(X5,f(f(f(f(X0,f(X1,X0)),X0),X5),f(f(X2,f(f(X3,X4),X3)),X2))),f(f(X5,X3),X5)) [superposition 9,2833]
67876. f(f(X0,f(X1,X0)),X0) = f(f(f(f(X2,X3),X2),f(f(f(f(X0,f(X1,X0)),X0),X0),f(f(X0,f(X1,X0)),X0))),f(f(f(f(X2,X3),X2),X0),f(f(X2,X3),X2))) [superposition 2337,2921]
68671. f(f(X0,f(X1,X0)),X0) = f(f(X0,f(f(f(f(X0,f(X1,X0)),X0),f(f(X2,X3),X2)),f(f(X0,f(X1,X0)),X0))),f(f(X0,X0),X0)) [superposition 2337,2921]
71161. f(f(f(f(X0,f(X1,X0)),X0),f(f(X0,f(X1,X0)),X0)),f(f(X0,f(X1,X0)),X0)) = f(f(f(f(f(f(f(f(X0,f(X1,X0)),X0),f(X2,f(f(X0,f(X1,X0)),X0))),f(f(X0,f(X1,X0)),X0)),f(f(X3,X4),X3)),f(f(f(f(X0,f(X1,X0)),X0),f(X2,f(f(X0,f(X1,X0)),X0))),f(f(X0,f(X1,X0)),X0))),f(f(f(f(X0,f(X1,X0)),X0),f(X2,f(f(X0,f(X1,X0)),X0))),f(f(X0,f(X1,X0)),X0))),f(f(f(f(f(f(f(f(X0,f(X1,X0)),X0),f(X2,f(f(X0,f(X1,X0)),X0))),f(f(X0,f(X1,X0)),X0)),f(f(X3,X4),X3)),f(f(f(f(X0,f(X1,X0)),X0),f(X2,f(f(X0,f(X1,X0)),X0))),f(f(X0,f(X1,X0)),X0))),X0),f(f(f(f(f(f(X0,f(X1,X0)),X0),f(X2,f(f(X0,f(X1,X0)),X0))),f(f(X0,f(X1,X0)),X0)),f(f(X3,X4),X3)),f(f(f(f(X0,f(X1,X0)),X0),f(X2,f(f(X0,f(X1,X0)),X0))),f(f(X0,f(X1,X0)),X0))))) [superposition 5686,68671]
71704. f(f(f(f(X0,f(X1,X0)),X0),f(f(X0,f(X1,X0)),X0)),f(f(X0,f(X1,X0)),X0)) = f(f(f(f(f(f(f(f(X0,f(X1,X0)),X0),X0),f(f(X0,f(X1,X0)),X0)),f(f(X3,X4),X3)),f(f(f(f(X0,f(X1,X0)),X0),X0),f(f(X0,f(X1,X0)),X0))),f(f(f(f(X0,f(X1,X0)),X0),X0),f(f(X0,f(X1,X0)),X0))),f(f(f(f(f(f(f(f(X0,f(X1,X0)),X0),X0),f(f(X0,f(X1,X0)),X0)),f(f(X3,X4),X3)),f(f(f(f(X0,f(X1,X0)),X0),X0),f(f(X0,f(X1,X0)),X0))),X0),f(f(f(f(f(f(X0,f(X1,X0)),X0),X0),f(f(X0,f(X1,X0)),X0)),f(f(X3,X4),X3)),f(f(f(f(X0,f(X1,X0)),X0),X0),f(f(X0,f(X1,X0)),X0))))) [forward demodulation 71161,1428]
71738. f(f(X0,f(X1,X0)),X0) = f(f(f(f(X0,f(X1,X0)),X0),f(f(X0,f(X1,X0)),X0)),f(f(X0,f(X1,X0)),X0)) [forward demodulation 71704,67876]
71741. f(f(X0,f(X1,X0)),X0) = f(f(f(f(X0,f(X1,X0)),X0),X0),f(f(X0,f(X1,X0)),X0)) [forward demodulation 71738,2410]
72912. f(f(X0,f(X1,X0)),X0) = f(f(f(f(X0,f(X1,X0)),X0),f(f(X2,X3),X2)),f(f(X0,f(X1,X0)),X0)) [superposition 2921,71741]
72921. f(f(X0,f(X1,X0)),X0) = f(f(X0,f(f(X0,f(X1,X0)),X0)),f(f(X0,f(X2,X0)),X0)) [superposition 3252,71741]
77626. f(f(X0,f(X2,X0)),X0) = f(f(f(f(X0,f(X1,X0)),X0),f(f(X0,f(X1,X0)),X0)),f(f(f(f(X0,f(X1,X0)),X0),X0),f(f(X0,f(X1,X0)),X0))) [superposition 19,72921]
78297. f(f(X0,f(X2,X0)),X0) = f(f(f(f(X0,f(X1,X0)),X0),f(f(X0,f(X1,X0)),X0)),f(f(X0,f(X1,X0)),X0)) [forward demodulation 77626,71741]
78475. f(f(X0,f(X2,X0)),X0) = f(f(f(f(X0,f(X1,X0)),X0),X0),f(f(X0,f(X1,X0)),X0)) [forward demodulation 78297,2410]
81247. f(f(X0,f(X1,X0)),X0) = f(f(f(f(X0,f(X2,X0)),X0),f(f(X3,X4),X3)),f(f(X0,f(X2,X0)),X0)) [superposition 2921,78475]
125548. f(f(f(f(f(f(X0,f(X1,X0)),X0),f(f(X2,X3),X2)),f(f(X0,f(X1,X0)),X0)),f(f(X5,f(X6,f(X4,X0))),X5)),f(f(f(f(X0,f(X1,X0)),X0),f(f(X2,X3),X2)),f(f(X0,f(X1,X0)),X0))) = f(f(f(f(f(f(X0,f(X1,X0)),X0),f(f(X2,X3),X2)),f(f(X0,f(X1,X0)),X0)),f(X7,f(f(f(f(X0,f(X1,X0)),X0),f(f(X2,X3),X2)),f(f(X0,f(X1,X0)),X0)))),f(f(f(f(X0,f(X1,X0)),X0),f(f(X2,X3),X2)),f(f(X0,f(X1,X0)),X0))) [superposition 1439,81247]
128100. f(f(f(f(f(f(X0,f(X1,X0)),X0),f(f(X2,X3),X2)),f(f(X0,f(X1,X0)),X0)),X2),f(f(f(f(X0,f(X1,X0)),X0),f(f(X2,X3),X2)),f(f(X0,f(X1,X0)),X0))) = f(f(f(f(f(f(X0,f(X1,X0)),X0),f(f(X2,X3),X2)),f(f(X0,f(X1,X0)),X0)),f(f(X5,f(X6,f(X4,X0))),X5)),f(f(f(f(X0,f(X1,X0)),X0),f(f(X2,X3),X2)),f(f(X0,f(X1,X0)),X0))) [forward demodulation 125548,1428]
128739. f(f(f(f(X0,f(X1,X0)),X0),X2),f(f(X0,f(X1,X0)),X0)) = f(f(f(f(X0,f(X1,X0)),X0),f(f(X5,f(X6,f(X4,X0))),X5)),f(f(X0,f(X1,X0)),X0)) [forward demodulation 128100,72912]
128801. f(f(f(f(X0,f(X1,X0)),X0),X0),f(f(X0,f(X1,X0)),X0)) = f(f(f(f(X0,f(X1,X0)),X0),X2),f(f(X0,f(X1,X0)),X0)) [forward demodulation 128739,2410]
128817. f(f(X0,f(X1,X0)),X0) = f(f(f(f(X0,f(X1,X0)),X0),X2),f(f(X0,f(X1,X0)),X0)) [forward demodulation 128801,71741]
131598. f(f(f(f(X0,f(X1,X0)),X0),f(f(f(X0,f(X1,X0)),X0),X2)),f(f(f(f(X0,f(X1,X0)),X0),f(X3,X2)),f(f(X0,f(X1,X0)),X0))) = X2 [superposition 5,128817]
132368. f(f(f(f(X0,f(X1,X0)),X0),f(f(f(X0,f(X1,X0)),X0),X2)),f(f(X0,f(X1,X0)),X0)) = X2 [forward demodulation 131598,128817]
132496. f(f(X0,f(X1,X0)),X0) = X2 [forward demodulation 132368,128817]
135438. X0 = X3 [superposition 132496,132496]
143145. sK0 != X0 [superposition 6,135438]
145117. $false [forward subsumption resolution 143145,135438]
% SZS output end Proof for p
% ------------------------------
% Version: Vampire 5.0.1 (Release build, commit 1b13eaf on 2026-01-18 12:14:50 +0000)
% Linked with Z3 4.14.0.0 3c47fd96cf5645d0c42b2c819d9e9a84380aa721 NOTFOUND
% CaDiCaL version: 2.1.3
% Termination reason: Refutation
% Time elapsed: 6.904 s
% Peak memory usage: 397 MB
% Instructions burned: 33318 (million)
% ------------------------------
% ------------------------------
