% law: x =  (y ◇ ((y ◇ x) ◇ x)) ◇ (z ◇ z)
% config: twee/complete @ 30s

Here is the input problem:
  Axiom 1 (hyp): X = f(f(Y, f(f(Y, X), X)), f(Z, Z)).
  Goal 1 (goal): x = y.

1. f(f(X, f(f(X, Y), Y)), f(Z, Z)) -> Y
2. f(f(f(X, f(f(X, Y), Y)), f(Y, f(Z, Z))), f(W, W)) -> f(Z, Z)
3. f(X, X) ~> f(?, ?)
4. f(f(X, f(f(?, ?), X)), f(?, ?)) -> X
5. f(f(f(X, f(f(?, ?), X)), f(X, f(?, ?))), f(?, ?)) -> f(?, ?)
6. f(f(f(f(X, f(f(?, ?), X)), f(f(?, ?), f(X, f(f(?, ?), X)))), X), f(?, ?)) -> f(?, ?)
7. f(f(f(X, f(f(X, f(Y, f(f(?, ?), Y))), f(Y, f(f(?, ?), Y)))), Y), f(?, ?)) -> f(?, ?)
8. f(f(f(f(X, f(f(X, Y), Y)), f(f(?, ?), f(X, f(f(X, Y), Y)))), Y), f(?, ?)) -> f(?, ?)
9. f(f(f(X, f(f(X, f(Y, f(f(Y, Z), Z))), f(Y, f(f(Y, Z), Z)))), Z), f(?, ?)) -> f(?, ?)

% SZS status CounterSatisfiable

% SZS output start Saturation
cnf(c1, axiom, X=f(f(Y, f(f(Y, X), X)), f(Z, Z)), file('/tmp/tmpl2adajyp/p.p', hyp)).
cnf(c2, plain, f(f(X3, f(f(X3, X4), X4)), f(X2, X2))=X4).
cnf(c3, plain, f(f(f(X2, f(f(X2, X3), X3)), f(X3, f(X5, X5))), f(X4, X4))=f(X5, X5)).
cnf(c4, plain, f(X2, X2)=f(constant, constant)).
cnf(c5, plain, f(f(X2, f(f(constant, constant), X2)), f(constant, constant))=X2).
cnf(c6, plain, f(f(f(X2, f(f(constant, constant), X2)), f(X2, f(constant, constant))), f(constant, constant))=f(constant, constant)).
cnf(c7, plain, f(f(f(f(X2, f(f(constant, constant), X2)), f(f(constant, constant), f(X2, f(f(constant, constant), X2)))), X2), f(constant, constant))=f(constant, constant)).
cnf(c8, plain, f(f(f(X2, f(f(X2, f(X3, f(f(constant, constant), X3))), f(X3, f(f(constant, constant), X3)))), X3), f(constant, constant))=f(constant, constant)).
cnf(c9, plain, f(f(f(f(X2, f(f(X2, X3), X3)), f(f(constant, constant), f(X2, f(f(X2, X3), X3)))), X3), f(constant, constant))=f(constant, constant)).
cnf(c10, plain, f(f(f(X2, f(f(X2, f(X3, f(f(X3, X4), X4))), f(X3, f(f(X3, X4), X4)))), X4), f(constant, constant))=f(constant, constant)).
% SZS output end Saturation

Ran out of critical pairs. This means the conjecture is not true.
Here is the final rewrite system:
  f(X, X) ~> f(?, ?)
  f(f(X, f(f(X, Y), Y)), f(?, ?)) -> Y
  f(f(X, f(f(?, ?), X)), f(?, ?)) -> X
  f(f(f(X, f(f(X, Y), Y)), f(Y, f(?, ?))), f(?, ?)) -> f(?, ?)
  f(f(f(X, f(f(?, ?), X)), f(X, f(?, ?))), f(?, ?)) -> f(?, ?)
  f(f(f(X, f(f(X, f(Y, f(f(?, ?), Y))), f(Y, f(f(?, ?), Y)))), Y), f(?, ?)) -> f(?, ?)
  f(f(f(X, f(f(X, f(Y, f(f(Y, Z), Z))), f(Y, f(f(Y, Z), Z)))), Z), f(?, ?)) -> f(?, ?)
  f(f(f(f(X, f(f(?, ?), X)), f(f(?, ?), f(X, f(f(?, ?), X)))), X), f(?, ?)) -> f(?, ?)
  f(f(f(f(X, f(f(X, Y), Y)), f(f(?, ?), f(X, f(f(X, Y), Y)))), Y), f(?, ?)) -> f(?, ?)

RESULT: CounterSatisfiable (the conjecture is false).
