% law: x = ((((y ◇ (z ◇ w)) ◇ (y ◇ x)) ◇ y) ◇ ((y ◇ z) ◇ y))
% config: vampire/triv/discount @ 30s

% Running in auto input_syntax mode. Trying TPTP
% Refutation found. Thanks to Tanya!
% SZS status Theorem for p
% SZS output start Proof for p
1. ! [X0,X1,X2,X3] : X1 = f(f(f(f(X2,f(X3,X0)),f(X2,X1)),X2),f(f(X2,X3),X2)) [input(axiom)]
2. ! [X0,X1] : X0 = X1 [input(conjecture)]
3. ~! [X0,X1] : X0 = X1 [negated conjecture 2]
4. ? [X0,X1] : X0 != X1 [ennf transformation 3]
5. ? [X0,X1] : X0 != X1 => sK0 != sK1 [skolem symbol introduction]
6. sK0 != sK1 [skolemisation 4,5]
7. f(f(f(f(X2,f(X3,X0)),f(X2,X1)),X2),f(f(X2,X3),X2)) = X1 [cnf transformation 1]
8. sK0 != sK1 [cnf transformation 6]
9. f(f(f(f(X1,X0),f(X1,X5)),X1),f(f(X1,f(f(f(X2,f(X3,X4)),f(X2,X0)),X2)),X1)) = X5 [superposition 7,7]
10. f(f(f(X0,f(f(f(f(X1,f(X2,X3)),f(X1,X0)),X1),X4)),f(f(f(X1,f(X2,X3)),f(X1,X0)),X1)),f(f(f(f(f(X1,f(X2,X3)),f(X1,X0)),X1),f(X1,X2)),f(f(f(X1,f(X2,X3)),f(X1,X0)),X1))) = X4 [superposition 7,7]
11. f(f(X1,X2),X1) = f(f(f(f(f(f(f(X1,f(X2,X3)),f(X1,X0)),X1),f(X4,X5)),X0),f(f(f(X1,f(X2,X3)),f(X1,X0)),X1)),f(f(f(f(f(X1,f(X2,X3)),f(X1,X0)),X1),X4),f(f(f(X1,f(X2,X3)),f(X1,X0)),X1))) [superposition 7,7]
12. f(f(f(f(f(f(f(X1,f(X2,X3)),f(X1,X0)),X1),f(f(f(X1,X2),X1),X4)),f(f(f(f(X1,f(X2,X3)),f(X1,X0)),X1),X5)),f(f(f(X1,f(X2,X3)),f(X1,X0)),X1)),f(X0,f(f(f(X1,f(X2,X3)),f(X1,X0)),X1))) = X5 [superposition 7,7]
27. f(f(X1,X2),X1) = f(f(f(X0,X0),f(f(f(X1,f(X2,X3)),f(X1,X0)),X1)),f(f(f(f(f(X1,f(X2,X3)),f(X1,X0)),X1),f(X1,X2)),f(f(f(X1,f(X2,X3)),f(X1,X0)),X1))) [superposition 10,7]
94. f(f(X1,f(f(X2,f(f(f(f(X3,f(X4,X5)),f(X3,X2)),X3),X0)),f(f(f(X3,f(X4,X5)),f(X3,X2)),X3))),X1) = f(f(f(f(f(f(f(X1,X0),f(X1,X6)),X1),f(X7,X8)),X6),f(f(f(X1,X0),f(X1,X6)),X1)),f(f(f(f(f(X1,X0),f(X1,X6)),X1),X7),f(f(f(X1,X0),f(X1,X6)),X1))) [superposition 11,10]
95. f(f(X2,f(f(f(f(f(f(X0,f(X1,X3)),f(X0,X4)),X0),f(X5,X6)),X4),f(f(f(X0,f(X1,X3)),f(X0,X4)),X0))),X2) = f(f(f(f(f(f(f(X2,f(f(X0,X1),X0)),f(X2,X7)),X2),f(X8,X9)),X7),f(f(f(X2,f(f(X0,X1),X0)),f(X2,X7)),X2)),f(f(f(f(f(X2,f(f(X0,X1),X0)),f(X2,X7)),X2),X8),f(f(f(X2,f(f(X0,X1),X0)),f(X2,X7)),X2))) [superposition 11,11]
123. f(f(X2,f(f(f(f(f(f(X0,f(X1,X3)),f(X0,X4)),X0),f(X5,X6)),X4),f(f(f(X0,f(X1,X3)),f(X0,X4)),X0))),X2) = f(f(X2,f(X0,X1)),X2) [forward demodulation 95,11]
251. f(f(X1,f(X2,X3)),X1) = f(f(X1,f(f(X0,X0),f(f(f(X2,f(X3,X4)),f(X2,X0)),X2))),X1) [superposition 123,7]
329. f(f(X1,f(X2,f(f(f(X3,X4),f(X3,X0)),X3))),X1) = f(f(X1,f(f(X5,X5),f(f(f(X2,X0),f(X2,X5)),X2))),X1) [superposition 251,9]
461. f(f(f(f(f(X0,f(X1,X3)),f(X0,X2)),X0),f(X0,X1)),f(f(f(X0,f(X1,X3)),f(X0,X2)),X0)) = f(f(f(f(f(f(X2,X2),f(f(f(X0,f(X1,X3)),f(X0,X2)),X0)),f(X4,X5)),f(f(X0,X1),X0)),f(f(X2,X2),f(f(f(X0,f(X1,X3)),f(X0,X2)),X0))),f(f(f(f(X2,X2),f(f(f(X0,f(X1,X3)),f(X0,X2)),X0)),X4),f(f(X2,X2),f(f(f(X0,f(X1,X3)),f(X0,X2)),X0)))) [superposition 7,27]
792. f(f(X0,f(X1,X2)),X0) = f(f(X0,f(X1,f(f(f(X3,X4),f(X3,f(X2,X5))),X3))),X0) [superposition 329,251]
1019. f(f(X0,f(X1,X2)),X0) = f(f(X0,f(f(f(X3,X4),f(X3,X4)),X3)),X0) [superposition 792,251]
1416. f(f(X1,f(X2,X3)),X1) = f(f(X1,f(f(X0,X0),f(f(f(f(f(f(X4,f(X5,X6)),f(X4,X7)),X4),f(f(f(X4,X5),X4),X8)),f(f(f(f(X4,f(X5,X6)),f(X4,X7)),X4),X0)),f(f(f(X4,f(X5,X6)),f(X4,X7)),X4)))),X1) [superposition 1019,12]
1649. f(f(X1,f(X2,X3)),X1) = f(f(X1,f(f(f(f(X4,f(X5,X6)),f(X4,X7)),X4),f(f(X4,X5),X4))),X1) [forward demodulation 1416,251]
1652. f(f(X1,f(X2,X3)),X1) = f(f(X1,X7),X1) [forward demodulation 1649,7]
1843. f(f(X1,X5),X1) = f(f(X1,X0),X1) [superposition 1652,7]
1866. f(X0,f(f(f(X1,X2),f(X1,X0)),X1)) = f(f(f(f(f(X1,X2),f(X1,X0)),X1),X6),f(f(f(X1,X2),f(X1,X0)),X1)) [superposition 1652,9]
1931. f(f(f(f(X0,X2),f(X0,X3)),X0),f(f(X0,X1),X0)) = X3 [superposition 9,1652]
3494. f(f(f(f(f(X0,X2),X3),f(f(X0,X1),X0)),f(X0,X2)),f(f(f(X0,X2),X4),f(X0,X2))) = X0 [superposition 1931,1843]
6008. f(f(f(f(X0,f(f(f(X5,f(f(f(f(X6,f(X7,X8)),f(X6,X5)),X6),X1)),f(f(f(X6,f(X7,X8)),f(X6,X5)),X6)),X9)),f(X0,X10)),X0),f(f(f(f(f(f(f(X0,X1),f(X0,X2)),X0),f(X3,X4)),X2),f(f(f(X0,X1),f(X0,X2)),X0)),f(f(f(f(f(X0,X1),f(X0,X2)),X0),X3),f(f(f(X0,X1),f(X0,X2)),X0)))) = X10 [superposition 7,94]
191923. f(f(f(f(X0,f(f(f(X5,f(f(f(f(X6,f(X7,X8)),f(X6,X5)),X6),X1)),f(f(f(X6,f(X7,X8)),f(X6,X5)),X6)),X9)),f(X0,X10)),X0),f(f(f(f(f(f(f(X0,X1),f(X0,X2)),X0),f(X3,X4)),X2),f(f(f(X0,X1),f(X0,X2)),X0)),f(X2,f(f(f(X0,X1),f(X0,X2)),X0)))) = X10 [forward demodulation 6008,1866]
271567. f(f(f(f(f(f(X2,X2),f(f(f(X0,f(X1,X3)),f(X0,X2)),X0)),f(X4,X5)),f(f(X0,X1),X0)),f(f(X2,X2),f(f(f(X0,f(X1,X3)),f(X0,X2)),X0))),f(f(f(f(X2,X2),f(f(f(X0,f(X1,X3)),f(X0,X2)),X0)),X4),f(f(X2,X2),f(f(f(X0,f(X1,X3)),f(X0,X2)),X0)))) = f(X2,f(f(f(X0,f(X1,X3)),f(X0,X2)),X0)) [forward demodulation 461,1866]
272898. f(X0,X0) = f(X0,f(f(f(f(X0,X0),f(X1,X2)),f(f(X0,X0),X0)),f(X0,X0))) [superposition 271567,3494]
275471. f(f(f(f(X0,X0),f(X7,X8)),f(f(X0,X0),X0)),f(X0,X0)) = f(f(f(f(X0,f(f(f(X1,f(f(f(f(X2,f(X3,X4)),f(X2,X1)),X2),X5)),f(f(f(X2,f(X3,X4)),f(X2,X1)),X2)),X6)),f(X0,X0)),X0),f(f(f(f(f(f(f(X0,X5),f(X0,X9)),X0),f(X10,X11)),X9),f(f(f(X0,X5),f(X0,X9)),X0)),f(X9,f(f(f(X0,X5),f(X0,X9)),X0)))) [superposition 191923,272898]
276043. f(f(f(f(X0,X0),f(X7,X8)),f(f(X0,X0),X0)),f(X0,X0)) = X0 [forward demodulation 275471,191923]
276687. f(X0,X0) = f(f(X0,X3),X0) [superposition 1866,276043]
281495. f(f(f(f(X0,X0),f(X1,X2)),f(X0,X0)),f(X0,X0)) = X0 [superposition 276043,276687]
283912. f(f(f(X0,X0),f(X0,X0)),f(X0,X0)) = X0 [forward demodulation 281495,276687]
284872. f(f(X0,X0),f(X0,X0)) = X0 [forward demodulation 283912,276687]
286073. f(X0,X0) = f(f(f(f(X0,X1),f(f(f(X0,X0),X2),f(X0,X0))),X0),f(f(X0,X3),X0)) [superposition 3494,284872]
286558. f(X0,X0) = f(f(f(f(X0,X1),f(f(f(X0,X0),X2),f(X0,X0))),X0),f(X0,X0)) [forward demodulation 286073,276687]
287388. f(X0,X0) = f(f(f(f(X0,X1),f(f(X0,X0),f(X0,X0))),X0),f(X0,X0)) [forward demodulation 286558,276687]
287884. f(X0,X0) = f(f(f(f(X0,X1),X0),X0),f(X0,X0)) [forward demodulation 287388,284872]
288129. f(X0,X0) = f(f(f(X0,X0),X0),f(X0,X0)) [forward demodulation 287884,276687]
288231. f(X0,X0) = f(f(X0,X0),f(X0,X0)) [forward demodulation 288129,276687]
288255. f(X0,X0) = X0 [forward demodulation 288231,284872]
289329. f(f(f(X0,X1),X0),f(f(X0,X2),X0)) = X1 [superposition 1931,288255]
290143. f(f(f(X0,X1),X0),f(X0,X0)) = X1 [forward demodulation 289329,276687]
291409. f(f(f(X0,X1),X0),X0) = X1 [forward demodulation 290143,288255]
292453. f(f(X0,X0),X0) = X1 [forward demodulation 291409,276687]
293376. f(X0,X0) = X1 [forward demodulation 292453,276687]
301023. X0 = X1 [superposition 293376,284872]
319400. sK0 != X0 [superposition 8,301023]
322247. $false [forward subsumption resolution 319400,301023]
% SZS output end Proof for p
% ------------------------------
% Version: Vampire 5.0.1 (Release build, commit 1b13eaf on 2026-01-18 12:14:50 +0000)
% Linked with Z3 4.14.0.0 3c47fd96cf5645d0c42b2c819d9e9a84380aa721 NOTFOUND
% CaDiCaL version: 2.1.3
% Termination reason: Refutation
% Time elapsed: 16.413 s
% Peak memory usage: 321 MB
% Instructions burned: 113945 (million)
% ------------------------------
% ------------------------------
