% law: x = (((y ◇ (y ◇ ((x ◇ y) ◇ (z ◇ w)))) ◇ (x ◇ w)) ◇ y)
% config: vampire/triv/discount @ 30s

% Running in auto input_syntax mode. Trying TPTP
% Refutation found. Thanks to Tanya!
% SZS status Theorem for p
% SZS output start Proof for p
1. ! [X0,X1,X2,X3] : X1 = f(f(f(X2,f(X2,f(f(X1,X2),f(X3,X0)))),f(X1,X0)),X2) [input(axiom)]
2. ! [X0,X1] : X0 = X1 [input(conjecture)]
3. ~! [X0,X1] : X0 = X1 [negated conjecture 2]
4. ? [X0,X1] : X0 != X1 [ennf transformation 3]
5. ? [X0,X1] : X0 != X1 => sK0 != sK1 [skolem symbol introduction]
6. sK0 != sK1 [skolemisation 4,5]
7. f(f(f(X2,f(X2,f(f(X1,X2),f(X3,X0)))),f(X1,X0)),X2) = X1 [cnf transformation 1]
8. sK0 != sK1 [cnf transformation 6]
9. f(f(X1,f(X1,f(f(X0,X1),f(X2,X3)))),f(X0,X3)) = f(f(f(X1,f(X1,f(X0,f(X4,X5)))),f(f(f(X1,f(X1,f(f(X0,X1),f(X2,X3)))),f(X0,X3)),X5)),X1) [superposition 7,7]
10. f(f(f(X1,f(X1,f(f(X2,X1),X0))),f(X2,X3)),X1) = X2 [superposition 7,7]
14. f(f(X1,f(X1,f(f(X0,X1),X2))),f(X0,X3)) = f(f(f(X1,f(X1,f(X0,X4))),f(f(f(X1,f(X1,f(f(X0,X1),X2))),f(X0,X3)),X5)),X1) [superposition 10,10]
16. f(X2,f(X2,f(f(X0,X2),X3))) = f(f(f(f(X0,X1),f(f(X0,X1),X0)),f(f(X2,f(X2,f(f(X0,X2),X3))),X4)),f(X0,X1)) [superposition 10,10]
44. f(f(X1,f(X1,f(f(X0,X1),f(X2,X3)))),f(X0,X3)) = f(f(f(X1,f(X1,f(X0,f(X4,X1)))),X0),X1) [superposition 9,7]
84. f(f(X1,f(X1,f(f(f(X0,X1),X1),f(X2,X3)))),f(f(X0,X1),X3)) = X0 [superposition 44,7]
88. f(f(f(f(X0,f(X0,f(X1,f(X2,X0)))),X1),X0),X0) = X1 [superposition 7,44]
118. f(f(X0,f(X0,f(X1,f(X4,X0)))),X1) = f(f(f(X0,f(X0,f(f(f(X0,f(X0,f(f(X1,X0),f(X2,X3)))),f(X1,X3)),X5))),f(f(f(X0,f(X0,f(X1,f(X4,X0)))),X1),X6)),X0) [superposition 10,44]
176. f(f(f(f(X1,f(X1,f(X2,X0))),X2),X1),X1) = X2 [superposition 88,88]
361. f(X0,f(X0,f(f(X1,X0),f(X3,X4)))) = f(f(f(f(X1,X5),f(f(X1,X5),X1)),f(f(f(X0,f(X0,f(X1,f(X2,X0)))),X1),X0)),f(X1,X5)) [superposition 16,44]
463. f(f(X1,f(X1,f(f(X0,X1),X2))),f(X0,X3)) = f(f(f(X1,f(X1,f(X0,X4))),X0),X1) [superposition 14,10]
507. f(f(X1,f(X1,f(f(f(X2,X1),X1),X0))),f(f(X2,X1),X3)) = X2 [superposition 84,88]
721. f(f(X1,f(X1,f(X0,X2))),X0) = f(f(X1,f(X1,f(X0,X3))),X0) [superposition 507,176]
997. f(X0,f(X0,f(X1,X3))) = f(f(X1,f(X1,f(f(f(f(X0,f(X0,f(X1,X2))),X1),X1),X4))),f(f(f(X0,f(X0,f(X1,X2))),X1),X5)) [superposition 507,721]
1005. f(X0,f(X0,f(X1,X2))) = f(X0,f(X0,f(X1,X3))) [forward demodulation 997,507]
1017. f(X1,f(X1,X0)) = f(X1,f(X1,f(f(f(X2,f(X2,f(f(X0,X2),X3))),f(X0,X4)),X5))) [superposition 1005,10]
1024. f(X1,f(X1,X0)) = f(X1,f(X1,f(f(X2,f(X2,f(f(f(X0,X2),X2),X3))),X5))) [superposition 1005,507]
1459. f(X1,f(X1,f(f(X0,f(X0,X0)),X3))) = f(X1,f(X1,f(X0,f(X0,f(X0,X2))))) [superposition 1024,176]
1697. f(X0,f(X0,f(X1,X2))) = f(X0,f(X0,f(f(X1,f(X1,X1)),X3))) [superposition 1459,1005]
2121. f(f(f(f(X0,X0),f(f(X0,X0),f(X0,X1))),f(X0,X3)),f(X0,X0)) = X0 [superposition 7,1697]
2129. f(X1,f(X1,X1)) = f(f(f(f(X0,f(X0,f(X1,X2))),f(X1,f(X1,X1))),X0),X0) [superposition 88,1697]
6899. f(f(f(X0,f(X0,f(X1,X2))),X1),X0) = f(f(f(X0,f(X0,f(X1,X5))),X1),X0) [superposition 463,463]
61402. f(f(f(f(f(f(X0,X1),X2),f(f(f(X0,X1),X2),f(X0,X1))),f(f(f(X1,f(X1,f(f(X0,X1),f(X3,X1)))),f(X0,X1)),X1)),f(f(X0,X1),X2)),f(f(X0,X1),X5)) = X0 [superposition 84,361]
62707. f(f(f(f(f(f(X0,X1),X2),f(f(f(X0,X1),X2),f(X0,X1))),X0),f(f(X0,X1),X2)),f(f(X0,X1),X5)) = X0 [forward demodulation 61402,7]
81701. f(f(X0,f(X0,f(X1,f(X4,X0)))),X1) = f(f(f(X0,f(X0,X1)),f(f(f(X0,f(X0,f(X1,f(X4,X0)))),X1),X6)),X0) [forward demodulation 118,1017]
81841. f(f(X1,f(X1,f(X2,X0))),X2) = f(f(f(X1,f(X1,X2)),f(f(f(X1,f(X1,f(X2,X0))),X2),X4)),X1) [superposition 81701,88]
86137. f(f(X0,f(X0,f(X1,X4))),X1) = f(f(f(X0,f(X0,X1)),f(f(X0,f(X0,f(f(X1,X0),X2))),f(X1,X3))),X0) [superposition 81841,463]
127085. f(f(f(f(f(f(X0,X1),X2),f(f(f(X0,X1),X2),f(X0,X3))),X0),f(f(X0,X1),X2)),f(f(X0,X1),X4)) = X0 [superposition 62707,6899]
136707. f(f(X0,X1),f(f(X0,X1),f(f(X0,f(X0,X1)),X2))) = f(f(f(X0,X1),f(f(X0,X1),f(X0,X3))),X0) [superposition 86137,16]
142974. f(f(X0,X1),f(f(X0,X1),f(f(X0,X1),X4))) = f(f(X0,X1),f(f(f(X0,X1),f(f(X0,X1),f(X0,X2))),X0)) [superposition 1005,136707]
143028. f(X0,X1) = f(f(f(X3,f(X3,f(f(f(X0,X1),X3),X4))),f(f(f(X0,X1),f(f(X0,X1),f(X0,X2))),X0)),X3) [superposition 10,136707]
211508. f(f(f(f(X0,f(X0,f(X1,X4))),X1),X0),f(f(X1,f(X1,f(f(f(X0,X1),X1),X2))),X5)) = X1 [superposition 127085,507]
213612. f(X0,X1) = f(X0,f(f(f(X0,X1),f(f(X0,X1),f(f(f(X1,f(X0,X1)),f(X0,X1)),X3))),X4)) [superposition 211508,7]
215448. f(f(X1,f(X1,f(f(f(X0,X1),X1),X2))),f(f(X0,f(X0,f(f(f(f(f(X0,X1),X3),X0),X0),X4))),X5)) = X0 [superposition 213612,507]
240167. f(X0,f(X0,f(X0,X4))) = f(X0,f(f(X0,f(X0,f(f(X1,f(X1,f(f(f(X0,X1),X1),X2))),X5))),f(X1,f(X1,f(f(f(X0,X1),X1),X2))))) [superposition 142974,507]
243139. f(X0,f(X0,f(X0,X4))) = f(X0,f(f(X0,f(X0,X0)),f(X1,f(X1,f(f(f(X0,X1),X1),X2))))) [forward demodulation 240167,1024]
243810. f(X0,f(X0,f(X0,X2))) = f(X0,f(f(X0,f(X0,X0)),X1)) [superposition 243139,213612]
449828. f(f(f(X4,f(X4,f(f(X0,X4),X5))),f(f(X0,f(X0,f(f(X1,f(X1,f(f(f(X0,X1),X1),X2))),X6))),f(X1,f(X1,f(f(f(X0,X1),X1),X2))))),X4) = X0 [superposition 143028,507]
451416. f(f(f(X4,f(X4,f(f(X0,X4),X5))),f(f(X0,f(X0,X0)),f(X1,f(X1,f(f(f(X0,X1),X1),X2))))),X4) = X0 [forward demodulation 449828,1024]
474230. f(f(f(X2,f(X2,f(f(X0,X2),X3))),f(f(X0,f(X0,X0)),X1)),X2) = X0 [superposition 451416,213612]
476463. f(X0,f(X0,X0)) = f(f(X0,f(X0,X0)),f(f(X0,f(X0,X0)),f(X0,f(X0,X0)))) [superposition 2129,474230]
479102. f(f(X0,f(X0,X0)),f(f(X0,f(X0,X0)),X1)) = f(f(X0,f(X0,X0)),f(f(X0,f(X0,X0)),f(X0,f(X0,X0)))) [superposition 243810,476463]
479148. f(X0,f(X0,X0)) = f(f(X0,f(X0,X0)),f(f(X0,f(X0,X0)),X1)) [forward demodulation 479102,476463]
481286. f(X0,f(X0,X0)) = f(f(f(X0,f(X0,X0)),f(f(X0,f(X0,X0)),f(X0,X2))),X0) [superposition 136707,479148]
483778. f(X0,f(X0,X0)) = f(f(X0,f(X0,X0)),X0) [forward demodulation 481286,479148]
484493. f(f(f(X0,X0),f(f(X0,X0),f(X0,X0))),f(X0,X0)) = X0 [superposition 2121,483778]
485895. f(f(X0,X0),f(f(X0,X0),f(X0,X0))) = X0 [forward demodulation 484493,483778]
486609. f(X0,f(X0,X1)) = X0 [superposition 479148,485895]
492915. f(X1,f(X1,f(f(f(X0,X1),X1),X2))) = f(f(X1,f(X1,f(f(f(X0,X1),X1),X2))),X0) [superposition 486609,215448]
497581. f(X1,X0) = X1 [forward demodulation 492915,486609]
505881. f(X0,f(X0,f(f(f(X1,X0),X0),X2))) = X1 [superposition 215448,497581]
507162. X0 = X1 [forward demodulation 505881,486609]
524505. sK0 != X0 [superposition 8,507162]
528315. $false [forward subsumption resolution 524505,507162]
% SZS output end Proof for p
% ------------------------------
% Version: Vampire 5.0.1 (Release build, commit 1b13eaf on 2026-01-18 12:14:50 +0000)
% Linked with Z3 4.14.0.0 3c47fd96cf5645d0c42b2c819d9e9a84380aa721 NOTFOUND
% CaDiCaL version: 2.1.3
% Termination reason: Refutation
% Time elapsed: 30.058 s
% Peak memory usage: 611 MB
% Instructions burned: 132760 (million)
% ------------------------------
% ------------------------------
