% law: x = (((z ◇ y) ◇ (x ◇ (x ◇ (y ◇ y)))) ◇ (z ◇ z))
% config: twee/complete @ 30s

Here is the input problem:
  Axiom 1 (hyp): X = f(f(f(Y, Z), f(X, f(X, f(Z, Z)))), f(Y, Y)).
  Goal 1 (goal): x = y.

1. f(f(f(X, Y), f(Z, f(Z, f(Y, Y)))), f(X, X)) -> Z
2. f(f(f(X, Y), f(f(f(Y, Z), f(W, f(W, f(Z, Z)))), W)), f(X, X)) -> f(f(Y, Z), f(W, f(W, f(Z, Z))))
3. f(f(X, Y), f(f(X, X), f(f(X, X), f(Y, Y)))) -> f(f(f(?, X), f(X, X)), f(?, ?))
4. f(f(f(X, Y), f(Y, Y)), f(X, X)) ~> f(f(f(?, Y), f(Y, Y)), f(?, ?))
5. f(f(f(f(?, X), f(X, X)), f(?, ?)), f(X, X)) -> f(X, X)
6. f(f(f(?, ?), f(?, ?)), f(f(f(?, f(?, ?)), f(f(?, ?), f(?, ?))), f(f(?, f(?, ?)), f(f(?, ?), f(?, ?))))) -> f(f(f(?, f(?, ?)), f(f(?, ?), f(?, ?))), f(?, ?))
7. f(f(X, f(X, X)), f(f(f(?, X), f(X, X)), f(?, ?))) -> f(f(f(?, X), f(X, X)), f(?, ?))
8. f(f(f(X, f(Y, Y)), f(f(f(?, Y), f(Y, Y)), f(?, ?))), f(X, X)) -> f(Y, Y)
9. f(f(f(X, X), f(f(f(?, X), f(X, X)), f(?, ?))), f(f(f(f(?, X), f(X, X)), f(?, ?)), f(f(f(?, X), f(X, X)), f(?, ?)))) -> f(X, X)
10. f(f(f(f(f(?, ?), f(?, ?)), f(?, ?)), f(f(?, ?), f(?, ?))), f(f(f(f(f(?, ?), f(?, ?)), f(?, ?)), f(f(f(?, ?), f(?, ?)), f(?, ?))), f(?, ?))) -> f(f(f(?, f(f(f(?, ?), f(?, ?)), f(?, ?))), f(f(f(f(?, ?), f(?, ?)), f(?, ?)), f(f(f(?, ?), f(?, ?)), f(?, ?)))), f(?, ?))
11. f(f(f(?, f(X, f(X, f(Y, Y)))), f(f(X, f(X, f(Y, Y))), f(X, f(X, f(Y, Y))))), f(?, ?)) -> f(X, f(f(f(X, f(X, f(Y, Y))), Y), f(f(X, f(X, f(Y, Y))), Y)))
12. f(f(X, f(f(f(X, f(X, f(Y, Y))), Y), f(f(X, f(X, f(Y, Y))), Y))), f(f(X, f(X, f(Y, Y))), f(X, f(X, f(Y, Y))))) -> f(f(X, f(X, f(Y, Y))), f(X, f(X, f(Y, Y))))
13. f(f(f(f(?, X), f(X, X)), f(?, ?)), f(f(f(X, X), X), f(f(X, X), X))) -> f(f(f(?, f(X, X)), f(f(X, X), f(X, X))), f(?, ?))
14. f(f(f(?, f(f(f(?, X), f(X, X)), f(?, ?))), f(f(f(f(?, X), f(X, X)), f(?, ?)), f(f(f(?, X), f(X, X)), f(?, ?)))), f(?, ?)) -> f(f(X, X), f(f(X, X), f(X, X)))
15. f(f(f(f(f(?, X), f(X, X)), f(?, ?)), f(f(f(?, X), f(X, X)), f(?, ?))), f(f(f(f(f(?, X), f(X, X)), f(?, ?)), f(f(f(?, X), f(X, X)), f(?, ?))), f(f(f(f(?, X), f(X, X)), f(?, ?)), f(f(f(?, X), f(X, X)), f(?, ?))))) -> f(f(X, X), f(f(f(f(X, X), f(f(X, X), f(X, X))), X), f(f(f(X, X), f(f(X, X), f(X, X))), X)))
16. f(f(f(?, ?), f(f(?, f(?, ?)), f(f(?, ?), f(?, ?)))), f(f(f(?, ?), f(?, ?)), f(f(f(?, f(?, ?)), f(f(?, ?), f(?, ?))), f(?, ?)))) -> f(f(f(?, f(?, ?)), f(f(?, ?), f(?, ?))), f(?, ?))
17. f(f(f(X, X), X), f(f(f(X, X), f(X, X)), f(f(f(?, X), f(X, X)), f(?, ?)))) -> f(f(f(?, f(X, X)), f(f(X, X), f(X, X))), f(?, ?))
18. f(f(f(X, f(X, f(Y, Y))), f(f(X, f(X, f(Y, Y))), f(X, f(X, f(Y, Y))))), f(X, f(f(f(X, f(X, f(Y, Y))), Y), f(f(X, f(X, f(Y, Y))), Y)))) -> f(X, f(f(f(X, f(X, f(Y, Y))), Y), f(f(X, f(X, f(Y, Y))), Y)))
19. f(f(f(X, X), f(f(X, X), f(X, X))), f(f(f(f(?, X), f(X, X)), f(?, ?)), f(f(f(?, X), f(X, X)), f(?, ?)))) -> f(f(f(?, f(X, X)), f(f(X, X), f(X, X))), f(?, ?))
20. f(f(X, f(Y, f(Y, f(f(Z, Z), f(Z, Z))))), f(f(f(Z, W), f(X, f(X, f(W, W)))), f(f(Z, W), f(X, f(X, f(W, W)))))) -> Y
21. f(f(f(X, X), f(Y, f(Y, f(f(X, X), f(X, X))))), f(f(f(f(?, X), f(X, X)), f(?, ?)), f(f(f(?, X), f(X, X)), f(?, ?)))) -> Y
22. f(f(X, f(f(Y, Y), f(f(Y, Y), f(Y, Y)))), f(f(f(Y, Y), f(X, f(X, f(f(Y, Y), f(Y, Y))))), f(f(Y, Y), f(X, f(X, f(f(Y, Y), f(Y, Y))))))) -> f(f(f(f(?, Y), f(Y, Y)), f(?, ?)), f(f(f(?, Y), f(Y, Y)), f(?, ?)))
23. f(f(f(f(?, X), f(X, X)), f(?, ?)), f(f(f(X, X), f(f(f(?, X), f(X, X)), f(?, ?))), f(f(X, X), f(f(f(?, X), f(X, X)), f(?, ?))))) -> f(f(f(f(?, X), f(X, X)), f(?, ?)), f(f(f(?, X), f(X, X)), f(?, ?)))
24. f(f(f(f(?, X), f(X, X)), f(?, ?)), f(f(f(?, X), f(X, X)), f(?, ?))) -> f(f(f(?, f(X, X)), f(f(X, X), f(X, X))), f(?, ?))
25. f(f(f(X, X), f(f(X, X), f(X, X))), f(f(X, X), f(f(X, X), f(X, X)))) -> f(f(f(X, X), f(X, X)), f(f(f(X, X), f(X, X)), f(f(X, X), f(X, X))))
26. f(f(f(f(?, f(?, ?)), f(f(?, ?), f(?, ?))), f(?, ?)), f(f(f(?, ?), f(?, ?)), f(f(?, ?), f(?, ?)))) -> f(?, ?)
27. f(f(f(f(f(X, X), f(X, X)), f(f(f(X, X), f(X, X)), f(f(X, X), f(X, X)))), f(Y, f(Y, f(f(f(X, X), f(X, X)), f(f(f(X, X), f(X, X)), f(f(X, X), f(X, X))))))), f(f(f(X, X), f(X, X)), f(f(f(X, X), f(X, X)), f(f(X, X), f(X, X))))) -> Y
28. f(f(f(f(f(X, X), f(X, X)), f(f(X, X), f(X, X))), f(f(f(f(X, X), f(X, X)), f(f(X, X), f(X, X))), f(f(f(X, X), f(X, X)), f(f(X, X), f(X, X))))), f(f(f(X, X), f(X, X)), f(f(f(X, X), f(X, X)), f(f(X, X), f(X, X))))) -> f(f(X, X), f(f(f(f(X, X), f(f(X, X), f(X, X))), X), f(f(f(X, X), f(f(X, X), f(X, X))), X)))
29. f(f(f(X, X), f(f(f(f(X, X), f(f(X, X), f(X, X))), X), f(f(f(X, X), f(f(X, X), f(X, X))), X))), f(f(X, X), f(f(f(f(X, X), f(f(X, X), f(X, X))), X), f(f(f(X, X), f(f(X, X), f(X, X))), X)))) -> f(f(f(X, X), f(X, X)), f(f(f(f(f(X, X), f(X, X)), f(f(f(X, X), f(X, X)), f(f(X, X), f(X, X)))), f(X, X)), f(f(f(f(X, X), f(X, X)), f(f(f(X, X), f(X, X)), f(f(X, X), f(X, X)))), f(X, X))))
30. f(f(f(?, ?), f(f(f(?, f(f(?, ?), f(?, ?))), f(f(f(?, ?), f(?, ?)), f(f(?, ?), f(?, ?)))), f(?, ?))), f(f(f(?, f(f(?, ?), f(?, ?))), f(f(f(?, ?), f(?, ?)), f(f(?, ?), f(?, ?)))), f(?, ?))) -> f(f(f(?, ?), f(?, ?)), f(f(?, ?), f(?, ?)))
31. f(f(f(f(X, X), f(X, X)), f(f(f(X, X), f(X, X)), f(f(X, X), f(X, X)))), f(f(f(f(X, X), f(X, X)), f(f(f(X, X), f(X, X)), f(f(X, X), f(X, X)))), f(f(f(f(X, X), f(X, X)), f(f(X, X), f(X, X))), f(f(f(f(X, X), f(X, X)), f(f(X, X), f(X, X))), f(f(f(X, X), f(X, X)), f(f(X, X), f(X, X))))))) -> f(f(X, X), f(f(f(f(X, X), f(f(X, X), f(X, X))), X), f(f(f(X, X), f(f(X, X), f(X, X))), X)))
32. f(f(f(f(f(?, f(X, X)), f(f(X, X), f(X, X))), f(?, ?)), f(Y, f(Y, f(f(f(?, f(X, X)), f(f(X, X), f(X, X))), f(?, ?))))), f(f(f(?, f(X, X)), f(f(X, X), f(X, X))), f(?, ?))) -> Y
33. f(f(f(X, X), f(Y, f(Y, f(f(X, X), f(X, X))))), f(f(f(?, f(X, X)), f(f(X, X), f(X, X))), f(?, ?))) -> Y
34. f(f(f(f(f(?, ?), f(?, ?)), f(?, ?)), f(f(?, ?), f(?, ?))), f(f(f(f(?, f(?, ?)), f(f(?, ?), f(?, ?))), f(?, ?)), f(?, ?))) -> f(f(f(?, f(f(f(?, ?), f(?, ?)), f(?, ?))), f(f(f(?, f(?, ?)), f(f(?, ?), f(?, ?))), f(?, ?))), f(?, ?))
35. f(f(f(X, X), f(f(f(f(X, X), f(f(X, X), f(X, X))), X), f(f(f(X, X), f(f(X, X), f(X, X))), X))), f(f(f(X, X), f(X, X)), f(f(f(X, X), f(X, X)), f(f(X, X), f(X, X))))) -> f(f(f(X, X), f(X, X)), f(f(f(X, X), f(X, X)), f(f(X, X), f(X, X))))
36. f(f(f(X, f(f(?, f(?, ?)), f(f(?, ?), f(?, ?)))), f(f(f(?, ?), f(?, ?)), f(f(f(?, f(?, ?)), f(f(?, ?), f(?, ?))), f(?, ?)))), f(X, X)) -> f(f(?, ?), f(?, ?))
37. f(f(f(f(f(X, X), f(X, X)), f(f(f(X, X), f(X, X)), f(f(X, X), f(X, X)))), f(f(f(f(X, X), f(X, X)), f(f(X, X), f(X, X))), f(f(f(f(X, X), f(X, X)), f(f(X, X), f(X, X))), f(f(f(X, X), f(X, X)), f(f(X, X), f(X, X)))))), f(f(f(f(X, X), f(X, X)), f(f(f(X, X), f(X, X)), f(f(X, X), f(X, X)))), f(f(f(f(X, X), f(X, X)), f(f(X, X), f(X, X))), f(f(f(f(X, X), f(X, X)), f(f(X, X), f(X, X))), f(f(f(X, X), f(X, X)), f(f(X, X), f(X, X))))))) -> f(f(f(f(f(X, X), f(X, X)), f(f(X, X), f(X, X))), f(f(f(f(X, X), f(X, X)), f(f(X, X), f(X, X))), f(f(f(X, X), f(X, X)), f(f(X, X), f(X, X))))), f(f(f(f(f(X, X), f(X, X)), f(f(X, X), f(X, X))), f(f(f(X, X), f(X, X)), f(f(X, X), f(X, X)))), f(f(f(f(f(X, X), f(X, X)), f(f(X, X), f(X, X))), f(f(f(X, X), f(X, X)), f(f(X, X), f(X, X)))), f(f(f(f(X, X), f(X, X)), f(f(X, X), f(X, X))), f(f(f(X, X), f(X, X)), f(f(X, X), f(X, X)))))))
38. f(f(X, f(f(Y, Y), f(Y, Y))), f(f(f(Y, Z), f(X, f(X, f(Z, Z)))), f(f(Y, Z), f(X, f(X, f(Z, Z)))))) -> f(f(f(?, f(Y, Y)), f(f(Y, Y), f(Y, Y))), f(?, ?))
39. f(f(f(f(f(X, X), f(f(X, X), f(X, X))), Y), f(Y, Y)), f(f(f(X, X), f(X, X)), f(f(f(X, X), f(X, X)), f(f(X, X), f(X, X))))) -> f(f(f(?, Y), f(Y, Y)), f(?, ?))
40. f(f(f(f(X, f(X, f(Y, Y))), f(X, f(X, f(Y, Y)))), f(X, f(f(f(X, f(X, f(Y, Y))), Y), f(f(X, f(X, f(Y, Y))), Y)))), f(f(f(?, f(f(X, f(X, f(Y, Y))), f(X, f(X, f(Y, Y))))), f(f(f(X, f(X, f(Y, Y))), f(X, f(X, f(Y, Y)))), f(f(X, f(X, f(Y, Y))), f(X, f(X, f(Y, Y)))))), f(?, ?))) -> f(f(X, f(X, f(Y, Y))), f(X, f(X, f(Y, Y))))
41. f(f(f(f(X, f(X, f(Y, Y))), f(X, f(X, f(Y, Y)))), f(X, f(f(f(X, f(X, f(Y, Y))), Y), f(f(X, f(X, f(Y, Y))), Y)))), f(f(X, f(f(f(X, f(X, f(Y, Y))), Y), f(f(X, f(X, f(Y, Y))), Y))), f(X, f(f(f(X, f(X, f(Y, Y))), Y), f(f(X, f(X, f(Y, Y))), Y))))) -> f(f(X, f(X, f(Y, Y))), f(X, f(X, f(Y, Y))))
42. f(f(f(f(f(?, X), f(X, X)), f(?, ?)), f(f(f(?, f(X, X)), f(f(X, X), f(X, X))), f(?, ?))), f(f(X, X), f(f(X, X), f(X, X)))) -> f(f(X, X), f(f(X, X), f(X, X)))
43. f(f(f(X, f(f(Y, Y), f(f(Y, Y), f(Y, Y)))), f(f(f(Y, Y), f(Y, Y)), f(f(f(Y, Y), f(Y, Y)), f(f(Y, Y), f(Y, Y))))), f(X, X)) -> f(f(Y, Y), f(f(f(f(Y, Y), f(f(Y, Y), f(Y, Y))), Y), f(f(f(Y, Y), f(f(Y, Y), f(Y, Y))), Y)))
44. f(f(f(?, f(f(X, f(X, f(Y, Y))), f(X, f(X, f(Y, Y))))), f(f(f(X, f(X, f(Y, Y))), f(X, f(X, f(Y, Y)))), f(f(X, f(X, f(Y, Y))), f(X, f(X, f(Y, Y)))))), f(?, ?)) -> f(f(X, f(f(f(X, f(X, f(Y, Y))), Y), f(f(X, f(X, f(Y, Y))), Y))), f(X, f(f(f(X, f(X, f(Y, Y))), Y), f(f(X, f(X, f(Y, Y))), Y))))
45. f(f(f(f(?, X), f(X, X)), f(?, ?)), f(f(f(f(X, X), f(f(X, X), f(X, X))), X), f(f(f(X, X), f(f(X, X), f(X, X))), X))) -> f(f(X, X), f(X, X))
46. f(f(f(f(f(X, X), f(f(X, X), f(X, X))), Y), f(Z, f(Z, f(Y, Y)))), f(f(f(X, X), f(X, X)), f(f(f(X, X), f(X, X)), f(f(X, X), f(X, X))))) -> Z
47. f(f(f(X, f(f(Y, Y), f(f(Y, Y), f(Y, Y)))), f(Z, f(Z, f(f(f(Y, Y), f(Y, Y)), f(f(f(Y, Y), f(Y, Y)), f(f(Y, Y), f(Y, Y))))))), f(X, X)) -> Z
48. f(f(f(X, f(f(Y, f(Y, f(Z, Z))), f(Y, f(Y, f(Z, Z))))), f(Y, f(f(f(Y, f(Y, f(Z, Z))), Z), f(f(Y, f(Y, f(Z, Z))), Z)))), f(X, X)) -> f(f(Y, f(Y, f(Z, Z))), f(Y, f(Y, f(Z, Z))))
49. f(f(f(X, f(X, f(Y, Y))), f(X, f(X, f(Y, Y)))), f(f(f(f(f(X, f(X, f(Y, Y))), f(X, f(X, f(Y, Y)))), f(f(f(X, f(X, f(Y, Y))), f(X, f(X, f(Y, Y)))), f(f(X, f(X, f(Y, Y))), f(X, f(X, f(Y, Y)))))), f(X, f(X, f(Y, Y)))), f(f(f(f(X, f(X, f(Y, Y))), f(X, f(X, f(Y, Y)))), f(f(f(X, f(X, f(Y, Y))), f(X, f(X, f(Y, Y)))), f(f(X, f(X, f(Y, Y))), f(X, f(X, f(Y, Y)))))), f(X, f(X, f(Y, Y)))))) = f(f(f(X, f(f(f(X, f(X, f(Y, Y))), Y), f(f(X, f(X, f(Y, Y))), Y))), f(X, f(f(f(X, f(X, f(Y, Y))), Y), f(f(X, f(X, f(Y, Y))), Y)))), f(f(f(X, f(f(f(X, f(X, f(Y, Y))), Y), f(f(X, f(X, f(Y, Y))), Y))), f(X, f(f(f(X, f(X, f(Y, Y))), Y), f(f(X, f(X, f(Y, Y))), Y)))), f(f(X, f(f(f(X, f(X, f(Y, Y))), Y), f(f(X, f(X, f(Y, Y))), Y))), f(X, f(f(f(X, f(X, f(Y, Y))), Y), f(f(X, f(X, f(Y, Y))), Y))))))
50. f(f(f(f(f(X, X), f(X, X)), f(f(f(f(f(X, X), f(X, X)), f(f(f(X, X), f(X, X)), f(f(X, X), f(X, X)))), f(X, X)), f(f(f(f(X, X), f(X, X)), f(f(f(X, X), f(X, X)), f(f(X, X), f(X, X)))), f(X, X)))), f(Y, f(Y, f(f(f(X, X), f(X, X)), f(f(f(f(f(X, X), f(X, X)), f(f(f(X, X), f(X, X)), f(f(X, X), f(X, X)))), f(X, X)), f(f(f(f(X, X), f(X, X)), f(f(f(X, X), f(X, X)), f(f(X, X), f(X, X)))), f(X, X))))))), f(f(f(X, X), f(X, X)), f(f(f(f(f(X, X), f(X, X)), f(f(f(X, X), f(X, X)), f(f(X, X), f(X, X)))), f(X, X)), f(f(f(f(X, X), f(X, X)), f(f(f(X, X), f(X, X)), f(f(X, X), f(X, X)))), f(X, X))))) -> Y
51. f(f(f(?, ?), f(f(f(f(?, ?), f(?, ?)), f(f(?, ?), f(?, ?))), f(f(f(?, ?), f(?, ?)), f(f(?, ?), f(?, ?))))), f(f(f(?, f(f(?, ?), f(?, ?))), f(f(f(?, ?), f(?, ?)), f(f(?, ?), f(?, ?)))), f(?, ?))) -> f(f(f(?, f(f(f(?, ?), f(?, ?)), f(f(?, ?), f(?, ?)))), f(f(f(f(?, ?), f(?, ?)), f(f(?, ?), f(?, ?))), f(f(f(?, ?), f(?, ?)), f(f(?, ?), f(?, ?))))), f(?, ?))
52. f(f(f(X, f(f(f(X, f(X, f(Y, Y))), Y), f(f(X, f(X, f(Y, Y))), Y))), f(X, f(f(f(X, f(X, f(Y, Y))), Y), f(f(X, f(X, f(Y, Y))), Y)))), f(f(f(X, f(X, f(Y, Y))), f(X, f(X, f(Y, Y)))), f(f(X, f(X, f(Y, Y))), f(X, f(X, f(Y, Y)))))) -> f(f(f(X, f(X, f(Y, Y))), f(X, f(X, f(Y, Y)))), f(f(X, f(X, f(Y, Y))), f(X, f(X, f(Y, Y)))))
53. f(f(f(X, X), f(f(f(?, X), f(X, X)), f(?, ?))), f(f(f(?, f(X, X)), f(f(X, X), f(X, X))), f(?, ?))) -> f(X, X)
54. f(f(f(f(f(?, X), f(X, X)), f(?, ?)), f(Y, f(Y, f(f(f(?, f(X, X)), f(f(X, X), f(X, X))), f(?, ?))))), f(f(X, f(X, X)), f(X, f(X, X)))) -> Y
55. f(f(f(f(f(?, f(X, X)), f(f(X, X), f(X, X))), f(?, ?)), f(f(X, X), f(f(X, X), f(X, X)))), f(f(f(X, X), f(X, X)), f(f(f(X, X), f(X, X)), f(f(X, X), f(X, X))))) -> f(f(f(?, f(X, X)), f(f(X, X), f(X, X))), f(?, ?))
56. f(f(X, f(f(Y, Y), f(f(Y, Y), f(Y, Y)))), f(f(X, X), f(f(X, X), f(f(f(Y, Y), f(Y, Y)), f(f(f(Y, Y), f(Y, Y)), f(f(Y, Y), f(Y, Y))))))) -> f(f(f(?, X), f(X, X)), f(?, ?))
57. f(f(f(?, ?), f(X, f(X, f(f(f(f(?, ?), f(?, ?)), f(f(?, ?), f(?, ?))), f(f(f(?, ?), f(?, ?)), f(f(?, ?), f(?, ?))))))), f(f(f(?, f(f(?, ?), f(?, ?))), f(f(f(?, ?), f(?, ?)), f(f(?, ?), f(?, ?)))), f(?, ?))) -> X
58. f(f(X, f(f(f(X, f(X, f(Y, Y))), Y), f(f(X, f(X, f(Y, Y))), Y))), f(f(f(f(X, f(X, f(Y, Y))), f(X, f(X, f(Y, Y)))), f(X, f(f(f(X, f(X, f(Y, Y))), Y), f(f(X, f(X, f(Y, Y))), Y)))), f(f(f(X, f(X, f(Y, Y))), f(X, f(X, f(Y, Y)))), f(X, f(f(f(X, f(X, f(Y, Y))), Y), f(f(X, f(X, f(Y, Y))), Y)))))) -> f(f(X, f(f(f(X, f(X, f(Y, Y))), Y), f(f(X, f(X, f(Y, Y))), Y))), f(X, f(f(f(X, f(X, f(Y, Y))), Y), f(f(X, f(X, f(Y, Y))), Y))))
59. f(f(f(X, X), f(f(X, X), f(X, X))), f(f(f(f(f(?, f(X, X)), f(f(X, X), f(X, X))), f(?, ?)), f(f(X, X), f(f(X, X), f(X, X)))), f(f(f(f(?, f(X, X)), f(f(X, X), f(X, X))), f(?, ?)), f(f(X, X), f(f(X, X), f(X, X)))))) -> f(f(f(X, X), f(X, X)), f(f(f(X, X), f(X, X)), f(f(X, X), f(X, X))))
60. f(f(f(f(X, X), f(f(X, X), f(X, X))), f(f(f(X, X), f(X, X)), f(f(f(X, X), f(X, X)), f(f(X, X), f(X, X))))), f(f(f(f(?, f(X, X)), f(f(X, X), f(X, X))), f(?, ?)), f(f(f(?, f(f(X, X), f(X, X))), f(f(f(X, X), f(X, X)), f(f(X, X), f(X, X)))), f(?, ?)))) -> f(f(X, X), f(f(f(f(X, X), f(f(X, X), f(X, X))), X), f(f(f(X, X), f(f(X, X), f(X, X))), X)))
61. f(f(f(f(X, X), f(f(X, X), f(X, X))), f(f(f(X, X), f(X, X)), f(f(f(X, X), f(X, X)), f(f(X, X), f(X, X))))), f(f(X, X), f(f(f(f(X, X), f(f(X, X), f(X, X))), X), f(f(f(X, X), f(f(X, X), f(X, X))), X)))) -> f(f(X, X), f(f(f(f(X, X), f(f(X, X), f(X, X))), X), f(f(f(X, X), f(f(X, X), f(X, X))), X)))
62. f(f(X, f(f(f(X, f(X, f(Y, Y))), Y), f(f(X, f(X, f(Y, Y))), Y))), f(f(f(f(X, f(X, f(Y, Y))), f(X, f(X, f(Y, Y)))), f(X, f(X, f(Y, Y)))), f(f(f(X, f(X, f(Y, Y))), f(X, f(X, f(Y, Y)))), f(X, f(X, f(Y, Y)))))) -> f(f(X, f(f(f(X, f(X, f(Y, Y))), Y), f(f(X, f(X, f(Y, Y))), Y))), f(X, f(f(f(X, f(X, f(Y, Y))), Y), f(f(X, f(X, f(Y, Y))), Y))))
63. f(f(?, ?), f(f(f(f(?, f(f(?, ?), f(?, ?))), f(f(f(?, ?), f(?, ?)), f(f(?, ?), f(?, ?)))), f(?, ?)), f(f(f(f(?, f(f(?, ?), f(?, ?))), f(f(f(?, ?), f(?, ?)), f(f(?, ?), f(?, ?)))), f(?, ?)), f(f(f(f(?, ?), f(?, ?)), f(f(?, ?), f(?, ?))), f(f(f(?, ?), f(?, ?)), f(f(?, ?), f(?, ?))))))) -> f(f(f(?, ?), f(?, ?)), f(f(f(?, ?), f(?, ?)), f(f(?, ?), f(?, ?))))
64. f(f(f(X, Y), f(f(f(Y, Z), f(Z, Z)), f(f(f(?, Z), f(Z, Z)), f(?, ?)))), f(X, X)) -> f(f(Y, Z), f(Z, Z))
65. f(f(f(f(?, X), f(X, X)), f(?, ?)), f(f(f(?, f(X, X)), f(f(X, X), f(X, X))), f(?, ?))) -> f(f(f(?, f(X, f(X, X))), f(f(X, X), f(f(X, X), f(X, X)))), f(?, ?))
66. f(f(f(X, f(Y, f(Y, Y))), f(f(Y, Y), f(f(Y, Y), f(Y, Y)))), f(X, X)) ~> f(f(f(?, f(Y, f(Y, Y))), f(f(Y, Y), f(f(Y, Y), f(Y, Y)))), f(?, ?))
67. f(f(f(f(?, f(X, f(X, X))), f(f(X, X), f(f(X, X), f(X, X)))), f(?, ?)), f(f(X, X), f(f(X, X), f(X, X)))) -> f(f(X, X), f(f(X, X), f(X, X)))
68. f(f(f(f(?, ?), f(?, ?)), f(f(f(?, ?), f(?, ?)), f(f(?, ?), f(?, ?)))), f(f(f(?, f(f(?, ?), f(f(?, ?), f(?, ?)))), f(f(f(?, ?), f(?, ?)), f(f(f(?, ?), f(?, ?)), f(f(?, ?), f(?, ?))))), f(f(?, f(f(?, ?), f(f(?, ?), f(?, ?)))), f(f(f(?, ?), f(?, ?)), f(f(f(?, ?), f(?, ?)), f(f(?, ?), f(?, ?))))))) -> f(f(?, ?), f(?, ?))
69. f(f(f(f(f(?, X), f(X, X)), f(?, ?)), f(f(f(X, X), f(X, X)), f(f(f(X, X), f(X, X)), f(f(X, X), f(X, X))))), f(f(X, X), f(X, X))) -> f(f(X, X), f(f(f(f(X, X), f(f(X, X), f(X, X))), X), f(f(f(X, X), f(f(X, X), f(X, X))), X)))
70. f(f(f(X, f(f(?, ?), f(?, ?))), f(f(f(f(?, f(?, ?)), f(f(?, ?), f(?, ?))), f(?, ?)), f(?, ?))), f(X, X)) -> f(f(f(?, f(?, ?)), f(f(?, ?), f(?, ?))), f(?, ?))
71. f(f(f(X, f(f(?, ?), f(?, ?))), f(f(?, ?), f(f(f(f(?, ?), f(f(?, ?), f(?, ?))), ?), f(f(f(?, ?), f(f(?, ?), f(?, ?))), ?)))), f(X, X)) -> f(f(f(f(?, ?), f(?, ?)), f(?, ?)), f(f(f(?, ?), f(?, ?)), f(f(f(?, ?), f(?, ?)), f(f(?, ?), f(?, ?)))))
72. f(f(f(f(X, X), f(f(X, X), f(X, X))), Y), f(f(f(f(X, X), f(X, X)), f(f(f(X, X), f(X, X)), f(f(X, X), f(X, X)))), f(f(f(f(X, X), f(X, X)), f(f(f(X, X), f(X, X)), f(f(X, X), f(X, X)))), f(Y, Y)))) -> f(f(X, X), f(f(f(f(X, X), f(f(X, X), f(X, X))), X), f(f(f(X, X), f(f(X, X), f(X, X))), X)))
73. f(f(f(f(?, f(X, f(X, X))), f(f(X, X), f(f(X, X), f(X, X)))), f(?, ?)), f(f(X, f(X, X)), f(X, f(X, X)))) -> f(f(X, X), f(f(X, X), f(X, X)))
74. f(f(f(f(?, f(X, X)), f(f(X, X), f(X, X))), f(?, ?)), f(f(X, X), f(f(f(f(X, X), f(f(X, X), f(X, X))), X), f(f(f(X, X), f(f(X, X), f(X, X))), X)))) -> f(f(X, X), f(f(X, X), f(X, X)))
75. f(f(f(f(?, f(f(X, X), f(X, X))), f(f(f(X, X), f(X, X)), f(f(X, X), f(X, X)))), f(?, ?)), f(f(f(?, f(X, X)), f(f(X, X), f(X, X))), f(?, ?))) -> f(f(X, X), f(f(X, X), f(X, X)))
76. f(f(f(f(X, X), f(X, X)), f(f(f(X, X), f(X, X)), f(f(X, X), f(X, X)))), f(f(f(X, X), f(f(f(X, X), f(f(X, X), f(X, X))), f(f(f(X, X), f(f(X, X), f(X, X))), f(f(X, X), f(X, X))))), f(f(X, X), f(f(f(X, X), f(f(X, X), f(X, X))), f(f(f(X, X), f(f(X, X), f(X, X))), f(f(X, X), f(X, X))))))) -> f(f(f(?, f(X, X)), f(f(X, X), f(X, X))), f(?, ?))
77. f(f(f(f(f(?, f(?, ?)), f(f(?, ?), f(?, ?))), f(?, ?)), f(X, f(X, f(f(f(f(?, f(?, ?)), f(f(?, ?), f(?, ?))), f(f(?, f(?, ?)), f(f(?, ?), f(?, ?)))), f(f(f(?, f(?, ?)), f(f(?, ?), f(?, ?))), f(f(?, f(?, ?)), f(f(?, ?), f(?, ?)))))))), f(f(f(?, ?), f(?, ?)), f(f(?, ?), f(?, ?)))) -> X
78. f(f(f(?, f(X, f(f(f(X, f(X, f(Y, Y))), Y), f(f(X, f(X, f(Y, Y))), Y)))), f(f(X, f(f(f(X, f(X, f(Y, Y))), Y), f(f(X, f(X, f(Y, Y))), Y))), f(X, f(f(f(X, f(X, f(Y, Y))), Y), f(f(X, f(X, f(Y, Y))), Y))))), f(?, ?)) -> f(f(f(X, f(X, f(Y, Y))), f(X, f(X, f(Y, Y)))), f(f(f(X, f(X, f(Y, Y))), f(X, f(X, f(Y, Y)))), f(f(X, f(X, f(Y, Y))), f(X, f(X, f(Y, Y))))))
79. f(f(f(f(?, f(f(f(?, ?), f(?, ?)), f(?, ?))), f(f(f(?, f(?, ?)), f(f(?, ?), f(?, ?))), f(?, ?))), f(?, ?)), f(f(f(?, f(?, ?)), f(f(?, ?), f(?, ?))), f(?, ?))) -> f(f(f(?, f(?, ?)), f(f(?, ?), f(?, ?))), f(?, ?))
80. f(f(f(?, f(f(f(?, ?), f(?, ?)), f(?, ?))), f(f(f(?, f(?, ?)), f(f(?, ?), f(?, ?))), f(?, ?))), f(?, ?)) -> f(f(?, ?), f(f(?, ?), f(?, ?)))
81. f(f(X, f(f(f(?, Y), f(Y, Y)), f(?, ?))), f(f(f(Y, Z), f(X, f(X, f(Z, Z)))), f(f(Y, Z), f(X, f(X, f(Z, Z)))))) -> f(Y, Y)
82. f(f(f(X, X), f(f(X, X), f(X, X))), f(f(f(f(f(?, f(X, X)), f(f(X, X), f(X, X))), f(?, ?)), f(f(f(?, f(f(f(?, X), f(X, X)), f(?, ?))), f(f(f(?, f(X, X)), f(f(X, X), f(X, X))), f(?, ?))), f(?, ?))), f(f(f(f(?, f(X, X)), f(f(X, X), f(X, X))), f(?, ?)), f(f(f(?, f(f(f(?, X), f(X, X)), f(?, ?))), f(f(f(?, f(X, X)), f(f(X, X), f(X, X))), f(?, ?))), f(?, ?))))) -> f(f(f(X, X), f(X, X)), f(f(f(X, X), f(X, X)), f(f(X, X), f(X, X))))
83. f(f(f(X, f(f(f(?, Y), f(Y, Y)), f(?, ?))), f(f(f(Y, Y), f(f(f(?, Y), f(Y, Y)), f(?, ?))), f(Y, Y))), f(X, X)) -> f(f(Y, Y), f(f(f(?, Y), f(Y, Y)), f(?, ?)))
84. f(f(f(f(X, Y), f(Z, f(Z, f(Y, Y)))), f(f(f(f(f(X, Y), f(Z, f(Z, f(Y, Y)))), Z), X), f(f(f(f(X, Y), f(Z, f(Z, f(Y, Y)))), Z), X))), f(f(f(f(X, Y), f(Z, f(Z, f(Y, Y)))), Z), f(f(f(X, Y), f(Z, f(Z, f(Y, Y)))), Z))) -> f(f(f(f(X, Y), f(Z, f(Z, f(Y, Y)))), Z), f(f(f(X, Y), f(Z, f(Z, f(Y, Y)))), Z))
85. f(f(f(f(f(X, X), f(X, X)), f(f(f(X, X), f(X, X)), f(f(X, X), f(X, X)))), f(f(f(X, X), f(X, X)), f(f(f(?, f(X, X)), f(f(X, X), f(X, X))), f(?, ?)))), f(f(f(X, X), f(X, X)), f(f(f(X, X), f(X, X)), f(f(X, X), f(X, X))))) -> f(f(X, X), f(X, X))
86. f(f(f(f(f(X, X), f(X, X)), f(f(f(X, X), f(X, X)), f(f(X, X), f(X, X)))), f(f(f(f(f(X, X), f(X, X)), f(f(f(X, X), f(X, X)), f(f(X, X), f(X, X)))), f(Y, f(Y, f(f(f(X, X), f(X, X)), f(f(f(X, X), f(X, X)), f(f(X, X), f(X, X))))))), Y)), f(f(f(X, X), f(X, X)), f(f(f(X, X), f(X, X)), f(f(X, X), f(X, X))))) -> f(f(f(f(X, X), f(X, X)), f(f(f(X, X), f(X, X)), f(f(X, X), f(X, X)))), f(Y, f(Y, f(f(f(X, X), f(X, X)), f(f(f(X, X), f(X, X)), f(f(X, X), f(X, X)))))))
87. f(f(f(?, f(f(f(X, Y), f(Z, f(Z, f(Y, Y)))), Z)), f(f(f(f(X, Y), f(Z, f(Z, f(Y, Y)))), Z), f(f(f(X, Y), f(Z, f(Z, f(Y, Y)))), Z))), f(?, ?)) = f(f(f(X, Y), f(Z, f(Z, f(Y, Y)))), f(f(f(f(f(X, Y), f(Z, f(Z, f(Y, Y)))), Z), X), f(f(f(f(X, Y), f(Z, f(Z, f(Y, Y)))), Z), X)))
88. f(f(f(?, f(f(f(X, f(X, f(Y, Y))), f(X, f(X, f(Y, Y)))), f(f(X, f(X, f(Y, Y))), f(X, f(X, f(Y, Y)))))), f(f(f(f(X, f(X, f(Y, Y))), f(X, f(X, f(Y, Y)))), f(f(X, f(X, f(Y, Y))), f(X, f(X, f(Y, Y))))), f(f(f(X, f(X, f(Y, Y))), f(X, f(X, f(Y, Y)))), f(f(X, f(X, f(Y, Y))), f(X, f(X, f(Y, Y))))))), f(?, ?)) -> f(f(f(X, f(f(f(X, f(X, f(Y, Y))), Y), f(f(X, f(X, f(Y, Y))), Y))), f(X, f(f(f(X, f(X, f(Y, Y))), Y), f(f(X, f(X, f(Y, Y))), Y)))), f(f(X, f(f(f(X, f(X, f(Y, Y))), Y), f(f(X, f(X, f(Y, Y))), Y))), f(X, f(f(f(X, f(X, f(Y, Y))), Y), f(f(X, f(X, f(Y, Y))), Y)))))
89. f(f(f(X, f(f(f(?, f(Y, Y)), f(f(Y, Y), f(Y, Y))), f(?, ?))), f(f(Y, Y), f(f(Y, Y), f(Y, Y)))), f(X, X)) -> f(f(f(?, f(Y, Y)), f(f(Y, Y), f(Y, Y))), f(?, ?))
90. f(f(f(f(f(?, f(f(X, X), f(X, X))), f(f(f(X, X), f(X, X)), f(f(X, X), f(X, X)))), f(?, ?)), f(f(X, X), f(f(X, X), f(X, X)))), f(f(f(?, f(f(X, X), f(X, X))), f(f(f(X, X), f(X, X)), f(f(X, X), f(X, X)))), f(?, ?))) -> f(f(f(?, f(X, X)), f(f(X, X), f(X, X))), f(?, ?))
91. f(f(f(f(X, X), f(X, X)), f(f(f(X, X), f(X, X)), f(f(X, X), f(X, X)))), f(f(f(?, f(f(f(X, X), f(X, X)), f(f(X, X), f(X, X)))), f(f(f(f(X, X), f(X, X)), f(f(X, X), f(X, X))), f(f(f(X, X), f(X, X)), f(f(X, X), f(X, X))))), f(?, ?))) -> f(f(f(?, f(X, X)), f(f(X, X), f(X, X))), f(?, ?))
92. f(f(f(f(?, X), f(X, X)), f(?, ?)), f(f(f(X, f(X, X)), f(X, f(X, X))), f(f(f(X, f(X, X)), f(X, f(X, X))), f(f(f(?, f(X, X)), f(f(X, X), f(X, X))), f(?, ?))))) -> f(f(f(?, f(X, f(X, X))), f(f(X, f(X, X)), f(X, f(X, X)))), f(?, ?))
93. f(f(f(f(X, f(X, f(Y, Y))), f(X, f(X, f(Y, Y)))), f(Z, f(Z, f(f(f(X, f(X, f(Y, Y))), f(X, f(X, f(Y, Y)))), f(f(X, f(X, f(Y, Y))), f(X, f(X, f(Y, Y)))))))), f(f(X, f(f(f(X, f(X, f(Y, Y))), Y), f(f(X, f(X, f(Y, Y))), Y))), f(X, f(f(f(X, f(X, f(Y, Y))), Y), f(f(X, f(X, f(Y, Y))), Y))))) -> Z
94. f(f(f(f(X, f(X, f(Y, Y))), f(X, f(X, f(Y, Y)))), f(f(f(X, f(X, f(Y, Y))), f(X, f(X, f(Y, Y)))), f(f(X, f(X, f(Y, Y))), f(X, f(X, f(Y, Y)))))), f(f(X, f(f(f(X, f(X, f(Y, Y))), Y), f(f(X, f(X, f(Y, Y))), Y))), f(X, f(f(f(X, f(X, f(Y, Y))), Y), f(f(X, f(X, f(Y, Y))), Y))))) -> f(f(X, f(f(f(X, f(X, f(Y, Y))), Y), f(f(X, f(X, f(Y, Y))), Y))), f(X, f(f(f(X, f(X, f(Y, Y))), Y), f(f(X, f(X, f(Y, Y))), Y))))
95. f(f(f(f(?, f(X, f(X, X))), f(f(X, X), f(f(X, X), f(X, X)))), f(?, ?)), f(f(f(f(X, X), f(f(X, X), f(X, X))), f(X, f(X, X))), f(f(f(X, X), f(f(X, X), f(X, X))), f(X, f(X, X))))) -> f(f(X, X), f(f(f(f(X, X), f(f(X, X), f(X, X))), X), f(f(f(X, X), f(f(X, X), f(X, X))), X)))
96. f(f(f(f(f(?, f(X, X)), f(f(X, X), f(X, X))), f(?, ?)), f(f(X, X), f(f(X, X), f(X, X)))), f(f(f(f(?, f(f(f(?, X), f(X, X)), f(?, ?))), f(f(f(?, f(X, X)), f(f(X, X), f(X, X))), f(?, ?))), f(?, ?)), f(f(f(?, f(f(f(?, X), f(X, X)), f(?, ?))), f(f(f(?, f(X, X)), f(f(X, X), f(X, X))), f(?, ?))), f(?, ?)))) -> f(f(f(?, f(X, X)), f(f(X, X), f(X, X))), f(?, ?))
97. f(X, f(f(f(f(Y, Z), f(X, f(X, f(Z, Z)))), f(f(Y, Z), f(X, f(X, f(Z, Z))))), f(f(f(f(Y, Z), f(X, f(X, f(Z, Z)))), f(f(Y, Z), f(X, f(X, f(Z, Z))))), f(f(Y, Y), f(Y, Y))))) -> f(f(f(?, f(f(Y, Z), f(X, f(X, f(Z, Z))))), f(f(f(Y, Z), f(X, f(X, f(Z, Z)))), f(f(Y, Z), f(X, f(X, f(Z, Z)))))), f(?, ?))
98. f(f(f(?, f(f(f(?, f(?, ?)), f(f(?, ?), f(?, ?))), f(f(?, f(?, ?)), f(f(?, ?), f(?, ?))))), f(f(f(f(?, f(?, ?)), f(f(?, ?), f(?, ?))), f(f(?, f(?, ?)), f(f(?, ?), f(?, ?)))), f(f(f(?, f(?, ?)), f(f(?, ?), f(?, ?))), f(f(?, f(?, ?)), f(f(?, ?), f(?, ?)))))), f(?, ?)) -> f(f(f(f(f(?, f(?, ?)), f(f(?, ?), f(?, ?))), f(?, ?)), f(f(f(f(?, f(?, ?)), f(f(?, ?), f(?, ?))), f(f(?, f(?, ?)), f(f(?, ?), f(?, ?)))), f(f(f(?, f(?, ?)), f(f(?, ?), f(?, ?))), f(f(?, f(?, ?)), f(f(?, ?), f(?, ?)))))), f(f(f(?, ?), f(?, ?)), f(f(?, ?), f(?, ?))))
99. f(f(f(?, ?), f(?, ?)), f(f(f(f(f(?, ?), f(?, ?)), f(f(f(?, f(?, ?)), f(f(?, ?), f(?, ?))), f(?, ?))), f(f(?, f(?, ?)), f(f(?, ?), f(?, ?)))), f(f(f(f(?, ?), f(?, ?)), f(f(f(?, f(?, ?)), f(f(?, ?), f(?, ?))), f(?, ?))), f(f(?, f(?, ?)), f(f(?, ?), f(?, ?)))))) -> f(f(f(?, f(f(f(?, ?), f(?, ?)), f(f(f(?, f(?, ?)), f(f(?, ?), f(?, ?))), f(?, ?)))), f(f(f(f(?, ?), f(?, ?)), f(f(f(?, f(?, ?)), f(f(?, ?), f(?, ?))), f(?, ?))), f(f(f(?, ?), f(?, ?)), f(f(f(?, f(?, ?)), f(f(?, ?), f(?, ?))), f(?, ?))))), f(?, ?))
100. f(f(f(f(?, ?), f(f(?, ?), f(?, ?))), f(f(?, f(f(?, ?), f(f(?, ?), f(?, ?)))), f(f(f(?, ?), f(?, ?)), f(f(f(?, ?), f(?, ?)), f(f(?, ?), f(?, ?)))))), f(f(f(f(?, ?), f(?, ?)), f(f(f(?, ?), f(?, ?)), f(f(?, ?), f(?, ?)))), f(f(?, ?), f(?, ?)))) -> f(f(?, ?), f(f(f(f(?, ?), f(f(?, ?), f(?, ?))), ?), f(f(f(?, ?), f(f(?, ?), f(?, ?))), ?)))
101. f(f(f(f(f(f(X, X), f(X, X)), f(f(X, X), f(X, X))), f(f(f(f(X, X), f(X, X)), f(f(X, X), f(X, X))), f(f(f(X, X), f(X, X)), f(f(X, X), f(X, X))))), f(f(X, X), f(f(f(f(X, X), f(f(X, X), f(X, X))), X), f(f(f(X, X), f(f(X, X), f(X, X))), X)))), f(f(f(f(X, X), f(X, X)), f(f(X, X), f(X, X))), f(f(f(f(X, X), f(X, X)), f(f(X, X), f(X, X))), f(f(f(X, X), f(X, X)), f(f(X, X), f(X, X)))))) -> f(f(f(X, X), f(X, X)), f(f(f(X, X), f(X, X)), f(f(X, X), f(X, X))))
102. f(f(f(X, X), f(f(X, X), f(X, X))), f(f(f(f(?, f(f(X, X), f(X, X))), f(f(f(X, X), f(X, X)), f(f(X, X), f(X, X)))), f(?, ?)), f(f(f(X, X), f(X, X)), f(f(f(X, X), f(X, X)), f(f(X, X), f(X, X)))))) -> f(f(f(X, X), f(X, X)), f(f(f(X, X), f(X, X)), f(f(X, X), f(X, X))))
103. f(f(f(f(f(X, Y), f(X, f(X, f(Y, Y)))), X), f(f(X, Y), f(X, f(X, f(Y, Y))))), f(f(f(f(f(X, Y), f(X, f(X, f(Y, Y)))), X), f(f(f(X, Y), f(X, f(X, f(Y, Y)))), X)), f(f(X, Y), f(X, f(X, f(Y, Y)))))) -> f(f(f(X, Y), f(X, f(X, f(Y, Y)))), f(f(f(f(f(X, Y), f(X, f(X, f(Y, Y)))), X), X), f(f(f(f(X, Y), f(X, f(X, f(Y, Y)))), X), X)))
104. f(f(f(f(f(?, X), f(X, X)), f(?, ?)), f(Y, f(Y, f(f(f(X, X), f(X, X)), f(f(f(X, X), f(X, X)), f(f(X, X), f(X, X))))))), f(f(X, X), f(X, X))) -> Y
105. f(f(f(X, X), f(f(X, X), f(X, X))), f(f(f(X, X), f(X, X)), f(f(X, X), f(X, X)))) -> f(f(f(X, X), f(X, X)), f(f(f(X, X), f(X, X)), f(f(X, X), f(X, X))))
106. f(f(f(f(X, X), f(X, X)), f(f(f(X, X), f(X, X)), f(f(X, X), f(X, X)))), f(f(X, X), f(X, X))) -> f(f(f(?, f(f(X, X), f(X, X))), f(f(f(X, X), f(X, X)), f(f(X, X), f(X, X)))), f(?, ?))
107. f(f(f(X, X), f(f(X, X), f(X, X))), f(f(f(f(X, X), f(X, X)), f(f(X, X), f(X, X))), f(f(f(f(X, X), f(X, X)), f(f(X, X), f(X, X))), f(f(f(X, X), f(X, X)), f(f(X, X), f(X, X)))))) -> f(f(X, X), f(X, X))
108. f(f(f(X, X), f(X, X)), f(f(f(f(X, X), f(X, X)), f(f(f(X, X), f(X, X)), f(f(X, X), f(X, X)))), f(f(f(X, X), f(X, X)), f(f(X, X), f(X, X))))) -> f(f(X, X), f(f(f(f(X, X), f(f(X, X), f(X, X))), X), f(f(f(X, X), f(f(X, X), f(X, X))), X)))
109. f(f(f(f(f(X, X), f(X, X)), f(f(f(X, X), f(X, X)), f(f(X, X), f(X, X)))), f(Y, f(Y, f(f(f(f(X, X), f(X, X)), f(f(X, X), f(X, X))), f(f(f(X, X), f(X, X)), f(f(X, X), f(X, X))))))), f(f(f(X, X), f(X, X)), f(f(f(X, X), f(X, X)), f(f(X, X), f(X, X))))) -> Y
110. f(f(f(f(X, X), f(X, X)), f(f(X, X), f(X, X))), f(f(f(X, X), f(X, X)), f(f(f(X, X), f(X, X)), f(f(X, X), f(X, X))))) -> f(f(f(f(X, X), f(X, X)), f(f(X, X), f(X, X))), f(f(f(X, X), f(X, X)), f(f(X, X), f(X, X))))
111. f(f(f(?, f(f(f(X, X), f(X, X)), f(f(X, X), f(X, X)))), f(f(f(f(X, X), f(X, X)), f(f(X, X), f(X, X))), f(f(f(X, X), f(X, X)), f(f(X, X), f(X, X))))), f(?, ?)) -> f(f(X, X), f(f(f(f(X, X), f(f(X, X), f(X, X))), X), f(f(f(X, X), f(f(X, X), f(X, X))), X)))
112. f(f(f(f(f(X, X), f(X, X)), f(f(f(X, X), f(X, X)), f(f(X, X), f(X, X)))), f(f(f(f(X, X), f(X, X)), f(f(X, X), f(X, X))), f(f(f(f(X, X), f(X, X)), f(f(X, X), f(X, X))), f(f(f(X, X), f(X, X)), f(f(X, X), f(X, X)))))), f(f(f(X, X), f(X, X)), f(f(f(X, X), f(X, X)), f(f(X, X), f(X, X))))) -> f(f(f(X, X), f(X, X)), f(f(X, X), f(X, X)))
113. f(f(f(X, f(f(Y, Y), f(Y, Y))), f(f(f(Y, Y), f(Y, Y)), f(f(f(Y, Y), f(Y, Y)), f(f(Y, Y), f(Y, Y))))), f(X, X)) -> f(f(Y, Y), f(f(f(f(Y, Y), f(f(Y, Y), f(Y, Y))), Y), f(f(f(Y, Y), f(f(Y, Y), f(Y, Y))), Y)))
114. f(f(f(X, X), f(X, X)), f(f(f(f(f(X, X), f(X, X)), f(f(f(X, X), f(X, X)), f(f(X, X), f(X, X)))), f(X, X)), f(f(f(f(X, X), f(X, X)), f(f(f(X, X), f(X, X)), f(f(X, X), f(X, X)))), f(X, X)))) -> f(f(f(X, X), f(X, X)), f(f(X, X), f(X, X)))
115. f(f(f(X, X), f(X, X)), f(f(f(X, X), f(X, X)), f(f(X, X), f(X, X)))) -> f(f(f(X, X), f(X, X)), f(f(X, X), f(X, X)))
116. f(f(f(X, X), f(f(f(f(X, X), f(f(X, X), f(X, X))), X), f(f(f(X, X), f(f(X, X), f(X, X))), X))), f(f(f(f(X, X), f(X, X)), f(f(X, X), f(X, X))), f(f(f(X, X), f(X, X)), f(f(X, X), f(X, X))))) -> f(f(f(f(X, X), f(X, X)), f(f(X, X), f(X, X))), f(f(f(X, X), f(X, X)), f(f(X, X), f(X, X))))
117. f(f(f(?, f(f(X, X), f(X, X))), f(f(f(X, X), f(X, X)), f(f(X, X), f(X, X)))), f(?, ?)) -> f(f(X, X), f(X, X))
118. f(f(f(X, X), f(X, X)), f(f(X, X), f(X, X))) -> f(f(X, X), f(f(X, X), f(X, X)))
119. f(f(X, X), f(f(X, X), f(X, X))) -> f(f(X, X), f(X, X))
120. f(f(f(X, X), f(X, X)), f(f(f(?, f(X, X)), f(f(X, X), f(X, X))), f(?, ?))) -> f(f(X, X), f(X, X))
121. f(f(f(?, f(X, X)), f(f(X, X), f(X, X))), f(?, ?)) -> f(f(X, X), f(X, X))
122. f(f(?, ?), f(?, ?)) -> f(?, ?)
123. f(f(f(X, X), f(X, X)), f(f(X, X), f(f(f(f(X, X), f(X, X)), X), f(f(f(X, X), f(X, X)), X)))) -> f(f(X, X), f(X, X))
124. f(f(?, f(?, ?)), f(?, ?)) -> f(?, ?)
125. f(?, f(?, ?)) -> f(?, ?)
126. f(?, ?) -> ?
127. f(f(f(f(f(X, X), f(X, X)), ?), ?), f(f(X, X), f(X, X))) -> ?
128. f(f(f(?, f(f(X, X), f(X, X))), f(f(X, X), f(f(f(f(X, X), f(X, X)), X), f(f(f(X, X), f(X, X)), X)))), ?) -> f(f(X, X), f(X, X))
129. f(f(f(?, f(f(f(X, X), f(X, X)), f(f(f(X, X), f(f(f(f(X, X), f(X, X)), X), f(f(f(X, X), f(X, X)), X))), f(f(X, X), f(f(f(f(X, X), f(X, X)), X), f(f(f(X, X), f(X, X)), X)))))), f(f(f(f(X, X), f(f(f(f(X, X), f(X, X)), X), f(f(f(X, X), f(X, X)), X))), f(f(X, X), f(f(f(f(X, X), f(X, X)), X), f(f(f(X, X), f(X, X)), X)))), f(f(f(X, X), f(f(f(f(X, X), f(X, X)), X), f(f(f(X, X), f(X, X)), X))), f(f(X, X), f(f(f(f(X, X), f(X, X)), X), f(f(f(X, X), f(X, X)), X)))))), ?) -> f(f(X, X), f(X, X))
130. f(f(f(X, ?), ?), f(X, X)) -> ?
131. f(f(?, f(X, f(X, ?))), ?) -> X
132. f(f(f(?, f(f(X, X), f(X, X))), f(f(X, X), f(X, X))), ?) -> f(f(X, X), f(X, X))
133. f(f(f(?, f(f(f(X, X), f(X, X)), f(f(f(X, X), f(f(f(f(X, X), f(X, X)), X), f(f(f(X, X), f(X, X)), X))), f(f(X, X), f(f(f(f(X, X), f(X, X)), X), f(f(f(X, X), f(X, X)), X)))))), f(f(f(f(X, X), f(f(f(f(X, X), f(X, X)), X), f(f(f(X, X), f(X, X)), X))), f(f(X, X), f(f(f(f(X, X), f(X, X)), X), f(f(f(X, X), f(X, X)), X)))), f(f(f(f(f(f(X, X), f(f(f(f(X, X), f(X, X)), X), f(f(f(X, X), f(X, X)), X))), f(f(X, X), f(f(f(f(X, X), f(X, X)), X), f(f(f(X, X), f(X, X)), X)))), f(f(f(X, X), f(f(f(f(X, X), f(X, X)), X), f(f(f(X, X), f(X, X)), X))), f(f(X, X), f(f(f(f(X, X), f(X, X)), X), f(f(f(X, X), f(X, X)), X))))), f(f(X, X), f(f(f(f(X, X), f(X, X)), X), f(f(f(X, X), f(X, X)), X)))), f(f(f(f(f(X, X), f(f(f(f(X, X), f(X, X)), X), f(f(f(X, X), f(X, X)), X))), f(f(X, X), f(f(f(f(X, X), f(X, X)), X), f(f(f(X, X), f(X, X)), X)))), f(f(f(X, X), f(f(f(f(X, X), f(X, X)), X), f(f(f(X, X), f(X, X)), X))), f(f(X, X), f(f(f(f(X, X), f(X, X)), X), f(f(f(X, X), f(X, X)), X))))), f(f(X, X), f(f(f(f(X, X), f(X, X)), X), f(f(f(X, X), f(X, X)), X))))))), ?) -> f(f(X, X), f(X, X))
134. f(f(f(?, f(f(f(X, X), f(f(f(f(X, X), f(X, X)), X), f(f(f(X, X), f(X, X)), X))), f(f(X, X), f(X, X)))), f(f(X, X), f(X, X))), ?) -> f(f(X, X), f(X, X))
135. f(f(f(?, f(f(f(f(X, X), f(X, X)), f(f(f(X, X), f(f(f(f(X, X), f(X, X)), X), f(f(f(X, X), f(X, X)), X))), f(f(X, X), f(f(f(f(X, X), f(X, X)), X), f(f(f(X, X), f(X, X)), X))))), f(f(f(f(f(X, X), f(f(f(f(X, X), f(X, X)), X), f(f(f(X, X), f(X, X)), X))), f(f(X, X), f(f(f(f(X, X), f(X, X)), X), f(f(f(X, X), f(X, X)), X)))), f(f(f(f(f(f(X, X), f(f(f(f(X, X), f(X, X)), X), f(f(f(X, X), f(X, X)), X))), f(f(X, X), f(f(f(f(X, X), f(X, X)), X), f(f(f(X, X), f(X, X)), X)))), f(f(f(X, X), f(f(f(f(X, X), f(X, X)), X), f(f(f(X, X), f(X, X)), X))), f(f(X, X), f(f(f(f(X, X), f(X, X)), X), f(f(f(X, X), f(X, X)), X))))), f(f(X, X), f(f(f(f(X, X), f(X, X)), X), f(f(f(X, X), f(X, X)), X)))), f(f(f(f(f(X, X), f(f(f(f(X, X), f(X, X)), X), f(f(f(X, X), f(X, X)), X))), f(f(X, X), f(f(f(f(X, X), f(X, X)), X), f(f(f(X, X), f(X, X)), X)))), f(f(f(X, X), f(f(f(f(X, X), f(X, X)), X), f(f(f(X, X), f(X, X)), X))), f(f(X, X), f(f(f(f(X, X), f(X, X)), X), f(f(f(X, X), f(X, X)), X))))), f(f(X, X), f(f(f(f(X, X), f(X, X)), X), f(f(f(X, X), f(X, X)), X)))))), f(f(f(f(X, X), f(f(f(f(X, X), f(X, X)), X), f(f(f(X, X), f(X, X)), X))), f(f(X, X), f(f(f(f(X, X), f(X, X)), X), f(f(f(X, X), f(X, X)), X)))), f(f(f(f(f(f(X, X), f(f(f(f(X, X), f(X, X)), X), f(f(f(X, X), f(X, X)), X))), f(f(X, X), f(f(f(f(X, X), f(X, X)), X), f(f(f(X, X), f(X, X)), X)))), f(f(f(X, X), f(f(f(f(X, X), f(X, X)), X), f(f(f(X, X), f(X, X)), X))), f(f(X, X), f(f(f(f(X, X), f(X, X)), X), f(f(f(X, X), f(X, X)), X))))), f(f(X, X), f(f(f(f(X, X), f(X, X)), X), f(f(f(X, X), f(X, X)), X)))), f(f(f(f(f(X, X), f(f(f(f(X, X), f(X, X)), X), f(f(f(X, X), f(X, X)), X))), f(f(X, X), f(f(f(f(X, X), f(X, X)), X), f(f(f(X, X), f(X, X)), X)))), f(f(f(X, X), f(f(f(f(X, X), f(X, X)), X), f(f(f(X, X), f(X, X)), X))), f(f(X, X), f(f(f(f(X, X), f(X, X)), X), f(f(f(X, X), f(X, X)), X))))), f(f(X, X), f(f(f(f(X, X), f(X, X)), X), f(f(f(X, X), f(X, X)), X))))))))), f(f(f(f(f(f(X, X), f(f(f(f(X, X), f(X, X)), X), f(f(f(X, X), f(X, X)), X))), f(f(X, X), f(f(f(f(X, X), f(X, X)), X), f(f(f(X, X), f(X, X)), X)))), f(f(f(f(f(f(X, X), f(f(f(f(X, X), f(X, X)), X), f(f(f(X, X), f(X, X)), X))), f(f(X, X), f(f(f(f(X, X), f(X, X)), X), f(f(f(X, X), f(X, X)), X)))), f(f(f(X, X), f(f(f(f(X, X), f(X, X)), X), f(f(f(X, X), f(X, X)), X))), f(f(X, X), f(f(f(f(X, X), f(X, X)), X), f(f(f(X, X), f(X, X)), X))))), f(f(X, X), f(f(f(f(X, X), f(X, X)), X), f(f(f(X, X), f(X, X)), X)))), f(f(f(f(f(X, X), f(f(f(f(X, X), f(X, X)), X), f(f(f(X, X), f(X, X)), X))), f(f(X, X), f(f(f(f(X, X), f(X, X)), X), f(f(f(X, X), f(X, X)), X)))), f(f(f(X, X), f(f(f(f(X, X), f(X, X)), X), f(f(f(X, X), f(X, X)), X))), f(f(X, X), f(f(f(f(X, X), f(X, X)), X), f(f(f(X, X), f(X, X)), X))))), f(f(X, X), f(f(f(f(X, X), f(X, X)), X), f(f(f(X, X), f(X, X)), X)))))), f(f(f(f(X, X), f(f(f(f(X, X), f(X, X)), X), f(f(f(X, X), f(X, X)), X))), f(f(X, X), f(f(f(f(X, X), f(X, X)), X), f(f(f(X, X), f(X, X)), X)))), f(f(f(f(f(f(X, X), f(f(f(f(X, X), f(X, X)), X), f(f(f(X, X), f(X, X)), X))), f(f(X, X), f(f(f(f(X, X), f(X, X)), X), f(f(f(X, X), f(X, X)), X)))), f(f(f(X, X), f(f(f(f(X, X), f(X, X)), X), f(f(f(X, X), f(X, X)), X))), f(f(X, X), f(f(f(f(X, X), f(X, X)), X), f(f(f(X, X), f(X, X)), X))))), f(f(X, X), f(f(f(f(X, X), f(X, X)), X), f(f(f(X, X), f(X, X)), X)))), f(f(f(f(f(X, X), f(f(f(f(X, X), f(X, X)), X), f(f(f(X, X), f(X, X)), X))), f(f(X, X), f(f(f(f(X, X), f(X, X)), X), f(f(f(X, X), f(X, X)), X)))), f(f(f(X, X), f(f(f(f(X, X), f(X, X)), X), f(f(f(X, X), f(X, X)), X))), f(f(X, X), f(f(f(f(X, X), f(X, X)), X), f(f(f(X, X), f(X, X)), X))))), f(f(X, X), f(f(f(f(X, X), f(X, X)), X), f(f(f(X, X), f(X, X)), X))))))), f(f(f(f(f(X, X), f(f(f(f(X, X), f(X, X)), X), f(f(f(X, X), f(X, X)), X))), f(f(X, X), f(f(f(f(X, X), f(X, X)), X), f(f(f(X, X), f(X, X)), X)))), f(f(f(f(f(f(X, X), f(f(f(f(X, X), f(X, X)), X), f(f(f(X, X), f(X, X)), X))), f(f(X, X), f(f(f(f(X, X), f(X, X)), X), f(f(f(X, X), f(X, X)), X)))), f(f(f(X, X), f(f(f(f(X, X), f(X, X)), X), f(f(f(X, X), f(X, X)), X))), f(f(X, X), f(f(f(f(X, X), f(X, X)), X), f(f(f(X, X), f(X, X)), X))))), f(f(X, X), f(f(f(f(X, X), f(X, X)), X), f(f(f(X, X), f(X, X)), X)))), f(f(f(f(f(X, X), f(f(f(f(X, X), f(X, X)), X), f(f(f(X, X), f(X, X)), X))), f(f(X, X), f(f(f(f(X, X), f(X, X)), X), f(f(f(X, X), f(X, X)), X)))), f(f(f(X, X), f(f(f(f(X, X), f(X, X)), X), f(f(f(X, X), f(X, X)), X))), f(f(X, X), f(f(f(f(X, X), f(X, X)), X), f(f(f(X, X), f(X, X)), X))))), f(f(X, X), f(f(f(f(X, X), f(X, X)), X), f(f(f(X, X), f(X, X)), X)))))), f(f(f(f(X, X), f(f(f(f(X, X), f(X, X)), X), f(f(f(X, X), f(X, X)), X))), f(f(X, X), f(f(f(f(X, X), f(X, X)), X), f(f(f(X, X), f(X, X)), X)))), f(f(f(f(f(f(X, X), f(f(f(f(X, X), f(X, X)), X), f(f(f(X, X), f(X, X)), X))), f(f(X, X), f(f(f(f(X, X), f(X, X)), X), f(f(f(X, X), f(X, X)), X)))), f(f(f(X, X), f(f(f(f(X, X), f(X, X)), X), f(f(f(X, X), f(X, X)), X))), f(f(X, X), f(f(f(f(X, X), f(X, X)), X), f(f(f(X, X), f(X, X)), X))))), f(f(X, X), f(f(f(f(X, X), f(X, X)), X), f(f(f(X, X), f(X, X)), X)))), f(f(f(f(f(X, X), f(f(f(f(X, X), f(X, X)), X), f(f(f(X, X), f(X, X)), X))), f(f(X, X), f(f(f(f(X, X), f(X, X)), X), f(f(f(X, X), f(X, X)), X)))), f(f(f(X, X), f(f(f(f(X, X), f(X, X)), X), f(f(f(X, X), f(X, X)), X))), f(f(X, X), f(f(f(f(X, X), f(X, X)), X), f(f(f(X, X), f(X, X)), X))))), f(f(X, X), f(f(f(f(X, X), f(X, X)), X), f(f(f(X, X), f(X, X)), X))))))))), ?) -> f(f(X, X), f(X, X))
136. f(f(f(?, f(f(f(f(X, X), f(f(f(f(X, X), f(X, X)), X), f(f(f(X, X), f(X, X)), X))), f(f(X, X), f(X, X))), f(f(X, X), f(X, X)))), f(f(X, X), f(X, X))), ?) -> f(f(X, X), f(X, X))
137. f(f(f(?, X), f(X, X)), ?) = f(f(X, X), f(X, X))
138. f(f(X, X), f(f(f(f(X, X), f(X, X)), X), f(f(f(X, X), f(X, X)), X))) -> f(f(X, X), f(X, X))
139. f(f(X, f(f(Y, Y), f(Y, Y))), f(f(f(f(Y, Y), f(Y, Y)), f(X, f(X, f(f(Y, Y), f(Y, Y))))), f(f(f(Y, Y), f(Y, Y)), f(X, f(X, f(f(Y, Y), f(Y, Y))))))) -> f(f(Y, Y), f(Y, Y))
140. f(f(X, ?), f(f(?, f(X, f(X, ?))), f(?, f(X, f(X, ?))))) -> ?
141. f(f(X, X), f(f(f(?, X), f(X, X)), ?)) -> f(f(X, X), f(X, X))
142. f(f(f(?, f(X, X)), f(f(X, X), f(X, X))), ?) -> f(f(X, X), f(X, X))
143. f(f(f(X, X), f(Y, f(Y, f(f(X, X), f(X, X))))), f(f(X, X), f(X, X))) -> Y
144. f(f(X, X), f(X, X)) -> f(X, X)
145. f(f(f(X, X), X), f(X, X)) -> f(X, X)
146. f(f(f(f(X, X), ?), ?), f(X, X)) -> ?
147. f(f(f(?, X), f(X, X)), ?) -> f(X, X)
148. f(f(X, X), f(f(f(f(f(?, f(X, X)), f(X, X)), ?), f(X, X)), f(f(f(f(?, f(X, X)), f(X, X)), ?), f(X, X)))) -> f(X, X)
149. f(f(X, X), f(f(f(f(?, f(X, X)), f(f(f(?, f(X, X)), f(X, X)), ?)), ?), f(f(f(?, f(X, X)), f(f(f(?, f(X, X)), f(X, X)), ?)), ?))) -> f(X, X)
150. f(f(X, X), f(f(f(X, X), X), f(f(X, X), X))) -> f(X, X)
151. f(f(f(X, X), X), f(f(X, X), X)) -> f(X, X)
152. f(f(f(X, X), f(f(f(?, f(f(X, X), X)), f(X, X)), ?)), f(X, X)) -> f(X, X)
153. f(f(f(?, f(X, X)), f(X, X)), ?) -> f(X, X)
154. f(f(X, f(f(X, X), X)), f(X, X)) -> f(X, X)
155. f(X, f(f(X, X), X)) -> f(X, X)
156. f(f(X, X), X) -> f(X, X)
157. f(X, f(X, X)) -> f(X, X)
158. f(X, X) -> X
159. f(f(f(X, Y), Y), X) -> Y
160. f(X, f(Y, f(Y, f(f(X, f(X, Y)), Y)))) -> Y
161. f(X, f(Y, X)) -> Y
162. f(X, Y) -> X
163. X ~> ?

% SZS status Theorem

% SZS output start Proof
Axiom 1 (hyp): X = f(f(f(Y, Z), f(X, f(X, f(Z, Z)))), f(Y, Y)).

Lemma 2: f(f(f(X, Y), f(f(f(Y, Z), f(W, f(W, f(Z, Z)))), W)), f(X, X)) = f(f(Y, Z), f(W, f(W, f(Z, Z)))).
Proof:
  f(f(f(X, Y), f(f(f(Y, Z), f(W, f(W, f(Z, Z)))), W)), f(X, X))
= { by axiom 1 (hyp) }
  f(f(f(X, Y), f(f(f(Y, Z), f(W, f(W, f(Z, Z)))), f(f(f(Y, Z), f(W, f(W, f(Z, Z)))), f(Y, Y)))), f(X, X))
= { by axiom 1 (hyp) R->L }
  f(f(Y, Z), f(W, f(W, f(Z, Z))))

Lemma 3: f(f(X, Y), f(f(X, X), f(f(X, X), f(Y, Y)))) = f(f(f(Z, X), f(X, X)), f(Z, Z)).
Proof:
  f(f(X, Y), f(f(X, X), f(f(X, X), f(Y, Y))))
= { by lemma 2 R->L }
  f(f(f(Z, X), f(f(f(X, Y), f(f(X, X), f(f(X, X), f(Y, Y)))), f(X, X))), f(Z, Z))
= { by axiom 1 (hyp) R->L }
  f(f(f(Z, X), f(X, X)), f(Z, Z))

Lemma 4: f(f(f(X, f(Y, Y)), f(f(f(Z, Y), f(Y, Y)), f(Z, Z))), f(X, X)) = f(Y, Y).
Proof:
  f(f(f(X, f(Y, Y)), f(f(f(Z, Y), f(Y, Y)), f(Z, Z))), f(X, X))
= { by lemma 3 R->L }
  f(f(f(X, f(Y, Y)), f(f(Y, Y), f(f(Y, Y), f(f(Y, Y), f(Y, Y))))), f(X, X))
= { by axiom 1 (hyp) R->L }
  f(Y, Y)

Lemma 5: f(f(f(f(X, Y), f(Y, Y)), f(X, X)), f(Y, Y)) = f(Y, Y).
Proof:
  f(f(f(f(X, Y), f(Y, Y)), f(X, X)), f(Y, Y))
= { by lemma 3 R->L }
  f(f(f(Y, Z), f(f(Y, Y), f(f(Y, Y), f(Z, Z)))), f(Y, Y))
= { by axiom 1 (hyp) R->L }
  f(Y, Y)

Lemma 6: f(f(f(Z, Y), f(Y, Y)), f(Z, Z)) = f(f(f(X, Y), f(Y, Y)), f(X, X)).
Proof:
  f(f(f(Z, Y), f(Y, Y)), f(Z, Z))
= { by axiom 1 (hyp) }
  f(f(f(Z, Y), f(f(f(Y, W), f(f(Y, Y), f(f(Y, Y), f(W, W)))), f(Y, Y))), f(Z, Z))
= { by lemma 2 }
  f(f(Y, W), f(f(Y, Y), f(f(Y, Y), f(W, W))))
= { by lemma 2 R->L }
  f(f(f(X, Y), f(f(f(Y, W), f(f(Y, Y), f(f(Y, Y), f(W, W)))), f(Y, Y))), f(X, X))
= { by axiom 1 (hyp) R->L }
  f(f(f(X, Y), f(Y, Y)), f(X, X))

Lemma 7: f(f(f(X, f(Y, f(Y, f(Z, Z)))), f(f(Y, f(Y, f(Z, Z))), f(Y, f(Y, f(Z, Z))))), f(X, X)) = f(Y, f(f(f(Y, f(Y, f(Z, Z))), Z), f(f(Y, f(Y, f(Z, Z))), Z))).
Proof:
  f(f(f(X, f(Y, f(Y, f(Z, Z)))), f(f(Y, f(Y, f(Z, Z))), f(Y, f(Y, f(Z, Z))))), f(X, X))
= { by lemma 6 }
  f(f(f(f(f(Y, f(Y, f(Z, Z))), Z), f(Y, f(Y, f(Z, Z)))), f(f(Y, f(Y, f(Z, Z))), f(Y, f(Y, f(Z, Z))))), f(f(f(Y, f(Y, f(Z, Z))), Z), f(f(Y, f(Y, f(Z, Z))), Z)))
= { by axiom 1 (hyp) R->L }
  f(Y, f(f(f(Y, f(Y, f(Z, Z))), Z), f(f(Y, f(Y, f(Z, Z))), Z)))

Lemma 8: f(f(f(X, f(f(f(Y, Z), f(Z, Z)), f(Y, Y))), f(f(f(f(Y, Z), f(Z, Z)), f(Y, Y)), f(f(f(Y, Z), f(Z, Z)), f(Y, Y)))), f(X, X)) = f(f(Z, Z), f(f(Z, Z), f(Z, Z))).
Proof:
  f(f(f(X, f(f(f(Y, Z), f(Z, Z)), f(Y, Y))), f(f(f(f(Y, Z), f(Z, Z)), f(Y, Y)), f(f(f(Y, Z), f(Z, Z)), f(Y, Y)))), f(X, X))
= { by lemma 6 }
  f(f(f(f(f(f(f(Y, Z), f(Z, Z)), f(Y, Y)), f(Z, Z)), f(f(f(Y, Z), f(Z, Z)), f(Y, Y))), f(f(f(f(Y, Z), f(Z, Z)), f(Y, Y)), f(f(f(Y, Z), f(Z, Z)), f(Y, Y)))), f(f(f(f(f(Y, Z), f(Z, Z)), f(Y, Y)), f(Z, Z)), f(f(f(f(Y, Z), f(Z, Z)), f(Y, Y)), f(Z, Z))))
= { by lemma 4 }
  f(f(Z, Z), f(f(f(f(f(Y, Z), f(Z, Z)), f(Y, Y)), f(Z, Z)), f(f(f(f(Y, Z), f(Z, Z)), f(Y, Y)), f(Z, Z))))
= { by lemma 5 }
  f(f(Z, Z), f(f(Z, Z), f(f(f(f(Y, Z), f(Z, Z)), f(Y, Y)), f(Z, Z))))
= { by lemma 5 }
  f(f(Z, Z), f(f(Z, Z), f(Z, Z)))

Lemma 9: f(f(f(f(X, Y), f(Y, Y)), f(X, X)), f(f(f(Z, Y), f(Y, Y)), f(Z, Z))) = f(f(f(W, f(Y, Y)), f(f(Y, Y), f(Y, Y))), f(W, W)).
Proof:
  f(f(f(f(X, Y), f(Y, Y)), f(X, X)), f(f(f(Z, Y), f(Y, Y)), f(Z, Z)))
= { by lemma 3 R->L }
  f(f(f(Y, Y), f(f(Y, Y), f(f(Y, Y), f(Y, Y)))), f(f(f(Z, Y), f(Y, Y)), f(Z, Z)))
= { by lemma 3 R->L }
  f(f(f(Y, Y), f(f(Y, Y), f(f(Y, Y), f(Y, Y)))), f(f(Y, Y), f(f(Y, Y), f(f(Y, Y), f(Y, Y)))))
= { by lemma 5 R->L }
  f(f(f(f(V, f(f(Y, Y), f(f(Y, Y), f(f(Y, Y), f(Y, Y))))), f(f(f(Y, Y), f(f(Y, Y), f(f(Y, Y), f(Y, Y)))), f(f(Y, Y), f(f(Y, Y), f(f(Y, Y), f(Y, Y)))))), f(V, V)), f(f(f(Y, Y), f(f(Y, Y), f(f(Y, Y), f(Y, Y)))), f(f(Y, Y), f(f(Y, Y), f(f(Y, Y), f(Y, Y))))))
= { by lemma 7 }
  f(f(f(Y, Y), f(f(f(f(Y, Y), f(f(Y, Y), f(f(Y, Y), f(Y, Y)))), f(Y, Y)), f(f(f(Y, Y), f(f(Y, Y), f(f(Y, Y), f(Y, Y)))), f(Y, Y)))), f(f(f(Y, Y), f(f(Y, Y), f(f(Y, Y), f(Y, Y)))), f(f(Y, Y), f(f(Y, Y), f(f(Y, Y), f(Y, Y))))))
= { by axiom 1 (hyp) R->L }
  f(f(f(Y, Y), f(f(Y, Y), f(f(f(Y, Y), f(f(Y, Y), f(f(Y, Y), f(Y, Y)))), f(Y, Y)))), f(f(f(Y, Y), f(f(Y, Y), f(f(Y, Y), f(Y, Y)))), f(f(Y, Y), f(f(Y, Y), f(f(Y, Y), f(Y, Y))))))
= { by axiom 1 (hyp) R->L }
  f(f(f(Y, Y), f(f(Y, Y), f(Y, Y))), f(f(f(Y, Y), f(f(Y, Y), f(f(Y, Y), f(Y, Y)))), f(f(Y, Y), f(f(Y, Y), f(f(Y, Y), f(Y, Y))))))
= { by lemma 3 }
  f(f(f(Y, Y), f(f(Y, Y), f(Y, Y))), f(f(f(f(U, Y), f(Y, Y)), f(U, U)), f(f(Y, Y), f(f(Y, Y), f(f(Y, Y), f(Y, Y))))))
= { by lemma 3 }
  f(f(f(Y, Y), f(f(Y, Y), f(Y, Y))), f(f(f(f(U, Y), f(Y, Y)), f(U, U)), f(f(f(U, Y), f(Y, Y)), f(U, U))))
= { by lemma 5 R->L }
  f(f(f(f(f(f(U, Y), f(Y, Y)), f(U, U)), f(Y, Y)), f(f(Y, Y), f(Y, Y))), f(f(f(f(U, Y), f(Y, Y)), f(U, U)), f(f(f(U, Y), f(Y, Y)), f(U, U))))
= { by lemma 6 R->L }
  f(f(f(W, f(Y, Y)), f(f(Y, Y), f(Y, Y))), f(W, W))

Lemma 10: f(f(f(f(X, f(Y, Y)), f(f(Y, Y), f(Y, Y))), f(X, X)), f(f(Y, Y), f(f(f(f(Y, Y), f(f(Y, Y), f(Y, Y))), Y), f(f(f(Y, Y), f(f(Y, Y), f(Y, Y))), Y)))) = f(f(Y, Y), f(f(Y, Y), f(Y, Y))).
Proof:
  f(f(f(f(X, f(Y, Y)), f(f(Y, Y), f(Y, Y))), f(X, X)), f(f(Y, Y), f(f(f(f(Y, Y), f(f(Y, Y), f(Y, Y))), Y), f(f(f(Y, Y), f(f(Y, Y), f(Y, Y))), Y))))
= { by lemma 7 R->L }
  f(f(f(f(X, f(Y, Y)), f(f(Y, Y), f(Y, Y))), f(X, X)), f(f(f(Z, f(f(Y, Y), f(f(Y, Y), f(Y, Y)))), f(f(f(Y, Y), f(f(Y, Y), f(Y, Y))), f(f(Y, Y), f(f(Y, Y), f(Y, Y))))), f(Z, Z)))
= { by lemma 8 R->L }
  f(f(f(f(X, f(Y, Y)), f(f(Y, Y), f(Y, Y))), f(X, X)), f(f(f(Z, f(f(Y, Y), f(f(Y, Y), f(Y, Y)))), f(f(f(Y, Y), f(f(Y, Y), f(Y, Y))), f(f(f(W, f(f(f(V, Y), f(Y, Y)), f(V, V))), f(f(f(f(V, Y), f(Y, Y)), f(V, V)), f(f(f(V, Y), f(Y, Y)), f(V, V)))), f(W, W)))), f(Z, Z)))
= { by lemma 8 R->L }
  f(f(f(f(X, f(Y, Y)), f(f(Y, Y), f(Y, Y))), f(X, X)), f(f(f(Z, f(f(Y, Y), f(f(Y, Y), f(Y, Y)))), f(f(f(f(W, f(f(f(V, Y), f(Y, Y)), f(V, V))), f(f(f(f(V, Y), f(Y, Y)), f(V, V)), f(f(f(V, Y), f(Y, Y)), f(V, V)))), f(W, W)), f(f(f(W, f(f(f(V, Y), f(Y, Y)), f(V, V))), f(f(f(f(V, Y), f(Y, Y)), f(V, V)), f(f(f(V, Y), f(Y, Y)), f(V, V)))), f(W, W)))), f(Z, Z)))
= { by lemma 8 R->L }
  f(f(f(f(X, f(Y, Y)), f(f(Y, Y), f(Y, Y))), f(X, X)), f(f(f(Z, f(f(f(W, f(f(f(V, Y), f(Y, Y)), f(V, V))), f(f(f(f(V, Y), f(Y, Y)), f(V, V)), f(f(f(V, Y), f(Y, Y)), f(V, V)))), f(W, W))), f(f(f(f(W, f(f(f(V, Y), f(Y, Y)), f(V, V))), f(f(f(f(V, Y), f(Y, Y)), f(V, V)), f(f(f(V, Y), f(Y, Y)), f(V, V)))), f(W, W)), f(f(f(W, f(f(f(V, Y), f(Y, Y)), f(V, V))), f(f(f(f(V, Y), f(Y, Y)), f(V, V)), f(f(f(V, Y), f(Y, Y)), f(V, V)))), f(W, W)))), f(Z, Z)))
= { by lemma 8 }
  f(f(f(f(X, f(Y, Y)), f(f(Y, Y), f(Y, Y))), f(X, X)), f(f(f(f(f(V, Y), f(Y, Y)), f(V, V)), f(f(f(V, Y), f(Y, Y)), f(V, V))), f(f(f(f(f(V, Y), f(Y, Y)), f(V, V)), f(f(f(V, Y), f(Y, Y)), f(V, V))), f(f(f(f(V, Y), f(Y, Y)), f(V, V)), f(f(f(V, Y), f(Y, Y)), f(V, V))))))
= { by lemma 9 R->L }
  f(f(f(f(f(V, Y), f(Y, Y)), f(V, V)), f(f(f(V, Y), f(Y, Y)), f(V, V))), f(f(f(f(f(V, Y), f(Y, Y)), f(V, V)), f(f(f(V, Y), f(Y, Y)), f(V, V))), f(f(f(f(f(V, Y), f(Y, Y)), f(V, V)), f(f(f(V, Y), f(Y, Y)), f(V, V))), f(f(f(f(V, Y), f(Y, Y)), f(V, V)), f(f(f(V, Y), f(Y, Y)), f(V, V))))))
= { by lemma 3 }
  f(f(f(U, f(f(f(V, Y), f(Y, Y)), f(V, V))), f(f(f(f(V, Y), f(Y, Y)), f(V, V)), f(f(f(V, Y), f(Y, Y)), f(V, V)))), f(U, U))
= { by lemma 8 }
  f(f(Y, Y), f(f(Y, Y), f(Y, Y)))

Lemma 11: f(f(f(X, X), f(f(X, X), f(X, X))), f(f(X, X), f(f(X, X), f(X, X)))) = f(f(f(X, X), f(X, X)), f(f(f(X, X), f(X, X)), f(f(X, X), f(X, X)))).
Proof:
  f(f(f(X, X), f(f(X, X), f(X, X))), f(f(X, X), f(f(X, X), f(X, X))))
= { by lemma 8 R->L }
  f(f(f(X, X), f(f(X, X), f(X, X))), f(f(f(Y, f(f(f(Z, X), f(X, X)), f(Z, Z))), f(f(f(f(Z, X), f(X, X)), f(Z, Z)), f(f(f(Z, X), f(X, X)), f(Z, Z)))), f(Y, Y)))
= { by lemma 8 R->L }
  f(f(f(f(W, f(f(f(Z, X), f(X, X)), f(Z, Z))), f(f(f(f(Z, X), f(X, X)), f(Z, Z)), f(f(f(Z, X), f(X, X)), f(Z, Z)))), f(W, W)), f(f(f(Y, f(f(f(Z, X), f(X, X)), f(Z, Z))), f(f(f(f(Z, X), f(X, X)), f(Z, Z)), f(f(f(Z, X), f(X, X)), f(Z, Z)))), f(Y, Y)))
= { by lemma 9 }
  f(f(f(V, f(f(f(f(Z, X), f(X, X)), f(Z, Z)), f(f(f(Z, X), f(X, X)), f(Z, Z)))), f(f(f(f(f(Z, X), f(X, X)), f(Z, Z)), f(f(f(Z, X), f(X, X)), f(Z, Z))), f(f(f(f(Z, X), f(X, X)), f(Z, Z)), f(f(f(Z, X), f(X, X)), f(Z, Z))))), f(V, V))
= { by lemma 9 }
  f(f(f(V, f(f(f(U, f(X, X)), f(f(X, X), f(X, X))), f(U, U))), f(f(f(f(f(Z, X), f(X, X)), f(Z, Z)), f(f(f(Z, X), f(X, X)), f(Z, Z))), f(f(f(f(Z, X), f(X, X)), f(Z, Z)), f(f(f(Z, X), f(X, X)), f(Z, Z))))), f(V, V))
= { by lemma 9 }
  f(f(f(V, f(f(f(U, f(X, X)), f(f(X, X), f(X, X))), f(U, U))), f(f(f(f(U, f(X, X)), f(f(X, X), f(X, X))), f(U, U)), f(f(f(f(Z, X), f(X, X)), f(Z, Z)), f(f(f(Z, X), f(X, X)), f(Z, Z))))), f(V, V))
= { by lemma 9 }
  f(f(f(V, f(f(f(U, f(X, X)), f(f(X, X), f(X, X))), f(U, U))), f(f(f(f(U, f(X, X)), f(f(X, X), f(X, X))), f(U, U)), f(f(f(U, f(X, X)), f(f(X, X), f(X, X))), f(U, U)))), f(V, V))
= { by lemma 8 }
  f(f(f(X, X), f(X, X)), f(f(f(X, X), f(X, X)), f(f(X, X), f(X, X))))

Lemma 12: f(f(f(f(X, X), f(X, X)), f(f(f(X, X), f(X, X)), f(f(X, X), f(X, X)))), f(f(f(f(X, X), f(X, X)), f(f(f(X, X), f(X, X)), f(f(X, X), f(X, X)))), f(f(f(f(X, X), f(X, X)), f(f(X, X), f(X, X))), f(f(f(f(X, X), f(X, X)), f(f(X, X), f(X, X))), f(f(f(X, X), f(X, X)), f(f(X, X), f(X, X))))))) = f(f(X, X), f(f(f(f(X, X), f(f(X, X), f(X, X))), X), f(f(f(X, X), f(f(X, X), f(X, X))), X))).
Proof:
  f(f(f(f(X, X), f(X, X)), f(f(f(X, X), f(X, X)), f(f(X, X), f(X, X)))), f(f(f(f(X, X), f(X, X)), f(f(f(X, X), f(X, X)), f(f(X, X), f(X, X)))), f(f(f(f(X, X), f(X, X)), f(f(X, X), f(X, X))), f(f(f(f(X, X), f(X, X)), f(f(X, X), f(X, X))), f(f(f(X, X), f(X, X)), f(f(X, X), f(X, X)))))))
= { by lemma 11 R->L }
  f(f(f(f(X, X), f(X, X)), f(f(f(X, X), f(X, X)), f(f(X, X), f(X, X)))), f(f(f(f(X, X), f(X, X)), f(f(f(X, X), f(X, X)), f(f(X, X), f(X, X)))), f(f(f(f(X, X), f(X, X)), f(f(f(X, X), f(X, X)), f(f(X, X), f(X, X)))), f(f(f(X, X), f(X, X)), f(f(f(X, X), f(X, X)), f(f(X, X), f(X, X)))))))
= { by lemma 11 R->L }
  f(f(f(f(X, X), f(X, X)), f(f(f(X, X), f(X, X)), f(f(X, X), f(X, X)))), f(f(f(f(X, X), f(f(X, X), f(X, X))), f(f(X, X), f(f(X, X), f(X, X)))), f(f(f(f(X, X), f(X, X)), f(f(f(X, X), f(X, X)), f(f(X, X), f(X, X)))), f(f(f(X, X), f(X, X)), f(f(f(X, X), f(X, X)), f(f(X, X), f(X, X)))))))
= { by lemma 11 R->L }
  f(f(f(f(X, X), f(X, X)), f(f(f(X, X), f(X, X)), f(f(X, X), f(X, X)))), f(f(f(f(X, X), f(f(X, X), f(X, X))), f(f(X, X), f(f(X, X), f(X, X)))), f(f(f(f(X, X), f(f(X, X), f(X, X))), f(f(X, X), f(f(X, X), f(X, X)))), f(f(f(X, X), f(X, X)), f(f(f(X, X), f(X, X)), f(f(X, X), f(X, X)))))))
= { by lemma 11 R->L }
  f(f(f(f(X, X), f(X, X)), f(f(f(X, X), f(X, X)), f(f(X, X), f(X, X)))), f(f(f(f(X, X), f(f(X, X), f(X, X))), f(f(X, X), f(f(X, X), f(X, X)))), f(f(f(f(X, X), f(f(X, X), f(X, X))), f(f(X, X), f(f(X, X), f(X, X)))), f(f(f(X, X), f(f(X, X), f(X, X))), f(f(X, X), f(f(X, X), f(X, X)))))))
= { by lemma 11 R->L }
  f(f(f(f(X, X), f(f(X, X), f(X, X))), f(f(X, X), f(f(X, X), f(X, X)))), f(f(f(f(X, X), f(f(X, X), f(X, X))), f(f(X, X), f(f(X, X), f(X, X)))), f(f(f(f(X, X), f(f(X, X), f(X, X))), f(f(X, X), f(f(X, X), f(X, X)))), f(f(f(X, X), f(f(X, X), f(X, X))), f(f(X, X), f(f(X, X), f(X, X)))))))
= { by lemma 3 }
  f(f(f(Y, f(f(X, X), f(f(X, X), f(X, X)))), f(f(f(X, X), f(f(X, X), f(X, X))), f(f(X, X), f(f(X, X), f(X, X))))), f(Y, Y))
= { by lemma 7 }
  f(f(X, X), f(f(f(f(X, X), f(f(X, X), f(X, X))), X), f(f(f(X, X), f(f(X, X), f(X, X))), X)))

Lemma 13: f(f(f(X, X), f(f(X, X), f(X, X))), f(f(f(X, X), f(X, X)), f(f(X, X), f(X, X)))) = f(f(f(X, X), f(X, X)), f(f(f(X, X), f(X, X)), f(f(X, X), f(X, X)))).
Proof:
  f(f(f(X, X), f(f(X, X), f(X, X))), f(f(f(X, X), f(X, X)), f(f(X, X), f(X, X))))
= { by lemma 10 R->L }
  f(f(f(f(f(Y, f(X, X)), f(f(X, X), f(X, X))), f(Y, Y)), f(f(X, X), f(f(f(f(X, X), f(f(X, X), f(X, X))), X), f(f(f(X, X), f(f(X, X), f(X, X))), X)))), f(f(f(X, X), f(X, X)), f(f(X, X), f(X, X))))
= { by lemma 12 R->L }
  f(f(f(f(f(Y, f(X, X)), f(f(X, X), f(X, X))), f(Y, Y)), f(f(f(f(X, X), f(X, X)), f(f(f(X, X), f(X, X)), f(f(X, X), f(X, X)))), f(f(f(f(X, X), f(X, X)), f(f(f(X, X), f(X, X)), f(f(X, X), f(X, X)))), f(f(f(f(X, X), f(X, X)), f(f(X, X), f(X, X))), f(f(f(f(X, X), f(X, X)), f(f(X, X), f(X, X))), f(f(f(X, X), f(X, X)), f(f(X, X), f(X, X)))))))), f(f(f(X, X), f(X, X)), f(f(X, X), f(X, X))))
= { by lemma 3 R->L }
  f(f(f(f(f(X, X), f(X, X)), f(f(f(X, X), f(X, X)), f(f(f(X, X), f(X, X)), f(f(X, X), f(X, X))))), f(f(f(f(X, X), f(X, X)), f(f(f(X, X), f(X, X)), f(f(X, X), f(X, X)))), f(f(f(f(X, X), f(X, X)), f(f(f(X, X), f(X, X)), f(f(X, X), f(X, X)))), f(f(f(f(X, X), f(X, X)), f(f(X, X), f(X, X))), f(f(f(f(X, X), f(X, X)), f(f(X, X), f(X, X))), f(f(f(X, X), f(X, X)), f(f(X, X), f(X, X)))))))), f(f(f(X, X), f(X, X)), f(f(X, X), f(X, X))))
= { by lemma 11 R->L }
  f(f(f(f(f(X, X), f(X, X)), f(f(f(X, X), f(X, X)), f(f(f(X, X), f(X, X)), f(f(X, X), f(X, X))))), f(f(f(f(X, X), f(X, X)), f(f(f(X, X), f(X, X)), f(f(X, X), f(X, X)))), f(f(f(f(X, X), f(X, X)), f(f(f(X, X), f(X, X)), f(f(X, X), f(X, X)))), f(f(f(f(X, X), f(X, X)), f(f(f(X, X), f(X, X)), f(f(X, X), f(X, X)))), f(f(f(X, X), f(X, X)), f(f(f(X, X), f(X, X)), f(f(X, X), f(X, X)))))))), f(f(f(X, X), f(X, X)), f(f(X, X), f(X, X))))
= { by axiom 1 (hyp) R->L }
  f(f(f(X, X), f(X, X)), f(f(f(X, X), f(X, X)), f(f(X, X), f(X, X))))

Lemma 14: f(f(f(f(f(X, X), f(X, X)), f(f(f(X, X), f(X, X)), f(f(X, X), f(X, X)))), f(Y, f(Y, f(f(f(f(X, X), f(X, X)), f(f(X, X), f(X, X))), f(f(f(X, X), f(X, X)), f(f(X, X), f(X, X))))))), f(f(f(X, X), f(X, X)), f(f(f(X, X), f(X, X)), f(f(X, X), f(X, X))))) = Y.
Proof:
  f(f(f(f(f(X, X), f(X, X)), f(f(f(X, X), f(X, X)), f(f(X, X), f(X, X)))), f(Y, f(Y, f(f(f(f(X, X), f(X, X)), f(f(X, X), f(X, X))), f(f(f(X, X), f(X, X)), f(f(X, X), f(X, X))))))), f(f(f(X, X), f(X, X)), f(f(f(X, X), f(X, X)), f(f(X, X), f(X, X)))))
= { by lemma 11 R->L }
  f(f(f(f(f(X, X), f(X, X)), f(f(f(X, X), f(X, X)), f(f(X, X), f(X, X)))), f(Y, f(Y, f(f(f(f(X, X), f(X, X)), f(f(X, X), f(X, X))), f(f(f(X, X), f(X, X)), f(f(X, X), f(X, X))))))), f(f(f(X, X), f(f(X, X), f(X, X))), f(f(X, X), f(f(X, X), f(X, X)))))
= { by lemma 13 R->L }
  f(f(f(f(f(X, X), f(f(X, X), f(X, X))), f(f(f(X, X), f(X, X)), f(f(X, X), f(X, X)))), f(Y, f(Y, f(f(f(f(X, X), f(X, X)), f(f(X, X), f(X, X))), f(f(f(X, X), f(X, X)), f(f(X, X), f(X, X))))))), f(f(f(X, X), f(f(X, X), f(X, X))), f(f(X, X), f(f(X, X), f(X, X)))))
= { by axiom 1 (hyp) R->L }
  Y

Lemma 15: f(f(f(X, X), f(f(X, X), f(X, X))), f(f(f(f(X, X), f(X, X)), f(f(X, X), f(X, X))), f(f(f(f(X, X), f(X, X)), f(f(X, X), f(X, X))), f(f(f(X, X), f(X, X)), f(f(X, X), f(X, X)))))) = f(f(X, X), f(X, X)).
Proof:
  f(f(f(X, X), f(f(X, X), f(X, X))), f(f(f(f(X, X), f(X, X)), f(f(X, X), f(X, X))), f(f(f(f(X, X), f(X, X)), f(f(X, X), f(X, X))), f(f(f(X, X), f(X, X)), f(f(X, X), f(X, X))))))
= { by lemma 11 R->L }
  f(f(f(X, X), f(f(X, X), f(X, X))), f(f(f(f(X, X), f(X, X)), f(f(f(X, X), f(X, X)), f(f(X, X), f(X, X)))), f(f(f(X, X), f(X, X)), f(f(f(X, X), f(X, X)), f(f(X, X), f(X, X))))))
= { by lemma 8 R->L }
  f(f(f(f(f(f(f(Y, X), f(X, X)), f(Y, Y)), f(f(f(Z, X), f(X, X)), f(Z, Z))), f(f(f(f(Z, X), f(X, X)), f(Z, Z)), f(f(f(Z, X), f(X, X)), f(Z, Z)))), f(f(f(f(Y, X), f(X, X)), f(Y, Y)), f(f(f(Y, X), f(X, X)), f(Y, Y)))), f(f(f(f(X, X), f(X, X)), f(f(f(X, X), f(X, X)), f(f(X, X), f(X, X)))), f(f(f(X, X), f(X, X)), f(f(f(X, X), f(X, X)), f(f(X, X), f(X, X))))))
= { by lemma 9 }
  f(f(f(f(f(f(W, f(X, X)), f(f(X, X), f(X, X))), f(W, W)), f(f(f(f(Z, X), f(X, X)), f(Z, Z)), f(f(f(Z, X), f(X, X)), f(Z, Z)))), f(f(f(f(Y, X), f(X, X)), f(Y, Y)), f(f(f(Y, X), f(X, X)), f(Y, Y)))), f(f(f(f(X, X), f(X, X)), f(f(f(X, X), f(X, X)), f(f(X, X), f(X, X)))), f(f(f(X, X), f(X, X)), f(f(f(X, X), f(X, X)), f(f(X, X), f(X, X))))))
= { by lemma 9 }
  f(f(f(f(f(f(W, f(X, X)), f(f(X, X), f(X, X))), f(W, W)), f(f(f(f(Z, X), f(X, X)), f(Z, Z)), f(f(f(Z, X), f(X, X)), f(Z, Z)))), f(f(f(V, f(X, X)), f(f(X, X), f(X, X))), f(V, V))), f(f(f(f(X, X), f(X, X)), f(f(f(X, X), f(X, X)), f(f(X, X), f(X, X)))), f(f(f(X, X), f(X, X)), f(f(f(X, X), f(X, X)), f(f(X, X), f(X, X))))))
= { by lemma 9 }
  f(f(f(f(f(f(W, f(X, X)), f(f(X, X), f(X, X))), f(W, W)), f(f(f(U, f(X, X)), f(f(X, X), f(X, X))), f(U, U))), f(f(f(V, f(X, X)), f(f(X, X), f(X, X))), f(V, V))), f(f(f(f(X, X), f(X, X)), f(f(f(X, X), f(X, X)), f(f(X, X), f(X, X)))), f(f(f(X, X), f(X, X)), f(f(f(X, X), f(X, X)), f(f(X, X), f(X, X))))))
= { by lemma 9 }
  f(f(f(f(f(f(X, X), f(f(X, X), f(X, X))), f(f(f(X, X), f(X, X)), f(f(X, X), f(X, X)))), f(f(X, X), f(X, X))), f(f(f(V, f(X, X)), f(f(X, X), f(X, X))), f(V, V))), f(f(f(f(X, X), f(X, X)), f(f(f(X, X), f(X, X)), f(f(X, X), f(X, X)))), f(f(f(X, X), f(X, X)), f(f(f(X, X), f(X, X)), f(f(X, X), f(X, X))))))
= { by lemma 13 }
  f(f(f(f(f(f(X, X), f(X, X)), f(f(f(X, X), f(X, X)), f(f(X, X), f(X, X)))), f(f(X, X), f(X, X))), f(f(f(V, f(X, X)), f(f(X, X), f(X, X))), f(V, V))), f(f(f(f(X, X), f(X, X)), f(f(f(X, X), f(X, X)), f(f(X, X), f(X, X)))), f(f(f(X, X), f(X, X)), f(f(f(X, X), f(X, X)), f(f(X, X), f(X, X))))))
= { by lemma 4 }
  f(f(X, X), f(X, X))

Lemma 16: f(f(f(f(X, X), f(X, X)), f(f(X, X), f(X, X))), f(f(f(X, X), f(X, X)), f(f(f(X, X), f(X, X)), f(f(X, X), f(X, X))))) = f(f(f(f(X, X), f(X, X)), f(f(X, X), f(X, X))), f(f(f(X, X), f(X, X)), f(f(X, X), f(X, X)))).
Proof:
  f(f(f(f(X, X), f(X, X)), f(f(X, X), f(X, X))), f(f(f(X, X), f(X, X)), f(f(f(X, X), f(X, X)), f(f(X, X), f(X, X)))))
= { by lemma 15 R->L }
  f(f(f(f(f(X, X), f(X, X)), f(f(f(X, X), f(X, X)), f(f(X, X), f(X, X)))), f(f(f(f(f(X, X), f(X, X)), f(f(X, X), f(X, X))), f(f(f(X, X), f(X, X)), f(f(X, X), f(X, X)))), f(f(f(f(f(X, X), f(X, X)), f(f(X, X), f(X, X))), f(f(f(X, X), f(X, X)), f(f(X, X), f(X, X)))), f(f(f(f(X, X), f(X, X)), f(f(X, X), f(X, X))), f(f(f(X, X), f(X, X)), f(f(X, X), f(X, X))))))), f(f(f(X, X), f(X, X)), f(f(f(X, X), f(X, X)), f(f(X, X), f(X, X)))))
= { by lemma 14 }
  f(f(f(f(X, X), f(X, X)), f(f(X, X), f(X, X))), f(f(f(X, X), f(X, X)), f(f(X, X), f(X, X))))

Lemma 17: f(f(f(X, X), f(X, X)), f(f(f(X, X), f(X, X)), f(f(X, X), f(X, X)))) = f(f(f(X, X), f(X, X)), f(f(X, X), f(X, X))).
Proof:
  f(f(f(X, X), f(X, X)), f(f(f(X, X), f(X, X)), f(f(X, X), f(X, X))))
= { by lemma 10 R->L }
  f(f(f(f(Y, f(f(X, X), f(X, X))), f(f(f(X, X), f(X, X)), f(f(X, X), f(X, X)))), f(Y, Y)), f(f(f(X, X), f(X, X)), f(f(f(f(f(X, X), f(X, X)), f(f(f(X, X), f(X, X)), f(f(X, X), f(X, X)))), f(X, X)), f(f(f(f(X, X), f(X, X)), f(f(f(X, X), f(X, X)), f(f(X, X), f(X, X)))), f(X, X)))))
= { by lemma 12 R->L }
  f(f(f(f(Y, f(f(X, X), f(X, X))), f(f(f(X, X), f(X, X)), f(f(X, X), f(X, X)))), f(Y, Y)), f(f(f(f(f(X, X), f(X, X)), f(f(X, X), f(X, X))), f(f(f(f(X, X), f(X, X)), f(f(X, X), f(X, X))), f(f(f(X, X), f(X, X)), f(f(X, X), f(X, X))))), f(f(f(f(f(X, X), f(X, X)), f(f(X, X), f(X, X))), f(f(f(f(X, X), f(X, X)), f(f(X, X), f(X, X))), f(f(f(X, X), f(X, X)), f(f(X, X), f(X, X))))), f(f(f(f(f(X, X), f(X, X)), f(f(X, X), f(X, X))), f(f(f(X, X), f(X, X)), f(f(X, X), f(X, X)))), f(f(f(f(f(X, X), f(X, X)), f(f(X, X), f(X, X))), f(f(f(X, X), f(X, X)), f(f(X, X), f(X, X)))), f(f(f(f(X, X), f(X, X)), f(f(X, X), f(X, X))), f(f(f(X, X), f(X, X)), f(f(X, X), f(X, X)))))))))
= { by lemma 13 R->L }
  f(f(f(f(Y, f(f(X, X), f(X, X))), f(f(f(X, X), f(X, X)), f(f(X, X), f(X, X)))), f(Y, Y)), f(f(f(f(f(X, X), f(X, X)), f(f(X, X), f(X, X))), f(f(f(f(X, X), f(X, X)), f(f(X, X), f(X, X))), f(f(f(X, X), f(X, X)), f(f(X, X), f(X, X))))), f(f(f(f(f(X, X), f(X, X)), f(f(X, X), f(X, X))), f(f(f(f(X, X), f(X, X)), f(f(X, X), f(X, X))), f(f(f(X, X), f(X, X)), f(f(X, X), f(X, X))))), f(f(f(f(f(X, X), f(X, X)), f(f(X, X), f(X, X))), f(f(f(f(X, X), f(X, X)), f(f(X, X), f(X, X))), f(f(f(X, X), f(X, X)), f(f(X, X), f(X, X))))), f(f(f(f(f(X, X), f(X, X)), f(f(X, X), f(X, X))), f(f(f(X, X), f(X, X)), f(f(X, X), f(X, X)))), f(f(f(f(X, X), f(X, X)), f(f(X, X), f(X, X))), f(f(f(X, X), f(X, X)), f(f(X, X), f(X, X)))))))))
= { by lemma 2 R->L }
  f(f(f(f(Y, f(f(X, X), f(X, X))), f(f(f(X, X), f(X, X)), f(f(X, X), f(X, X)))), f(Y, Y)), f(f(f(f(f(X, X), f(f(X, X), f(X, X))), f(f(f(X, X), f(X, X)), f(f(X, X), f(X, X)))), f(f(f(f(f(f(X, X), f(X, X)), f(f(X, X), f(X, X))), f(f(f(f(X, X), f(X, X)), f(f(X, X), f(X, X))), f(f(f(X, X), f(X, X)), f(f(X, X), f(X, X))))), f(f(f(f(f(X, X), f(X, X)), f(f(X, X), f(X, X))), f(f(f(f(X, X), f(X, X)), f(f(X, X), f(X, X))), f(f(f(X, X), f(X, X)), f(f(X, X), f(X, X))))), f(f(f(f(f(X, X), f(X, X)), f(f(X, X), f(X, X))), f(f(f(f(X, X), f(X, X)), f(f(X, X), f(X, X))), f(f(f(X, X), f(X, X)), f(f(X, X), f(X, X))))), f(f(f(f(f(X, X), f(X, X)), f(f(X, X), f(X, X))), f(f(f(X, X), f(X, X)), f(f(X, X), f(X, X)))), f(f(f(f(X, X), f(X, X)), f(f(X, X), f(X, X))), f(f(f(X, X), f(X, X)), f(f(X, X), f(X, X)))))))), f(f(f(f(X, X), f(X, X)), f(f(X, X), f(X, X))), f(f(f(f(X, X), f(X, X)), f(f(X, X), f(X, X))), f(f(f(X, X), f(X, X)), f(f(X, X), f(X, X))))))), f(f(f(X, X), f(f(X, X), f(X, X))), f(f(X, X), f(f(X, X), f(X, X))))))
= { by lemma 14 }
  f(f(f(f(Y, f(f(X, X), f(X, X))), f(f(f(X, X), f(X, X)), f(f(X, X), f(X, X)))), f(Y, Y)), f(f(f(f(f(X, X), f(f(X, X), f(X, X))), f(f(f(X, X), f(X, X)), f(f(X, X), f(X, X)))), f(f(f(f(X, X), f(X, X)), f(f(X, X), f(X, X))), f(f(f(f(X, X), f(X, X)), f(f(X, X), f(X, X))), f(f(f(X, X), f(X, X)), f(f(X, X), f(X, X)))))), f(f(f(X, X), f(f(X, X), f(X, X))), f(f(X, X), f(f(X, X), f(X, X))))))
= { by lemma 13 }
  f(f(f(f(Y, f(f(X, X), f(X, X))), f(f(f(X, X), f(X, X)), f(f(X, X), f(X, X)))), f(Y, Y)), f(f(f(f(f(X, X), f(X, X)), f(f(f(X, X), f(X, X)), f(f(X, X), f(X, X)))), f(f(f(f(X, X), f(X, X)), f(f(X, X), f(X, X))), f(f(f(f(X, X), f(X, X)), f(f(X, X), f(X, X))), f(f(f(X, X), f(X, X)), f(f(X, X), f(X, X)))))), f(f(f(X, X), f(f(X, X), f(X, X))), f(f(X, X), f(f(X, X), f(X, X))))))
= { by lemma 11 }
  f(f(f(f(Y, f(f(X, X), f(X, X))), f(f(f(X, X), f(X, X)), f(f(X, X), f(X, X)))), f(Y, Y)), f(f(f(f(f(X, X), f(X, X)), f(f(f(X, X), f(X, X)), f(f(X, X), f(X, X)))), f(f(f(f(X, X), f(X, X)), f(f(X, X), f(X, X))), f(f(f(f(X, X), f(X, X)), f(f(X, X), f(X, X))), f(f(f(X, X), f(X, X)), f(f(X, X), f(X, X)))))), f(f(f(X, X), f(X, X)), f(f(f(X, X), f(X, X)), f(f(X, X), f(X, X))))))
= { by lemma 16 R->L }
  f(f(f(f(Y, f(f(X, X), f(X, X))), f(f(f(X, X), f(X, X)), f(f(X, X), f(X, X)))), f(Y, Y)), f(f(f(f(f(X, X), f(X, X)), f(f(f(X, X), f(X, X)), f(f(X, X), f(X, X)))), f(f(f(f(X, X), f(X, X)), f(f(X, X), f(X, X))), f(f(f(f(X, X), f(X, X)), f(f(X, X), f(X, X))), f(f(f(X, X), f(X, X)), f(f(f(X, X), f(X, X)), f(f(X, X), f(X, X))))))), f(f(f(X, X), f(X, X)), f(f(f(X, X), f(X, X)), f(f(X, X), f(X, X))))))
= { by lemma 11 R->L }
  f(f(f(f(Y, f(f(X, X), f(X, X))), f(f(f(X, X), f(X, X)), f(f(X, X), f(X, X)))), f(Y, Y)), f(f(f(f(f(X, X), f(X, X)), f(f(f(X, X), f(X, X)), f(f(X, X), f(X, X)))), f(f(f(f(X, X), f(X, X)), f(f(X, X), f(X, X))), f(f(f(f(X, X), f(X, X)), f(f(X, X), f(X, X))), f(f(f(X, X), f(f(X, X), f(X, X))), f(f(X, X), f(f(X, X), f(X, X))))))), f(f(f(X, X), f(X, X)), f(f(f(X, X), f(X, X)), f(f(X, X), f(X, X))))))
= { by lemma 11 R->L }
  f(f(f(f(Y, f(f(X, X), f(X, X))), f(f(f(X, X), f(X, X)), f(f(X, X), f(X, X)))), f(Y, Y)), f(f(f(f(f(X, X), f(X, X)), f(f(f(X, X), f(X, X)), f(f(X, X), f(X, X)))), f(f(f(f(X, X), f(X, X)), f(f(X, X), f(X, X))), f(f(f(f(X, X), f(X, X)), f(f(X, X), f(X, X))), f(f(f(X, X), f(f(X, X), f(X, X))), f(f(X, X), f(f(X, X), f(X, X))))))), f(f(f(X, X), f(f(X, X), f(X, X))), f(f(X, X), f(f(X, X), f(X, X))))))
= { by lemma 11 R->L }
  f(f(f(f(Y, f(f(X, X), f(X, X))), f(f(f(X, X), f(X, X)), f(f(X, X), f(X, X)))), f(Y, Y)), f(f(f(f(f(X, X), f(f(X, X), f(X, X))), f(f(X, X), f(f(X, X), f(X, X)))), f(f(f(f(X, X), f(X, X)), f(f(X, X), f(X, X))), f(f(f(f(X, X), f(X, X)), f(f(X, X), f(X, X))), f(f(f(X, X), f(f(X, X), f(X, X))), f(f(X, X), f(f(X, X), f(X, X))))))), f(f(f(X, X), f(f(X, X), f(X, X))), f(f(X, X), f(f(X, X), f(X, X))))))
= { by axiom 1 (hyp) R->L }
  f(f(f(f(Y, f(f(X, X), f(X, X))), f(f(f(X, X), f(X, X)), f(f(X, X), f(X, X)))), f(Y, Y)), f(f(f(X, X), f(X, X)), f(f(X, X), f(X, X))))
= { by lemma 5 }
  f(f(f(X, X), f(X, X)), f(f(X, X), f(X, X)))

Lemma 18: f(f(f(X, f(f(Y, Y), f(Y, Y))), f(f(f(Y, Y), f(Y, Y)), f(f(Y, Y), f(Y, Y)))), f(X, X)) = f(f(Y, Y), f(Y, Y)).
Proof:
  f(f(f(X, f(f(Y, Y), f(Y, Y))), f(f(f(Y, Y), f(Y, Y)), f(f(Y, Y), f(Y, Y)))), f(X, X))
= { by lemma 17 R->L }
  f(f(f(X, f(f(Y, Y), f(Y, Y))), f(f(f(Y, Y), f(Y, Y)), f(f(f(Y, Y), f(Y, Y)), f(f(Y, Y), f(Y, Y))))), f(X, X))
= { by lemma 17 R->L }
  f(f(f(X, f(f(Y, Y), f(Y, Y))), f(f(f(Y, Y), f(Y, Y)), f(f(f(Y, Y), f(Y, Y)), f(f(f(Y, Y), f(Y, Y)), f(f(Y, Y), f(Y, Y)))))), f(X, X))
= { by axiom 1 (hyp) R->L }
  f(f(Y, Y), f(Y, Y))

Lemma 19: f(f(f(X, X), f(X, X)), f(f(X, X), f(X, X))) = f(f(X, X), f(f(X, X), f(X, X))).
Proof:
  f(f(f(X, X), f(X, X)), f(f(X, X), f(X, X)))
= { by lemma 4 R->L }
  f(f(f(f(f(f(Y, f(f(X, X), f(X, X))), f(f(f(X, X), f(X, X)), f(f(X, X), f(X, X)))), f(Y, Y)), f(f(f(X, X), f(X, X)), f(f(X, X), f(X, X)))), f(f(f(Z, f(f(X, X), f(X, X))), f(f(f(X, X), f(X, X)), f(f(X, X), f(X, X)))), f(Z, Z))), f(f(f(f(Y, f(f(X, X), f(X, X))), f(f(f(X, X), f(X, X)), f(f(X, X), f(X, X)))), f(Y, Y)), f(f(f(Y, f(f(X, X), f(X, X))), f(f(f(X, X), f(X, X)), f(f(X, X), f(X, X)))), f(Y, Y))))
= { by lemma 5 }
  f(f(f(f(f(X, X), f(X, X)), f(f(X, X), f(X, X))), f(f(f(Z, f(f(X, X), f(X, X))), f(f(f(X, X), f(X, X)), f(f(X, X), f(X, X)))), f(Z, Z))), f(f(f(f(Y, f(f(X, X), f(X, X))), f(f(f(X, X), f(X, X)), f(f(X, X), f(X, X)))), f(Y, Y)), f(f(f(Y, f(f(X, X), f(X, X))), f(f(f(X, X), f(X, X)), f(f(X, X), f(X, X)))), f(Y, Y))))
= { by lemma 18 }
  f(f(f(f(f(X, X), f(X, X)), f(f(X, X), f(X, X))), f(f(X, X), f(X, X))), f(f(f(f(Y, f(f(X, X), f(X, X))), f(f(f(X, X), f(X, X)), f(f(X, X), f(X, X)))), f(Y, Y)), f(f(f(Y, f(f(X, X), f(X, X))), f(f(f(X, X), f(X, X)), f(f(X, X), f(X, X)))), f(Y, Y))))
= { by lemma 9 }
  f(f(f(f(f(X, X), f(X, X)), f(f(X, X), f(X, X))), f(f(X, X), f(X, X))), f(f(f(f(f(X, X), f(f(X, X), f(X, X))), f(f(f(X, X), f(X, X)), f(f(X, X), f(X, X)))), f(f(f(f(X, X), f(X, X)), f(f(X, X), f(X, X))), f(f(f(X, X), f(X, X)), f(f(X, X), f(X, X))))), f(f(f(X, X), f(f(X, X), f(X, X))), f(f(X, X), f(f(X, X), f(X, X))))))
= { by lemma 13 }
  f(f(f(f(f(X, X), f(X, X)), f(f(X, X), f(X, X))), f(f(X, X), f(X, X))), f(f(f(f(f(X, X), f(X, X)), f(f(f(X, X), f(X, X)), f(f(X, X), f(X, X)))), f(f(f(f(X, X), f(X, X)), f(f(X, X), f(X, X))), f(f(f(X, X), f(X, X)), f(f(X, X), f(X, X))))), f(f(f(X, X), f(f(X, X), f(X, X))), f(f(X, X), f(f(X, X), f(X, X))))))
= { by lemma 13 }
  f(f(f(f(f(X, X), f(X, X)), f(f(X, X), f(X, X))), f(f(X, X), f(X, X))), f(f(f(f(f(X, X), f(X, X)), f(f(X, X), f(X, X))), f(f(f(f(X, X), f(X, X)), f(f(X, X), f(X, X))), f(f(f(X, X), f(X, X)), f(f(X, X), f(X, X))))), f(f(f(X, X), f(f(X, X), f(X, X))), f(f(X, X), f(f(X, X), f(X, X))))))
= { by lemma 11 }
  f(f(f(f(f(X, X), f(X, X)), f(f(X, X), f(X, X))), f(f(X, X), f(X, X))), f(f(f(f(f(X, X), f(X, X)), f(f(X, X), f(X, X))), f(f(f(f(X, X), f(X, X)), f(f(X, X), f(X, X))), f(f(f(X, X), f(X, X)), f(f(X, X), f(X, X))))), f(f(f(X, X), f(X, X)), f(f(f(X, X), f(X, X)), f(f(X, X), f(X, X))))))
= { by lemma 11 R->L }
  f(f(f(f(f(X, X), f(X, X)), f(f(X, X), f(X, X))), f(f(X, X), f(X, X))), f(f(f(f(f(X, X), f(X, X)), f(f(f(X, X), f(X, X)), f(f(X, X), f(X, X)))), f(f(f(X, X), f(X, X)), f(f(f(X, X), f(X, X)), f(f(X, X), f(X, X))))), f(f(f(X, X), f(X, X)), f(f(f(X, X), f(X, X)), f(f(X, X), f(X, X))))))
= { by lemma 11 R->L }
  f(f(f(f(f(X, X), f(X, X)), f(f(X, X), f(X, X))), f(f(X, X), f(X, X))), f(f(f(f(f(X, X), f(X, X)), f(f(f(X, X), f(X, X)), f(f(X, X), f(X, X)))), f(f(f(X, X), f(f(X, X), f(X, X))), f(f(X, X), f(f(X, X), f(X, X))))), f(f(f(X, X), f(X, X)), f(f(f(X, X), f(X, X)), f(f(X, X), f(X, X))))))
= { by lemma 11 R->L }
  f(f(f(f(f(X, X), f(X, X)), f(f(X, X), f(X, X))), f(f(X, X), f(X, X))), f(f(f(f(f(X, X), f(X, X)), f(f(f(X, X), f(X, X)), f(f(X, X), f(X, X)))), f(f(f(X, X), f(f(X, X), f(X, X))), f(f(X, X), f(f(X, X), f(X, X))))), f(f(f(X, X), f(f(X, X), f(X, X))), f(f(X, X), f(f(X, X), f(X, X))))))
= { by lemma 11 R->L }
  f(f(f(f(f(X, X), f(X, X)), f(f(X, X), f(X, X))), f(f(X, X), f(X, X))), f(f(f(f(f(X, X), f(f(X, X), f(X, X))), f(f(X, X), f(f(X, X), f(X, X)))), f(f(f(X, X), f(f(X, X), f(X, X))), f(f(X, X), f(f(X, X), f(X, X))))), f(f(f(X, X), f(f(X, X), f(X, X))), f(f(X, X), f(f(X, X), f(X, X))))))
= { by lemma 7 }
  f(f(f(f(f(X, X), f(X, X)), f(f(X, X), f(X, X))), f(f(X, X), f(X, X))), f(f(X, X), f(f(f(f(X, X), f(f(X, X), f(X, X))), X), f(f(f(X, X), f(f(X, X), f(X, X))), X))))
= { by lemma 10 }
  f(f(X, X), f(f(X, X), f(X, X)))

Lemma 20: f(f(X, X), f(f(X, X), f(X, X))) = f(f(X, X), f(X, X)).
Proof:
  f(f(X, X), f(f(X, X), f(X, X)))
= { by lemma 19 R->L }
  f(f(f(X, X), f(X, X)), f(f(X, X), f(X, X)))
= { by lemma 17 R->L }
  f(f(f(X, X), f(X, X)), f(f(f(X, X), f(X, X)), f(f(X, X), f(X, X))))
= { by lemma 19 R->L }
  f(f(f(f(X, X), f(X, X)), f(f(X, X), f(X, X))), f(f(f(X, X), f(X, X)), f(f(X, X), f(X, X))))
= { by lemma 17 R->L }
  f(f(f(f(X, X), f(X, X)), f(f(f(X, X), f(X, X)), f(f(X, X), f(X, X)))), f(f(f(X, X), f(X, X)), f(f(X, X), f(X, X))))
= { by lemma 13 R->L }
  f(f(f(f(X, X), f(f(X, X), f(X, X))), f(f(f(X, X), f(X, X)), f(f(X, X), f(X, X)))), f(f(f(X, X), f(X, X)), f(f(X, X), f(X, X))))
= { by lemma 19 R->L }
  f(f(f(f(f(X, X), f(X, X)), f(f(X, X), f(X, X))), f(f(f(X, X), f(X, X)), f(f(X, X), f(X, X)))), f(f(f(X, X), f(X, X)), f(f(X, X), f(X, X))))
= { by lemma 18 }
  f(f(X, X), f(X, X))

Lemma 21: f(f(X, X), f(X, X)) = f(X, X).
Proof:
  f(f(X, X), f(X, X))
= { by lemma 20 R->L }
  f(f(X, X), f(f(X, X), f(X, X)))
= { by lemma 19 R->L }
  f(f(f(X, X), f(X, X)), f(f(X, X), f(X, X)))
= { by lemma 20 R->L }
  f(f(f(X, X), f(X, X)), f(f(f(X, X), f(X, X)), f(f(X, X), f(X, X))))
= { by lemma 15 R->L }
  f(f(f(f(X, X), f(f(X, X), f(X, X))), f(f(f(f(X, X), f(X, X)), f(f(X, X), f(X, X))), f(f(f(f(X, X), f(X, X)), f(f(X, X), f(X, X))), f(f(f(X, X), f(X, X)), f(f(X, X), f(X, X)))))), f(f(f(X, X), f(X, X)), f(f(X, X), f(X, X))))
= { by lemma 19 }
  f(f(f(f(X, X), f(f(X, X), f(X, X))), f(f(f(f(X, X), f(X, X)), f(f(X, X), f(X, X))), f(f(f(X, X), f(X, X)), f(f(f(X, X), f(X, X)), f(f(X, X), f(X, X)))))), f(f(f(X, X), f(X, X)), f(f(X, X), f(X, X))))
= { by lemma 20 }
  f(f(f(f(X, X), f(X, X)), f(f(f(f(X, X), f(X, X)), f(f(X, X), f(X, X))), f(f(f(X, X), f(X, X)), f(f(f(X, X), f(X, X)), f(f(X, X), f(X, X)))))), f(f(f(X, X), f(X, X)), f(f(X, X), f(X, X))))
= { by lemma 16 }
  f(f(f(f(X, X), f(X, X)), f(f(f(f(X, X), f(X, X)), f(f(X, X), f(X, X))), f(f(f(X, X), f(X, X)), f(f(X, X), f(X, X))))), f(f(f(X, X), f(X, X)), f(f(X, X), f(X, X))))
= { by lemma 19 }
  f(f(f(f(X, X), f(X, X)), f(f(f(X, X), f(X, X)), f(f(f(X, X), f(X, X)), f(f(X, X), f(X, X))))), f(f(f(X, X), f(X, X)), f(f(X, X), f(X, X))))
= { by lemma 3 }
  f(f(f(f(Y, f(X, X)), f(f(X, X), f(X, X))), f(Y, Y)), f(f(f(X, X), f(X, X)), f(f(X, X), f(X, X))))
= { by lemma 9 R->L }
  f(f(f(f(f(X, X), f(X, X)), f(X, X)), f(f(f(Z, X), f(X, X)), f(Z, Z))), f(f(f(X, X), f(X, X)), f(f(X, X), f(X, X))))
= { by lemma 4 }
  f(X, X)

Lemma 22: f(f(X, f(X, X)), f(X, X)) = f(X, X).
Proof:
  f(f(X, f(X, X)), f(X, X))
= { by lemma 21 R->L }
  f(f(X, f(X, X)), f(f(X, X), f(X, X)))
= { by lemma 21 R->L }
  f(f(X, f(X, X)), f(f(f(X, X), f(X, X)), f(X, X)))
= { by lemma 3 R->L }
  f(f(X, f(X, X)), f(f(X, X), f(f(X, X), f(f(X, X), f(X, X)))))
= { by lemma 3 }
  f(f(f(X, X), f(X, X)), f(X, X))
= { by lemma 21 }
  f(f(X, X), f(X, X))
= { by lemma 21 }
  f(X, X)

Lemma 23: f(X, f(X, X)) = f(X, X).
Proof:
  f(X, f(X, X))
= { by axiom 1 (hyp) }
  f(f(f(X, X), f(f(X, f(X, X)), f(f(X, f(X, X)), f(X, X)))), f(X, X))
= { by lemma 22 }
  f(f(f(X, X), f(f(X, f(X, X)), f(X, X))), f(X, X))
= { by lemma 22 }
  f(f(f(X, X), f(X, X)), f(X, X))
= { by lemma 21 }
  f(f(X, X), f(X, X))
= { by lemma 21 }
  f(X, X)

Lemma 24: f(X, X) = X.
Proof:
  f(X, X)
= { by lemma 21 R->L }
  f(f(X, X), f(X, X))
= { by lemma 21 R->L }
  f(f(f(X, X), f(X, X)), f(X, X))
= { by lemma 23 R->L }
  f(f(f(X, X), f(X, f(X, X))), f(X, X))
= { by lemma 23 R->L }
  f(f(f(X, X), f(X, f(X, f(X, X)))), f(X, X))
= { by axiom 1 (hyp) R->L }
  X

Lemma 25: f(f(f(X, Y), Y), X) = Y.
Proof:
  f(f(f(X, Y), Y), X)
= { by lemma 24 R->L }
  f(f(f(X, Y), Y), f(X, X))
= { by lemma 23 R->L }
  f(f(f(X, Y), Y), f(X, f(X, X)))
= { by lemma 24 R->L }
  f(f(f(X, Y), f(Y, Y)), f(X, f(X, X)))
= { by lemma 23 R->L }
  f(f(f(X, Y), f(Y, f(Y, Y))), f(X, f(X, X)))
= { by lemma 24 R->L }
  f(f(f(f(X, X), Y), f(Y, f(Y, Y))), f(X, f(X, X)))
= { by lemma 24 R->L }
  f(f(f(f(X, X), Y), f(Y, f(Y, Y))), f(f(X, X), f(X, X)))
= { by lemma 24 R->L }
  f(f(f(f(X, X), Y), f(Y, f(Y, Y))), f(f(X, X), f(f(X, X), X)))
= { by lemma 24 R->L }
  f(f(f(f(X, X), Y), f(Y, f(Y, Y))), f(f(X, X), f(f(X, X), f(X, X))))
= { by lemma 21 R->L }
  f(f(f(f(f(X, X), f(X, X)), Y), f(Y, f(Y, Y))), f(f(X, X), f(f(X, X), f(X, X))))
= { by lemma 21 R->L }
  f(f(f(f(f(X, X), f(X, X)), Y), f(Y, f(Y, Y))), f(f(f(X, X), f(X, X)), f(f(X, X), f(X, X))))
= { by lemma 21 R->L }
  f(f(f(f(f(X, X), f(X, X)), Y), f(Y, f(Y, Y))), f(f(f(X, X), f(X, X)), f(f(f(X, X), f(X, X)), f(X, X))))
= { by lemma 21 R->L }
  f(f(f(f(f(X, X), f(X, X)), Y), f(Y, f(Y, Y))), f(f(f(X, X), f(X, X)), f(f(f(X, X), f(X, X)), f(f(X, X), f(X, X)))))
= { by lemma 20 R->L }
  f(f(f(f(f(X, X), f(f(X, X), f(X, X))), Y), f(Y, f(Y, Y))), f(f(f(X, X), f(X, X)), f(f(f(X, X), f(X, X)), f(f(X, X), f(X, X)))))
= { by lemma 23 R->L }
  f(f(f(f(f(X, X), f(f(X, X), f(X, X))), Y), f(Y, f(Y, f(Y, Y)))), f(f(f(X, X), f(X, X)), f(f(f(X, X), f(X, X)), f(f(X, X), f(X, X)))))
= { by lemma 11 R->L }
  f(f(f(f(f(X, X), f(f(X, X), f(X, X))), Y), f(Y, f(Y, f(Y, Y)))), f(f(f(X, X), f(f(X, X), f(X, X))), f(f(X, X), f(f(X, X), f(X, X)))))
= { by axiom 1 (hyp) R->L }
  Y

Lemma 26: f(X, f(Y, f(Y, f(f(X, f(X, Y)), Y)))) = Y.
Proof:
  f(X, f(Y, f(Y, f(f(X, f(X, Y)), Y))))
= { by lemma 24 R->L }
  f(X, f(Y, f(Y, f(f(f(X, f(X, Y)), Y), f(f(X, f(X, Y)), Y)))))
= { by lemma 21 R->L }
  f(X, f(Y, f(Y, f(f(f(f(X, f(X, Y)), Y), f(f(X, f(X, Y)), Y)), f(f(f(X, f(X, Y)), Y), f(f(X, f(X, Y)), Y))))))
= { by lemma 24 R->L }
  f(X, f(f(Y, Y), f(Y, f(f(f(f(X, f(X, Y)), Y), f(f(X, f(X, Y)), Y)), f(f(f(X, f(X, Y)), Y), f(f(X, f(X, Y)), Y))))))
= { by lemma 24 R->L }
  f(X, f(f(Y, Y), f(f(Y, Y), f(f(f(f(X, f(X, Y)), Y), f(f(X, f(X, Y)), Y)), f(f(f(X, f(X, Y)), Y), f(f(X, f(X, Y)), Y))))))
= { by lemma 24 R->L }
  f(X, f(f(Y, Y), f(f(Y, Y), f(f(f(f(X, f(X, f(Y, Y))), Y), f(f(X, f(X, Y)), Y)), f(f(f(X, f(X, Y)), Y), f(f(X, f(X, Y)), Y))))))
= { by lemma 24 R->L }
  f(X, f(f(Y, Y), f(f(Y, Y), f(f(f(f(X, f(X, f(Y, Y))), Y), f(f(X, f(X, f(Y, Y))), Y)), f(f(f(X, f(X, Y)), Y), f(f(X, f(X, Y)), Y))))))
= { by lemma 24 R->L }
  f(X, f(f(Y, Y), f(f(Y, Y), f(f(f(f(X, f(X, f(Y, Y))), Y), f(f(X, f(X, f(Y, Y))), Y)), f(f(f(X, f(X, f(Y, Y))), Y), f(f(X, f(X, Y)), Y))))))
= { by lemma 24 R->L }
  f(X, f(f(Y, Y), f(f(Y, Y), f(f(f(f(X, f(X, f(Y, Y))), Y), f(f(X, f(X, f(Y, Y))), Y)), f(f(f(X, f(X, f(Y, Y))), Y), f(f(X, f(X, f(Y, Y))), Y))))))
= { by lemma 25 R->L }
  f(X, f(f(Y, f(f(f(f(X, f(X, f(Y, Y))), Y), Y), f(X, f(X, f(Y, Y))))), f(f(Y, Y), f(f(f(f(X, f(X, f(Y, Y))), Y), f(f(X, f(X, f(Y, Y))), Y)), f(f(f(X, f(X, f(Y, Y))), Y), f(f(X, f(X, f(Y, Y))), Y))))))
= { by lemma 25 R->L }
  f(X, f(f(Y, f(f(f(f(X, f(X, f(Y, Y))), Y), Y), f(X, f(X, f(Y, Y))))), f(f(f(f(f(f(X, f(X, f(Y, Y))), Y), Y), f(X, f(X, f(Y, Y)))), Y), f(f(f(f(X, f(X, f(Y, Y))), Y), f(f(X, f(X, f(Y, Y))), Y)), f(f(f(X, f(X, f(Y, Y))), Y), f(f(X, f(X, f(Y, Y))), Y))))))
= { by lemma 25 R->L }
  f(X, f(f(Y, f(f(f(f(X, f(X, f(Y, Y))), Y), Y), f(X, f(X, f(Y, Y))))), f(f(f(f(f(f(X, f(X, f(Y, Y))), Y), Y), f(X, f(X, f(Y, Y)))), f(f(f(f(X, f(X, f(Y, Y))), Y), Y), f(X, f(X, f(Y, Y))))), f(f(f(f(X, f(X, f(Y, Y))), Y), f(f(X, f(X, f(Y, Y))), Y)), f(f(f(X, f(X, f(Y, Y))), Y), f(f(X, f(X, f(Y, Y))), Y))))))
= { by lemma 25 R->L }
  f(X, f(f(f(f(f(f(X, f(X, f(Y, Y))), Y), Y), f(X, f(X, f(Y, Y)))), f(f(f(f(X, f(X, f(Y, Y))), Y), Y), f(X, f(X, f(Y, Y))))), f(f(f(f(f(f(X, f(X, f(Y, Y))), Y), Y), f(X, f(X, f(Y, Y)))), f(f(f(f(X, f(X, f(Y, Y))), Y), Y), f(X, f(X, f(Y, Y))))), f(f(f(f(X, f(X, f(Y, Y))), Y), f(f(X, f(X, f(Y, Y))), Y)), f(f(f(X, f(X, f(Y, Y))), Y), f(f(X, f(X, f(Y, Y))), Y))))))
= { by axiom 1 (hyp) }
  f(f(f(f(f(f(X, f(X, f(Y, Y))), Y), Y), f(X, f(X, f(Y, Y)))), f(f(f(X, f(X, f(Y, Y))), Y), f(f(X, f(X, f(Y, Y))), Y))), f(f(f(f(f(f(X, f(X, f(Y, Y))), Y), Y), f(X, f(X, f(Y, Y)))), f(f(f(f(X, f(X, f(Y, Y))), Y), Y), f(X, f(X, f(Y, Y))))), f(f(f(f(f(f(X, f(X, f(Y, Y))), Y), Y), f(X, f(X, f(Y, Y)))), f(f(f(f(X, f(X, f(Y, Y))), Y), Y), f(X, f(X, f(Y, Y))))), f(f(f(f(X, f(X, f(Y, Y))), Y), f(f(X, f(X, f(Y, Y))), Y)), f(f(f(X, f(X, f(Y, Y))), Y), f(f(X, f(X, f(Y, Y))), Y))))))
= { by lemma 3 }
  f(f(f(Z, f(f(f(f(X, f(X, f(Y, Y))), Y), Y), f(X, f(X, f(Y, Y))))), f(f(f(f(f(X, f(X, f(Y, Y))), Y), Y), f(X, f(X, f(Y, Y)))), f(f(f(f(X, f(X, f(Y, Y))), Y), Y), f(X, f(X, f(Y, Y)))))), f(Z, Z))
= { by lemma 25 }
  f(f(f(Z, Y), f(f(f(f(f(X, f(X, f(Y, Y))), Y), Y), f(X, f(X, f(Y, Y)))), f(f(f(f(X, f(X, f(Y, Y))), Y), Y), f(X, f(X, f(Y, Y)))))), f(Z, Z))
= { by lemma 25 }
  f(f(f(Z, Y), f(Y, f(f(f(f(X, f(X, f(Y, Y))), Y), Y), f(X, f(X, f(Y, Y)))))), f(Z, Z))
= { by lemma 25 }
  f(f(f(Z, Y), f(Y, Y)), f(Z, Z))
= { by lemma 24 }
  f(f(f(Z, Y), Y), f(Z, Z))
= { by lemma 24 }
  f(f(f(Z, Y), Y), Z)
= { by lemma 25 }
  Y

Lemma 27: f(f(f(X, X), f(Y, f(Y, f(f(X, X), f(X, X))))), f(f(f(f(Z, X), f(X, X)), f(Z, Z)), f(f(f(W, X), f(X, X)), f(W, W)))) = Y.
Proof:
  f(f(f(X, X), f(Y, f(Y, f(f(X, X), f(X, X))))), f(f(f(f(Z, X), f(X, X)), f(Z, Z)), f(f(f(W, X), f(X, X)), f(W, W))))
= { by lemma 3 R->L }
  f(f(f(X, X), f(Y, f(Y, f(f(X, X), f(X, X))))), f(f(f(f(Z, X), f(X, X)), f(Z, Z)), f(f(X, V), f(f(X, X), f(f(X, X), f(V, V))))))
= { by lemma 3 R->L }
  f(f(f(X, X), f(Y, f(Y, f(f(X, X), f(X, X))))), f(f(f(X, V), f(f(X, X), f(f(X, X), f(V, V)))), f(f(X, V), f(f(X, X), f(f(X, X), f(V, V))))))
= { by axiom 1 (hyp) }
  f(f(f(f(f(X, V), f(f(X, X), f(f(X, X), f(V, V)))), f(X, X)), f(Y, f(Y, f(f(X, X), f(X, X))))), f(f(f(X, V), f(f(X, X), f(f(X, X), f(V, V)))), f(f(X, V), f(f(X, X), f(f(X, X), f(V, V))))))
= { by axiom 1 (hyp) R->L }
  Y

Lemma 28: f(X, Y) = X.
Proof:
  f(X, Y)
= { by lemma 24 R->L }
  f(X, f(Y, Y))
= { by lemma 21 R->L }
  f(X, f(f(Y, Y), f(Y, Y)))
= { by lemma 20 R->L }
  f(X, f(f(Y, Y), f(f(Y, Y), f(Y, Y))))
= { by lemma 25 R->L }
  f(f(f(Z, f(X, f(f(Y, Y), f(f(Y, Y), f(Y, Y))))), f(X, f(f(Y, Y), f(f(Y, Y), f(Y, Y))))), Z)
= { by lemma 24 R->L }
  f(f(f(Z, f(X, f(f(Y, Y), f(f(Y, Y), f(Y, Y))))), f(X, f(f(Y, Y), f(f(Y, Y), f(Y, Y))))), f(Z, Z))
= { by lemma 24 R->L }
  f(f(f(Z, f(X, f(f(Y, Y), f(f(Y, Y), f(Y, Y))))), f(f(X, f(f(Y, Y), f(f(Y, Y), f(Y, Y)))), f(X, f(f(Y, Y), f(f(Y, Y), f(Y, Y)))))), f(Z, Z))
= { by lemma 3 R->L }
  f(f(f(X, f(f(Y, Y), f(f(Y, Y), f(Y, Y)))), f(f(f(f(Y, Y), f(X, f(X, f(f(Y, Y), f(Y, Y))))), f(f(Y, Y), f(X, f(X, f(f(Y, Y), f(Y, Y)))))), f(f(f(f(Y, Y), f(X, f(X, f(f(Y, Y), f(Y, Y))))), f(f(Y, Y), f(X, f(X, f(f(Y, Y), f(Y, Y)))))), f(f(f(X, f(f(Y, Y), f(f(Y, Y), f(Y, Y)))), f(f(X, f(f(Y, Y), f(f(Y, Y), f(Y, Y)))), f(f(f(Y, Y), f(X, f(X, f(f(Y, Y), f(Y, Y))))), f(f(Y, Y), f(X, f(X, f(f(Y, Y), f(Y, Y)))))))), f(f(f(Y, Y), f(X, f(X, f(f(Y, Y), f(Y, Y))))), f(f(Y, Y), f(X, f(X, f(f(Y, Y), f(Y, Y)))))))))), f(f(f(X, f(f(Y, Y), f(f(Y, Y), f(Y, Y)))), f(X, f(f(Y, Y), f(f(Y, Y), f(Y, Y))))), f(f(f(X, f(f(Y, Y), f(f(Y, Y), f(Y, Y)))), f(X, f(f(Y, Y), f(f(Y, Y), f(Y, Y))))), f(f(f(f(f(Y, Y), f(X, f(X, f(f(Y, Y), f(Y, Y))))), f(f(Y, Y), f(X, f(X, f(f(Y, Y), f(Y, Y)))))), f(f(f(f(Y, Y), f(X, f(X, f(f(Y, Y), f(Y, Y))))), f(f(Y, Y), f(X, f(X, f(f(Y, Y), f(Y, Y)))))), f(f(f(X, f(f(Y, Y), f(f(Y, Y), f(Y, Y)))), f(f(X, f(f(Y, Y), f(f(Y, Y), f(Y, Y)))), f(f(f(Y, Y), f(X, f(X, f(f(Y, Y), f(Y, Y))))), f(f(Y, Y), f(X, f(X, f(f(Y, Y), f(Y, Y)))))))), f(f(f(Y, Y), f(X, f(X, f(f(Y, Y), f(Y, Y))))), f(f(Y, Y), f(X, f(X, f(f(Y, Y), f(Y, Y))))))))), f(f(f(f(Y, Y), f(X, f(X, f(f(Y, Y), f(Y, Y))))), f(f(Y, Y), f(X, f(X, f(f(Y, Y), f(Y, Y)))))), f(f(f(f(Y, Y), f(X, f(X, f(f(Y, Y), f(Y, Y))))), f(f(Y, Y), f(X, f(X, f(f(Y, Y), f(Y, Y)))))), f(f(f(X, f(f(Y, Y), f(f(Y, Y), f(Y, Y)))), f(f(X, f(f(Y, Y), f(f(Y, Y), f(Y, Y)))), f(f(f(Y, Y), f(X, f(X, f(f(Y, Y), f(Y, Y))))), f(f(Y, Y), f(X, f(X, f(f(Y, Y), f(Y, Y)))))))), f(f(f(Y, Y), f(X, f(X, f(f(Y, Y), f(Y, Y))))), f(f(Y, Y), f(X, f(X, f(f(Y, Y), f(Y, Y)))))))))))))
= { by lemma 26 }
  f(f(f(f(Y, Y), f(X, f(X, f(f(Y, Y), f(Y, Y))))), f(f(Y, Y), f(X, f(X, f(f(Y, Y), f(Y, Y)))))), f(f(f(X, f(f(Y, Y), f(f(Y, Y), f(Y, Y)))), f(X, f(f(Y, Y), f(f(Y, Y), f(Y, Y))))), f(f(f(X, f(f(Y, Y), f(f(Y, Y), f(Y, Y)))), f(X, f(f(Y, Y), f(f(Y, Y), f(Y, Y))))), f(f(f(f(f(Y, Y), f(X, f(X, f(f(Y, Y), f(Y, Y))))), f(f(Y, Y), f(X, f(X, f(f(Y, Y), f(Y, Y)))))), f(f(f(f(Y, Y), f(X, f(X, f(f(Y, Y), f(Y, Y))))), f(f(Y, Y), f(X, f(X, f(f(Y, Y), f(Y, Y)))))), f(f(f(X, f(f(Y, Y), f(f(Y, Y), f(Y, Y)))), f(f(X, f(f(Y, Y), f(f(Y, Y), f(Y, Y)))), f(f(f(Y, Y), f(X, f(X, f(f(Y, Y), f(Y, Y))))), f(f(Y, Y), f(X, f(X, f(f(Y, Y), f(Y, Y)))))))), f(f(f(Y, Y), f(X, f(X, f(f(Y, Y), f(Y, Y))))), f(f(Y, Y), f(X, f(X, f(f(Y, Y), f(Y, Y))))))))), f(f(f(f(Y, Y), f(X, f(X, f(f(Y, Y), f(Y, Y))))), f(f(Y, Y), f(X, f(X, f(f(Y, Y), f(Y, Y)))))), f(f(f(f(Y, Y), f(X, f(X, f(f(Y, Y), f(Y, Y))))), f(f(Y, Y), f(X, f(X, f(f(Y, Y), f(Y, Y)))))), f(f(f(X, f(f(Y, Y), f(f(Y, Y), f(Y, Y)))), f(f(X, f(f(Y, Y), f(f(Y, Y), f(Y, Y)))), f(f(f(Y, Y), f(X, f(X, f(f(Y, Y), f(Y, Y))))), f(f(Y, Y), f(X, f(X, f(f(Y, Y), f(Y, Y)))))))), f(f(f(Y, Y), f(X, f(X, f(f(Y, Y), f(Y, Y))))), f(f(Y, Y), f(X, f(X, f(f(Y, Y), f(Y, Y)))))))))))))
= { by lemma 24 }
  f(f(f(f(Y, Y), f(X, f(X, f(f(Y, Y), f(Y, Y))))), f(f(Y, Y), f(X, f(X, f(f(Y, Y), f(Y, Y)))))), f(f(f(X, f(f(Y, Y), f(f(Y, Y), f(Y, Y)))), f(X, f(f(Y, Y), f(f(Y, Y), f(Y, Y))))), f(f(X, f(f(Y, Y), f(f(Y, Y), f(Y, Y)))), f(f(f(f(f(Y, Y), f(X, f(X, f(f(Y, Y), f(Y, Y))))), f(f(Y, Y), f(X, f(X, f(f(Y, Y), f(Y, Y)))))), f(f(f(f(Y, Y), f(X, f(X, f(f(Y, Y), f(Y, Y))))), f(f(Y, Y), f(X, f(X, f(f(Y, Y), f(Y, Y)))))), f(f(f(X, f(f(Y, Y), f(f(Y, Y), f(Y, Y)))), f(f(X, f(f(Y, Y), f(f(Y, Y), f(Y, Y)))), f(f(f(Y, Y), f(X, f(X, f(f(Y, Y), f(Y, Y))))), f(f(Y, Y), f(X, f(X, f(f(Y, Y), f(Y, Y)))))))), f(f(f(Y, Y), f(X, f(X, f(f(Y, Y), f(Y, Y))))), f(f(Y, Y), f(X, f(X, f(f(Y, Y), f(Y, Y))))))))), f(f(f(f(Y, Y), f(X, f(X, f(f(Y, Y), f(Y, Y))))), f(f(Y, Y), f(X, f(X, f(f(Y, Y), f(Y, Y)))))), f(f(f(f(Y, Y), f(X, f(X, f(f(Y, Y), f(Y, Y))))), f(f(Y, Y), f(X, f(X, f(f(Y, Y), f(Y, Y)))))), f(f(f(X, f(f(Y, Y), f(f(Y, Y), f(Y, Y)))), f(f(X, f(f(Y, Y), f(f(Y, Y), f(Y, Y)))), f(f(f(Y, Y), f(X, f(X, f(f(Y, Y), f(Y, Y))))), f(f(Y, Y), f(X, f(X, f(f(Y, Y), f(Y, Y)))))))), f(f(f(Y, Y), f(X, f(X, f(f(Y, Y), f(Y, Y))))), f(f(Y, Y), f(X, f(X, f(f(Y, Y), f(Y, Y)))))))))))))
= { by lemma 24 }
  f(f(f(f(Y, Y), f(X, f(X, f(f(Y, Y), f(Y, Y))))), f(f(Y, Y), f(X, f(X, f(f(Y, Y), f(Y, Y)))))), f(f(X, f(f(Y, Y), f(f(Y, Y), f(Y, Y)))), f(f(X, f(f(Y, Y), f(f(Y, Y), f(Y, Y)))), f(f(f(f(f(Y, Y), f(X, f(X, f(f(Y, Y), f(Y, Y))))), f(f(Y, Y), f(X, f(X, f(f(Y, Y), f(Y, Y)))))), f(f(f(f(Y, Y), f(X, f(X, f(f(Y, Y), f(Y, Y))))), f(f(Y, Y), f(X, f(X, f(f(Y, Y), f(Y, Y)))))), f(f(f(X, f(f(Y, Y), f(f(Y, Y), f(Y, Y)))), f(f(X, f(f(Y, Y), f(f(Y, Y), f(Y, Y)))), f(f(f(Y, Y), f(X, f(X, f(f(Y, Y), f(Y, Y))))), f(f(Y, Y), f(X, f(X, f(f(Y, Y), f(Y, Y)))))))), f(f(f(Y, Y), f(X, f(X, f(f(Y, Y), f(Y, Y))))), f(f(Y, Y), f(X, f(X, f(f(Y, Y), f(Y, Y))))))))), f(f(f(f(Y, Y), f(X, f(X, f(f(Y, Y), f(Y, Y))))), f(f(Y, Y), f(X, f(X, f(f(Y, Y), f(Y, Y)))))), f(f(f(f(Y, Y), f(X, f(X, f(f(Y, Y), f(Y, Y))))), f(f(Y, Y), f(X, f(X, f(f(Y, Y), f(Y, Y)))))), f(f(f(X, f(f(Y, Y), f(f(Y, Y), f(Y, Y)))), f(f(X, f(f(Y, Y), f(f(Y, Y), f(Y, Y)))), f(f(f(Y, Y), f(X, f(X, f(f(Y, Y), f(Y, Y))))), f(f(Y, Y), f(X, f(X, f(f(Y, Y), f(Y, Y)))))))), f(f(f(Y, Y), f(X, f(X, f(f(Y, Y), f(Y, Y))))), f(f(Y, Y), f(X, f(X, f(f(Y, Y), f(Y, Y)))))))))))))
= { by lemma 24 }
  f(f(f(f(Y, Y), f(X, f(X, f(f(Y, Y), f(Y, Y))))), f(f(Y, Y), f(X, f(X, f(f(Y, Y), f(Y, Y)))))), f(f(X, f(f(Y, Y), f(f(Y, Y), f(Y, Y)))), f(f(X, f(f(Y, Y), f(f(Y, Y), f(Y, Y)))), f(f(f(f(Y, Y), f(X, f(X, f(f(Y, Y), f(Y, Y))))), f(f(Y, Y), f(X, f(X, f(f(Y, Y), f(Y, Y)))))), f(f(f(f(Y, Y), f(X, f(X, f(f(Y, Y), f(Y, Y))))), f(f(Y, Y), f(X, f(X, f(f(Y, Y), f(Y, Y)))))), f(f(f(X, f(f(Y, Y), f(f(Y, Y), f(Y, Y)))), f(f(X, f(f(Y, Y), f(f(Y, Y), f(Y, Y)))), f(f(f(Y, Y), f(X, f(X, f(f(Y, Y), f(Y, Y))))), f(f(Y, Y), f(X, f(X, f(f(Y, Y), f(Y, Y)))))))), f(f(f(Y, Y), f(X, f(X, f(f(Y, Y), f(Y, Y))))), f(f(Y, Y), f(X, f(X, f(f(Y, Y), f(Y, Y))))))))))))
= { by lemma 26 }
  f(f(f(f(Y, Y), f(X, f(X, f(f(Y, Y), f(Y, Y))))), f(f(Y, Y), f(X, f(X, f(f(Y, Y), f(Y, Y)))))), f(f(X, f(f(Y, Y), f(f(Y, Y), f(Y, Y)))), f(f(f(Y, Y), f(X, f(X, f(f(Y, Y), f(Y, Y))))), f(f(Y, Y), f(X, f(X, f(f(Y, Y), f(Y, Y))))))))
= { by lemma 8 R->L }
  f(f(f(f(Y, Y), f(X, f(X, f(f(Y, Y), f(Y, Y))))), f(f(Y, Y), f(X, f(X, f(f(Y, Y), f(Y, Y)))))), f(f(X, f(f(f(W, f(f(f(V, Y), f(Y, Y)), f(V, V))), f(f(f(f(V, Y), f(Y, Y)), f(V, V)), f(f(f(V, Y), f(Y, Y)), f(V, V)))), f(W, W))), f(f(f(Y, Y), f(X, f(X, f(f(Y, Y), f(Y, Y))))), f(f(Y, Y), f(X, f(X, f(f(Y, Y), f(Y, Y))))))))
= { by lemma 27 R->L }
  f(f(f(f(Y, Y), f(X, f(X, f(f(Y, Y), f(Y, Y))))), f(f(Y, Y), f(X, f(X, f(f(Y, Y), f(Y, Y)))))), f(f(f(f(f(Y, Y), f(X, f(X, f(f(Y, Y), f(Y, Y))))), f(f(f(f(V, Y), f(Y, Y)), f(V, V)), f(f(f(V, Y), f(Y, Y)), f(V, V)))), f(f(f(W, f(f(f(V, Y), f(Y, Y)), f(V, V))), f(f(f(f(V, Y), f(Y, Y)), f(V, V)), f(f(f(V, Y), f(Y, Y)), f(V, V)))), f(W, W))), f(f(f(Y, Y), f(X, f(X, f(f(Y, Y), f(Y, Y))))), f(f(Y, Y), f(X, f(X, f(f(Y, Y), f(Y, Y))))))))
= { by lemma 4 }
  f(f(f(f(Y, Y), f(X, f(X, f(f(Y, Y), f(Y, Y))))), f(f(Y, Y), f(X, f(X, f(f(Y, Y), f(Y, Y)))))), f(f(f(f(V, Y), f(Y, Y)), f(V, V)), f(f(f(V, Y), f(Y, Y)), f(V, V))))
= { by lemma 24 }
  f(f(f(Y, Y), f(X, f(X, f(f(Y, Y), f(Y, Y))))), f(f(f(f(V, Y), f(Y, Y)), f(V, V)), f(f(f(V, Y), f(Y, Y)), f(V, V))))
= { by lemma 27 }
  X

Goal 1 (goal): x = y.
Proof:
  x
= { by axiom 1 (hyp) }
  f(f(f(X, Y), f(x, f(x, f(Y, Y)))), f(X, X))
= { by lemma 28 }
  f(f(X, Y), f(x, f(x, f(Y, Y))))
= { by lemma 28 }
  f(X, Y)
= { by lemma 28 R->L }
  f(f(X, Y), f(y, f(y, f(Y, Y))))
= { by lemma 28 R->L }
  f(f(f(X, Y), f(y, f(y, f(Y, Y)))), f(X, X))
= { by axiom 1 (hyp) R->L }
  y
% SZS output end Proof

RESULT: Theorem (the conjecture is true).
