% law: x = ((((w ◇ z) ◇ y) ◇ z) ◇ (x ◇ (z ◇ ((y ◇ z) ◇ z))))
% config: vampire/triv/discount @ 30s

% Running in auto input_syntax mode. Trying TPTP
% Refutation found. Thanks to Tanya!
% SZS status Theorem for p
% SZS output start Proof for p
1. ! [X0,X1,X2,X3] : X1 = f(f(f(f(X0,X3),X2),X3),f(X1,f(X3,f(f(X2,X3),X3)))) [input(axiom)]
2. ! [X0,X1] : X0 = X1 [input(conjecture)]
3. ~! [X0,X1] : X0 = X1 [negated conjecture 2]
4. ? [X0,X1] : X0 != X1 [ennf transformation 3]
5. ? [X0,X1] : X0 != X1 => sK0 != sK1 [skolem symbol introduction]
6. sK0 != sK1 [skolemisation 4,5]
7. f(f(f(f(X0,X3),X2),X3),f(X1,f(X3,f(f(X2,X3),X3)))) = X1 [cnf transformation 1]
8. sK0 != sK1 [cnf transformation 6]
9. f(f(f(X0,X4),f(X0,f(X2,f(f(X3,X2),X2)))),f(X5,f(f(X0,f(X2,f(f(X3,X2),X2))),f(f(X4,f(X0,f(X2,f(f(X3,X2),X2)))),f(X0,f(X2,f(f(X3,X2),X2))))))) = X5 [superposition 7,7]
10. f(f(X0,X2),f(X4,f(X2,f(f(f(X0,f(X2,f(f(X3,X2),X2))),X2),X2)))) = X4 [superposition 7,7]
26. f(f(f(X0,f(X1,X2)),f(X0,f(X2,f(f(f(X1,f(X2,f(f(X3,X2),X2))),X2),X2)))),f(X4,f(f(X0,f(X2,f(f(f(X1,f(X2,f(f(X3,X2),X2))),X2),X2))),f(X0,f(X0,f(X2,f(f(f(X1,f(X2,f(f(X3,X2),X2))),X2),X2))))))) = X4 [superposition 9,10]
246. f(f(f(f(X0,X1),f(X0,X1)),f(f(X0,X1),f(X1,f(f(f(X0,f(X1,f(f(X2,X1),X1))),X1),X1)))),f(X3,f(f(f(X0,X1),f(X1,f(f(f(X0,f(X1,f(f(X2,X1),X1))),X1),X1))),f(X0,X1)))) = X3 [superposition 26,10]
291. f(f(f(X3,X0),X1),X0) = f(f(f(f(X0,f(f(X1,X0),X0)),f(X0,f(f(X1,X0),X0))),f(f(X0,f(f(X1,X0),X0)),f(f(f(X1,X0),X0),f(f(f(X0,f(f(f(X1,X0),X0),f(f(X2,f(f(X1,X0),X0)),f(f(X1,X0),X0)))),f(f(X1,X0),X0)),f(f(X1,X0),X0))))),f(f(X0,f(f(X1,X0),X0)),f(f(f(X1,X0),X0),f(f(f(X0,f(f(f(X1,X0),X0),f(f(X2,f(f(X1,X0),X0)),f(f(X1,X0),X0)))),f(f(X1,X0),X0)),f(f(X1,X0),X0))))) [superposition 246,7]
38900. f(f(f(X0,X1),X2),X1) = f(f(f(X3,X1),X2),X1) [superposition 291,291]
42050. f(f(f(f(X2,X1),f(X3,X1)),X1),f(X4,f(X1,f(f(f(X0,X1),X1),X1)))) = X4 [superposition 7,38900]
43934. f(f(f(f(X4,X1),X2),X1),f(f(f(X0,f(X1,f(f(X2,X1),X1))),X3),f(X1,f(f(X2,X1),X1)))) = f(f(X5,f(X1,f(f(X2,X1),X1))),X3) [superposition 7,38900]
44105. f(f(X0,f(X1,f(f(X2,X1),X1))),X3) = f(f(X5,f(X1,f(f(X2,X1),X1))),X3) [forward demodulation 43934,7]
51531. f(X7,f(X1,f(f(X2,X1),X1))) = f(f(f(f(X5,X3),f(X6,X3)),X3),f(f(X0,f(X1,f(f(X2,X1),X1))),f(X3,f(f(f(X4,X3),X3),X3)))) [superposition 42050,44105]
51640. f(X0,f(X1,f(f(X2,X1),X1))) = f(X7,f(X1,f(f(X2,X1),X1))) [forward demodulation 51531,42050]
52169. f(f(f(f(X3,X1),X2),X1),f(X0,f(X1,f(f(X2,X1),X1)))) = X4 [superposition 7,51640]
207745. X0 = X5 [superposition 52169,52169]
223047. sK0 != X0 [superposition 8,207745]
227286. $false [forward subsumption resolution 223047,207745]
% SZS output end Proof for p
% ------------------------------
% Version: Vampire 5.0.1 (Release build, commit 1b13eaf on 2026-01-18 12:14:50 +0000)
% Linked with Z3 4.14.0.0 3c47fd96cf5645d0c42b2c819d9e9a84380aa721 NOTFOUND
% CaDiCaL version: 2.1.3
% Termination reason: Refutation
% Time elapsed: 21.200 s
% Peak memory usage: 487 MB
% Instructions burned: 169298 (million)
% ------------------------------
% ------------------------------
