% law: x = (y ◇ ((z ◇ (x ◇ (x ◇ z))) ◇ (z ◇ y)))
% config: vampire/sat/otter+lpo @ 30s

% Running in auto input_syntax mode. Trying TPTP
[SA] active: 6. sK0 != sK1 [cnf transformation 4]
[SA] active: 5. f(X1,f(f(X2,f(X0,f(X0,X2))),f(X2,X1))) = X0 [cnf transformation 1]
[SA] active: 9. f(f(f(X1,f(X0,f(X0,X1))),f(X1,X2)),f(f(X2,f(X3,f(X3,X2))),X0)) = X3 [superposition 5,5]
[SA] active: 10. f(f(X1,f(f(X1,f(X0,f(X0,X1))),f(X2,f(X2,f(X1,f(X0,f(X0,X1))))))),X0) = X2 [superposition 5,5]
[SA] active: 7. f(X1,f(f(f(f(X2,f(X0,f(X0,X2))),f(X2,X3)),f(X3,X0)),f(f(f(X2,f(X0,f(X0,X2))),f(X2,X3)),X1))) = X3 [superposition 5,5]
[SA] active: 8. f(X2,f(X0,f(X0,X2))) = f(X1,f(f(f(X2,f(X2,f(X0,f(X0,X2)))),X0),f(f(X2,f(X2,f(X0,f(X0,X2)))),X1))) [superposition 5,5]
[SA] active: 52. f(f(f(X1,f(X0,f(X0,X1))),X2),f(f(f(f(X3,f(X2,f(X2,X3))),f(X3,X1)),f(X1,X2)),X0)) = X1 [superposition 7,9]
[SA] active: 11. f(f(f(f(f(X1,f(X0,f(X0,X1))),f(X1,X2)),f(X2,X0)),f(f(f(X1,f(X0,f(X0,X1))),f(X1,X2)),X3)),f(f(X3,f(X4,f(X4,X3))),X2)) = X4 [superposition 9,5]
[SA] active: 13. f(f(f(f(X1,f(X1,f(X0,f(X0,X1)))),X0),f(f(X1,f(X1,f(X0,f(X0,X1)))),X2)),f(f(X2,f(X3,f(X3,X2))),f(X1,f(X0,f(X0,X1))))) = X3 [superposition 9,5]
[SA] active: 17. f(f(f(X1,f(X2,f(X2,X1))),f(X1,f(f(X3,f(X0,f(X0,X3))),f(X3,X4)))),f(f(f(f(X3,f(X0,f(X0,X3))),f(X3,X4)),f(X4,X0)),X2)) = X4 [superposition 9,5]
[SA] active: 19. f(X3,f(X0,f(X0,X3))) = f(f(f(X1,f(X2,f(X2,X1))),f(X1,f(X3,f(X3,f(X0,f(X0,X3)))))),f(f(f(X3,f(X3,f(X0,f(X0,X3)))),X0),X2)) [superposition 9,5]
[SA] active: 22. f(f(f(X1,f(X0,f(X0,X1))),X2),f(f(f(f(X3,f(X2,f(X2,X3))),f(X3,X1)),f(X4,f(X4,f(f(X3,f(X2,f(X2,X3))),f(X3,X1))))),X0)) = X4 [superposition 5,9]
[SA] active: 143. f(f(f(f(f(X1,f(f(X0,X2),f(f(X0,X2),X1))),f(X1,X0)),f(X0,f(X0,X2))),X3),f(f(f(f(X0,f(X3,f(X3,X0))),f(X0,X2)),f(X2,X3)),X0)) = X2 [superposition 7,52]
[SA] active: 21. f(f(f(X1,f(f(f(X2,f(X0,f(X0,X2))),f(X2,f(X3,f(X4,f(X4,X3))))),f(f(f(X2,f(X0,f(X0,X2))),f(X2,f(X3,f(X4,f(X4,X3))))),X1))),f(X1,X3)),X0) = X4 [superposition 9,5]
[SA] active: 148. f(f(f(f(f(X1,f(X2,f(X2,X1))),f(X1,X0)),f(X0,X2)),X3),f(f(f(f(X0,f(X3,f(X3,X0))),X2),f(X4,f(X4,f(f(X0,f(X3,f(X3,X0))),X2)))),X0)) = X4 [superposition 5,52]
[SA] active: 27. f(f(f(X1,f(X1,f(X0,f(X0,X1)))),f(f(f(X1,f(X1,f(X0,f(X0,X1)))),X0),f(X2,f(X2,f(f(X1,f(X1,f(X0,f(X0,X1)))),X0))))),f(X1,f(X0,f(X0,X1)))) = X2 [superposition 10,5]
[SA] active: 115. f(f(f(X1,f(X2,f(X2,X1))),X3),f(f(f(f(f(f(X4,f(X0,f(X0,X4))),f(X4,X3)),f(X3,X0)),f(f(f(X4,f(X0,f(X0,X4))),f(X4,X3)),X1)),f(X1,X3)),X2)) = X1 [superposition 52,5]
[SA] active: 23. f(f(X4,f(X3,f(X3,X4))),f(X4,X2)) = f(X1,f(f(f(f(X2,f(X0,f(X0,X2))),X3),f(f(f(X4,f(X3,f(X3,X4))),f(X4,X2)),X0)),f(f(f(X2,f(X0,f(X0,X2))),X3),X1))) [superposition 5,9]
[SA] active: 24. f(f(f(f(X1,f(X0,f(X0,X1))),f(X1,X2)),f(f(f(f(X1,f(X0,f(X0,X1))),f(X1,X2)),f(X2,X0)),f(X3,f(X3,f(f(f(X1,f(X0,f(X0,X1))),f(X1,X2)),f(X2,X0)))))),X2) = X3 [superposition 10,5]
[SA] active: 28. f(X1,f(X1,f(X0,f(X0,X1)))) = f(f(f(X1,f(X0,f(X0,X1))),f(f(f(X1,f(X0,f(X0,X1))),f(X1,f(X1,f(X1,f(X0,f(X0,X1)))))),f(f(X1,f(X1,f(X0,f(X0,X1)))),X0))),X1) [superposition 10,5]
[SA] active: 387. f(f(f(X2,f(f(f(f(X0,f(X0,f(X1,f(X1,X0)))),X1),X1),f(f(f(f(X0,f(X0,f(X1,f(X1,X0)))),X1),X1),X2))),f(X2,f(X0,f(X1,f(X1,X0))))),f(X0,f(X1,f(X1,X0)))) = X0 [superposition 9,19]
[SA] active: 16. f(X0,f(f(f(X1,f(f(X1,f(X0,f(X0,X1))),f(X2,f(X2,f(X1,f(X0,f(X0,X1))))))),f(X3,f(X3,f(X1,f(f(X1,f(X0,f(X0,X1))),f(X2,f(X2,f(X1,f(X0,f(X0,X1)))))))))),X2)) = X3 [superposition 9,5]
[SA] active: 35. f(X3,f(f(X3,f(X2,f(X2,X3))),f(X0,f(X0,f(X3,f(X2,f(X2,X3))))))) = f(X1,f(f(X2,f(f(X3,f(f(X3,f(X2,f(X2,X3))),f(X0,f(X0,f(X3,f(X2,f(X2,X3))))))),X0)),f(X2,X1))) [superposition 5,10]
[SA] active: 12. f(f(f(f(f(X1,f(X0,f(X0,X1))),X2),f(f(f(X3,f(X2,f(X2,X3))),f(X3,X1)),X0)),f(f(f(X1,f(X0,f(X0,X1))),X2),X4)),f(f(X4,f(X5,f(X5,X4))),f(f(X3,f(X2,f(X2,X3))),f(X3,X1)))) = X5 [superposition 9,9]
[SA] active: 1815. f(X1,f(f(X1,f(X0,f(X0,X1))),f(X0,f(X0,f(X1,f(X0,f(X0,X1))))))) = f(X2,f(f(X0,X0),f(X0,X2))) [superposition 35,10]
[SA] active: 15. f(f(f(f(f(X1,f(X2,f(X2,X1))),f(X1,X3)),f(X4,f(X4,f(f(X1,f(X2,f(X2,X1))),f(X1,X3))))),X0),f(f(f(f(X3,f(X0,f(X0,X3))),X2),f(X5,f(X5,f(f(X3,f(X0,f(X0,X3))),X2)))),X4)) = X5 [superposition 9,9]
[SA] active: 2265. f(f(X0,f(f(X1,X1),f(X1,X0))),X1) = X1 [superposition 10,1815]
[SA] active: 18. f(f(X5,f(X4,f(X4,X5))),f(X5,X3)) = f(f(f(X1,f(X2,f(X2,X1))),f(X1,f(f(X3,f(X0,f(X0,X3))),X4))),f(f(f(f(X3,f(X0,f(X0,X3))),X4),f(f(f(X5,f(X4,f(X4,X5))),f(X5,X3)),X0)),X2)) [superposition 9,9]
[SA] active: 2239. f(X0,f(f(X1,X1),f(X1,X0))) = f(X3,f(f(X1,X1),f(X1,X3))) [superposition 1815,1815]
[SA] active: 54. f(f(f(f(f(X1,f(X2,f(X2,X1))),f(X1,X0)),f(X0,X2)),f(f(f(X1,f(X2,f(X2,X1))),f(X1,X0)),f(f(X3,f(X4,f(X4,X3))),f(X3,X5)))),f(f(f(f(X3,f(X4,f(X4,X3))),f(X3,X5)),f(X5,X4)),X0)) = X5 [superposition 7,7]
[SA] active: 2761. f(f(f(f(X1,f(X0,f(X0,X1))),f(X1,X2)),f(f(X2,X2),X0)),X2) = X2 [superposition 2265,5]
[SA] active: 79. f(X1,f(X2,f(X2,X1))) = f(f(f(f(f(X3,f(X4,f(X4,X3))),f(X3,X0)),f(X0,X4)),f(f(f(X3,f(X4,f(X4,X3))),f(X3,X0)),f(X1,f(X1,f(X2,f(X2,X1)))))),f(f(f(X1,f(X1,f(X2,f(X2,X1)))),X2),X0)) [superposition 8,7]
[SA] active: 2918. f(f(X0,f(f(X0,X0),f(X2,f(X2,f(X0,X0))))),f(X1,f(f(X0,X0),f(X0,X1)))) = X2 [forward demodulation 2804,2265]
[SA] active: 80. f(X2,f(X3,f(X3,X2))) = f(f(f(f(X0,f(X0,f(X1,f(X1,X0)))),X1),f(f(X0,f(X0,f(X1,f(X1,X0)))),f(X2,f(X2,f(X3,f(X3,X2)))))),f(f(f(X2,f(X2,f(X3,f(X3,X2)))),X3),f(X0,f(X1,f(X1,X0))))) [superposition 8,8]
[SA] active: 3618. f(f(f(f(X1,X1),f(X1,X2)),f(f(X2,X2),f(X0,f(f(X1,X1),f(X1,X0))))),X2) = X2 [superposition 2265,2239]
[SA] active: 100. f(f(f(f(X0,f(X0,f(X1,f(X1,X0)))),X1),f(f(X0,f(X0,f(X1,f(X1,X0)))),f(f(X2,f(X3,f(X3,X2))),f(X2,X4)))),f(f(f(f(X2,f(X3,f(X3,X2))),f(X2,X4)),f(X4,X3)),f(X0,f(X1,f(X1,X0))))) = X4 [superposition 7,8]
[SA] active: 2919. f(X3,f(f(X0,X0),f(X0,X3))) = f(f(f(X1,f(X2,f(X2,X1))),f(X1,X0)),f(f(X0,X0),X2)) [forward demodulation 2803,2265]
[SA] active: 31. f(X4,f(f(X4,f(X3,f(X3,X4))),f(X0,f(X0,f(X4,f(X3,f(X3,X4))))))) = f(f(f(X1,f(X2,f(X2,X1))),f(X1,X3)),f(f(X3,f(f(X4,f(f(X4,f(X3,f(X3,X4))),f(X0,f(X0,f(X4,f(X3,f(X3,X4))))))),X0)),X2)) [superposition 9,10]
[SA] active: 2920. f(f(f(X0,X0),f(X0,X2)),f(f(X2,f(X3,f(X3,X2))),f(X1,f(f(X0,X0),f(X0,X1))))) = X3 [forward demodulation 2801,2265]
[SA] active: 32. f(f(f(f(X1,f(f(X1,f(X2,f(X2,X1))),f(X0,f(X0,f(X1,f(X2,f(X2,X1))))))),f(X3,f(X3,f(X1,f(f(X1,f(X2,f(X2,X1))),f(X0,f(X0,f(X1,f(X2,f(X2,X1)))))))))),X0),f(f(X2,f(X4,f(X4,X2))),X3)) = X4 [superposition 9,10]
[SA] active: 3619. f(X1,X1) = f(f(f(X1,f(f(X1,X1),f(X1,X1))),f(X0,f(f(X1,X1),f(X1,X0)))),f(X1,X1)) [superposition 2265,2239]
[SA] active: 33. f(f(f(X1,f(f(X2,f(f(X2,f(X1,f(X1,X2))),f(X0,f(X0,f(X2,f(X1,f(X1,X2))))))),X0)),f(X1,X3)),f(f(X3,f(X4,f(X4,X3))),f(X2,f(f(X2,f(X1,f(X1,X2))),f(X0,f(X0,f(X2,f(X1,f(X1,X2))))))))) = X4 [superposition 9,10]
[SA] active: 6996. f(X1,X1) = f(f(f(X0,f(f(X1,X1),f(X1,X0))),f(X2,f(f(X1,X1),f(X1,X2)))),f(X1,X1)) [superposition 3619,2239]
[SA] active: 44. f(X1,f(f(f(f(f(X2,f(X2,f(X0,f(X0,X2)))),X0),f(f(X2,f(X2,f(X0,f(X0,X2)))),X3)),f(X3,f(X2,f(X0,f(X0,X2))))),f(f(f(f(X2,f(X2,f(X0,f(X0,X2)))),X0),f(f(X2,f(X2,f(X0,f(X0,X2)))),X3)),X1))) = X3 [superposition 7,5]
[SA] active: 2264. f(X1,f(f(f(X0,f(f(X1,X1),f(X1,X0))),f(X3,f(X3,f(X0,f(f(X1,X1),f(X1,X0)))))),X1)) = X3 [superposition 16,1815]
[SA] active: 85. f(f(X0,f(X0,f(X1,f(X1,X0)))),X1) = f(X2,f(f(f(f(X0,f(X0,f(X1,f(X1,X0)))),f(f(X0,f(X0,f(X1,f(X1,X0)))),X1)),f(X0,f(X1,f(X1,X0)))),f(f(f(X0,f(X0,f(X1,f(X1,X0)))),f(f(X0,f(X0,f(X1,f(X1,X0)))),X1)),X2))) [superposition 5,8]
[SA] active: 2921. f(X0,X0) = f(X2,f(f(f(X0,f(X0,X0)),f(X1,f(f(X0,X0),f(X0,X1)))),f(f(X0,f(X0,X0)),X2))) [forward demodulation 2800,2265]
[SA] active: 20. f(f(f(X1,f(f(f(f(X2,f(X2,f(X3,f(X3,X2)))),f(X0,f(X0,f(X2,f(X2,f(X3,f(X3,X2))))))),X3),f(f(f(f(X2,f(X2,f(X3,f(X3,X2)))),f(X0,f(X0,f(X2,f(X2,f(X3,f(X3,X2))))))),X3),X1))),f(X1,f(X2,f(X3,f(X3,X2))))),X0) = X2 [superposition 9,9]
[SA] active: 3280. f(X2,f(f(X3,X3),f(X3,X2))) = f(f(f(X1,X1),f(X1,X3)),f(f(X3,X3),f(X0,f(f(X1,X1),f(X1,X0))))) [superposition 2239,2239]
[SA] active: 61. f(X1,f(f(f(f(f(f(X2,f(X3,f(X3,X2))),f(X2,X0)),f(X0,X3)),f(f(f(X2,f(X3,f(X3,X2))),f(X2,X0)),X4)),f(X4,X0)),f(f(f(f(f(X2,f(X3,f(X3,X2))),f(X2,X0)),f(X0,X3)),f(f(f(X2,f(X3,f(X3,X2))),f(X2,X0)),X4)),X1))) = X4 [superposition 5,7]
[SA] active: 2893. f(f(f(X0,X0),X2),f(f(f(f(X3,f(X2,f(X2,X3))),f(X3,X0)),f(X0,X2)),f(X1,f(f(X0,X0),f(X0,X1))))) = X0 [forward demodulation 2841,2265]
[SA] active: 36. f(X1,f(f(f(f(X2,f(f(f(X3,f(X0,f(X0,X3))),f(X3,X4)),f(f(f(X3,f(X0,f(X0,X3))),f(X3,X4)),X2))),f(X2,X4)),X0),f(f(f(X2,f(f(f(X3,f(X0,f(X0,X3))),f(X3,X4)),f(f(f(X3,f(X0,f(X0,X3))),f(X3,X4)),X2))),f(X2,X4)),X1))) = X4 [superposition 7,5]
[SA] active: 2922. f(X1,f(f(f(f(X0,X0),f(X0,X3)),f(X3,f(X2,f(f(X0,X0),f(X0,X2))))),f(f(f(X0,X0),f(X0,X3)),X1))) = X3 [forward demodulation 2797,2265]
[SA] active: 92. f(f(f(f(f(f(X0,f(X0,f(X1,f(X1,X0)))),X1),f(f(X0,f(X0,f(X1,f(X1,X0)))),X2)),f(X2,f(X0,f(X1,f(X1,X0))))),f(f(f(f(X0,f(X0,f(X1,f(X1,X0)))),X1),f(f(X0,f(X0,f(X1,f(X1,X0)))),X2)),X3)),f(f(X3,f(X4,f(X4,X3))),X2)) = X4 [superposition 9,8]
[SA] active: 4261. f(f(X0,f(f(X0,X0),f(X3,f(X3,f(X0,X0))))),f(f(f(X1,f(X2,f(X2,X1))),f(X1,X0)),f(f(X0,X0),X2))) = X3 [forward demodulation 4128,2761]
[SA] active: 93. f(f(f(X2,f(X3,f(X3,X2))),f(X0,f(X1,f(X1,X0)))),f(f(f(f(f(X0,f(X0,f(X1,f(X1,X0)))),X1),f(f(X0,f(X0,f(X1,f(X1,X0)))),X2)),f(X4,f(X4,f(f(f(X0,f(X0,f(X1,f(X1,X0)))),X1),f(f(X0,f(X0,f(X1,f(X1,X0)))),X2))))),X3)) = X4 [superposition 9,8]
[SA] active: 4268. f(f(f(f(X0,X0),f(X0,X3)),f(f(X3,X3),f(f(f(X1,f(X2,f(X2,X1))),f(X1,X0)),f(f(X0,X0),X2)))),X3) = X3 [forward demodulation 4017,2761]
[SA] active: 94. f(f(f(X2,f(X3,f(X3,X2))),f(X2,f(f(f(X0,f(X0,f(X1,f(X1,X0)))),X1),f(f(X0,f(X0,f(X1,f(X1,X0)))),X4)))),f(f(f(f(f(X0,f(X0,f(X1,f(X1,X0)))),X1),f(f(X0,f(X0,f(X1,f(X1,X0)))),X4)),f(X4,f(X0,f(X1,f(X1,X0))))),X3)) = X4 [superposition 9,8]
[SA] active: 2782. f(X1,f(X0,f(X0,X1))) = f(f(f(X1,f(f(X1,f(X0,f(X0,X1))),f(X1,f(X0,f(X0,X1))))),X0),f(X1,f(X0,f(X0,X1)))) [superposition 2265,5]
[SA] active: 25. f(f(f(f(X1,f(X0,f(X0,X1))),X2),f(f(f(f(X1,f(X0,f(X0,X1))),X2),f(f(f(X3,f(X2,f(X2,X3))),f(X3,X1)),X0)),f(X4,f(X4,f(f(f(X1,f(X0,f(X0,X1))),X2),f(f(f(X3,f(X2,f(X2,X3))),f(X3,X1)),X0)))))),f(f(X3,f(X2,f(X2,X3))),f(X3,X1))) = X4 [superposition 10,9]
[SA] active: 3305. f(X2,f(f(f(X1,X1),f(X1,X1)),f(f(X1,X1),X2))) = f(f(X1,f(f(X1,X1),f(X1,X1))),f(X0,f(f(X1,X1),f(X1,X0)))) [superposition 2239,2239]
[SA] active: 83. f(f(X0,f(X0,f(X1,f(X1,X0)))),X1) = f(f(f(X2,f(X3,f(X3,X2))),f(X2,f(f(X0,f(X0,f(X1,f(X1,X0)))),f(f(X0,f(X0,f(X1,f(X1,X0)))),X1)))),f(f(f(f(X0,f(X0,f(X1,f(X1,X0)))),f(f(X0,f(X0,f(X1,f(X1,X0)))),X1)),f(X0,f(X1,f(X1,X0)))),X3)) [superposition 9,8]
[SA] active: 4045. f(f(f(f(f(X1,f(X1,X1)),f(X0,f(f(X1,X1),f(X1,X0)))),f(f(X1,f(X1,X1)),X2)),f(f(X2,X2),f(X1,X1))),X2) = X2 [superposition 2761,2239]
[SA] active: 84. f(f(f(f(f(X0,f(X0,f(X1,f(X1,X0)))),f(f(X0,f(X0,f(X1,f(X1,X0)))),X1)),f(X0,f(X1,f(X1,X0)))),f(f(f(X0,f(X0,f(X1,f(X1,X0)))),f(f(X0,f(X0,f(X1,f(X1,X0)))),X1)),X2)),f(f(X2,f(X3,f(X3,X2))),f(f(X0,f(X0,f(X1,f(X1,X0)))),X1))) = X3 [superposition 9,8]
[SA] active: 4053. f(f(f(f(f(X1,f(f(X0,X0),f(X0,X1))),f(X2,f(X2,f(X1,f(f(X0,X0),f(X0,X1)))))),X0),f(f(X0,X0),X2)),X0) = X0 [superposition 2761,2265]
[SA] active: 59. f(f(f(X2,f(X3,f(X3,X2))),f(X2,X0)),f(X0,X3)) = f(X1,f(f(f(f(f(X2,f(X3,f(X3,X2))),f(X2,X0)),f(f(f(X2,f(X3,f(X3,X2))),f(X2,X0)),f(X0,X3))),X0),f(f(f(f(X2,f(X3,f(X3,X2))),f(X2,X0)),f(f(f(X2,f(X3,f(X3,X2))),f(X2,X0)),f(X0,X3))),X1))) [superposition 5,7]
[SA] active: 4262. f(f(f(X1,f(X2,f(X2,X1))),f(X1,X0)),f(f(X0,X0),X2)) = f(f(f(X3,f(X4,f(X4,X3))),f(X3,X0)),f(f(X0,X0),X4)) [forward demodulation 4127,2761]
[SA] active: 63. f(f(f(f(f(f(f(X1,f(X2,f(X2,X1))),f(X1,X0)),f(X0,X2)),f(f(f(X1,f(X2,f(X2,X1))),f(X1,X0)),X3)),f(X3,X0)),f(f(f(f(f(X1,f(X2,f(X2,X1))),f(X1,X0)),f(X0,X2)),f(f(f(X1,f(X2,f(X2,X1))),f(X1,X0)),X3)),X4)),f(f(X4,f(X5,f(X5,X4))),X3)) = X5 [superposition 9,7]
[SA] active: 4263. f(f(f(X0,X0),f(X0,X3)),f(f(X3,f(X4,f(X4,X3))),f(f(f(X1,f(X2,f(X2,X1))),f(X1,X0)),f(f(X0,X0),X2)))) = X4 [forward demodulation 4125,2761]
[SA] active: 64. f(f(f(X1,f(X2,f(X2,X1))),X0),f(f(f(f(f(f(X3,f(X4,f(X4,X3))),f(X3,X0)),f(X0,X4)),f(f(f(X3,f(X4,f(X4,X3))),f(X3,X0)),X1)),f(X5,f(X5,f(f(f(f(X3,f(X4,f(X4,X3))),f(X3,X0)),f(X0,X4)),f(f(f(X3,f(X4,f(X4,X3))),f(X3,X0)),X1))))),X2)) = X5 [superposition 9,7]
[SA] active: 5837. f(X2,X2) = f(f(f(X2,f(f(X2,X2),f(X2,X2))),f(f(f(X0,f(X1,f(X1,X0))),f(X0,X2)),f(f(X2,X2),X1))),f(X2,X2)) [superposition 2265,2919]
[SA] active: 65. f(f(f(X1,f(X2,f(X2,X1))),f(X1,f(f(f(f(X3,f(X4,f(X4,X3))),f(X3,X0)),f(X0,X4)),f(f(f(X3,f(X4,f(X4,X3))),f(X3,X0)),X5)))),f(f(f(f(f(f(X3,f(X4,f(X4,X3))),f(X3,X0)),f(X0,X4)),f(f(f(X3,f(X4,f(X4,X3))),f(X3,X0)),X5)),f(X5,X0)),X2)) = X5 [superposition 9,7]
[SA] active: 6994. f(X2,X2) = f(f(f(f(f(X0,f(X1,f(X1,X0))),f(X0,X2)),f(f(X2,X2),X1)),f(X3,f(f(X2,X2),f(X2,X3)))),f(X2,X2)) [superposition 3619,2919]
[SA] active: 99. f(f(f(X2,f(f(f(f(X0,f(X0,f(X1,f(X1,X0)))),X1),f(f(X0,f(X0,f(X1,f(X1,X0)))),f(X3,f(X4,f(X4,X3))))),f(f(f(f(X0,f(X0,f(X1,f(X1,X0)))),X1),f(f(X0,f(X0,f(X1,f(X1,X0)))),f(X3,f(X4,f(X4,X3))))),X2))),f(X2,X3)),f(X0,f(X1,f(X1,X0)))) = X4 [superposition 9,8]
[SA] active: 7699. f(X2,X2) = f(f(f(X3,f(f(X2,X2),f(X2,X3))),f(f(f(X0,f(X1,f(X1,X0))),f(X0,X2)),f(f(X2,X2),X1))),f(X2,X2)) [superposition 6996,2919]
[SA] active: 26. f(f(X1,f(f(X1,f(f(X2,f(f(X2,f(X1,f(X1,X2))),f(X0,f(X0,f(X2,f(X1,f(X1,X2))))))),X0)),f(X3,f(X3,f(X1,f(f(X2,f(f(X2,f(X1,f(X1,X2))),f(X0,f(X0,f(X2,f(X1,f(X1,X2))))))),X0)))))),f(X2,f(f(X2,f(X1,f(X1,X2))),f(X0,f(X0,f(X2,f(X1,f(X1,X2)))))))) = X3 [superposition 10,10]
[SA] active: 7885. f(X1,f(f(f(X0,X0),f(X0,X0)),f(f(X0,X0),X1))) = f(f(X2,f(f(X0,X0),f(X0,X2))),f(X3,f(f(X0,X0),f(X0,X3)))) [forward demodulation 7718,6996]
[SA] active: 69. f(f(f(X1,f(f(f(f(f(X2,f(X3,f(X3,X2))),f(X2,X0)),f(X0,X3)),f(f(f(X2,f(X3,f(X3,X2))),f(X2,X0)),f(X4,f(X5,f(X5,X4))))),f(f(f(f(f(X2,f(X3,f(X3,X2))),f(X2,X0)),f(X0,X3)),f(f(f(X2,f(X3,f(X3,X2))),f(X2,X0)),f(X4,f(X5,f(X5,X4))))),X1))),f(X1,X4)),X0) = X5 [superposition 9,7]
[SA] active: 2433. f(f(X1,f(f(X1,X1),f(X2,f(X2,f(X1,X1))))),f(X0,f(f(X0,f(X1,f(X1,X0))),f(X1,f(X1,f(X0,f(X1,f(X1,X0)))))))) = X2 [superposition 5,1815]
[SA] active: 47. f(f(X4,f(X0,f(X0,X4))),X3) = f(X1,f(f(f(f(f(f(X2,f(X3,f(X3,X2))),f(X2,X4)),f(X5,f(X5,f(f(X2,f(X3,f(X3,X2))),f(X2,X4))))),X0),f(f(f(X4,f(X0,f(X0,X4))),X3),X5)),f(f(f(f(f(X2,f(X3,f(X3,X2))),f(X2,X4)),f(X5,f(X5,f(f(X2,f(X3,f(X3,X2))),f(X2,X4))))),X0),X1))) [superposition 7,9]
[SA] active: 2758. f(f(f(f(X1,X1),f(X1,X2)),f(f(X2,X2),f(X0,f(f(X0,f(X1,f(X1,X0))),f(X1,f(X1,f(X0,f(X1,f(X1,X0))))))))),X2) = X2 [superposition 2265,1815]
[SA] active: 48. f(f(f(f(X4,f(X5,f(X5,X4))),f(X4,X0)),f(X0,X5)),f(f(f(X4,f(X5,f(X5,X4))),f(X4,X0)),X2)) = f(X1,f(f(f(f(X2,f(X3,f(X3,X2))),X0),f(f(f(f(f(X4,f(X5,f(X5,X4))),f(X4,X0)),f(X0,X5)),f(f(f(X4,f(X5,f(X5,X4))),f(X4,X0)),X2)),X3)),f(f(f(X2,f(X3,f(X3,X2))),X0),X1))) [superposition 7,7]
[SA] active: 2763. f(f(f(f(X2,f(X1,f(X1,X2))),f(X1,f(X1,f(X2,f(X1,f(X1,X2)))))),f(f(X2,X2),f(X0,f(f(X1,X1),f(X1,X0))))),X2) = X2 [superposition 2265,1815]
[SA] active: 57. f(f(f(X3,f(X4,f(X4,X3))),f(X3,X0)),f(X0,X4)) = f(f(f(X1,f(X2,f(X2,X1))),f(X1,f(f(f(X3,f(X4,f(X4,X3))),f(X3,X0)),f(f(f(X3,f(X4,f(X4,X3))),f(X3,X0)),f(X0,X4))))),f(f(f(f(f(X3,f(X4,f(X4,X3))),f(X3,X0)),f(f(f(X3,f(X4,f(X4,X3))),f(X3,X0)),f(X0,X4))),X0),X2)) [superposition 9,7]
[SA] active: 2802. f(f(f(f(X1,f(f(X0,X0),f(X0,X1))),f(X2,f(X2,f(X1,f(f(X0,X0),f(X0,X1)))))),X0),f(f(X0,f(X3,f(X3,X0))),X2)) = X3 [superposition 9,2265]
[SA] active: 58. f(f(f(f(f(f(X1,f(X2,f(X2,X1))),f(X1,X0)),f(f(f(X1,f(X2,f(X2,X1))),f(X1,X0)),f(X0,X2))),X0),f(f(f(f(X1,f(X2,f(X2,X1))),f(X1,X0)),f(f(f(X1,f(X2,f(X2,X1))),f(X1,X0)),f(X0,X2))),X3)),f(f(X3,f(X4,f(X4,X3))),f(f(f(X1,f(X2,f(X2,X1))),f(X1,X0)),f(X0,X2)))) = X4 [superposition 9,7]
[SA] active: 2904. f(X0,X0) = f(f(f(X2,f(X3,f(X3,X2))),f(X2,f(X0,f(X0,X0)))),f(f(f(X0,f(X0,X0)),f(X1,f(f(X0,X0),f(X0,X1)))),X3)) [forward demodulation 2824,2265]
[SA] active: 90. f(f(f(X0,f(X0,f(X1,f(X1,X0)))),X1),f(f(X0,f(X0,f(X1,f(X1,X0)))),X3)) = f(X2,f(f(f(f(X3,f(X4,f(X4,X3))),f(X0,f(X1,f(X1,X0)))),f(f(f(f(X0,f(X0,f(X1,f(X1,X0)))),X1),f(f(X0,f(X0,f(X1,f(X1,X0)))),X3)),X4)),f(f(f(X3,f(X4,f(X4,X3))),f(X0,f(X1,f(X1,X0)))),X2))) [superposition 7,8]
[SA] active: 2912. f(f(f(f(X0,f(X0,X0)),f(X1,f(f(X0,X0),f(X0,X1)))),f(f(X0,f(X0,X0)),X2)),f(f(X2,f(X3,f(X3,X2))),f(X0,X0))) = X3 [forward demodulation 2813,2265]
[SA] active: 43. f(X1,f(f(f(f(X2,f(f(X3,f(f(X3,f(X2,f(X2,X3))),f(X0,f(X0,f(X3,f(X2,f(X2,X3))))))),X0)),f(X2,X4)),f(X4,f(X3,f(f(X3,f(X2,f(X2,X3))),f(X0,f(X0,f(X3,f(X2,f(X2,X3))))))))),f(f(f(X2,f(f(X3,f(f(X3,f(X2,f(X2,X3))),f(X0,f(X0,f(X3,f(X2,f(X2,X3))))))),X0)),f(X2,X4)),X1))) = X4 [superposition 7,10]
[SA] active: 4264. f(X0,X0) = f(X3,f(f(f(X0,f(X0,X0)),f(f(f(X1,f(X2,f(X2,X1))),f(X1,X0)),f(f(X0,X0),X2))),f(f(X0,f(X0,X0)),X3))) [forward demodulation 4124,2761]
[SA] active: 39. f(X4,f(f(X4,f(X3,f(X3,X4))),f(X0,f(X0,f(X4,f(X3,f(X3,X4))))))) = f(X1,f(f(f(f(X2,f(X3,f(X3,X2))),f(X2,f(X4,f(f(X4,f(X3,f(X3,X4))),f(X0,f(X0,f(X4,f(X3,f(X3,X4))))))))),X0),f(f(f(X2,f(X3,f(X3,X2))),f(X2,f(X4,f(f(X4,f(X3,f(X3,X4))),f(X0,f(X0,f(X4,f(X3,f(X3,X4))))))))),X1))) [superposition 7,10]
[SA] active: 4578. f(f(X2,f(f(X2,X2),f(X3,f(X3,f(X2,X2))))),f(f(f(X1,X1),f(X1,X2)),f(f(X2,X2),f(X0,f(f(X1,X1),f(X1,X0)))))) = X3 [superposition 2918,2239]
[SA] active: 41. f(X1,f(f(f(f(f(f(X2,f(X0,f(X0,X2))),X3),f(f(f(X4,f(X3,f(X3,X4))),f(X4,X2)),X0)),f(f(f(X2,f(X0,f(X0,X2))),X3),X5)),f(X5,f(f(X4,f(X3,f(X3,X4))),f(X4,X2)))),f(f(f(f(f(X2,f(X0,f(X0,X2))),X3),f(f(f(X4,f(X3,f(X3,X4))),f(X4,X2)),X0)),f(f(f(X2,f(X0,f(X0,X2))),X3),X5)),X1))) = X5 [superposition 7,9]
[SA] active: 5006. f(f(f(f(X2,X2),f(X2,X3)),f(f(X3,X3),f(f(f(X1,X1),f(X1,X2)),f(f(X2,X2),f(X0,f(f(X1,X1),f(X1,X0))))))),X3) = X3 [superposition 3618,2239]
[SA] active: 97. f(f(X0,f(X1,f(X1,X0))),f(f(f(f(X0,f(X0,f(X1,f(X1,X0)))),f(f(f(X0,f(X0,f(X1,f(X1,X0)))),X1),f(X2,f(X2,f(f(X0,f(X0,f(X1,f(X1,X0)))),X1))))),f(X3,f(X3,f(f(X0,f(X0,f(X1,f(X1,X0)))),f(f(f(X0,f(X0,f(X1,f(X1,X0)))),X1),f(X2,f(X2,f(f(X0,f(X0,f(X1,f(X1,X0)))),X1)))))))),X2)) = X3 [superposition 9,8]
[SA] active: 2244. f(X1,f(f(X1,f(X2,f(X2,X1))),f(X2,f(X2,f(X1,f(X2,f(X2,X1))))))) = f(f(f(X3,f(X0,f(X0,X3))),f(X3,X2)),f(f(X2,X2),X0)) [superposition 1815,5]
[SA] active: 37. f(f(X5,f(X4,f(X4,X5))),f(X5,X3)) = f(X1,f(f(f(f(X2,f(f(f(X3,f(X0,f(X0,X3))),X4),f(f(f(X3,f(X0,f(X0,X3))),X4),X2))),f(X2,f(f(X5,f(X4,f(X4,X5))),f(X5,X3)))),X0),f(f(f(X2,f(f(f(X3,f(X0,f(X0,X3))),X4),f(f(f(X3,f(X0,f(X0,X3))),X4),X2))),f(X2,f(f(X5,f(X4,f(X4,X5))),f(X5,X3)))),X1))) [superposition 7,9]
[SA] active: 2273. f(f(f(X2,f(X1,f(X1,X2))),f(X1,f(X1,f(X2,f(X1,f(X1,X2)))))),f(f(X2,f(X3,f(X3,X2))),f(X0,f(f(X1,X1),f(X1,X0))))) = X3 [superposition 5,1815]
[SA] active: 29. f(f(X3,f(f(X2,f(X2,f(X1,f(X0,f(X0,X1))))),f(f(X2,f(X2,f(X1,f(X0,f(X0,X1))))),X3))),f(X3,X1)) = f(f(f(X1,f(X0,f(X0,X1))),f(f(f(X1,f(X0,f(X0,X1))),f(X2,f(X2,f(X1,f(X0,f(X0,X1)))))),f(f(f(X3,f(f(X2,f(X2,f(X1,f(X0,f(X0,X1))))),f(f(X2,f(X2,f(X1,f(X0,f(X0,X1))))),X3))),f(X3,X1)),X0))),X2) [superposition 10,9]
[SA] active: 2368. f(f(f(X1,X1),f(X1,X2)),f(f(X2,f(X3,f(X3,X2))),f(X0,f(f(X0,f(X1,f(X1,X0))),f(X1,f(X1,f(X0,f(X1,f(X1,X0))))))))) = X3 [superposition 5,1815]
[SA] active: 96. f(f(X0,f(X0,f(X1,f(X1,X0)))),f(f(f(X0,f(X0,f(X1,f(X1,X0)))),X1),f(X3,f(X3,f(f(X0,f(X0,f(X1,f(X1,X0)))),X1))))) = f(X2,f(f(f(X0,f(X1,f(X1,X0))),f(f(f(X0,f(X0,f(X1,f(X1,X0)))),f(f(f(X0,f(X0,f(X1,f(X1,X0)))),X1),f(X3,f(X3,f(f(X0,f(X0,f(X1,f(X1,X0)))),X1))))),X3)),f(f(X0,f(X1,f(X1,X0))),X2))) [superposition 7,8]
[SA] active: 2759. f(f(f(f(f(X0,f(X0,f(X1,f(X1,X0)))),X1),f(f(X0,f(X0,f(X1,f(X1,X0)))),X2)),f(f(X2,X2),f(X0,f(X1,f(X1,X0))))),X2) = X2 [superposition 2265,8]
[SA] active: 82. f(f(f(f(X0,f(X0,f(X1,f(X1,X0)))),f(f(X0,f(X0,f(X1,f(X1,X0)))),X1)),f(f(f(f(X0,f(X0,f(X1,f(X1,X0)))),f(f(X0,f(X0,f(X1,f(X1,X0)))),X1)),f(X0,f(X1,f(X1,X0)))),f(X2,f(X2,f(f(f(X0,f(X0,f(X1,f(X1,X0)))),f(f(X0,f(X0,f(X1,f(X1,X0)))),X1)),f(X0,f(X1,f(X1,X0)))))))),f(f(X0,f(X0,f(X1,f(X1,X0)))),X1)) = X2 [superposition 10,8]
[SA] active: 2771. f(f(f(f(f(f(X1,f(X2,f(X2,X1))),f(X1,X0)),f(X0,X2)),f(f(f(X1,f(X2,f(X2,X1))),f(X1,X0)),X3)),f(f(X3,X3),X0)),X3) = X3 [superposition 2265,7]
[SA] active: 95. f(f(f(f(f(X0,f(X0,f(X1,f(X1,X0)))),X1),f(f(X0,f(X0,f(X1,f(X1,X0)))),X2)),f(f(f(f(f(X0,f(X0,f(X1,f(X1,X0)))),X1),f(f(X0,f(X0,f(X1,f(X1,X0)))),X2)),f(X2,f(X0,f(X1,f(X1,X0))))),f(X3,f(X3,f(f(f(f(X0,f(X0,f(X1,f(X1,X0)))),X1),f(f(X0,f(X0,f(X1,f(X1,X0)))),X2)),f(X2,f(X0,f(X1,f(X1,X0))))))))),X2) = X3 [superposition 10,8]
[SA] active: 2780. f(X1,X1) = f(f(f(X1,f(f(X1,X1),f(X1,X1))),f(X0,f(f(X0,f(X1,f(X1,X0))),f(X1,f(X1,f(X0,f(X1,f(X1,X0)))))))),f(X1,X1)) [superposition 2265,1815]
[SA] active: 30. f(X3,f(f(X3,f(f(X1,f(X2,f(X2,X1))),f(f(X1,f(X2,f(X2,X1))),X3))),f(X0,f(X0,f(X3,f(f(X1,f(X2,f(X2,X1))),f(f(X1,f(X2,f(X2,X1))),X3))))))) = f(f(X1,f(f(X1,f(X2,f(X2,X1))),f(f(X3,f(f(X3,f(f(X1,f(X2,f(X2,X1))),f(f(X1,f(X2,f(X2,X1))),X3))),f(X0,f(X0,f(X3,f(f(X1,f(X2,f(X2,X1))),f(f(X1,f(X2,f(X2,X1))),X3))))))),X0))),X2) [superposition 10,10]
[SA] active: 2895. f(X0,f(X0,X0)) = f(f(f(X0,X0),f(f(f(X0,X0),f(X0,f(X0,f(X0,X0)))),f(f(X0,f(X0,X0)),f(X1,f(f(X0,X0),f(X0,X1)))))),X0) [forward demodulation 2838,2265]
[SA] active: 51. f(f(f(X2,f(X3,f(X3,X2))),f(X2,X0)),f(f(f(f(X2,f(X3,f(X3,X2))),f(X2,X0)),f(X0,X3)),f(X4,f(X4,f(f(f(X2,f(X3,f(X3,X2))),f(X2,X0)),f(X0,X3)))))) = f(X1,f(f(X0,f(f(f(f(X2,f(X3,f(X3,X2))),f(X2,X0)),f(f(f(f(X2,f(X3,f(X3,X2))),f(X2,X0)),f(X0,X3)),f(X4,f(X4,f(f(f(X2,f(X3,f(X3,X2))),f(X2,X0)),f(X0,X3)))))),X4)),f(X0,X1))) [superposition 7,7]
[SA] active: 4019. f(f(f(f(f(f(X1,X1),f(X1,X2)),f(X2,f(X0,f(f(X1,X1),f(X1,X0))))),f(f(f(X1,X1),f(X1,X2)),X3)),f(f(X3,X3),X2)),X3) = X3 [superposition 2761,2239]
[SA] active: 66. f(f(f(f(f(f(X1,f(X2,f(X2,X1))),f(X1,X0)),f(X0,X2)),f(f(f(X1,f(X2,f(X2,X1))),f(X1,X0)),X3)),f(f(f(f(f(f(X1,f(X2,f(X2,X1))),f(X1,X0)),f(X0,X2)),f(f(f(X1,f(X2,f(X2,X1))),f(X1,X0)),X3)),f(X3,X0)),f(X4,f(X4,f(f(f(f(f(X1,f(X2,f(X2,X1))),f(X1,X0)),f(X0,X2)),f(f(f(X1,f(X2,f(X2,X1))),f(X1,X0)),X3)),f(X3,X0)))))),X3) = X4 [superposition 10,7]
[SA] active: 5207. f(f(f(X1,f(X2,f(X2,X1))),f(X1,X0)),f(f(X0,X0),X2)) = f(f(f(X3,X3),f(X3,X0)),f(f(X0,X0),f(X4,f(f(X3,X3),f(X3,X4))))) [forward demodulation 5056,3618]
[SA] active: 67. f(X0,f(f(f(f(f(X1,f(X2,f(X2,X1))),f(X1,X0)),f(f(f(f(X1,f(X2,f(X2,X1))),f(X1,X0)),f(X0,X2)),f(X3,f(X3,f(f(f(X1,f(X2,f(X2,X1))),f(X1,X0)),f(X0,X2)))))),f(X4,f(X4,f(f(f(X1,f(X2,f(X2,X1))),f(X1,X0)),f(f(f(f(X1,f(X2,f(X2,X1))),f(X1,X0)),f(X0,X2)),f(X3,f(X3,f(f(f(X1,f(X2,f(X2,X1))),f(X1,X0)),f(X0,X2))))))))),X3)) = X4 [superposition 9,7]
[SA] active: 5208. f(f(f(X0,X0),f(X0,X3)),f(f(X3,f(X4,f(X4,X3))),f(f(f(X1,X1),f(X1,X0)),f(f(X0,X0),f(X2,f(f(X1,X1),f(X1,X2))))))) = X4 [forward demodulation 5054,3618]
[SA] active: 71. f(f(f(X1,f(X0,f(X0,X1))),X2),f(f(f(X3,f(X2,f(X2,X3))),f(X3,X1)),X0)) = f(X4,f(f(f(f(f(X1,f(X0,f(X0,X1))),X2),f(f(f(X1,f(X0,f(X0,X1))),X2),f(f(f(X3,f(X2,f(X2,X3))),f(X3,X1)),X0))),f(f(X3,f(X2,f(X2,X3))),f(X3,X1))),f(f(f(f(X1,f(X0,f(X0,X1))),X2),f(f(f(X1,f(X0,f(X0,X1))),X2),f(f(f(X3,f(X2,f(X2,X3))),f(X3,X1)),X0))),X4))) [superposition 8,9]
[SA] active: 5828. f(X3,f(f(X4,X4),f(X4,X3))) = f(f(f(X2,X2),f(X2,X4)),f(f(X4,X4),f(f(f(X0,f(X1,f(X1,X0))),f(X0,X2)),f(f(X2,X2),X1)))) [superposition 2239,2919]
[SA] active: 74. f(X1,f(f(X2,f(f(X2,f(X1,f(X1,X2))),f(X0,f(X0,f(X2,f(X1,f(X1,X2))))))),X0)) = f(X3,f(f(f(X1,f(X1,f(f(X2,f(f(X2,f(X1,f(X1,X2))),f(X0,f(X0,f(X2,f(X1,f(X1,X2))))))),X0))),f(X2,f(f(X2,f(X1,f(X1,X2))),f(X0,f(X0,f(X2,f(X1,f(X1,X2)))))))),f(f(X1,f(X1,f(f(X2,f(f(X2,f(X1,f(X1,X2))),f(X0,f(X0,f(X2,f(X1,f(X1,X2))))))),X0))),X3))) [superposition 8,10]
[SA] active: 7010. f(X2,X2) = f(f(f(X2,f(f(X2,X2),f(X2,X2))),f(f(f(X1,X1),f(X1,X2)),f(f(X2,X2),f(X0,f(f(X1,X1),f(X1,X0)))))),f(X2,X2)) [superposition 3619,2239]
[SA] active: 49. f(X1,f(f(f(f(f(X2,f(f(X2,f(X3,f(X3,X2))),f(X0,f(X0,f(X2,f(X3,f(X3,X2))))))),f(X4,f(X4,f(X2,f(f(X2,f(X3,f(X3,X2))),f(X0,f(X0,f(X2,f(X3,f(X3,X2)))))))))),X0),f(X3,X4)),f(f(f(f(X2,f(f(X2,f(X3,f(X3,X2))),f(X0,f(X0,f(X2,f(X3,f(X3,X2))))))),f(X4,f(X4,f(X2,f(f(X2,f(X3,f(X3,X2))),f(X0,f(X0,f(X2,f(X3,f(X3,X2)))))))))),X0),X1))) = X3 [superposition 7,10]
[SA] active: 7234. f(f(X0,f(f(X0,X0),f(X0,X0))),f(X1,f(f(X0,X0),f(X0,X1)))) = f(f(X0,f(f(X0,X0),f(X0,X0))),f(X2,f(f(X0,X0),f(X0,X2)))) [forward demodulation 7061,3619]
[SA] active: 56. f(f(f(f(f(X1,f(X2,f(X2,X1))),f(X1,X0)),f(f(f(X1,f(X2,f(X2,X1))),f(X1,X0)),f(X0,X2))),f(f(f(f(f(X1,f(X2,f(X2,X1))),f(X1,X0)),f(f(f(X1,f(X2,f(X2,X1))),f(X1,X0)),f(X0,X2))),X0),f(X3,f(X3,f(f(f(f(X1,f(X2,f(X2,X1))),f(X1,X0)),f(f(f(X1,f(X2,f(X2,X1))),f(X1,X0)),f(X0,X2))),X0))))),f(f(f(X1,f(X2,f(X2,X1))),f(X1,X0)),f(X0,X2))) = X3 [superposition 10,7]
[SA] active: 7601. f(X2,X2) = f(f(f(f(f(X1,X1),f(X1,X2)),f(f(X2,X2),f(X0,f(f(X1,X1),f(X1,X0))))),f(X3,f(f(X2,X2),f(X2,X3)))),f(X2,X2)) [superposition 6996,2239]
[SA] active: 86. f(f(X0,f(X0,f(X1,f(X1,X0)))),f(f(X0,f(X0,f(X1,f(X1,X0)))),X1)) = f(f(f(f(X0,f(X0,f(X1,f(X1,X0)))),X1),f(f(f(f(X0,f(X0,f(X1,f(X1,X0)))),X1),f(f(X0,f(X0,f(X1,f(X1,X0)))),f(f(X0,f(X0,f(X1,f(X1,X0)))),f(f(X0,f(X0,f(X1,f(X1,X0)))),X1)))),f(f(f(X0,f(X0,f(X1,f(X1,X0)))),f(f(X0,f(X0,f(X1,f(X1,X0)))),X1)),f(X0,f(X1,f(X1,X0)))))),f(X0,f(X0,f(X1,f(X1,X0))))) [superposition 10,8]
[SA] active: 7644. f(X1,X1) = f(f(f(X0,f(f(X0,f(X1,f(X1,X0))),f(X1,f(X1,f(X0,f(X1,f(X1,X0))))))),f(X3,f(f(X1,X1),f(X1,X3)))),f(X1,X1)) [superposition 6996,1815]
[SA] active: 91. f(X2,f(f(f(f(X3,f(f(f(f(X0,f(X0,f(X1,f(X1,X0)))),X1),f(f(X0,f(X0,f(X1,f(X1,X0)))),X4)),f(f(f(f(X0,f(X0,f(X1,f(X1,X0)))),X1),f(f(X0,f(X0,f(X1,f(X1,X0)))),X4)),X3))),f(X3,X4)),f(X0,f(X1,f(X1,X0)))),f(f(f(X3,f(f(f(f(X0,f(X0,f(X1,f(X1,X0)))),X1),f(f(X0,f(X0,f(X1,f(X1,X0)))),X4)),f(f(f(f(X0,f(X0,f(X1,f(X1,X0)))),X1),f(f(X0,f(X0,f(X1,f(X1,X0)))),X4)),X3))),f(X3,X4)),X2))) = X4 [superposition 7,8]
[SA] active: 7659. f(X2,X2) = f(f(f(X3,f(f(X2,X2),f(X2,X3))),f(f(f(X1,X1),f(X1,X2)),f(f(X2,X2),f(X0,f(f(X1,X1),f(X1,X0)))))),f(X2,X2)) [superposition 6996,2239]
[SA] active: 81. f(X2,f(f(f(f(f(f(X0,f(X0,f(X1,f(X1,X0)))),f(f(X0,f(X0,f(X1,f(X1,X0)))),X1)),f(X0,f(X1,f(X1,X0)))),f(f(f(X0,f(X0,f(X1,f(X1,X0)))),f(f(X0,f(X0,f(X1,f(X1,X0)))),X1)),X3)),f(X3,f(f(X0,f(X0,f(X1,f(X1,X0)))),X1))),f(f(f(f(f(X0,f(X0,f(X1,f(X1,X0)))),f(f(X0,f(X0,f(X1,f(X1,X0)))),X1)),f(X0,f(X1,f(X1,X0)))),f(f(f(X0,f(X0,f(X1,f(X1,X0)))),f(f(X0,f(X0,f(X1,f(X1,X0)))),X1)),X3)),X2))) = X3 [superposition 7,8]
[SA] active: 7702. f(X1,X1) = f(f(f(X2,f(f(X1,X1),f(X1,X2))),f(X0,f(f(X0,f(X1,f(X1,X0))),f(X1,f(X1,f(X0,f(X1,f(X1,X0)))))))),f(X1,X1)) [superposition 6996,1815]
[SA] active: 89. f(X2,f(f(f(f(f(f(f(X0,f(X0,f(X1,f(X1,X0)))),X1),f(f(X0,f(X0,f(X1,f(X1,X0)))),X3)),f(X3,f(X0,f(X1,f(X1,X0))))),f(f(f(f(X0,f(X0,f(X1,f(X1,X0)))),X1),f(f(X0,f(X0,f(X1,f(X1,X0)))),X3)),X4)),f(X4,X3)),f(f(f(f(f(f(X0,f(X0,f(X1,f(X1,X0)))),X1),f(f(X0,f(X0,f(X1,f(X1,X0)))),X3)),f(X3,f(X0,f(X1,f(X1,X0))))),f(f(f(f(X0,f(X0,f(X1,f(X1,X0)))),X1),f(f(X0,f(X0,f(X1,f(X1,X0)))),X3)),X4)),X2))) = X4 [superposition 7,8]
[SA] active: 7890. f(f(X0,f(f(X0,X0),f(X0,X0))),f(X3,f(f(X0,X0),f(X0,X3)))) = f(f(X1,f(f(X0,X0),f(X0,X1))),f(X2,f(f(X0,X0),f(X0,X2)))) [forward demodulation 7711,6996]
[SA] active: 42. f(X1,f(f(f(f(f(f(f(f(X2,f(X3,f(X3,X2))),f(X2,X0)),f(X0,X3)),f(f(f(X2,f(X3,f(X3,X2))),f(X2,X0)),X4)),f(X4,X0)),f(f(f(f(f(X2,f(X3,f(X3,X2))),f(X2,X0)),f(X0,X3)),f(f(f(X2,f(X3,f(X3,X2))),f(X2,X0)),X4)),X5)),f(X5,X4)),f(f(f(f(f(f(f(X2,f(X3,f(X3,X2))),f(X2,X0)),f(X0,X3)),f(f(f(X2,f(X3,f(X3,X2))),f(X2,X0)),X4)),f(X4,X0)),f(f(f(f(f(X2,f(X3,f(X3,X2))),f(X2,X0)),f(X0,X3)),f(f(f(X2,f(X3,f(X3,X2))),f(X2,X0)),X4)),X5)),X1))) = X5 [superposition 7,7]
[SA] active: 25792. f(f(X0,f(f(X1,X1),f(X1,X0))),f(X2,f(f(X1,X1),f(X1,X2)))) = f(f(X4,f(f(X1,X1),f(X1,X4))),f(X5,f(f(X1,X1),f(X1,X5)))) [superposition 7885,7885]
[SA] active: 60. f(f(f(X1,f(X2,f(X2,X1))),f(X1,X0)),f(f(f(X1,f(X2,f(X2,X1))),f(X1,X0)),f(X0,X2))) = f(f(f(f(f(X1,f(X2,f(X2,X1))),f(X1,X0)),f(X0,X2)),f(f(f(f(f(X1,f(X2,f(X2,X1))),f(X1,X0)),f(X0,X2)),f(f(f(X1,f(X2,f(X2,X1))),f(X1,X0)),f(f(f(X1,f(X2,f(X2,X1))),f(X1,X0)),f(f(f(X1,f(X2,f(X2,X1))),f(X1,X0)),f(X0,X2))))),f(f(f(f(X1,f(X2,f(X2,X1))),f(X1,X0)),f(f(f(X1,f(X2,f(X2,X1))),f(X1,X0)),f(X0,X2))),X0))),f(f(X1,f(X2,f(X2,X1))),f(X1,X0))) [superposition 10,7]
[SA] active: 2892. f(f(f(X1,f(X2,f(X2,X1))),f(X3,f(f(X0,X0),f(X0,X3)))),f(f(f(f(X0,X0),f(X0,X1)),f(X1,f(X3,f(f(X0,X0),f(X0,X3))))),X2)) = X1 [forward demodulation 2842,2265]
[SA] active: 38. f(X1,f(f(f(f(X2,f(f(f(f(f(X3,f(X4,f(X4,X3))),f(X3,X0)),f(X0,X4)),f(f(f(X3,f(X4,f(X4,X3))),f(X3,X0)),X5)),f(f(f(f(f(X3,f(X4,f(X4,X3))),f(X3,X0)),f(X0,X4)),f(f(f(X3,f(X4,f(X4,X3))),f(X3,X0)),X5)),X2))),f(X2,X5)),X0),f(f(f(X2,f(f(f(f(f(X3,f(X4,f(X4,X3))),f(X3,X0)),f(X0,X4)),f(f(f(X3,f(X4,f(X4,X3))),f(X3,X0)),X5)),f(f(f(f(f(X3,f(X4,f(X4,X3))),f(X3,X0)),f(X0,X4)),f(f(f(X3,f(X4,f(X4,X3))),f(X3,X0)),X5)),X2))),f(X2,X5)),X1))) = X5 [superposition 7,7]
[SA] active: 2900. f(f(f(X1,f(X2,f(X2,X1))),f(X3,f(f(X0,X0),f(X0,X3)))),f(f(f(f(X0,X0),f(X0,X1)),f(X4,f(X4,f(f(X0,X0),f(X0,X1))))),X2)) = X4 [forward demodulation 2829,2265]
[SA] active: 45. f(X1,f(f(f(f(f(f(f(X2,f(X3,f(X3,X2))),f(X2,X0)),f(f(f(X2,f(X3,f(X3,X2))),f(X2,X0)),f(X0,X3))),X0),f(f(f(f(X2,f(X3,f(X3,X2))),f(X2,X0)),f(f(f(X2,f(X3,f(X3,X2))),f(X2,X0)),f(X0,X3))),X4)),f(X4,f(f(f(X2,f(X3,f(X3,X2))),f(X2,X0)),f(X0,X3)))),f(f(f(f(f(f(X2,f(X3,f(X3,X2))),f(X2,X0)),f(f(f(X2,f(X3,f(X3,X2))),f(X2,X0)),f(X0,X3))),X0),f(f(f(f(X2,f(X3,f(X3,X2))),f(X2,X0)),f(f(f(X2,f(X3,f(X3,X2))),f(X2,X0)),f(X0,X3))),X4)),X1))) = X4 [superposition 7,7]
[SA] active: 2906. f(f(f(X1,f(X2,f(X2,X1))),f(X1,f(f(X0,X0),f(X0,X4)))),f(f(f(f(X0,X0),f(X0,X4)),f(X4,f(X3,f(f(X0,X0),f(X0,X3))))),X2)) = X4 [forward demodulation 2820,2265]
[SA] active: 77. f(f(f(X0,f(X0,f(X1,f(X1,X0)))),f(f(X0,f(X0,f(X1,f(X1,X0)))),X1)),f(X0,f(X1,f(X1,X0)))) = f(X2,f(f(f(f(f(X0,f(X0,f(X1,f(X1,X0)))),f(f(X0,f(X0,f(X1,f(X1,X0)))),X1)),f(f(f(X0,f(X0,f(X1,f(X1,X0)))),f(f(X0,f(X0,f(X1,f(X1,X0)))),X1)),f(X0,f(X1,f(X1,X0))))),f(f(X0,f(X0,f(X1,f(X1,X0)))),X1)),f(f(f(f(X0,f(X0,f(X1,f(X1,X0)))),f(f(X0,f(X0,f(X1,f(X1,X0)))),X1)),f(f(f(X0,f(X0,f(X1,f(X1,X0)))),f(f(X0,f(X0,f(X1,f(X1,X0)))),X1)),f(X0,f(X1,f(X1,X0))))),X2))) [superposition 8,8]
[SA] active: 2917. f(f(f(f(f(X0,X0),f(X0,X2)),f(X2,f(X1,f(f(X0,X0),f(X0,X1))))),f(f(f(X0,X0),f(X0,X2)),X3)),f(f(X3,f(X4,f(X4,X3))),X2)) = X4 [forward demodulation 2805,2265]
[SA] active: 73. f(f(f(f(X0,f(X0,f(X1,f(X1,X0)))),X1),f(f(X0,f(X0,f(X1,f(X1,X0)))),X2)),f(X2,f(X0,f(X1,f(X1,X0))))) = f(X3,f(f(f(f(f(f(X0,f(X0,f(X1,f(X1,X0)))),X1),f(f(X0,f(X0,f(X1,f(X1,X0)))),X2)),f(f(f(f(X0,f(X0,f(X1,f(X1,X0)))),X1),f(f(X0,f(X0,f(X1,f(X1,X0)))),X2)),f(X2,f(X0,f(X1,f(X1,X0)))))),X2),f(f(f(f(f(X0,f(X0,f(X1,f(X1,X0)))),X1),f(f(X0,f(X0,f(X1,f(X1,X0)))),X2)),f(f(f(f(X0,f(X0,f(X1,f(X1,X0)))),X1),f(f(X0,f(X0,f(X1,f(X1,X0)))),X2)),f(X2,f(X0,f(X1,f(X1,X0)))))),X3))) [superposition 8,8]
[SA] active: 4094. f(f(f(f(X2,f(f(f(X1,X1),f(X1,f(X3,X3))),f(f(f(X1,X1),f(X1,f(X3,X3))),X2))),f(X2,X3)),f(X0,f(f(X1,X1),f(X1,X0)))),X3) = X3 [superposition 2761,2239]
[SA] active: 76. f(f(f(f(X1,f(X2,f(X2,X1))),f(X1,X0)),f(f(f(X1,f(X2,f(X2,X1))),f(X1,X0)),f(X0,X2))),X0) = f(X3,f(f(f(f(f(f(X1,f(X2,f(X2,X1))),f(X1,X0)),f(f(f(X1,f(X2,f(X2,X1))),f(X1,X0)),f(X0,X2))),f(f(f(f(X1,f(X2,f(X2,X1))),f(X1,X0)),f(f(f(X1,f(X2,f(X2,X1))),f(X1,X0)),f(X0,X2))),X0)),f(f(f(X1,f(X2,f(X2,X1))),f(X1,X0)),f(X0,X2))),f(f(f(f(f(X1,f(X2,f(X2,X1))),f(X1,X0)),f(f(f(X1,f(X2,f(X2,X1))),f(X1,X0)),f(X0,X2))),f(f(f(f(X1,f(X2,f(X2,X1))),f(X1,X0)),f(f(f(X1,f(X2,f(X2,X1))),f(X1,X0)),f(X0,X2))),X0)),X3))) [superposition 8,7]
[SA] active: 4113. f(f(f(f(X1,f(f(f(X2,f(X0,f(X0,X2))),f(X2,f(X3,X3))),f(f(f(X2,f(X0,f(X0,X2))),f(X2,f(X3,X3))),X1))),f(X1,X3)),X0),X3) = X3 [superposition 2761,5]
[SA] active: 72. f(f(f(f(f(X1,f(X2,f(X2,X1))),f(X1,X0)),f(X0,X2)),f(f(f(X1,f(X2,f(X2,X1))),f(X1,X0)),X3)),f(X3,X0)) = f(X4,f(f(f(f(f(f(f(X1,f(X2,f(X2,X1))),f(X1,X0)),f(X0,X2)),f(f(f(X1,f(X2,f(X2,X1))),f(X1,X0)),X3)),f(f(f(f(f(X1,f(X2,f(X2,X1))),f(X1,X0)),f(X0,X2)),f(f(f(X1,f(X2,f(X2,X1))),f(X1,X0)),X3)),f(X3,X0))),X3),f(f(f(f(f(f(X1,f(X2,f(X2,X1))),f(X1,X0)),f(X0,X2)),f(f(f(X1,f(X2,f(X2,X1))),f(X1,X0)),X3)),f(f(f(f(f(X1,f(X2,f(X2,X1))),f(X1,X0)),f(X0,X2)),f(f(f(X1,f(X2,f(X2,X1))),f(X1,X0)),X3)),f(X3,X0))),X4))) [superposition 8,7]
[SA] active: 4233. f(f(f(X0,X0),X3),f(f(f(f(X4,f(X3,f(X3,X4))),f(X4,X0)),f(X0,X3)),f(f(f(X1,f(X2,f(X2,X1))),f(X1,X0)),f(f(X0,X0),X2)))) = X0 [forward demodulation 4169,2761]
[SA] active: 31243. f(f(X0,f(X3,f(X3,X0))),X5) = f(f(f(f(X1,f(X2,f(X2,X1))),f(X1,X3)),f(X3,X2)),f(f(f(X1,f(X2,f(X2,X1))),f(X1,X3)),f(f(X4,f(X5,f(X5,X4))),f(X4,X0)))) [forward demodulation 30485,28561]
[SA] active: 105748. f(f(X1,f(X2,f(X2,X1))),X0) = f(f(f(f(X3,f(f(X2,X1),f(f(X2,X1),X3))),f(X3,X2)),f(X2,f(X2,X1))),X0) [superposition 31243,9]
[SA] active: 121. f(f(f(X1,f(X2,f(X2,X1))),f(X3,f(X0,f(X0,X3)))),f(f(f(f(f(X3,f(X3,f(X0,f(X0,X3)))),X0),f(f(X3,f(X3,f(X0,f(X0,X3)))),X1)),f(X1,f(X3,f(X0,f(X0,X3))))),X2)) = X1 [superposition 52,5]
[SA] active: 107624. f(X3,f(f(X0,f(X1,f(X1,X0))),f(f(f(X2,f(f(X1,X0),f(f(X1,X0),X2))),f(X2,X1)),X3))) = X1 [superposition 7,105748]
[SA] active: 35664. f(f(f(X1,f(X1,f(X2,f(X2,X1)))),X2),f(f(X1,f(X1,f(X2,f(X2,X1)))),f(f(X3,f(X4,f(X4,X3))),f(X3,X0)))) = f(f(X0,f(f(X1,f(X2,f(X2,X1))),f(f(X1,f(X2,f(X2,X1))),X0))),X4) [forward demodulation 34791,28561]
[SA] active: 109786. f(f(f(f(X3,f(X0,f(X0,X3))),f(X3,f(X1,f(f(X0,X0),f(X0,X1))))),X0),X2) = f(f(X0,X0),X2) [forward demodulation 107365,2265]
[SA] active: 133. f(f(f(X1,f(X2,f(X2,X1))),f(f(X3,f(X0,f(X0,X3))),f(X3,X1))),f(f(f(f(X4,f(f(f(X3,f(X0,f(X0,X3))),f(X3,X1)),f(f(f(X3,f(X0,f(X0,X3))),f(X3,X1)),X4))),f(X4,X1)),X0),X2)) = X1 [superposition 52,5]
[SA] active: 118298. f(X0,X0) = f(f(f(X4,f(X0,f(X0,X4))),f(X4,f(X5,f(f(X0,X0),f(X0,X5))))),X0) [forward demodulation 117258,97]
[SA] active: 283. f(f(f(f(f(X1,f(f(X2,X3),f(f(X2,X3),X1))),f(X1,X2)),f(X4,f(X4,f(f(X1,f(f(X2,X3),f(f(X2,X3),X1))),f(X1,X2))))),X0),f(f(f(f(X2,f(X0,f(X0,X2))),f(X2,X3)),f(X3,X0)),X4)) = X3 [superposition 17,9]
[SA] active: 121501. f(f(X1,f(X0,f(X0,X1))),f(X1,f(X2,f(f(X0,X0),f(X0,X2))))) = X0 [forward demodulation 120973,2798]
[SA] active: 465. f(f(X4,f(f(X3,X1),f(f(X3,X1),X4))),f(X4,X3)) = f(f(f(X1,f(X2,f(X2,X1))),X0),f(f(f(f(X3,f(X0,f(X0,X3))),f(X3,X1)),f(f(f(X4,f(f(X3,X1),f(f(X3,X1),X4))),f(X4,X3)),X0)),X2)) [superposition 22,9]
[SA] active: 127041. f(f(X1,f(f(X2,X3),f(f(X2,X3),X1))),f(X1,X2)) = X3 [forward demodulation 126343,133]
[SA] active: 139. f(f(f(X1,f(f(f(X2,f(X0,f(X0,X2))),f(X2,f(f(f(X3,f(X4,f(X4,X3))),f(X3,X1)),f(X1,X4)))),f(f(f(X2,f(X0,f(X0,X2))),f(X2,f(f(f(X3,f(X4,f(X4,X3))),f(X3,X1)),f(X1,X4)))),X1))),X4),X0) = X1 [superposition 52,5]
[SA] active: 127403. f(f(X1,f(X0,f(X0,X1))),f(X1,X2)) = f(f(X3,f(X0,f(X0,X3))),f(X3,X2)) [superposition 127041,5]
[SA] active: 147. f(f(X0,f(X4,f(X4,X0))),X3) = f(X1,f(f(f(f(f(f(X2,f(X3,f(X3,X2))),f(X2,X0)),f(X0,X3)),X4),f(f(f(X0,f(X4,f(X4,X0))),X3),X0)),f(f(f(f(f(X2,f(X3,f(X3,X2))),f(X2,X0)),f(X0,X3)),X4),X1))) [superposition 5,52]
[SA] active: 127323. f(X2,X3) = f(f(X1,f(X0,f(X0,X1))),f(X1,f(X2,f(f(X3,X0),f(f(X3,X0),X2))))) [superposition 127041,127041]
[SA] active: 107. f(X1,f(X1,f(X0,f(X0,X1)))) = f(f(f(f(X1,f(X1,f(X0,f(X0,X1)))),X0),X2),f(f(f(f(X3,f(X2,f(X2,X3))),f(X3,f(X1,f(X1,f(X0,f(X0,X1)))))),f(f(X1,f(X1,f(X0,f(X0,X1)))),X2)),f(X1,f(X0,f(X0,X1))))) [superposition 52,5]
[SA] active: 138105. f(f(X0,f(X0,X0)),X0) = f(f(f(X0,X0),f(X0,f(X0,f(X0,X0)))),X0) [forward demodulation 137146,127963]
[SA] active: 101. f(f(X1,f(X0,f(X0,X1))),f(X1,X2)) = f(f(f(f(f(X1,f(X0,f(X0,X1))),f(X1,X2)),f(X2,X0)),X3),f(f(f(f(X4,f(X3,f(X3,X4))),f(X4,f(f(X1,f(X0,f(X0,X1))),f(X1,X2)))),f(f(f(X1,f(X0,f(X0,X1))),f(X1,X2)),X3)),X2)) [superposition 52,5]
[SA] active: 140285. f(X1,f(f(X0,X0),f(X0,f(X0,f(X0,X0))))) = f(X1,f(X0,f(X0,X0))) [forward demodulation 140187,127323]
[SA] active: 106. f(f(f(X1,f(f(X2,f(f(X2,f(X1,f(X1,X2))),f(X0,f(X0,f(X2,f(X1,f(X1,X2))))))),X0)),X3),f(f(f(f(X4,f(X3,f(X3,X4))),f(X4,X1)),f(X1,X3)),f(X2,f(f(X2,f(X1,f(X1,X2))),f(X0,f(X0,f(X2,f(X1,f(X1,X2))))))))) = X1 [superposition 52,10]
[SA] active: 142516. f(f(f(X0,f(X0,X0)),f(X0,f(X0,X0))),X0) = X0 [superposition 2265,140285]
[SA] active: 124. f(f(X1,f(X0,f(X0,X1))),f(X1,X2)) = f(f(f(f(f(X1,f(X0,f(X0,X1))),f(X1,X2)),f(X3,f(X3,f(f(X1,f(X0,f(X0,X1))),f(X1,X2))))),X4),f(f(f(f(X2,f(X4,f(X4,X2))),X0),f(f(f(X1,f(X0,f(X0,X1))),f(X1,X2)),X4)),X3)) [superposition 52,5]
[SA] active: 144279. f(X1,f(X1,X1)) = f(f(X1,X1),f(X1,f(X1,f(X1,X1)))) [forward demodulation 143276,127041]
[SA] active: 129. f(f(f(X1,f(X2,f(X2,X1))),X3),f(f(f(f(f(X4,f(f(X4,f(X1,f(X1,X4))),f(X0,f(X0,f(X4,f(X1,f(X1,X4))))))),f(X3,f(X3,f(X4,f(f(X4,f(X1,f(X1,X4))),f(X0,f(X0,f(X4,f(X1,f(X1,X4)))))))))),X0),f(X1,X3)),X2)) = X1 [superposition 52,10]
[SA] active: 150592. f(X1,f(f(X0,f(X0,X0)),f(f(X0,X0),X1))) = X0 [superposition 5,144279]
[SA] active: 223. f(f(f(f(X1,f(X1,f(X2,f(X2,X1)))),X2),X0),f(f(f(f(X3,f(X0,f(X0,X3))),f(X3,f(X1,f(X1,f(X2,f(X2,X1)))))),f(X4,f(X4,f(f(X3,f(X0,f(X0,X3))),f(X3,f(X1,f(X1,f(X2,f(X2,X1))))))))),f(X1,f(X2,f(X2,X1))))) = X4 [superposition 13,5]
[SA] active: 154693. f(f(f(X0,X0),f(X0,X0)),X0) = X0 [superposition 2920,150592]
[SA] active: 1194. f(f(X1,f(X2,f(X2,X1))),f(X1,X3)) = f(f(f(f(f(X4,f(X2,f(X2,X4))),f(X4,X3)),f(X0,f(X0,f(f(X4,f(X2,f(X2,X4))),f(X4,X3))))),X5),f(f(f(f(X3,f(X5,f(X5,X3))),X2),f(f(f(X1,f(X2,f(X2,X1))),f(X1,X3)),X5)),X0)) [superposition 23,22]
[SA] active: 157704. f(X0,X0) = f(f(X0,X0),f(X0,f(X0,X0))) [forward demodulation 156811,154693]
[SA] active: 111. f(X0,f(f(f(f(X4,f(f(f(X3,f(X0,f(X0,X3))),f(X3,f(X1,f(X2,f(X2,X1))))),f(f(f(X3,f(X0,f(X0,X3))),f(X3,f(X1,f(X2,f(X2,X1))))),X4))),f(X4,X1)),f(X1,f(f(X3,f(X0,f(X0,X3))),f(X3,f(X1,f(X2,f(X2,X1))))))),X2)) = X1 [superposition 52,5]
[SA] active: 161975. f(f(X0,f(X2,f(f(X0,X0),f(X0,X2)))),X0) = X0 [forward demodulation 161192,127041]
[SA] active: 153. f(f(f(f(f(f(f(X1,f(X2,f(X2,X1))),f(X1,X0)),f(X0,X2)),X3),f(f(f(X0,f(X3,f(X3,X0))),X2),X0)),f(f(f(f(f(X1,f(X2,f(X2,X1))),f(X1,X0)),f(X0,X2)),X3),X4)),f(f(X4,f(X5,f(X5,X4))),f(f(X0,f(X3,f(X3,X0))),X2))) = X5 [superposition 9,52]
[SA] active: 157700. f(X1,f(f(X0,X0),f(X0,X1))) = f(f(X0,X0),f(X0,X0)) [forward demodulation 156817,157241]
[SA] active: 154. f(f(f(f(f(X0,f(X1,f(X1,X0))),X2),f(X3,f(X3,f(f(X0,f(X1,f(X1,X0))),X2)))),X0),f(f(f(f(f(f(X4,f(X2,f(X2,X4))),f(X4,X0)),f(X0,X2)),X1),f(X5,f(X5,f(f(f(f(X4,f(X2,f(X2,X4))),f(X4,X0)),f(X0,X2)),X1)))),X3)) = X5 [superposition 9,52]
[SA] active: 161296. f(f(X0,f(X0,X0)),f(f(X0,f(X0,X0)),f(X0,X0))) = X0 [superposition 150592,157704]
[SA] active: 155. f(f(X0,f(X5,f(X5,X0))),X4) = f(f(f(X1,f(X2,f(X2,X1))),f(X1,f(f(f(f(X3,f(X4,f(X4,X3))),f(X3,X0)),f(X0,X4)),X5))),f(f(f(f(f(f(X3,f(X4,f(X4,X3))),f(X3,X0)),f(X0,X4)),X5),f(f(f(X0,f(X5,f(X5,X0))),X4),X0)),X2)) [superposition 9,52]
[SA] active: 174111. f(X0,X0) = f(f(f(X0,X0),X0),f(f(X0,X0),X0)) [superposition 127041,161296]
[SA] active: 185. f(f(f(f(f(X1,f(X2,f(X2,X1))),f(X1,X3)),f(X3,X2)),X0),f(f(f(f(X4,f(X0,f(X0,X4))),f(X4,f(f(X1,f(X2,f(X2,X1))),f(X1,X3)))),f(X5,f(X5,f(f(X4,f(X0,f(X0,X4))),f(X4,f(f(X1,f(X2,f(X2,X1))),f(X1,X3))))))),X3)) = X5 [superposition 11,5]
[SA] active: 179123. f(f(X0,X0),X0) = X0 [forward demodulation 179121,175214]
[SA] active: 380. f(X1,f(X2,f(X2,X1))) = f(f(f(X3,f(f(f(X4,f(X0,f(X0,X4))),f(X4,f(f(X1,f(X1,f(X2,f(X2,X1)))),X2))),f(f(f(X4,f(X0,f(X0,X4))),f(X4,f(f(X1,f(X1,f(X2,f(X2,X1)))),X2))),X3))),f(X3,f(X1,f(X1,f(X2,f(X2,X1)))))),X0) [superposition 19,5]
[SA] active: 184786. X2 = X6 [forward demodulation 184739,183372]
% Refutation found. Thanks to Tanya!
% SZS status Unsatisfiable for p
% SZS output start Proof for p
1. ! [X0,X1,X2] : X0 = f(X1,f(f(X2,f(X0,f(X0,X2))),f(X2,X1))) [input(axiom)]
2. ? [X0,X1] : X0 != X1 [input(axiom)]
3. ? [X0,X1] : X0 != X1 => sK0 != sK1 [skolem symbol introduction]
4. sK0 != sK1 [skolemisation 2,3]
5. f(X1,f(f(X2,f(X0,f(X0,X2))),f(X2,X1))) = X0 [cnf transformation 1]
6. sK0 != sK1 [cnf transformation 4]
7. f(X1,f(f(f(f(X2,f(X0,f(X0,X2))),f(X2,X3)),f(X3,X0)),f(f(f(X2,f(X0,f(X0,X2))),f(X2,X3)),X1))) = X3 [superposition 5,5]
8. f(X2,f(X0,f(X0,X2))) = f(X1,f(f(f(X2,f(X2,f(X0,f(X0,X2)))),X0),f(f(X2,f(X2,f(X0,f(X0,X2)))),X1))) [superposition 5,5]
9. f(f(f(X1,f(X0,f(X0,X1))),f(X1,X2)),f(f(X2,f(X3,f(X3,X2))),X0)) = X3 [superposition 5,5]
10. f(f(X1,f(f(X1,f(X0,f(X0,X1))),f(X2,f(X2,f(X1,f(X0,f(X0,X1))))))),X0) = X2 [superposition 5,5]
19. f(X3,f(X0,f(X0,X3))) = f(f(f(X1,f(X2,f(X2,X1))),f(X1,f(X3,f(X3,f(X0,f(X0,X3)))))),f(f(f(X3,f(X3,f(X0,f(X0,X3)))),X0),X2)) [superposition 9,5]
22. f(f(f(X1,f(X0,f(X0,X1))),X2),f(f(f(f(X3,f(X2,f(X2,X3))),f(X3,X1)),f(X4,f(X4,f(f(X3,f(X2,f(X2,X3))),f(X3,X1))))),X0)) = X4 [superposition 5,9]
23. f(f(X4,f(X3,f(X3,X4))),f(X4,X2)) = f(X1,f(f(f(f(X2,f(X0,f(X0,X2))),X3),f(f(f(X4,f(X3,f(X3,X4))),f(X4,X2)),X0)),f(f(f(X2,f(X0,f(X0,X2))),X3),X1))) [superposition 5,9]
24. f(f(f(f(X1,f(X0,f(X0,X1))),f(X1,X2)),f(f(f(f(X1,f(X0,f(X0,X1))),f(X1,X2)),f(X2,X0)),f(X3,f(X3,f(f(f(X1,f(X0,f(X0,X1))),f(X1,X2)),f(X2,X0)))))),X2) = X3 [superposition 10,5]
35. f(X3,f(f(X3,f(X2,f(X2,X3))),f(X0,f(X0,f(X3,f(X2,f(X2,X3))))))) = f(X1,f(f(X2,f(f(X3,f(f(X3,f(X2,f(X2,X3))),f(X0,f(X0,f(X3,f(X2,f(X2,X3))))))),X0)),f(X2,X1))) [superposition 5,10]
47. f(f(X4,f(X0,f(X0,X4))),X3) = f(X1,f(f(f(f(f(f(X2,f(X3,f(X3,X2))),f(X2,X4)),f(X5,f(X5,f(f(X2,f(X3,f(X3,X2))),f(X2,X4))))),X0),f(f(f(X4,f(X0,f(X0,X4))),X3),X5)),f(f(f(f(f(X2,f(X3,f(X3,X2))),f(X2,X4)),f(X5,f(X5,f(f(X2,f(X3,f(X3,X2))),f(X2,X4))))),X0),X1))) [superposition 7,9]
48. f(f(f(f(X4,f(X5,f(X5,X4))),f(X4,X0)),f(X0,X5)),f(f(f(X4,f(X5,f(X5,X4))),f(X4,X0)),X2)) = f(X1,f(f(f(f(X2,f(X3,f(X3,X2))),X0),f(f(f(f(f(X4,f(X5,f(X5,X4))),f(X4,X0)),f(X0,X5)),f(f(f(X4,f(X5,f(X5,X4))),f(X4,X0)),X2)),X3)),f(f(f(X2,f(X3,f(X3,X2))),X0),X1))) [superposition 7,7]
52. f(f(f(X1,f(X0,f(X0,X1))),X2),f(f(f(f(X3,f(X2,f(X2,X3))),f(X3,X1)),f(X1,X2)),X0)) = X1 [superposition 7,9]
54. f(f(f(f(f(X1,f(X2,f(X2,X1))),f(X1,X0)),f(X0,X2)),f(f(f(X1,f(X2,f(X2,X1))),f(X1,X0)),f(f(X3,f(X4,f(X4,X3))),f(X3,X5)))),f(f(f(f(X3,f(X4,f(X4,X3))),f(X3,X5)),f(X5,X4)),X0)) = X5 [superposition 7,7]
67. f(X0,f(f(f(f(f(X1,f(X2,f(X2,X1))),f(X1,X0)),f(f(f(f(X1,f(X2,f(X2,X1))),f(X1,X0)),f(X0,X2)),f(X3,f(X3,f(f(f(X1,f(X2,f(X2,X1))),f(X1,X0)),f(X0,X2)))))),f(X4,f(X4,f(f(f(X1,f(X2,f(X2,X1))),f(X1,X0)),f(f(f(f(X1,f(X2,f(X2,X1))),f(X1,X0)),f(X0,X2)),f(X3,f(X3,f(f(f(X1,f(X2,f(X2,X1))),f(X1,X0)),f(X0,X2))))))))),X3)) = X4 [superposition 9,7]
97. f(f(X0,f(X1,f(X1,X0))),f(f(f(f(X0,f(X0,f(X1,f(X1,X0)))),f(f(f(X0,f(X0,f(X1,f(X1,X0)))),X1),f(X2,f(X2,f(f(X0,f(X0,f(X1,f(X1,X0)))),X1))))),f(X3,f(X3,f(f(X0,f(X0,f(X1,f(X1,X0)))),f(f(f(X0,f(X0,f(X1,f(X1,X0)))),X1),f(X2,f(X2,f(f(X0,f(X0,f(X1,f(X1,X0)))),X1)))))))),X2)) = X3 [superposition 9,8]
133. f(f(f(X1,f(X2,f(X2,X1))),f(f(X3,f(X0,f(X0,X3))),f(X3,X1))),f(f(f(f(X4,f(f(f(X3,f(X0,f(X0,X3))),f(X3,X1)),f(f(f(X3,f(X0,f(X0,X3))),f(X3,X1)),X4))),f(X4,X1)),X0),X2)) = X1 [superposition 52,5]
139. f(f(f(X1,f(f(f(X2,f(X0,f(X0,X2))),f(X2,f(f(f(X3,f(X4,f(X4,X3))),f(X3,X1)),f(X1,X4)))),f(f(f(X2,f(X0,f(X0,X2))),f(X2,f(f(f(X3,f(X4,f(X4,X3))),f(X3,X1)),f(X1,X4)))),X1))),X4),X0) = X1 [superposition 52,5]
380. f(X1,f(X2,f(X2,X1))) = f(f(f(X3,f(f(f(X4,f(X0,f(X0,X4))),f(X4,f(f(X1,f(X1,f(X2,f(X2,X1)))),X2))),f(f(f(X4,f(X0,f(X0,X4))),f(X4,f(f(X1,f(X1,f(X2,f(X2,X1)))),X2))),X3))),f(X3,f(X1,f(X1,f(X2,f(X2,X1)))))),X0) [superposition 19,5]
465. f(f(X4,f(f(X3,X1),f(f(X3,X1),X4))),f(X4,X3)) = f(f(f(X1,f(X2,f(X2,X1))),X0),f(f(f(f(X3,f(X0,f(X0,X3))),f(X3,X1)),f(f(f(X4,f(f(X3,X1),f(f(X3,X1),X4))),f(X4,X3)),X0)),X2)) [superposition 22,9]
1815. f(X1,f(f(X1,f(X0,f(X0,X1))),f(X0,f(X0,f(X1,f(X0,f(X0,X1))))))) = f(X2,f(f(X0,X0),f(X0,X2))) [superposition 35,10]
2239. f(X0,f(f(X1,X1),f(X1,X0))) = f(X3,f(f(X1,X1),f(X1,X3))) [superposition 1815,1815]
2265. f(f(X0,f(f(X1,X1),f(X1,X0))),X1) = X1 [superposition 10,1815]
2368. f(f(f(X1,X1),f(X1,X2)),f(f(X2,f(X3,f(X3,X2))),f(X0,f(f(X0,f(X1,f(X1,X0))),f(X1,f(X1,f(X0,f(X1,f(X1,X0))))))))) = X3 [superposition 5,1815]
2797. f(X1,f(f(f(f(X0,f(f(X2,f(f(X0,X0),f(X0,X2))),X0)),f(X0,X3)),f(X3,f(X2,f(f(X0,X0),f(X0,X2))))),f(f(f(X0,f(f(X2,f(f(X0,X0),f(X0,X2))),X0)),f(X0,X3)),X1))) = X3 [superposition 7,2265]
2798. f(X1,f(f(f(f(f(X2,f(f(X0,X0),f(X0,X2))),f(X3,f(X3,f(X2,f(f(X0,X0),f(X0,X2)))))),X0),f(X0,X3)),f(f(f(f(X2,f(f(X0,X0),f(X0,X2))),f(X3,f(X3,f(X2,f(f(X0,X0),f(X0,X2)))))),X0),X1))) = X0 [superposition 7,2265]
2801. f(f(f(X0,f(f(X1,f(f(X0,X0),f(X0,X1))),X0)),f(X0,X2)),f(f(X2,f(X3,f(X3,X2))),f(X1,f(f(X0,X0),f(X0,X1))))) = X3 [superposition 9,2265]
2803. f(X3,f(f(X0,X0),f(X0,X3))) = f(f(f(X1,f(X2,f(X2,X1))),f(X1,X0)),f(f(X0,f(f(X3,f(f(X0,X0),f(X0,X3))),X0)),X2)) [superposition 9,2265]
2804. f(f(X0,f(f(X0,f(f(X1,f(f(X0,X0),f(X0,X1))),X0)),f(X2,f(X2,f(X0,f(f(X1,f(f(X0,X0),f(X0,X1))),X0)))))),f(X1,f(f(X0,X0),f(X0,X1)))) = X2 [superposition 10,2265]
2918. f(f(X0,f(f(X0,X0),f(X2,f(X2,f(X0,X0))))),f(X1,f(f(X0,X0),f(X0,X1)))) = X2 [forward demodulation 2804,2265]
2919. f(X3,f(f(X0,X0),f(X0,X3))) = f(f(f(X1,f(X2,f(X2,X1))),f(X1,X0)),f(f(X0,X0),X2)) [forward demodulation 2803,2265]
2920. f(f(f(X0,X0),f(X0,X2)),f(f(X2,f(X3,f(X3,X2))),f(X1,f(f(X0,X0),f(X0,X1))))) = X3 [forward demodulation 2801,2265]
2922. f(X1,f(f(f(f(X0,X0),f(X0,X3)),f(X3,f(X2,f(f(X0,X0),f(X0,X2))))),f(f(f(X0,X0),f(X0,X3)),X1))) = X3 [forward demodulation 2797,2265]
3305. f(X2,f(f(f(X1,X1),f(X1,X1)),f(f(X1,X1),X2))) = f(f(X1,f(f(X1,X1),f(X1,X1))),f(X0,f(f(X1,X1),f(X1,X0)))) [superposition 2239,2239]
3618. f(f(f(f(X1,X1),f(X1,X2)),f(f(X2,X2),f(X0,f(f(X1,X1),f(X1,X0))))),X2) = X2 [superposition 2265,2239]
3619. f(X1,X1) = f(f(f(X1,f(f(X1,X1),f(X1,X1))),f(X0,f(f(X1,X1),f(X1,X0)))),f(X1,X1)) [superposition 2265,2239]
5056. f(f(f(X3,X3),f(X3,X0)),f(f(X0,X0),f(X4,f(f(X3,X3),f(X3,X4))))) = f(f(f(X1,f(X2,f(X2,X1))),f(X1,X0)),f(f(X0,f(f(f(f(X3,X3),f(X3,X0)),f(f(X0,X0),f(X4,f(f(X3,X3),f(X3,X4))))),X0)),X2)) [superposition 9,3618]
5207. f(f(f(X1,f(X2,f(X2,X1))),f(X1,X0)),f(f(X0,X0),X2)) = f(f(f(X3,X3),f(X3,X0)),f(f(X0,X0),f(X4,f(f(X3,X3),f(X3,X4))))) [forward demodulation 5056,3618]
6996. f(X1,X1) = f(f(f(X0,f(f(X1,X1),f(X1,X0))),f(X2,f(f(X1,X1),f(X1,X2)))),f(X1,X1)) [superposition 3619,2239]
7718. f(f(X2,f(f(X0,X0),f(X0,X2))),f(X3,f(f(X0,X0),f(X0,X3)))) = f(X1,f(f(f(X0,X0),f(f(f(X2,f(f(X0,X0),f(X0,X2))),f(X3,f(f(X0,X0),f(X0,X3)))),f(X0,X0))),f(f(X0,X0),X1))) [superposition 5,6996]
7885. f(X1,f(f(f(X0,X0),f(X0,X0)),f(f(X0,X0),X1))) = f(f(X2,f(f(X0,X0),f(X0,X2))),f(X3,f(f(X0,X0),f(X0,X3)))) [forward demodulation 7718,6996]
28561. f(f(X0,f(X1,f(X1,X0))),X2) = f(X3,f(f(f(f(f(f(X4,f(X2,f(X2,X4))),f(X4,X0)),f(f(f(f(f(X5,f(X2,f(X2,X5))),f(X5,X0)),f(X0,X2)),X1),f(f(f(f(f(X5,f(X2,f(X2,X5))),f(X5,X0)),f(X0,X2)),X1),f(f(X4,f(X2,f(X2,X4))),f(X4,X0))))),X1),X0),f(f(f(f(f(X4,f(X2,f(X2,X4))),f(X4,X0)),f(f(f(f(f(X5,f(X2,f(X2,X5))),f(X5,X0)),f(X0,X2)),X1),f(f(f(f(f(X5,f(X2,f(X2,X5))),f(X5,X0)),f(X0,X2)),X1),f(f(X4,f(X2,f(X2,X4))),f(X4,X0))))),X1),X3))) [superposition 47,52]
30485. f(f(f(f(X1,f(X2,f(X2,X1))),f(X1,X3)),f(X3,X2)),f(f(f(X1,f(X2,f(X2,X1))),f(X1,X3)),f(f(X4,f(X5,f(X5,X4))),f(X4,X0)))) = f(X6,f(f(f(f(f(f(X4,f(X5,f(X5,X4))),f(X4,X0)),f(f(f(f(f(X4,f(X5,f(X5,X4))),f(X4,X0)),f(X0,X5)),X3),f(f(f(f(f(X4,f(X5,f(X5,X4))),f(X4,X0)),f(X0,X5)),X3),f(f(X4,f(X5,f(X5,X4))),f(X4,X0))))),X3),X0),f(f(f(f(f(X4,f(X5,f(X5,X4))),f(X4,X0)),f(f(f(f(f(X4,f(X5,f(X5,X4))),f(X4,X0)),f(X0,X5)),X3),f(f(f(f(f(X4,f(X5,f(X5,X4))),f(X4,X0)),f(X0,X5)),X3),f(f(X4,f(X5,f(X5,X4))),f(X4,X0))))),X3),X6))) [superposition 48,54]
31243. f(f(X0,f(X3,f(X3,X0))),X5) = f(f(f(f(X1,f(X2,f(X2,X1))),f(X1,X3)),f(X3,X2)),f(f(f(X1,f(X2,f(X2,X1))),f(X1,X3)),f(f(X4,f(X5,f(X5,X4))),f(X4,X0)))) [forward demodulation 30485,28561]
105748. f(f(X1,f(X2,f(X2,X1))),X0) = f(f(f(f(X3,f(f(X2,X1),f(f(X2,X1),X3))),f(X3,X2)),f(X2,f(X2,X1))),X0) [superposition 31243,9]
107365. f(f(X0,f(f(X1,f(f(X0,X0),f(X0,X1))),X0)),X2) = f(f(f(f(X3,f(X0,f(X0,X3))),f(X3,f(X1,f(f(X0,X0),f(X0,X1))))),f(f(X1,f(f(X0,X0),f(X0,X1))),X0)),X2) [superposition 105748,2265]
107624. f(X3,f(f(X0,f(X1,f(X1,X0))),f(f(f(X2,f(f(X1,X0),f(f(X1,X0),X2))),f(X2,X1)),X3))) = X1 [superposition 7,105748]
109786. f(f(f(f(X3,f(X0,f(X0,X3))),f(X3,f(X1,f(f(X0,X0),f(X0,X1))))),X0),X2) = f(f(X0,X0),X2) [forward demodulation 107365,2265]
117045. f(f(f(X4,f(X0,f(X0,X4))),f(X4,f(X5,f(f(X0,X0),f(X0,X5))))),X0) = f(f(X1,f(X2,f(X2,X1))),f(f(f(f(X1,f(X1,f(X2,f(X2,X1)))),f(f(f(X1,f(X1,f(X2,f(X2,X1)))),X2),f(X3,f(X3,f(f(X1,f(X1,f(X2,f(X2,X1)))),X2))))),f(f(f(f(X4,f(X0,f(X0,X4))),f(X4,f(X5,f(f(X0,X0),f(X0,X5))))),X0),f(f(X0,X0),f(f(X1,f(X1,f(X2,f(X2,X1)))),f(f(f(X1,f(X1,f(X2,f(X2,X1)))),X2),f(X3,f(X3,f(f(X1,f(X1,f(X2,f(X2,X1)))),X2)))))))),X3)) [superposition 97,109786]
117258. f(f(f(X4,f(X0,f(X0,X4))),f(X4,f(X5,f(f(X0,X0),f(X0,X5))))),X0) = f(f(X1,f(X2,f(X2,X1))),f(f(f(f(X1,f(X1,f(X2,f(X2,X1)))),f(f(f(X1,f(X1,f(X2,f(X2,X1)))),X2),f(X3,f(X3,f(f(X1,f(X1,f(X2,f(X2,X1)))),X2))))),f(f(X0,X0),f(f(X0,X0),f(f(X1,f(X1,f(X2,f(X2,X1)))),f(f(f(X1,f(X1,f(X2,f(X2,X1)))),X2),f(X3,f(X3,f(f(X1,f(X1,f(X2,f(X2,X1)))),X2)))))))),X3)) [forward demodulation 117045,109786]
118298. f(X0,X0) = f(f(f(X4,f(X0,f(X0,X4))),f(X4,f(X5,f(f(X0,X0),f(X0,X5))))),X0) [forward demodulation 117258,97]
120973. f(f(X1,f(X0,f(X0,X1))),f(X1,f(X2,f(f(X0,X0),f(X0,X2))))) = f(X3,f(f(f(f(f(X2,f(f(X0,X0),f(X0,X2))),f(X0,f(X0,f(X2,f(f(X0,X0),f(X0,X2)))))),X0),f(X0,X0)),f(f(f(f(X2,f(f(X0,X0),f(X0,X2))),f(X0,f(X0,f(X2,f(f(X0,X0),f(X0,X2)))))),X0),X3))) [superposition 23,118298]
121501. f(f(X1,f(X0,f(X0,X1))),f(X1,f(X2,f(f(X0,X0),f(X0,X2))))) = X0 [forward demodulation 120973,2798]
126343. f(f(X1,f(f(X2,X3),f(f(X2,X3),X1))),f(X1,X2)) = f(f(f(X3,f(X4,f(X4,X3))),f(f(X2,f(X0,f(X0,X2))),f(X2,X3))),f(f(f(f(X2,f(f(f(X2,f(X0,f(X0,X2))),f(X2,X3)),f(f(f(X2,f(X0,f(X0,X2))),f(X2,X3)),X2))),f(X2,X3)),X0),X4)) [superposition 465,9]
127041. f(f(X1,f(f(X2,X3),f(f(X2,X3),X1))),f(X1,X2)) = X3 [forward demodulation 126343,133]
127323. f(X2,X3) = f(f(X1,f(X0,f(X0,X1))),f(X1,f(X2,f(f(X3,X0),f(f(X3,X0),X2))))) [superposition 127041,127041]
127403. f(f(X1,f(X0,f(X0,X1))),f(X1,X2)) = f(f(X3,f(X0,f(X0,X3))),f(X3,X2)) [superposition 127041,5]
127963. f(f(f(X1,X1),f(X1,X2)),X0) = f(f(f(X2,f(X1,f(X1,X2))),f(X1,f(X1,f(X2,f(X1,f(X1,X2)))))),X0) [superposition 2368,127041]
137146. f(f(X0,f(X0,X0)),X0) = f(f(f(f(X0,f(X0,X0)),f(X0,f(X0,f(X0,f(X0,X0))))),f(X0,f(X0,f(f(X0,f(X0,X0)),f(X0,f(X0,f(X0,f(X0,X0)))))))),X0) [superposition 127323,121501]
138105. f(f(X0,f(X0,X0)),X0) = f(f(f(X0,X0),f(X0,f(X0,f(X0,X0)))),X0) [forward demodulation 137146,127963]
140187. f(X1,f(f(X0,X0),f(X0,f(X0,f(X0,X0))))) = f(f(X2,f(X0,f(X0,X2))),f(X2,f(X1,f(f(f(X0,f(X0,X0)),X0),f(f(f(X0,f(X0,X0)),X0),X1))))) [superposition 127323,138105]
140285. f(X1,f(f(X0,X0),f(X0,f(X0,f(X0,X0))))) = f(X1,f(X0,f(X0,X0))) [forward demodulation 140187,127323]
142516. f(f(f(X0,f(X0,X0)),f(X0,f(X0,X0))),X0) = X0 [superposition 2265,140285]
142560. f(X1,f(f(f(X0,X0),f(X0,X0)),f(f(X0,X0),X1))) = f(f(f(X0,f(X0,X0)),f(X0,f(X0,X0))),f(X2,f(f(X0,X0),f(X0,X2)))) [superposition 7885,140285]
143276. f(f(X1,X1),f(X1,f(X1,f(X1,X1)))) = f(f(X2,f(f(X0,f(X1,f(X1,X1))),f(f(X0,f(X1,f(X1,X1))),X2))),f(X2,X0)) [superposition 127041,140285]
143367. f(X1,f(f(f(X0,X0),f(X0,X0)),f(f(X0,X0),X1))) = f(f(X0,f(X0,f(X0,X0))),f(f(f(X0,X0),f(X0,X0)),f(X0,f(X0,X0)))) [superposition 2239,140285]
143722. f(f(X1,f(f(X0,X0),f(X0,X1))),f(X2,f(f(X0,X0),f(X0,X2)))) = f(f(X0,f(X0,f(X0,X0))),f(f(f(X0,X0),f(X0,X0)),f(X0,f(X0,X0)))) [superposition 7885,140285]
144279. f(X1,f(X1,X1)) = f(f(X1,X1),f(X1,f(X1,f(X1,X1)))) [forward demodulation 143276,127041]
144539. f(f(f(X0,f(X0,X0)),f(X0,f(X0,X0))),f(X2,f(f(X0,X0),f(X0,X2)))) = f(f(X0,f(X0,f(X0,X0))),f(f(f(X0,X0),f(X0,X0)),f(X0,f(X0,X0)))) [forward demodulation 142560,143367]
150458. f(f(f(X1,f(X2,f(X2,X1))),f(X1,f(X0,f(X0,X0)))),f(f(f(X0,f(X0,X0)),f(X0,f(X0,X0))),X2)) = f(f(X0,f(X0,X0)),f(f(f(X0,f(X0,X0)),f(X0,f(X0,X0))),f(X3,f(f(X0,X0),f(X0,X3))))) [superposition 5207,144279]
150592. f(X1,f(f(X0,f(X0,X0)),f(f(X0,X0),X1))) = X0 [superposition 5,144279]
150792. f(f(X1,f(X0,f(X0,X1))),f(X1,X2)) = f(f(X0,f(X0,X0)),f(f(X0,X0),X2)) [superposition 127403,144279]
151365. f(f(f(X1,f(X2,f(X2,X1))),f(X1,f(X0,f(X0,X0)))),f(f(f(X0,f(X0,X0)),f(X0,f(X0,X0))),X2)) = f(f(X0,f(X0,X0)),f(f(X0,f(X0,f(X0,X0))),f(f(f(X0,X0),f(X0,X0)),f(X0,f(X0,X0))))) [forward demodulation 150458,144539]
153706. f(f(f(f(X0,X0),f(X0,X0)),f(f(X0,X0),f(X2,X2))),f(f(X2,f(X2,X2)),f(f(X0,f(f(X0,X0),f(X0,X0))),f(X1,f(f(X0,X0),f(X0,X1)))))) = X2 [superposition 150592,3305]
154693. f(f(f(X0,X0),f(X0,X0)),X0) = X0 [superposition 2920,150592]
155000. f(f(f(f(X0,X0),f(X0,X0)),f(f(X0,X0),f(X2,X2))),f(f(X2,f(X2,X2)),f(f(X0,f(X0,f(X0,X0))),f(f(f(X0,X0),f(X0,X0)),f(X0,f(X0,X0)))))) = X2 [forward demodulation 153706,143722]
156788. f(X1,f(f(f(X0,X0),f(X0,X0)),f(f(X0,X0),X1))) = f(f(f(X2,f(X0,f(X0,X2))),f(X2,f(X0,X0))),X0) [superposition 2919,154693]
156811. f(X0,X0) = f(f(X0,f(f(f(X0,X0),f(X0,X0)),X0)),f(X0,f(X0,X0))) [superposition 127041,154693]
156817. f(f(X0,X0),f(X0,X0)) = f(X1,f(f(f(f(X2,f(X0,f(X0,X2))),f(X2,f(f(X0,X0),f(X0,X0)))),X0),f(f(f(X2,f(X0,f(X0,X2))),f(X2,f(f(X0,X0),f(X0,X0)))),X1))) [superposition 7,154693]
157241. f(f(X1,f(X0,f(X0,X1))),f(X1,f(f(X0,X0),f(X0,X0)))) = X0 [superposition 127041,154693]
157303. f(f(f(X0,X0),f(X0,X0)),f(f(X0,X0),f(X0,X0))) = f(f(X0,f(f(X0,X0),f(f(f(f(X0,X0),f(X0,X0)),f(f(X0,X0),f(X0,X0))),f(X0,X0)))),f(X1,f(f(X0,X0),f(X0,X1)))) [superposition 2918,154693]
157367. f(f(X0,f(f(X0,X0),f(X0,X0))),f(X1,f(f(X0,X0),f(X0,X1)))) = f(f(f(X0,X0),f(X0,X0)),f(f(X0,X0),f(X0,X0))) [forward demodulation 157303,154693]
157700. f(X1,f(f(X0,X0),f(X0,X1))) = f(f(X0,X0),f(X0,X0)) [forward demodulation 156817,157241]
157704. f(X0,X0) = f(f(X0,X0),f(X0,f(X0,X0))) [forward demodulation 156811,154693]
157715. f(f(f(X2,f(X0,f(X0,X2))),f(X2,f(X0,X0))),X0) = f(f(X0,f(X0,f(X0,X0))),f(f(f(X0,X0),f(X0,X0)),f(X0,f(X0,X0)))) [forward demodulation 156788,143367]
157739. f(f(f(X0,X0),f(X0,X0)),f(f(X0,X0),f(X0,X0))) = f(f(X0,f(X0,f(X0,X0))),f(f(f(X0,X0),f(X0,X0)),f(X0,f(X0,X0)))) [forward demodulation 157367,143722]
161296. f(f(X0,f(X0,X0)),f(f(X0,f(X0,X0)),f(X0,X0))) = X0 [superposition 150592,157704]
168767. f(f(X0,X0),f(X0,X0)) = f(f(X0,f(X0,X0)),f(X0,f(X0,X0))) [superposition 140285,157700]
170669. f(f(X0,f(f(X1,X1),f(X1,X0))),X4) = f(f(f(f(X2,f(f(X1,X1),f(f(X1,X1),X2))),f(X2,f(X3,f(f(X0,f(f(X1,X1),f(X1,X0))),f(f(X1,X1),X3))))),f(X1,X1)),X4) [superposition 109786,157700]
170671. f(X1,X1) = f(f(X2,f(f(X1,X1),f(f(X1,X1),X2))),f(X2,f(X3,f(f(X0,f(f(X1,X1),f(X1,X0))),f(f(X1,X1),X3))))) [superposition 121501,157700]
170681. f(f(X0,f(f(X1,X1),f(X1,X0))),X4) = f(f(f(X1,X1),f(X1,X1)),X4) [forward demodulation 170669,170671]
174111. f(X0,X0) = f(f(f(X0,X0),X0),f(f(X0,X0),X0)) [superposition 127041,161296]
174698. f(f(f(X1,f(X2,f(X2,X1))),f(X1,f(X0,f(X0,X0)))),f(f(f(X0,f(X0,X0)),f(X0,f(X0,X0))),X2)) = f(f(f(X0,f(X0,X0)),f(X0,X0)),f(f(f(X0,f(X0,X0)),f(X0,f(X0,X0))),X0)) [superposition 2919,161296]
174708. f(X1,f(f(f(f(X0,f(X0,X0)),f(X0,f(X0,X0))),f(f(X0,f(X0,X0)),f(X0,f(X0,X0)))),f(f(f(X0,f(X0,X0)),f(X0,f(X0,X0))),X1))) = f(f(f(X0,f(X0,X0)),f(f(f(X0,f(X0,X0)),f(X0,f(X0,X0))),f(f(X0,f(X0,X0)),f(X0,f(X0,X0))))),f(f(f(X0,f(X0,X0)),f(X0,X0)),f(f(f(X0,f(X0,X0)),f(X0,f(X0,X0))),X0))) [superposition 3305,161296]
174879. f(X1,f(f(f(f(X0,f(X0,X0)),f(X0,f(X0,X0))),f(f(X0,f(X0,X0)),f(X0,f(X0,X0)))),f(f(f(X0,f(X0,X0)),f(X0,f(X0,X0))),X1))) = f(f(f(f(X0,f(X0,X0)),f(X0,f(X0,X0))),f(f(X0,f(X0,X0)),f(X0,f(X0,X0)))),f(f(f(X0,f(X0,X0)),f(X0,X0)),f(f(f(X0,f(X0,X0)),f(X0,f(X0,X0))),X0))) [forward demodulation 174708,170681]
174888. f(f(f(X1,f(X2,f(X2,X1))),f(X1,f(X0,f(X0,X0)))),f(f(f(X0,f(X0,X0)),f(X0,f(X0,X0))),X2)) = f(f(f(X0,f(X0,X0)),f(X0,X0)),X0) [forward demodulation 174698,142516]
175082. f(X1,f(f(f(f(X0,f(X0,X0)),f(X0,f(X0,X0))),f(f(X0,f(X0,X0)),f(X0,f(X0,X0)))),f(f(f(X0,f(X0,X0)),f(X0,f(X0,X0))),X1))) = f(f(f(f(X0,f(X0,X0)),f(X0,f(X0,X0))),f(f(X0,f(X0,X0)),f(X0,f(X0,X0)))),f(f(f(X0,f(X0,X0)),f(X0,X0)),X0)) [forward demodulation 174879,142516]
175091. f(f(X0,f(X0,X0)),f(f(X0,f(X0,f(X0,X0))),f(f(f(X0,X0),f(X0,X0)),f(X0,f(X0,X0))))) = f(f(f(X0,f(X0,X0)),f(X0,X0)),X0) [forward demodulation 174888,151365]
175152. f(X1,f(f(f(f(X0,X0),f(X0,X0)),f(f(X0,X0),f(X0,X0))),f(f(f(X0,X0),f(X0,X0)),X1))) = f(f(f(f(X0,X0),f(X0,X0)),f(f(X0,X0),f(X0,X0))),f(f(f(X0,f(X0,X0)),f(X0,X0)),X0)) [forward demodulation 175082,168767]
175187. f(X1,f(f(f(f(X0,X0),f(X0,X0)),f(f(X0,X0),f(X0,X0))),f(f(f(X0,X0),f(X0,X0)),X1))) = f(f(f(f(X0,X0),f(X0,X0)),f(f(X0,X0),f(X0,X0))),f(f(X0,f(X0,X0)),f(f(X0,f(X0,f(X0,X0))),f(f(f(X0,X0),f(X0,X0)),f(X0,f(X0,X0)))))) [forward demodulation 175152,175091]
175201. f(X1,f(f(f(f(X0,X0),f(X0,X0)),f(f(X0,X0),f(X0,X0))),f(f(f(X0,X0),f(X0,X0)),X1))) = X0 [forward demodulation 175187,155000]
175210. f(f(f(X0,X0),f(f(X0,X0),f(f(X0,X0),f(X0,X0)))),f(f(f(f(X0,X0),f(X0,X0)),f(f(X0,X0),f(X0,X0))),f(f(X0,X0),f(f(X0,X0),f(X0,X0))))) = X0 [forward demodulation 175201,143367]
175214. f(f(f(X0,X0),f(f(X0,X0),f(f(X0,X0),f(X0,X0)))),f(f(f(X0,f(X0,f(X0,X0))),f(f(f(X0,X0),f(X0,X0)),f(X0,f(X0,X0)))),f(f(X0,X0),f(f(X0,X0),f(X0,X0))))) = X0 [forward demodulation 175210,157739]
178633. f(f(X0,X0),X0) = f(X1,f(f(f(f(X0,X0),f(X0,X0)),f(f(f(X0,X0),X0),f(X2,f(f(X0,X0),f(f(f(X0,X0),X0),X2))))),f(f(f(X0,X0),f(X0,X0)),X1))) [superposition 2922,174111]
178745. f(f(X0,X0),f(X0,X0)) = f(f(f(X0,X0),X0),f(f(X0,X0),f(X0,X0))) [superposition 157700,174111]
178834. f(f(X0,X0),f(X0,X0)) = f(X1,f(f(X0,X0),f(f(f(X0,X0),X0),X1))) [superposition 157700,174111]
178954. f(f(X0,X0),X0) = f(X1,f(f(f(f(X0,X0),f(X0,X0)),f(f(f(X0,X0),X0),f(f(X0,X0),f(X0,X0)))),f(f(f(X0,X0),f(X0,X0)),X1))) [forward demodulation 178633,178834]
179070. f(f(X0,X0),X0) = f(X1,f(f(f(f(X0,X0),f(X0,X0)),f(f(X0,X0),f(X0,X0))),f(f(f(X0,X0),f(X0,X0)),X1))) [forward demodulation 178954,178745]
179107. f(f(X0,X0),X0) = f(f(f(X0,X0),f(f(X0,X0),f(f(X0,X0),f(X0,X0)))),f(f(f(f(X0,X0),f(X0,X0)),f(f(X0,X0),f(X0,X0))),f(f(X0,X0),f(f(X0,X0),f(X0,X0))))) [forward demodulation 179070,143367]
179121. f(f(X0,X0),X0) = f(f(f(X0,X0),f(f(X0,X0),f(f(X0,X0),f(X0,X0)))),f(f(f(X0,f(X0,f(X0,X0))),f(f(f(X0,X0),f(X0,X0)),f(X0,f(X0,X0)))),f(f(X0,X0),f(f(X0,X0),f(X0,X0))))) [forward demodulation 179107,157739]
179123. f(f(X0,X0),X0) = X0 [forward demodulation 179121,175214]
181684. f(X1,f(f(X0,f(X0,f(X0,X0))),f(f(f(X0,f(f(X0,X0),X0)),f(X0,X0)),X1))) = X0 [superposition 107624,179123]
181686. f(X0,X0) = f(f(X1,f(X0,f(X0,X1))),f(X1,f(X0,f(f(X0,X0),X0)))) [superposition 127323,179123]
181794. f(f(f(f(X1,f(X0,f(X0,X1))),f(X1,f(X0,X0))),f(f(f(f(X1,f(X0,f(X0,X1))),f(X1,f(X0,X0))),X0),f(X2,f(X2,f(f(f(X1,f(X0,f(X0,X1))),f(X1,f(X0,X0))),X0))))),f(X0,X0)) = X2 [superposition 24,179123]
181902. f(f(X0,X0),f(f(f(f(f(X1,f(X0,f(X0,X1))),f(X1,f(X0,X0))),f(f(f(f(X1,f(X0,f(X0,X1))),f(X1,f(X0,X0))),X0),f(X2,f(X2,f(f(f(X1,f(X0,f(X0,X1))),f(X1,f(X0,X0))),X0))))),f(X3,f(X3,f(f(f(X1,f(X0,f(X0,X1))),f(X1,f(X0,X0))),f(f(f(f(X1,f(X0,f(X0,X1))),f(X1,f(X0,X0))),X0),f(X2,f(X2,f(f(f(X1,f(X0,f(X0,X1))),f(X1,f(X0,X0))),X0)))))))),X2)) = X3 [superposition 67,179123]
182046. f(X0,X0) = f(f(X0,f(f(f(X0,X0),f(X0,X0)),X0)),f(X0,X0)) [superposition 2265,179123]
182202. f(f(X1,f(X0,f(X0,X1))),f(X1,f(X0,X0))) = X0 [superposition 127041,179123]
182518. f(X0,X0) = f(f(X0,X0),f(X0,X0)) [forward demodulation 182046,154693]
182632. f(f(X0,X0),f(f(f(f(f(X1,f(X0,f(X0,X1))),f(X1,f(X0,X0))),f(f(f(X0,f(X0,f(X0,X0))),f(f(f(X0,X0),f(X0,X0)),f(X0,f(X0,X0)))),f(X2,f(X2,f(f(X0,f(X0,f(X0,X0))),f(f(f(X0,X0),f(X0,X0)),f(X0,f(X0,X0)))))))),f(X3,f(X3,f(f(f(X1,f(X0,f(X0,X1))),f(X1,f(X0,X0))),f(f(f(X0,f(X0,f(X0,X0))),f(f(f(X0,X0),f(X0,X0)),f(X0,f(X0,X0)))),f(X2,f(X2,f(f(X0,f(X0,f(X0,X0))),f(f(f(X0,X0),f(X0,X0)),f(X0,f(X0,X0))))))))))),X2)) = X3 [forward demodulation 181902,157715]
182702. f(f(f(f(X1,f(X0,f(X0,X1))),f(X1,f(X0,X0))),f(f(f(X0,f(X0,f(X0,X0))),f(f(f(X0,X0),f(X0,X0)),f(X0,f(X0,X0)))),f(X2,f(X2,f(f(X0,f(X0,f(X0,X0))),f(f(f(X0,X0),f(X0,X0)),f(X0,f(X0,X0)))))))),f(X0,X0)) = X2 [forward demodulation 181794,157715]
182763. f(X0,X0) = f(f(X1,f(X0,f(X0,X1))),f(X1,f(X0,X0))) [forward demodulation 181686,179123]
182765. f(X1,f(f(X0,f(X0,f(X0,X0))),f(f(f(X0,X0),f(X0,X0)),X1))) = X0 [forward demodulation 181684,179123]
182887. f(f(X0,X0),f(f(f(f(f(X1,f(X0,f(X0,X1))),f(X1,f(X0,X0))),f(f(f(X0,f(X0,f(X0,X0))),f(f(X0,X0),f(X0,f(X0,X0)))),f(X2,f(X2,f(f(X0,f(X0,f(X0,X0))),f(f(X0,X0),f(X0,f(X0,X0)))))))),f(X3,f(X3,f(f(f(X1,f(X0,f(X0,X1))),f(X1,f(X0,X0))),f(f(f(X0,f(X0,f(X0,X0))),f(f(X0,X0),f(X0,f(X0,X0)))),f(X2,f(X2,f(f(X0,f(X0,f(X0,X0))),f(f(X0,X0),f(X0,f(X0,X0))))))))))),X2)) = X3 [forward demodulation 182632,182518]
182899. f(f(f(f(X1,f(X0,f(X0,X1))),f(X1,f(X0,X0))),f(f(f(X0,f(X0,f(X0,X0))),f(f(X0,X0),f(X0,f(X0,X0)))),f(X2,f(X2,f(f(X0,f(X0,f(X0,X0))),f(f(X0,X0),f(X0,f(X0,X0)))))))),f(X0,X0)) = X2 [forward demodulation 182702,182518]
182912. f(X0,X0) = X0 [forward demodulation 182763,182202]
182913. f(X1,f(f(X0,f(X0,f(X0,X0))),f(f(X0,X0),X1))) = X0 [forward demodulation 182765,182518]
182998. f(f(X0,X0),f(f(f(f(f(X1,f(X0,f(X0,X1))),f(X1,f(X0,X0))),f(f(f(X0,f(X0,f(X0,X0))),f(X0,X0)),f(X2,f(X2,f(f(X0,f(X0,f(X0,X0))),f(X0,X0)))))),f(X3,f(X3,f(f(f(X1,f(X0,f(X0,X1))),f(X1,f(X0,X0))),f(f(f(X0,f(X0,f(X0,X0))),f(X0,X0)),f(X2,f(X2,f(f(X0,f(X0,f(X0,X0))),f(X0,X0))))))))),X2)) = X3 [forward demodulation 182887,157704]
183009. f(f(f(f(X1,f(X0,f(X0,X1))),f(X1,f(X0,X0))),f(f(f(X0,f(X0,f(X0,X0))),f(X0,X0)),f(X2,f(X2,f(f(X0,f(X0,f(X0,X0))),f(X0,X0)))))),f(X0,X0)) = X2 [forward demodulation 182899,157704]
183017. f(X1,f(f(X0,f(X0,X0)),f(X0,X1))) = X0 [forward demodulation 182913,182912]
183093. f(f(X0,X0),f(f(f(f(f(X1,f(X0,f(X0,X1))),f(X1,f(X0,X0))),f(f(f(X0,f(X0,X0)),f(f(X0,X0),X0)),f(X2,f(X2,f(f(X0,f(X0,X0)),f(f(X0,X0),X0)))))),f(X3,f(X3,f(f(f(X1,f(X0,f(X0,X1))),f(X1,f(X0,X0))),f(f(f(X0,f(X0,X0)),f(f(X0,X0),X0)),f(X2,f(X2,f(f(X0,f(X0,X0)),f(f(X0,X0),X0))))))))),X2)) = X3 [forward demodulation 182998,150792]
183104. f(f(f(f(X1,f(X0,f(X0,X1))),f(X1,X0)),f(f(f(X0,f(X0,X0)),X0),f(X2,f(X2,f(f(X0,f(X0,X0)),X0))))),X0) = X2 [forward demodulation 183009,182912]
183111. f(X1,f(f(X0,X0),f(X0,X1))) = X0 [forward demodulation 183017,182912]
183179. f(f(X0,X0),f(f(f(f(f(X1,f(X0,f(X0,X1))),f(X1,f(X0,X0))),f(f(f(X0,f(X0,X0)),X0),f(X2,f(X2,f(f(X0,f(X0,X0)),X0))))),f(X3,f(X3,f(f(f(X1,f(X0,f(X0,X1))),f(X1,f(X0,X0))),f(f(f(X0,f(X0,X0)),X0),f(X2,f(X2,f(f(X0,f(X0,X0)),X0)))))))),X2)) = X3 [forward demodulation 183093,179123]
183188. f(f(f(f(X1,f(X0,f(X0,X1))),f(X1,X0)),f(f(f(X0,X0),X0),f(X2,f(X2,f(f(X0,X0),X0))))),X0) = X2 [forward demodulation 183104,182912]
183194. f(X1,f(X0,f(X0,X1))) = X0 [forward demodulation 183111,182912]
183255. f(X0,f(f(f(f(f(X1,f(X0,f(X0,X1))),f(X1,X0)),f(f(f(X0,X0),X0),f(X2,f(X2,f(f(X0,X0),X0))))),f(X3,f(X3,f(f(f(X1,f(X0,f(X0,X1))),f(X1,X0)),f(f(f(X0,X0),X0),f(X2,f(X2,f(f(X0,X0),X0)))))))),X2)) = X3 [forward demodulation 183179,182912]
183264. f(f(f(f(X1,f(X0,f(X0,X1))),f(X1,X0)),f(X0,f(X2,f(X2,X0)))),X0) = X2 [forward demodulation 183188,179123]
183319. f(X0,f(X3,X2)) = X3 [forward demodulation 183255,183194]
183328. f(f(f(f(X1,f(X0,f(X0,X1))),f(X1,X0)),X2),X0) = X2 [forward demodulation 183264,183194]
183372. f(f(X1,X2),X0) = X2 [forward demodulation 183328,183319]
184739. f(f(f(X2,f(f(f(f(f(X3,f(f(f(X4,f(f(f(f(X5,f(X6,f(X6,X5))),f(X5,X2)),f(X2,X6)),f(f(f(f(X5,f(X6,f(X6,X5))),f(X5,X2)),f(X2,X6)),X4))),f(X4,f(f(X0,f(X0,f(X1,f(X1,X0)))),X1))),f(f(f(X4,f(f(f(f(X5,f(X6,f(X6,X5))),f(X5,X2)),f(X2,X6)),f(f(f(f(X5,f(X6,f(X6,X5))),f(X5,X2)),f(X2,X6)),X4))),f(X4,f(f(X0,f(X0,f(X1,f(X1,X0)))),X1))),X3))),f(X3,f(X0,f(X0,f(X1,f(X1,X0)))))),f(X7,f(X7,f(f(X3,f(f(f(X4,f(f(f(f(X5,f(X6,f(X6,X5))),f(X5,X2)),f(X2,X6)),f(f(f(f(X5,f(X6,f(X6,X5))),f(X5,X2)),f(X2,X6)),X4))),f(X4,f(f(X0,f(X0,f(X1,f(X1,X0)))),X1))),f(f(f(X4,f(f(f(f(X5,f(X6,f(X6,X5))),f(X5,X2)),f(X2,X6)),f(f(f(f(X5,f(X6,f(X6,X5))),f(X5,X2)),f(X2,X6)),X4))),f(X4,f(f(X0,f(X0,f(X1,f(X1,X0)))),X1))),X3))),f(X3,f(X0,f(X0,f(X1,f(X1,X0))))))))),f(X0,f(X1,f(X1,X0)))),f(f(f(f(f(X3,f(f(f(X4,f(f(f(f(X5,f(X6,f(X6,X5))),f(X5,X2)),f(X2,X6)),f(f(f(f(X5,f(X6,f(X6,X5))),f(X5,X2)),f(X2,X6)),X4))),f(X4,f(f(X0,f(X0,f(X1,f(X1,X0)))),X1))),f(f(f(X4,f(f(f(f(X5,f(X6,f(X6,X5))),f(X5,X2)),f(X2,X6)),f(f(f(f(X5,f(X6,f(X6,X5))),f(X5,X2)),f(X2,X6)),X4))),f(X4,f(f(X0,f(X0,f(X1,f(X1,X0)))),X1))),X3))),f(X3,f(X0,f(X0,f(X1,f(X1,X0)))))),f(X7,f(X7,f(f(X3,f(f(f(X4,f(f(f(f(X5,f(X6,f(X6,X5))),f(X5,X2)),f(X2,X6)),f(f(f(f(X5,f(X6,f(X6,X5))),f(X5,X2)),f(X2,X6)),X4))),f(X4,f(f(X0,f(X0,f(X1,f(X1,X0)))),X1))),f(f(f(X4,f(f(f(f(X5,f(X6,f(X6,X5))),f(X5,X2)),f(X2,X6)),f(f(f(f(X5,f(X6,f(X6,X5))),f(X5,X2)),f(X2,X6)),X4))),f(X4,f(f(X0,f(X0,f(X1,f(X1,X0)))),X1))),X3))),f(X3,f(X0,f(X0,f(X1,f(X1,X0))))))))),f(X0,f(X1,f(X1,X0)))),X2))),X6),X7) = X2 [superposition 139,380]
184786. X2 = X6 [forward demodulation 184739,183372]
188528. sK0 != X0 [superposition 6,184786]
191034. $false [forward subsumption resolution 188528,184786]
% SZS output end Proof for p
% ------------------------------
% Version: Vampire 5.0.1 (Release build, commit 1b13eaf on 2026-01-18 12:14:50 +0000)
% Linked with Z3 4.14.0.0 3c47fd96cf5645d0c42b2c819d9e9a84380aa721 NOTFOUND
% CaDiCaL version: 2.1.3
% Termination reason: Refutation
% Time elapsed: 20.104 s
% Peak memory usage: 1271 MB
% Instructions burned: 84113 (million)
% ------------------------------
% ------------------------------
