% law: x = (((y ◇ (y ◇ ((x ◇ y) ◇ (z ◇ x)))) ◇ (x ◇ w)) ◇ y)
% config: vampire/triv/discount @ 30s

% Running in auto input_syntax mode. Trying TPTP
% Refutation found. Thanks to Tanya!
% SZS status Theorem for p
% SZS output start Proof for p
1. ! [X0,X1,X2,X3] : X1 = f(f(f(X2,f(X2,f(f(X1,X2),f(X3,X1)))),f(X1,X0)),X2) [input(axiom)]
2. ! [X0,X1] : X0 = X1 [input(conjecture)]
3. ~! [X0,X1] : X0 = X1 [negated conjecture 2]
4. ? [X0,X1] : X0 != X1 [ennf transformation 3]
5. ? [X0,X1] : X0 != X1 => sK0 != sK1 [skolem symbol introduction]
6. sK0 != sK1 [skolemisation 4,5]
7. f(f(f(X2,f(X2,f(f(X1,X2),f(X3,X1)))),f(X1,X0)),X2) = X1 [cnf transformation 1]
8. sK0 != sK1 [cnf transformation 6]
10. f(f(f(X1,f(X1,f(f(X2,X1),X0))),f(X2,X5)),X1) = X2 [superposition 7,7]
13. f(f(X1,f(X1,f(f(X0,X1),X2))),f(X0,X3)) = f(f(f(X1,f(X1,f(X0,X4))),f(f(f(X1,f(X1,f(f(X0,X1),X2))),f(X0,X3)),X5)),X1) [superposition 10,10]
15. f(X2,f(X2,f(f(X0,X2),X3))) = f(f(f(f(X0,X1),f(f(X0,X1),X0)),f(f(X2,f(X2,f(f(X0,X2),X3))),X4)),f(X0,X1)) [superposition 10,10]
111. f(f(X1,f(X1,f(X0,X4))),f(f(f(X1,f(X1,f(f(X0,X1),X2))),f(X0,X3)),X5)) = f(f(f(X1,f(X1,f(f(f(X1,f(X1,f(f(X0,X1),X2))),f(X0,X3)),X6))),f(f(f(X1,f(X1,f(X0,X4))),f(f(f(X1,f(X1,f(f(X0,X1),X2))),f(X0,X3)),X5)),X7)),X1) [superposition 13,10]
129. f(f(X1,f(X1,f(f(X0,X1),X2))),f(X0,X3)) = f(f(f(X1,f(X1,f(X0,X4))),X0),X1) [superposition 13,10]
189. f(f(X1,f(X1,f(f(f(X0,X1),X1),X2))),f(f(X0,X1),X3)) = X0 [superposition 129,7]
194. f(f(f(f(X0,f(X0,f(X1,X2))),X1),X0),X0) = X1 [superposition 7,129]
377. f(X0,f(X0,f(X0,X1))) = f(f(X0,f(X0,X0)),f(f(f(X0,f(X0,f(X0,X1))),X0),X2)) [superposition 189,194]
397. f(f(X1,f(X1,f(X0,X2))),X0) = f(f(X1,f(X1,f(X0,X3))),X0) [superposition 189,194]
605. f(X0,f(X0,f(X1,X3))) = f(f(X1,f(X1,f(f(f(f(X0,f(X0,f(X1,X2))),X1),X1),X4))),f(f(f(X0,f(X0,f(X1,X2))),X1),X5)) [superposition 189,397]
612. f(X0,f(X0,f(X1,X2))) = f(X0,f(X0,f(X1,X3))) [forward demodulation 605,189]
617. f(X1,f(X1,X0)) = f(X1,f(X1,f(f(f(X2,f(X2,f(f(X0,X2),X3))),f(X0,X4)),X5))) [superposition 612,10]
626. f(X1,f(X1,X0)) = f(X1,f(X1,f(f(X2,f(X2,f(f(f(X0,X2),X2),X3))),X5))) [superposition 612,189]
1206. f(X1,f(X1,f(X0,f(X0,f(X0,X2))))) = f(X1,f(X1,f(f(X0,f(X0,X0)),X3))) [superposition 626,194]
1393. f(X0,f(X0,f(X1,X2))) = f(X0,f(X0,f(f(X1,f(X1,X1)),X4))) [superposition 1206,612]
1826. f(X1,f(X1,X1)) = f(f(f(f(X0,f(X0,f(X1,X2))),f(X1,f(X1,X1))),X0),X0) [superposition 194,1393]
18307. f(f(X1,f(X1,f(X0,X4))),f(f(f(X1,f(X1,f(f(X0,X1),X2))),f(X0,X3)),X5)) = f(f(f(X1,f(X1,X0)),f(f(f(X1,f(X1,f(X0,X4))),f(f(f(X1,f(X1,f(f(X0,X1),X2))),f(X0,X3)),X5)),X7)),X1) [forward demodulation 111,617]
18748. f(f(X1,f(X1,f(X0,X2))),X0) = f(f(f(X1,f(X1,X0)),f(f(f(X1,f(X1,f(X0,X2))),X0),X5)),X1) [superposition 18307,7]
31082. f(f(X0,f(X0,f(X1,X4))),X1) = f(f(f(X0,f(X0,X1)),f(f(X0,f(X0,f(f(X1,X0),X2))),f(X1,X3))),X0) [superposition 18748,129]
52098. f(f(X0,X1),f(f(X0,X1),f(f(X0,f(X0,X1)),X2))) = f(f(f(X0,X1),f(f(X0,X1),f(X0,X3))),X0) [superposition 31082,15]
52112. f(f(f(f(f(X0,f(X0,X1)),f(f(X0,f(X0,f(f(X1,X0),X2))),f(X1,X3))),X0),X0),X0) = X1 [superposition 194,31082]
54562. f(f(X1,f(X1,f(f(f(X0,X1),X1),X3))),f(f(f(X0,X1),f(f(X0,X1),f(X0,X2))),X0)) = X0 [superposition 189,52098]
54934. f(X0,X1) = f(f(f(X3,f(X3,f(f(f(X0,X1),X3),X4))),f(f(f(X0,X1),f(f(X0,X1),f(X0,X2))),X0)),X3) [superposition 10,52098]
168192. f(f(f(X4,f(X4,f(f(X0,X4),X5))),f(f(X0,f(X0,f(f(X1,f(X1,f(f(f(X0,X1),X1),X2))),X6))),f(X1,f(X1,f(f(f(X0,X1),X1),X2))))),X4) = X0 [superposition 54934,54562]
169099. f(f(f(X4,f(X4,f(f(X0,X4),X5))),f(f(X0,f(X0,X0)),f(X1,f(X1,f(f(f(X0,X1),X1),X2))))),X4) = X0 [forward demodulation 168192,626]
179007. f(f(f(X2,f(X2,f(f(X0,X2),X3))),f(f(X0,f(X0,X0)),f(f(X0,f(X0,X0)),f(X0,X1)))),X2) = X0 [superposition 169099,1393]
180510. f(X0,f(X0,X0)) = f(f(X0,f(X0,X0)),f(f(X0,f(X0,X0)),f(X0,f(X0,X0)))) [superposition 1826,179007]
181225. f(X0,f(X0,X0)) = f(f(X0,f(X0,X0)),f(f(X0,f(X0,X0)),f(X0,X1))) [superposition 180510,612]
183596. f(f(X0,f(X0,X0)),f(X0,f(X0,X0))) = f(f(X0,f(X0,X0)),f(f(X0,f(X0,X0)),f(X0,X1))) [superposition 1393,181225]
184116. f(X0,f(X0,X0)) = f(f(X0,f(X0,X0)),f(X0,f(X0,X0))) [forward demodulation 183596,181225]
184700. f(f(X0,f(X0,X0)),f(f(X0,f(X0,X0)),f(X0,f(X0,X0)))) = f(f(f(X0,f(X0,X0)),f(X0,f(X0,X0))),f(f(f(f(X0,f(X0,X0)),f(f(X0,f(X0,X0)),f(X0,f(X0,X0)))),f(X0,f(X0,X0))),X1)) [superposition 377,184116]
185161. f(X0,f(X0,X0)) = f(f(f(X0,f(X0,X0)),f(X0,f(X0,X0))),f(f(f(X0,f(X0,X0)),f(X0,f(X0,X0))),X1)) [forward demodulation 184700,180510]
185346. f(X0,f(X0,X0)) = f(f(X0,f(X0,X0)),f(f(X0,f(X0,X0)),X1)) [forward demodulation 185161,184116]
186853. f(X0,f(X0,X0)) = f(f(f(X0,f(X0,X0)),f(f(X0,f(X0,X0)),f(X0,X2))),X0) [superposition 52098,185346]
188450. f(X0,f(X0,X0)) = f(f(X0,f(X0,X0)),X0) [forward demodulation 186853,181225]
189551. f(f(f(f(f(f(X0,f(X0,X0)),f(X0,f(X0,X0))),f(f(f(X0,f(X0,X0)),f(f(X0,f(X0,X0)),f(f(X0,f(X0,f(X0,X0))),X1))),f(X0,X2))),f(X0,f(X0,X0))),f(X0,f(X0,X0))),f(X0,f(X0,X0))) = X0 [superposition 52112,188450]
189920. f(f(f(f(f(f(X0,f(X0,X0)),f(X0,f(X0,X0))),f(f(X0,f(X0,X0)),f(X0,X2))),f(X0,f(X0,X0))),f(X0,f(X0,X0))),f(X0,f(X0,X0))) = X0 [forward demodulation 189551,185346]
190138. f(f(f(f(f(X0,f(X0,X0)),f(f(X0,f(X0,X0)),f(X0,X2))),f(X0,f(X0,X0))),f(X0,f(X0,X0))),f(X0,f(X0,X0))) = X0 [forward demodulation 189920,184116]
190219. f(X0,f(X0,X0)) = X0 [forward demodulation 190138,1826]
190377. f(X0,f(X0,X1)) = X0 [superposition 185346,190219]
193808. f(X1,f(X1,f(f(f(X0,X1),X1),X2))) = f(f(X1,f(X1,f(f(f(X0,X1),X1),X2))),X0) [superposition 190377,54562]
196794. f(X1,X0) = X1 [forward demodulation 193808,190377]
202197. f(X0,f(X0,f(f(f(X1,X0),X0),X2))) = X1 [superposition 54562,196794]
202794. X0 = X1 [forward demodulation 202197,190377]
213351. sK0 != X0 [superposition 8,202794]
215766. $false [forward subsumption resolution 213351,202794]
% SZS output end Proof for p
% ------------------------------
% Version: Vampire 5.0.1 (Release build, commit 1b13eaf on 2026-01-18 12:14:50 +0000)
% Linked with Z3 4.14.0.0 3c47fd96cf5645d0c42b2c819d9e9a84380aa721 NOTFOUND
% CaDiCaL version: 2.1.3
% Termination reason: Refutation
% Time elapsed: 7.814 s
% Peak memory usage: 213 MB
% Instructions burned: 49827 (million)
% ------------------------------
% ------------------------------
