% law: x = (((y ◇ ((y ◇ z) ◇ (x ◇ w))) ◇ x) ◇ ((z ◇ y) ◇ z))
% config: vampire/sat/otter+kbo @ 30s

% Running in auto input_syntax mode. Trying TPTP
[SA] active: 6. sK0 != sK1 [cnf transformation 4]
[SA] active: 5. f(f(f(X2,f(f(X2,X3),f(X1,X0))),X1),f(f(X3,X2),X3)) = X1 [cnf transformation 1]
[SA] active: 9. f(X2,X1) = f(f(f(f(X1,f(f(X1,X2),f(X0,X3))),X0),f(X2,X1)),f(f(X0,f(X1,f(f(X1,X2),f(X0,X3)))),X0)) [superposition 5,5]
[SA] active: 8. f(f(X3,f(f(X3,X4),f(X0,X5))),X0) = f(f(f(X1,f(f(X1,X2),X0)),f(f(X3,f(f(X3,X4),f(X0,X5))),X0)),f(f(X2,X1),X2)) [superposition 5,5]
[SA] active: 7. f(f(f(f(f(X1,f(f(X1,X2),f(X0,X3))),X0),f(X0,f(X4,X5))),X4),f(f(f(f(X2,X1),X2),f(f(X1,f(f(X1,X2),f(X0,X3))),X0)),f(f(X2,X1),X2))) = X4 [superposition 5,5]
[SA] active: 10. f(f(f(f(f(X1,X2),X1),f(f(f(f(X1,X2),X1),f(f(X2,f(f(X2,X1),f(X0,X3))),X0)),f(X4,X5))),X4),f(X0,f(f(X2,f(f(X2,X1),f(X0,X3))),X0))) = X4 [superposition 5,5]
[SA] active: 21. f(f(f(X1,f(f(X1,X0),f(X4,X5))),X4),f(X0,X1)) = f(f(f(X2,f(f(X2,X3),f(X0,X1))),f(f(f(X1,f(f(X1,X0),f(X4,X5))),X4),f(X0,X1))),f(f(X3,X2),X3)) [superposition 5,9]
[SA] active: 61. f(f(f(f(X0,X1),X2),X0),f(f(f(f(f(X0,X1),X2),f(X0,X1)),f(f(X2,f(f(X2,f(X0,X1)),f(f(f(X0,X1),X2),X3))),f(f(X0,X1),X2))),f(f(f(X0,X1),X2),f(X0,X1)))) = X0 [superposition 7,5]
[SA] active: 247. f(f(f(X0,X3),X4),X0) = f(f(f(X1,f(f(X1,X2),X0)),f(f(f(X0,X3),X4),X0)),f(f(X2,X1),X2)) [superposition 5,61]
[SA] active: 29. f(f(f(f(X1,f(f(X1,X2),f(X0,X3))),X0),f(X0,f(X4,X5))),X4) = f(f(f(X6,f(f(X6,X7),X4)),f(f(f(f(X1,f(f(X1,X2),f(X0,X3))),X0),f(X0,f(X4,X5))),X4)),f(f(X7,X6),X7)) [superposition 8,5]
[SA] active: 298. f(X0,f(f(X0,X1),X2)) = f(f(f(X4,f(f(X4,X5),f(f(X0,X1),X2))),f(X0,f(f(X0,X1),X2))),f(f(X5,X4),X5)) [superposition 247,61]
[SA] active: 15. f(X1,X2) = f(f(f(f(X2,f(f(X2,X1),X0)),f(f(X3,f(f(X3,X4),f(X0,X5))),X0)),f(X1,X2)),f(f(f(f(X3,f(f(X3,X4),f(X0,X5))),X0),f(X2,f(f(X2,X1),X0))),f(f(X3,f(f(X3,X4),f(X0,X5))),X0))) [superposition 9,5]
[SA] active: 489. f(f(f(f(X0,X1),X2),X0),f(X0,X4)) = f(f(f(X5,f(f(X5,X6),f(X0,X4))),f(f(f(f(X0,X1),X2),X0),f(X0,X4))),f(f(X6,X5),X6)) [superposition 298,61]
[SA] active: 19. f(X2,f(X1,f(f(X1,X0),f(X2,X3)))) = f(f(f(f(f(X1,f(f(X1,X0),f(X2,X3))),X2),f(X0,X1)),f(X2,f(X1,f(f(X1,X0),f(X2,X3))))),f(f(f(X0,X1),f(f(X1,f(f(X1,X0),f(X2,X3))),X2)),f(X0,X1))) [superposition 5,9]
[SA] active: 472. f(X1,f(f(X1,X2),X1)) = f(f(f(f(X2,f(f(X2,X1),f(X0,X3))),X0),f(X1,f(f(X1,X2),X1))),f(f(X0,f(X2,f(f(X2,X1),f(X0,X3)))),X0)) [superposition 298,5]
[SA] active: 23. f(f(X1,f(f(X1,X2),f(X3,X4))),X3) = f(f(f(f(f(X5,f(f(X5,X6),f(X0,X7))),X0),f(X0,X3)),f(f(X1,f(f(X1,X2),f(X3,X4))),X3)),f(f(f(f(X6,X5),X6),f(f(X5,f(f(X5,X6),f(X0,X7))),X0)),f(f(X6,X5),X6))) [superposition 8,5]
[SA] active: 290. f(f(X0,X4),f(f(f(X0,X1),X2),X0)) = f(f(f(X5,f(f(X5,X6),f(f(f(X0,X1),X2),X0))),f(f(X0,X4),f(f(f(X0,X1),X2),X0))),f(f(X6,X5),X6)) [superposition 247,61]
[SA] active: 36. f(f(f(X4,f(f(X4,X5),X2)),f(f(X0,f(f(X0,X1),f(X2,X3))),X2)),f(X5,X4)) = f(f(f(X6,f(f(X6,X7),f(X5,X4))),f(f(f(X4,f(f(X4,X5),X2)),f(f(X0,f(f(X0,X1),f(X2,X3))),X2)),f(X5,X4))),f(f(X7,X6),X7)) [superposition 8,8]
[SA] active: 255. f(f(f(f(f(X0,X1),X2),X0),f(X0,f(X4,X5))),X4) = f(f(f(X6,f(f(X6,X7),X4)),f(f(f(f(f(X0,X1),X2),X0),f(X0,f(X4,X5))),X4)),f(f(X7,X6),X7)) [superposition 8,61]
[SA] active: 40. f(f(X1,f(f(X1,X2),f(X3,X4))),X3) = f(f(f(f(f(X5,X6),X5),f(f(f(f(X5,X6),X5),f(f(X6,f(f(X6,X5),f(X0,X7))),X0)),X3)),f(f(X1,f(f(X1,X2),f(X3,X4))),X3)),f(X0,f(f(X6,f(f(X6,X5),f(X0,X7))),X0))) [superposition 8,5]
[SA] active: 293. f(X0,f(X1,f(f(X1,X2),f(X0,X3)))) = f(f(f(X4,f(f(X4,X5),f(X1,f(f(X1,X2),f(X0,X3))))),f(X0,f(X1,f(f(X1,X2),f(X0,X3))))),f(f(X5,X4),X5)) [superposition 247,5]
[SA] active: 48. f(f(X6,f(f(X6,X7),X2)),f(f(X0,f(f(X0,X1),f(X2,X3))),X2)) = f(f(f(X4,f(f(X4,X5),f(f(X0,f(f(X0,X1),f(X2,X3))),X2))),f(f(X6,f(f(X6,X7),X2)),f(f(X0,f(f(X0,X1),f(X2,X3))),X2))),f(f(X5,X4),X5)) [superposition 5,8]
[SA] active: 234. f(f(f(X0,X1),X2),X0) = f(f(f(X0,X4),f(f(f(X0,X1),X2),X0)),f(f(f(f(X0,X4),X0),f(f(X4,f(f(X4,X0),f(f(X0,X4),X5))),f(X0,X4))),f(f(X0,X4),X0))) [superposition 61,61]
[SA] active: 11. f(f(f(f(f(f(X2,X1),X2),f(f(f(f(X2,X1),X2),f(f(X1,f(f(X1,X2),f(X0,X3))),X0)),f(X4,X5))),X4),X0),f(f(X4,f(f(f(X2,X1),X2),f(f(f(f(X2,X1),X2),f(f(X1,f(f(X1,X2),f(X0,X3))),X0)),f(X4,X5)))),X4)) = X0 [superposition 9,5]
[SA] active: 258. f(X1,X2) = f(f(f(f(X2,f(f(X2,X1),X0)),f(f(f(X0,X3),X4),X0)),f(X1,X2)),f(f(f(f(f(X0,X3),X4),X0),f(X2,f(f(X2,X1),X0))),f(f(f(X0,X3),X4),X0))) [superposition 9,61]
[SA] active: 26. f(f(X1,f(f(X1,X2),f(f(f(X3,X4),X3),X5))),f(f(X3,X4),X3)) = f(f(f(f(X4,f(f(X4,X3),f(X0,X6))),X0),f(f(X1,f(f(X1,X2),f(f(f(X3,X4),X3),X5))),f(f(X3,X4),X3))),f(f(X0,f(X4,f(f(X4,X3),f(X0,X6)))),X0)) [superposition 8,5]
[SA] active: 482. f(f(f(X1,f(f(X1,X2),f(X0,X3))),X0),f(X0,X4)) = f(f(f(X5,f(f(X5,X6),f(X0,X4))),f(f(f(X1,f(f(X1,X2),f(X0,X3))),X0),f(X0,X4))),f(f(X6,X5),X6)) [superposition 298,5]
[SA] active: 31. f(f(f(f(f(X1,f(f(X1,X0),f(X2,X3))),X2),f(X0,X1)),f(f(X0,X1),f(X4,X5))),X4) = f(f(f(X6,f(f(X6,X7),X4)),f(f(f(f(f(X1,f(f(X1,X0),f(X2,X3))),X2),f(X0,X1)),f(f(X0,X1),f(X4,X5))),X4)),f(f(X7,X6),X7)) [superposition 8,9]
[SA] active: 256. f(f(X1,f(f(X1,X2),X0)),f(f(f(X0,X3),X4),X0)) = f(f(f(X6,f(f(X6,X7),f(f(f(X0,X3),X4),X0))),f(f(X1,f(f(X1,X2),X0)),f(f(f(X0,X3),X4),X0))),f(f(X7,X6),X7)) [superposition 8,61]
[SA] active: 88. f(f(f(f(f(f(X1,f(f(X1,X2),f(X3,X4))),X3),f(X3,f(X0,X5))),X0),f(X0,f(X6,X7))),X6) = f(f(f(X8,f(f(X8,X9),X6)),f(f(f(f(f(f(X1,f(f(X1,X2),f(X3,X4))),X3),f(X3,f(X0,X5))),X0),f(X0,f(X6,X7))),X6)),f(f(X9,X8),X9)) [superposition 8,7]
[SA] active: 295. f(f(f(f(X0,X1),X2),X0),f(X3,f(f(X3,X4),X0))) = f(f(f(X5,f(f(X5,X6),f(X3,f(f(X3,X4),X0)))),f(f(f(f(X0,X1),X2),X0),f(X3,f(f(X3,X4),X0)))),f(f(X6,X5),X6)) [superposition 247,247]
[SA] active: 20. f(f(f(f(f(X2,f(X1,f(f(X1,X0),f(X2,X3)))),X2),f(f(f(f(X2,f(X1,f(f(X1,X0),f(X2,X3)))),X2),f(f(f(X1,f(f(X1,X0),f(X2,X3))),X2),f(X0,X1))),f(X4,X5))),X4),f(f(X0,X1),f(f(f(X1,f(f(X1,X0),f(X2,X3))),X2),f(X0,X1)))) = X4 [superposition 5,9]
[SA] active: 1333. f(f(f(f(X0,X1),X2),X3),f(X0,f(f(X0,X1),X2))) = f(f(f(X5,f(f(X5,X6),f(X0,f(f(X0,X1),X2)))),f(f(f(f(X0,X1),X2),X3),f(X0,f(f(X0,X1),X2)))),f(f(X6,X5),X6)) [superposition 290,61]
[SA] active: 22. f(f(f(f(f(f(X1,f(f(X1,X0),f(X2,X3))),X2),f(X0,X1)),f(f(X0,X1),f(X4,X5))),X4),f(f(f(f(X2,f(X1,f(f(X1,X0),f(X2,X3)))),X2),f(f(f(X1,f(f(X1,X0),f(X2,X3))),X2),f(X0,X1))),f(f(X2,f(X1,f(f(X1,X0),f(X2,X3)))),X2))) = X4 [superposition 5,9]
[SA] active: 728. f(f(X0,f(f(X0,X1),X2)),f(f(f(X0,X1),X2),X4)) = f(f(f(X5,f(f(X5,X6),f(f(f(X0,X1),X2),X4))),f(f(X0,f(f(X0,X1),X2)),f(f(f(X0,X1),X2),X4))),f(f(X6,X5),X6)) [superposition 489,61]
[SA] active: 47. f(f(f(f(f(X4,f(f(X4,X5),X2)),f(f(X0,f(f(X0,X1),f(X2,X3))),X2)),f(f(f(X0,f(f(X0,X1),f(X2,X3))),X2),f(X6,X7))),X6),f(f(f(f(X5,X4),X5),f(f(X4,f(f(X4,X5),X2)),f(f(X0,f(f(X0,X1),f(X2,X3))),X2))),f(f(X5,X4),X5))) = X6 [superposition 5,8]
[SA] active: 6899. f(f(X1,f(f(X1,f(f(X1,X2),f(X0,X3))),X0)),X0) = f(f(f(X4,f(f(X4,X5),X0)),f(f(X1,f(f(X1,f(f(X1,X2),f(X0,X3))),X0)),X0)),f(f(X5,X4),X5)) [superposition 728,5]
[SA] active: 49. f(f(f(f(f(X4,X5),X4),f(f(f(f(X4,X5),X4),f(f(X5,f(f(X5,X4),X2)),f(f(X0,f(f(X0,X1),f(X2,X3))),X2))),f(X6,X7))),X6),f(f(f(X0,f(f(X0,X1),f(X2,X3))),X2),f(f(X5,f(f(X5,X4),X2)),f(f(X0,f(f(X0,X1),f(X2,X3))),X2)))) = X6 [superposition 5,8]
[SA] active: 1746. f(f(f(X0,f(f(X0,X1),X2)),f(f(f(X0,X1),X2),f(X4,X5))),X4) = f(f(f(X6,f(f(X6,X7),X4)),f(f(f(X0,f(f(X0,X1),X2)),f(f(f(X0,X1),X2),f(X4,X5))),X4)),f(f(X7,X6),X7)) [superposition 255,61]
[SA] active: 55. f(f(f(X1,f(f(X1,X0),f(X6,X7))),X6),f(X0,X1)) = f(f(f(f(f(X2,f(f(X2,X3),f(X4,X5))),X4),f(X4,f(X0,X1))),f(f(f(X1,f(f(X1,X0),f(X6,X7))),X6),f(X0,X1))),f(f(f(f(X3,X2),X3),f(f(X2,f(f(X2,X3),f(X4,X5))),X4)),f(f(X3,X2),X3))) [superposition 7,9]
[SA] active: 2805. f(f(f(f(f(X0,X1),X2),X0),f(X0,X3)),f(f(X0,X3),X5)) = f(f(f(X6,f(f(X6,X7),f(f(X0,X3),X5))),f(f(f(f(f(X0,X1),X2),X0),f(X0,X3)),f(f(X0,X3),X5))),f(f(X7,X6),X7)) [superposition 489,234]
[SA] active: 100. f(f(f(X1,f(f(X1,X0),f(X6,X7))),X6),f(X0,X1)) = f(f(f(f(f(X2,X3),X2),f(f(f(f(X2,X3),X2),f(f(X3,f(f(X3,X2),f(X4,X5))),X4)),f(X0,X1))),f(f(f(X1,f(f(X1,X0),f(X6,X7))),X6),f(X0,X1))),f(X4,f(f(X3,f(f(X3,X2),f(X4,X5))),X4))) [superposition 10,9]
[SA] active: 230. f(f(X1,f(f(X1,X2),f(X0,X3))),X0) = f(f(f(X0,X4),f(f(X1,f(f(X1,X2),f(X0,X3))),X0)),f(f(f(f(X0,X4),X0),f(f(X4,f(f(X4,X0),f(f(X0,X4),X5))),f(X0,X4))),f(f(X0,X4),X0))) [superposition 61,5]
[SA] active: 16. f(X2,X3) = f(f(f(f(X3,f(f(X3,X2),f(X0,X1))),f(f(f(X1,f(f(X1,X0),f(X4,X5))),X4),f(X0,X1))),f(X2,X3)),f(f(f(f(f(X1,f(f(X1,X0),f(X4,X5))),X4),f(X0,X1)),f(X3,f(f(X3,X2),f(X0,X1)))),f(f(f(X1,f(f(X1,X0),f(X4,X5))),X4),f(X0,X1)))) [superposition 9,9]
[SA] active: 252. f(f(f(X0,X5),X6),X0) = f(f(f(f(f(X1,f(f(X1,X2),f(X3,X4))),X3),f(X3,X0)),f(f(f(X0,X5),X6),X0)),f(f(f(f(X2,X1),X2),f(f(X1,f(f(X1,X2),f(X3,X4))),X3)),f(f(X2,X1),X2))) [superposition 7,61]
[SA] active: 13. f(f(f(X1,X2),X1),f(f(X2,f(f(X2,X1),f(X0,X3))),X0)) = f(f(f(f(f(f(X2,f(f(X2,X1),f(X0,X3))),X0),f(X0,f(X4,X5))),X4),f(f(f(X1,X2),X1),f(f(X2,f(f(X2,X1),f(X0,X3))),X0))),f(f(X4,f(f(f(X2,f(f(X2,X1),f(X0,X3))),X0),f(X0,f(X4,X5)))),X4)) [superposition 9,5]
[SA] active: 263. f(f(f(X0,X5),X6),X0) = f(f(f(f(f(X1,X2),X1),f(f(f(f(X1,X2),X1),f(f(X2,f(f(X2,X1),f(X3,X4))),X3)),X0)),f(f(f(X0,X5),X6),X0)),f(X3,f(f(X2,f(f(X2,X1),f(X3,X4))),X3))) [superposition 10,61]
[SA] active: 121. f(f(f(f(f(X1,X2),X1),f(f(f(f(X1,X2),X1),f(f(X2,f(f(X2,X1),f(X3,X4))),X3)),f(X0,X5))),X0),X3) = f(f(f(X6,f(f(X6,X7),X3)),f(f(f(f(f(X1,X2),X1),f(f(f(f(X1,X2),X1),f(f(X2,f(f(X2,X1),f(X3,X4))),X3)),f(X0,X5))),X0),X3)),f(f(X7,X6),X7)) [superposition 8,10]
[SA] active: 268. f(f(f(X1,f(f(X1,X2),X0)),f(f(f(X0,X3),X4),X0)),f(X2,X1)) = f(f(f(X6,f(f(X6,X7),f(X2,X1))),f(f(f(X1,f(f(X1,X2),X0)),f(f(f(X0,X3),X4),X0)),f(X2,X1))),f(f(X7,X6),X7)) [superposition 21,61]
[SA] active: 34. f(f(X2,f(f(X2,X3),f(X0,X1))),f(f(f(X1,f(f(X1,X0),f(X4,X5))),X4),f(X0,X1))) = f(f(f(X6,f(f(X6,X7),f(f(f(X1,f(f(X1,X0),f(X4,X5))),X4),f(X0,X1)))),f(f(X2,f(f(X2,X3),f(X0,X1))),f(f(f(X1,f(f(X1,X0),f(X4,X5))),X4),f(X0,X1)))),f(f(X7,X6),X7)) [superposition 8,9]
[SA] active: 285. f(f(X0,X4),f(f(X1,f(f(X1,X2),f(X0,X3))),X0)) = f(f(f(X5,f(f(X5,X6),f(f(X1,f(f(X1,X2),f(X0,X3))),X0))),f(f(X0,X4),f(f(X1,f(f(X1,X2),f(X0,X3))),X0))),f(f(X6,X5),X6)) [superposition 247,5]
[SA] active: 37. f(f(f(f(X1,f(f(X1,X0),f(X2,X3))),X2),f(X0,X1)),f(X2,f(X1,f(f(X1,X0),f(X2,X3))))) = f(f(f(X4,f(f(X4,X5),f(X2,f(X1,f(f(X1,X0),f(X2,X3)))))),f(f(f(f(X1,f(f(X1,X0),f(X2,X3))),X2),f(X0,X1)),f(X2,f(X1,f(f(X1,X0),f(X2,X3)))))),f(f(X5,X4),X5)) [superposition 8,9]
[SA] active: 297. f(f(X0,X1),f(f(X1,f(f(X1,X0),f(X2,X3))),X2)) = f(f(f(X4,f(f(X4,X5),f(f(X1,f(f(X1,X0),f(X2,X3))),X2))),f(f(X0,X1),f(f(X1,f(f(X1,X0),f(X2,X3))),X2))),f(f(X5,X4),X5)) [superposition 247,9]
[SA] active: 56. f(f(f(f(X5,f(f(X5,X6),f(X7,X8))),X7),f(X7,f(X0,X9))),X0) = f(f(f(f(f(X1,f(f(X1,X2),f(X3,X4))),X3),f(X3,X0)),f(f(f(f(X5,f(f(X5,X6),f(X7,X8))),X7),f(X7,f(X0,X9))),X0)),f(f(f(f(X2,X1),X2),f(f(X1,f(f(X1,X2),f(X3,X4))),X3)),f(f(X2,X1),X2))) [superposition 7,7]
[SA] active: 474. f(X3,f(f(X3,X4),X3)) = f(f(f(f(X4,f(f(X4,X3),X0)),f(f(f(X0,X1),X2),X0)),f(X3,f(f(X3,X4),X3))),f(f(f(f(f(X0,X1),X2),X0),f(X4,f(f(X4,X3),X0))),f(f(f(X0,X1),X2),X0))) [superposition 298,247]
[SA] active: 101. f(f(f(f(X5,f(f(X5,X6),f(X7,X8))),X7),f(X7,f(X0,X9))),X0) = f(f(f(f(f(X1,X2),X1),f(f(f(f(X1,X2),X1),f(f(X2,f(f(X2,X1),f(X3,X4))),X3)),X0)),f(f(f(f(X5,f(f(X5,X6),f(X7,X8))),X7),f(X7,f(X0,X9))),X0)),f(X3,f(f(X2,f(f(X2,X1),f(X3,X4))),X3))) [superposition 10,7]
[SA] active: 513. f(X4,X3) = f(f(f(f(X3,f(f(X3,X4),f(f(X0,X1),X2))),f(X0,f(f(X0,X1),X2))),f(X4,X3)),f(f(f(X0,f(f(X0,X1),X2)),f(X3,f(f(X3,X4),f(f(X0,X1),X2)))),f(X0,f(f(X0,X1),X2)))) [superposition 5,298]
[SA] active: 140. f(X2,f(f(X2,X1),f(X0,X3))) = f(f(X0,f(X2,f(f(X2,X1),f(X0,X3)))),f(f(f(X0,f(f(X2,f(f(X2,X1),f(X0,X3))),X0)),f(f(f(f(X1,X2),X1),f(f(f(f(X1,X2),X1),f(f(X2,f(f(X2,X1),f(X0,X3))),X0)),f(X0,X4))),X0)),f(X0,f(f(X2,f(f(X2,X1),f(X0,X3))),X0)))) [forward demodulation 119,5]
[SA] active: 8810. f(f(f(X1,f(f(X1,f(f(X1,X2),f(X0,X3))),X0)),X0),f(X2,X1)) = f(f(f(X4,f(f(X4,X5),f(X2,X1))),f(f(f(X1,f(f(X1,f(f(X1,X2),f(X0,X3))),X0)),X0),f(X2,X1))),f(f(X5,X4),X5)) [superposition 1746,5]
[SA] active: 91. f(X1,X2) = f(f(f(f(X2,f(f(X2,X1),X0)),f(f(f(f(X3,f(f(X3,X4),f(X5,X6))),X5),f(X5,f(X0,X7))),X0)),f(X1,X2)),f(f(f(f(f(f(X3,f(f(X3,X4),f(X5,X6))),X5),f(X5,f(X0,X7))),X0),f(X2,f(f(X2,X1),X0))),f(f(f(f(X3,f(f(X3,X4),f(X5,X6))),X5),f(X5,f(X0,X7))),X0))) [superposition 9,7]
[SA] active: 3763. f(f(f(f(f(f(X0,X1),X2),X0),f(X0,f(X4,X5))),X4),f(X4,X6)) = f(f(f(X7,f(f(X7,X8),f(X4,X6))),f(f(f(f(f(f(X0,X1),X2),X0),f(X0,f(X4,X5))),X4),f(X4,X6))),f(f(X8,X7),X8)) [superposition 482,61]
[SA] active: 57. f(X4,X3) = f(f(f(f(f(X1,f(f(X1,X2),f(f(f(X3,f(f(X3,X4),f(X0,X5))),X0),X6))),f(f(X3,f(f(X3,X4),f(X0,X5))),X0)),X0),f(X4,X3)),f(f(f(f(X2,X1),X2),f(f(X1,f(f(X1,X2),f(f(f(X3,f(f(X3,X4),f(X0,X5))),X0),X6))),f(f(X3,f(f(X3,X4),f(X0,X5))),X0))),f(f(X2,X1),X2))) [superposition 7,5]
[SA] active: 277. f(f(f(f(f(X1,X2),X1),X3),X4),f(f(X1,X2),X1)) = f(f(f(f(X2,f(f(X2,X1),f(X0,X5))),X0),f(f(f(f(f(X1,X2),X1),X3),X4),f(f(X1,X2),X1))),f(f(X0,f(X2,f(f(X2,X1),f(X0,X5)))),X0)) [superposition 247,5]
[SA] active: 68. f(f(f(f(f(X2,f(f(X2,X3),f(X0,X1))),f(f(f(X1,f(f(X1,X0),f(X4,X5))),X4),f(X0,X1))),f(f(f(f(X1,f(f(X1,X0),f(X4,X5))),X4),f(X0,X1)),f(X6,X7))),X6),f(f(f(f(X3,X2),X3),f(f(X2,f(f(X2,X3),f(X0,X1))),f(f(f(X1,f(f(X1,X0),f(X4,X5))),X4),f(X0,X1)))),f(f(X3,X2),X3))) = X6 [superposition 7,9]
[SA] active: 2801. f(f(f(f(f(f(X0,X1),X2),X0),f(X0,X3)),f(f(X0,X3),f(X5,X6))),X5) = f(f(f(X7,f(f(X7,X8),X5)),f(f(f(f(f(f(X0,X1),X2),X0),f(X0,X3)),f(f(X0,X3),f(X5,X6))),X5)),f(f(X8,X7),X8)) [superposition 255,234]
[SA] active: 89. f(f(X1,f(f(X1,X2),X0)),f(f(f(f(X3,f(f(X3,X4),f(X5,X6))),X5),f(X5,f(X0,X7))),X0)) = f(f(f(X8,f(f(X8,X9),f(f(f(f(X3,f(f(X3,X4),f(X5,X6))),X5),f(X5,f(X0,X7))),X0))),f(f(X1,f(f(X1,X2),X0)),f(f(f(f(X3,f(f(X3,X4),f(X5,X6))),X5),f(X5,f(X0,X7))),X0))),f(f(X9,X8),X9)) [superposition 8,7]
[SA] active: 2198. f(X1,f(f(f(f(X0,X2),X3),X0),f(X0,f(X1,X5)))) = f(f(f(X6,f(f(X6,X7),f(f(f(f(X0,X2),X3),X0),f(X0,f(X1,X5))))),f(X1,f(f(f(f(X0,X2),X3),X0),f(X0,f(X1,X5))))),f(f(X7,X6),X7)) [superposition 293,61]
[SA] active: 110. f(f(f(f(f(X2,X3),X2),f(f(f(f(X2,X3),X2),f(f(X3,f(f(X3,X2),f(X0,X1))),f(f(f(X1,f(f(X1,X0),f(X4,X5))),X4),f(X0,X1)))),f(X6,X7))),X6),f(f(f(f(X1,f(f(X1,X0),f(X4,X5))),X4),f(X0,X1)),f(f(X3,f(f(X3,X2),f(X0,X1))),f(f(f(X1,f(f(X1,X0),f(X4,X5))),X4),f(X0,X1))))) = X6 [superposition 10,9]
[SA] active: 8848. f(f(f(X0,X0),f(f(f(X0,X0),X0),X0)),f(f(f(X0,X0),X0),X0)) = f(f(f(X1,f(f(X1,X2),f(f(X0,X0),X0))),f(f(f(X0,X0),f(f(f(X0,X0),X0),X0)),f(f(f(X0,X0),X0),X0))),f(f(X2,X1),X2)) [superposition 1746,256]
[SA] active: 24. f(f(X4,f(f(X4,X5),f(X6,X7))),X6) = f(f(f(f(f(X8,f(f(X8,X9),X2)),f(f(X0,f(f(X0,X1),f(X2,X3))),X2)),f(f(f(X0,f(f(X0,X1),f(X2,X3))),X2),X6)),f(f(X4,f(f(X4,X5),f(X6,X7))),X6)),f(f(f(f(X9,X8),X9),f(f(X8,f(f(X8,X9),X2)),f(f(X0,f(f(X0,X1),f(X2,X3))),X2))),f(f(X9,X8),X9))) [superposition 8,8]
[SA] active: 740. f(f(f(f(f(f(f(X0,X1),X2),X0),X3),X4),f(f(f(X0,X1),X2),X0)),X0) = f(f(f(X6,f(f(X6,X7),X0)),f(f(f(f(f(f(f(X0,X1),X2),X0),X3),X4),f(f(f(X0,X1),X2),X0)),X0)),f(f(X7,X6),X7)) [superposition 489,61]
[SA] active: 25. f(f(X2,f(f(X2,X3),f(X4,X5))),X4) = f(f(f(f(f(f(X1,f(f(X1,X0),f(X6,X7))),X6),f(X0,X1)),f(f(X0,X1),X4)),f(f(X2,f(f(X2,X3),f(X4,X5))),X4)),f(f(f(f(X6,f(X1,f(f(X1,X0),f(X6,X7)))),X6),f(f(f(X1,f(f(X1,X0),f(X6,X7))),X6),f(X0,X1))),f(f(X6,f(X1,f(f(X1,X0),f(X6,X7)))),X6))) [superposition 8,9]
[SA] active: 6052. f(X0,f(X1,f(f(X1,f(f(X1,X2),f(X0,X3))),X0))) = f(f(f(X4,f(f(X4,X5),f(X1,f(f(X1,f(f(X1,X2),f(X0,X3))),X0)))),f(X0,f(X1,f(f(X1,f(f(X1,X2),f(X0,X3))),X0)))),f(f(X5,X4),X5)) [superposition 1333,5]
[SA] active: 30. f(f(f(f(X4,f(f(X4,X5),X2)),f(f(X0,f(f(X0,X1),f(X2,X3))),X2)),f(f(f(X0,f(f(X0,X1),f(X2,X3))),X2),f(X6,X7))),X6) = f(f(f(X8,f(f(X8,X9),X6)),f(f(f(f(X4,f(f(X4,X5),X2)),f(f(X0,f(f(X0,X1),f(X2,X3))),X2)),f(f(f(X0,f(f(X0,X1),f(X2,X3))),X2),f(X6,X7))),X6)),f(f(X9,X8),X9)) [superposition 8,8]
[SA] active: 250. f(f(f(f(f(X1,f(f(X1,X2),X0)),f(f(f(X0,X3),X4),X0)),f(f(f(f(X0,X3),X4),X0),f(X6,X7))),X6),f(f(f(f(X2,X1),X2),f(f(X1,f(f(X1,X2),X0)),f(f(f(X0,X3),X4),X0))),f(f(X2,X1),X2))) = X6 [superposition 7,61]
[SA] active: 41. f(f(X4,f(f(X4,X5),f(X6,X7))),X6) = f(f(f(f(f(X8,X9),X8),f(f(f(f(X8,X9),X8),f(f(X9,f(f(X9,X8),X2)),f(f(X0,f(f(X0,X1),f(X2,X3))),X2))),X6)),f(f(X4,f(f(X4,X5),f(X6,X7))),X6)),f(f(f(X0,f(f(X0,X1),f(X2,X3))),X2),f(f(X9,f(f(X9,X8),X2)),f(f(X0,f(f(X0,X1),f(X2,X3))),X2)))) [superposition 8,8]
[SA] active: 261. f(f(f(f(f(X1,X2),X1),f(f(f(f(X1,X2),X1),f(f(X2,f(f(X2,X1),X0)),f(f(f(X0,X3),X4),X0))),f(X6,X7))),X6),f(f(f(f(X0,X3),X4),X0),f(f(X2,f(f(X2,X1),X0)),f(f(f(X0,X3),X4),X0)))) = X6 [superposition 10,61]
[SA] active: 42. f(f(X2,f(f(X2,X3),f(X4,X5))),X4) = f(f(f(f(f(X6,f(X1,f(f(X1,X0),f(X6,X7)))),X6),f(f(f(f(X6,f(X1,f(f(X1,X0),f(X6,X7)))),X6),f(f(f(X1,f(f(X1,X0),f(X6,X7))),X6),f(X0,X1))),X4)),f(f(X2,f(f(X2,X3),f(X4,X5))),X4)),f(f(X0,X1),f(f(f(X1,f(f(X1,X0),f(X6,X7))),X6),f(X0,X1)))) [superposition 8,9]
[SA] active: 294. f(f(f(X0,f(f(X0,X1),f(X2,X3))),X2),f(X4,f(f(X4,X5),X2))) = f(f(f(X6,f(f(X6,X7),f(X4,f(f(X4,X5),X2)))),f(f(f(X0,f(f(X0,X1),f(X2,X3))),X2),f(X4,f(f(X4,X5),X2)))),f(f(X7,X6),X7)) [superposition 247,8]
[SA] active: 54. f(f(X8,f(f(X8,X9),X2)),f(f(X0,f(f(X0,X1),f(X2,X3))),X2)) = f(f(f(f(f(X4,f(f(X4,X5),f(X6,X7))),X6),f(X6,f(f(X0,f(f(X0,X1),f(X2,X3))),X2))),f(f(X8,f(f(X8,X9),X2)),f(f(X0,f(f(X0,X1),f(X2,X3))),X2))),f(f(f(f(X5,X4),X5),f(f(X4,f(f(X4,X5),f(X6,X7))),X6)),f(f(X5,X4),X5))) [superposition 7,8]
[SA] active: 1764. f(f(f(f(f(X1,X2),X3),X1),f(X1,X0)),f(f(f(X0,X4),X5),X0)) = f(f(f(X7,f(f(X7,X8),f(f(f(X0,X4),X5),X0))),f(f(f(f(f(X1,X2),X3),X1),f(X1,X0)),f(f(f(X0,X4),X5),X0))),f(f(X8,X7),X8)) [superposition 255,61]
[SA] active: 99. f(f(X8,f(f(X8,X9),X2)),f(f(X0,f(f(X0,X1),f(X2,X3))),X2)) = f(f(f(f(f(X4,X5),X4),f(f(f(f(X4,X5),X4),f(f(X5,f(f(X5,X4),f(X6,X7))),X6)),f(f(X0,f(f(X0,X1),f(X2,X3))),X2))),f(f(X8,f(f(X8,X9),X2)),f(f(X0,f(f(X0,X1),f(X2,X3))),X2))),f(X6,f(f(X5,f(f(X5,X4),f(X6,X7))),X6))) [superposition 10,8]
[SA] active: 462. f(X1,f(f(X1,X2),X3)) = f(f(f(f(f(X4,f(f(X4,X5),f(X0,X6))),X0),f(X0,f(f(X1,X2),X3))),f(X1,f(f(X1,X2),X3))),f(f(f(f(X5,X4),X5),f(f(X4,f(f(X4,X5),f(X0,X6))),X0)),f(f(X5,X4),X5))) [superposition 298,5]
[SA] active: 27. f(f(X4,f(f(X4,X5),f(f(f(X6,X7),X6),X8))),f(f(X6,X7),X6)) = f(f(f(f(X7,f(f(X7,X6),X2)),f(f(X0,f(f(X0,X1),f(X2,X3))),X2)),f(f(X4,f(f(X4,X5),f(f(f(X6,X7),X6),X8))),f(f(X6,X7),X6))),f(f(f(f(X0,f(f(X0,X1),f(X2,X3))),X2),f(X7,f(f(X7,X6),X2))),f(f(X0,f(f(X0,X1),f(X2,X3))),X2))) [superposition 8,8]
[SA] active: 502. f(X1,f(f(X1,X2),X3)) = f(f(f(f(f(X4,X5),X4),f(f(f(f(X4,X5),X4),f(f(X5,f(f(X5,X4),f(X0,X6))),X0)),f(f(X1,X2),X3))),f(X1,f(f(X1,X2),X3))),f(X0,f(f(X5,f(f(X5,X4),f(X0,X6))),X0))) [superposition 298,5]
[SA] active: 43. f(f(f(X0,f(f(X0,X1),f(X2,X3))),X2),f(X4,f(f(X4,X5),X2))) = f(f(f(f(f(X4,f(f(X4,X5),X2)),f(f(X0,f(f(X0,X1),f(X2,X3))),X2)),f(X5,X4)),f(f(f(X0,f(f(X0,X1),f(X2,X3))),X2),f(X4,f(f(X4,X5),X2)))),f(f(f(X5,X4),f(f(X4,f(f(X4,X5),X2)),f(f(X0,f(f(X0,X1),f(X2,X3))),X2))),f(X5,X4))) [superposition 9,8]
[SA] active: 530. f(f(X5,f(f(X5,X6),f(f(X0,X1),X2))),f(X0,f(f(X0,X1),X2))) = f(f(f(X3,f(f(X3,X4),f(X0,f(f(X0,X1),X2)))),f(f(X5,f(f(X5,X6),f(f(X0,X1),X2))),f(X0,f(f(X0,X1),X2)))),f(f(X4,X3),X4)) [superposition 5,298]
[SA] active: 69. f(f(f(f(f(X1,f(f(X1,X2),X0)),f(f(f(f(X3,f(f(X3,X4),f(X5,X6))),X5),f(X5,f(X0,X7))),X0)),f(f(f(f(f(X3,f(f(X3,X4),f(X5,X6))),X5),f(X5,f(X0,X7))),X0),f(X8,X9))),X8),f(f(f(f(X2,X1),X2),f(f(X1,f(f(X1,X2),X0)),f(f(f(f(X3,f(f(X3,X4),f(X5,X6))),X5),f(X5,f(X0,X7))),X0))),f(f(X2,X1),X2))) = X8 [superposition 7,7]
[SA] active: 2803. f(f(f(X0,X3),X4),f(f(f(f(X0,X1),X2),X0),f(X0,X3))) = f(f(f(X6,f(f(X6,X7),f(f(f(f(X0,X1),X2),X0),f(X0,X3)))),f(f(f(X0,X3),X4),f(f(f(f(X0,X1),X2),X0),f(X0,X3)))),f(f(X7,X6),X7)) [superposition 290,234]
[SA] active: 111. f(f(f(f(f(X1,X2),X1),f(f(f(f(X1,X2),X1),f(f(X2,f(f(X2,X1),X0)),f(f(f(f(X3,f(f(X3,X4),f(X5,X6))),X5),f(X5,f(X0,X7))),X0))),f(X8,X9))),X8),f(f(f(f(f(X3,f(f(X3,X4),f(X5,X6))),X5),f(X5,f(X0,X7))),X0),f(f(X2,f(f(X2,X1),X0)),f(f(f(f(X3,f(f(X3,X4),f(X5,X6))),X5),f(X5,f(X0,X7))),X0)))) = X8 [superposition 10,7]
[SA] active: 1018. f(f(f(X1,f(f(X1,X0),f(X4,X5))),X4),f(X0,f(f(X0,X1),X0))) = f(f(f(X2,f(f(X2,X3),f(X0,f(f(X0,X1),X0)))),f(f(f(X1,f(f(X1,X0),f(X4,X5))),X4),f(X0,f(f(X0,X1),X0)))),f(f(X3,X2),X3)) [superposition 5,472]
[SA] active: 75. f(f(f(f(f(f(f(X1,X2),X1),f(f(f(f(X1,X2),X1),f(f(X2,f(f(X2,X1),f(X0,X3))),X0)),f(X4,X5))),X4),f(X4,f(X6,X7))),X6),f(f(f(X0,f(f(X2,f(f(X2,X1),f(X0,X3))),X0)),f(f(f(f(X1,X2),X1),f(f(f(f(X1,X2),X1),f(f(X2,f(f(X2,X1),f(X0,X3))),X0)),f(X4,X5))),X4)),f(X0,f(f(X2,f(f(X2,X1),f(X0,X3))),X0)))) = X6 [superposition 7,5]
[SA] active: 3919. f(f(X1,X0),X1) = f(f(f(f(X0,f(f(X0,X1),f(f(f(X1,X0),X1),X2))),f(f(X1,X0),X1)),f(f(f(X1,X0),X1),X2)),f(f(f(f(X1,X0),X1),f(X0,f(f(X0,X1),f(f(f(X1,X0),X1),X2)))),f(f(X1,X0),X1))) [superposition 5,482]
[SA] active: 83. f(f(f(f(f(f(f(X1,f(f(X1,X2),f(X3,X4))),X3),f(X3,f(X0,X5))),X0),f(X0,f(X6,X7))),X6),f(f(f(f(f(f(X2,X1),X2),f(f(X1,f(f(X1,X2),f(X3,X4))),X3)),f(f(X2,X1),X2)),f(f(f(f(X1,f(f(X1,X2),f(X3,X4))),X3),f(X3,f(X0,X5))),X0)),f(f(f(f(X2,X1),X2),f(f(X1,f(f(X1,X2),f(X3,X4))),X3)),f(f(X2,X1),X2)))) = X6 [superposition 5,7]
[SA] active: 58451. f(f(X0,X1),X0) = f(f(f(X3,f(f(X3,X4),f(f(X0,X1),X0))),f(f(X0,X1),X0)),f(f(X4,X3),X4)) [forward demodulation 57985,5]
[SA] active: 85. f(f(f(f(f(f(f(X1,X2),X1),f(f(X2,f(f(X2,X1),f(X3,X4))),X3)),f(f(X1,X2),X1)),f(f(f(f(f(f(X1,X2),X1),f(f(X2,f(f(X2,X1),f(X3,X4))),X3)),f(f(X1,X2),X1)),f(f(f(f(X2,f(f(X2,X1),f(X3,X4))),X3),f(X3,f(X0,X5))),X0)),f(X6,X7))),X6),f(X0,f(f(f(f(X2,f(f(X2,X1),f(X3,X4))),X3),f(X3,f(X0,X5))),X0))) = X6 [superposition 5,7]
[SA] active: 61041. f(f(X1,X2),X1) = f(X0,f(f(X0,f(X2,f(f(X2,X1),f(X0,X3)))),X0)) [forward demodulation 60058,5]
[SA] active: 128. f(f(f(f(X1,f(f(X2,f(f(X2,X3),f(X1,X4))),X1)),f(f(f(X1,f(f(X2,f(f(X2,X3),f(X1,X4))),X1)),f(f(f(f(X3,X2),X3),f(f(f(f(X3,X2),X3),f(f(X2,f(f(X2,X3),f(X1,X4))),X1)),f(X0,X5))),X0)),f(X6,X7))),X6),f(X0,f(f(f(f(X3,X2),X3),f(f(f(f(X3,X2),X3),f(f(X2,f(f(X2,X3),f(X1,X4))),X1)),f(X0,X5))),X0))) = X6 [superposition 5,10]
[SA] active: 63814. f(f(f(X2,f(f(X2,X3),f(f(X0,X1),X0))),X4),f(f(X3,X2),X3)) = X4 [superposition 5,61041]
[SA] active: 18. f(f(X0,X1),f(f(X1,f(f(X1,X0),f(X2,X3))),X2)) = f(f(f(f(f(f(X1,f(f(X1,X0),f(X2,X3))),X2),f(X0,X1)),f(X2,f(X1,f(f(X1,X0),f(X2,X3))))),f(f(X0,X1),f(f(X1,f(f(X1,X0),f(X2,X3))),X2))),f(f(f(X2,f(X1,f(f(X1,X0),f(X2,X3)))),f(f(f(X1,f(f(X1,X0),f(X2,X3))),X2),f(X0,X1))),f(X2,f(X1,f(f(X1,X0),f(X2,X3)))))) [superposition 9,9]
[SA] active: 66089. f(f(f(X2,f(f(X0,X1),X0)),X5),f(f(X3,X2),X3)) = X5 [superposition 63814,61041]
[SA] active: 52. f(f(X0,f(f(X0,X1),f(X2,X3))),X2) = f(f(f(f(f(f(X5,X4),X5),f(f(f(f(X5,X4),X5),f(f(X4,f(f(X4,X5),X2)),f(f(X0,f(f(X0,X1),f(X2,X3))),X2))),f(X6,X7))),X6),f(f(X0,f(f(X0,X1),f(X2,X3))),X2)),f(f(X6,f(f(f(X5,X4),X5),f(f(f(f(X5,X4),X5),f(f(X4,f(f(X4,X5),X2)),f(f(X0,f(f(X0,X1),f(X2,X3))),X2))),f(X6,X7)))),X6)) [superposition 9,8]
[SA] active: 71493. X2 = X6 [forward demodulation 71491,70067]
% Refutation found. Thanks to Tanya!
% SZS status Unsatisfiable for p
% SZS output start Proof for p
1. ! [X0,X1,X2,X3] : X1 = f(f(f(X2,f(f(X2,X3),f(X1,X0))),X1),f(f(X3,X2),X3)) [input(axiom)]
2. ? [X0,X1] : X0 != X1 [input(axiom)]
3. ? [X0,X1] : X0 != X1 => sK0 != sK1 [skolem symbol introduction]
4. sK0 != sK1 [skolemisation 2,3]
5. f(f(f(X2,f(f(X2,X3),f(X1,X0))),X1),f(f(X3,X2),X3)) = X1 [cnf transformation 1]
6. sK0 != sK1 [cnf transformation 4]
7. f(f(f(f(f(X1,f(f(X1,X2),f(X0,X3))),X0),f(X0,f(X4,X5))),X4),f(f(f(f(X2,X1),X2),f(f(X1,f(f(X1,X2),f(X0,X3))),X0)),f(f(X2,X1),X2))) = X4 [superposition 5,5]
8. f(f(X3,f(f(X3,X4),f(X0,X5))),X0) = f(f(f(X1,f(f(X1,X2),X0)),f(f(X3,f(f(X3,X4),f(X0,X5))),X0)),f(f(X2,X1),X2)) [superposition 5,5]
9. f(X2,X1) = f(f(f(f(X1,f(f(X1,X2),f(X0,X3))),X0),f(X2,X1)),f(f(X0,f(X1,f(f(X1,X2),f(X0,X3)))),X0)) [superposition 5,5]
11. f(f(f(f(f(f(X2,X1),X2),f(f(f(f(X2,X1),X2),f(f(X1,f(f(X1,X2),f(X0,X3))),X0)),f(X4,X5))),X4),X0),f(f(X4,f(f(f(X2,X1),X2),f(f(f(f(X2,X1),X2),f(f(X1,f(f(X1,X2),f(X0,X3))),X0)),f(X4,X5)))),X4)) = X0 [superposition 9,5]
52. f(f(X0,f(f(X0,X1),f(X2,X3))),X2) = f(f(f(f(f(f(X5,X4),X5),f(f(f(f(X5,X4),X5),f(f(X4,f(f(X4,X5),X2)),f(f(X0,f(f(X0,X1),f(X2,X3))),X2))),f(X6,X7))),X6),f(f(X0,f(f(X0,X1),f(X2,X3))),X2)),f(f(X6,f(f(f(X5,X4),X5),f(f(f(f(X5,X4),X5),f(f(X4,f(f(X4,X5),X2)),f(f(X0,f(f(X0,X1),f(X2,X3))),X2))),f(X6,X7)))),X6)) [superposition 9,8]
61. f(f(f(f(X0,X1),X2),X0),f(f(f(f(f(X0,X1),X2),f(X0,X1)),f(f(X2,f(f(X2,f(X0,X1)),f(f(f(X0,X1),X2),X3))),f(f(X0,X1),X2))),f(f(f(X0,X1),X2),f(X0,X1)))) = X0 [superposition 7,5]
247. f(f(f(X0,X3),X4),X0) = f(f(f(X1,f(f(X1,X2),X0)),f(f(f(X0,X3),X4),X0)),f(f(X2,X1),X2)) [superposition 5,61]
298. f(X0,f(f(X0,X1),X2)) = f(f(f(X4,f(f(X4,X5),f(f(X0,X1),X2))),f(X0,f(f(X0,X1),X2))),f(f(X5,X4),X5)) [superposition 247,61]
482. f(f(f(X1,f(f(X1,X2),f(X0,X3))),X0),f(X0,X4)) = f(f(f(X5,f(f(X5,X6),f(X0,X4))),f(f(f(X1,f(f(X1,X2),f(X0,X3))),X0),f(X0,X4))),f(f(X6,X5),X6)) [superposition 298,5]
3919. f(f(X1,X0),X1) = f(f(f(f(X0,f(f(X0,X1),f(f(f(X1,X0),X1),X2))),f(f(X1,X0),X1)),f(f(f(X1,X0),X1),X2)),f(f(f(f(X1,X0),X1),f(X0,f(f(X0,X1),f(f(f(X1,X0),X1),X2)))),f(f(X1,X0),X1))) [superposition 5,482]
57985. f(f(f(X1,f(f(X1,X0),f(f(f(X0,X1),X0),X2))),f(f(X0,X1),X0)),f(f(X0,X1),X0)) = f(f(f(X3,f(f(X3,X4),f(f(X0,X1),X0))),f(f(f(X1,f(f(X1,X0),f(f(f(X0,X1),X0),X2))),f(f(X0,X1),X0)),f(f(X0,X1),X0))),f(f(X4,X3),X4)) [superposition 298,3919]
58451. f(f(X0,X1),X0) = f(f(f(X3,f(f(X3,X4),f(f(X0,X1),X0))),f(f(X0,X1),X0)),f(f(X4,X3),X4)) [forward demodulation 57985,5]
60058. f(f(X1,X2),X1) = f(f(f(f(X2,f(f(X2,X1),f(X0,X3))),X0),f(f(X1,X2),X1)),f(f(X0,f(X2,f(f(X2,X1),f(X0,X3)))),X0)) [superposition 58451,5]
61041. f(f(X1,X2),X1) = f(X0,f(f(X0,f(X2,f(f(X2,X1),f(X0,X3)))),X0)) [forward demodulation 60058,5]
63814. f(f(f(X2,f(f(X2,X3),f(f(X0,X1),X0))),X4),f(f(X3,X2),X3)) = X4 [superposition 5,61041]
66007. f(f(f(f(X1,f(f(X1,X2),f(X0,X3))),X0),X4),f(f(X0,f(X1,f(f(X1,X2),f(X0,X3)))),X0)) = X4 [superposition 63814,5]
66089. f(f(f(X2,f(f(X0,X1),X0)),X5),f(f(X3,X2),X3)) = X5 [superposition 63814,61041]
68297. f(f(X0,X6),f(f(X7,f(f(f(f(f(X1,X2),X1),f(f(f(f(X1,X2),X1),f(f(X2,f(f(X2,X1),f(X0,X3))),X0)),f(X4,X5))),X4),X0)),X7)) = X6 [superposition 66089,11]
68501. f(f(X0,X1),X0) = f(f(f(X0,X1),X0),X2) [superposition 3919,66089]
68534. f(f(X0,f(f(X1,X2),X1)),X0) = f(f(f(f(f(f(X1,X2),X1),f(f(f(f(X1,X2),X1),X0),X0)),f(f(X0,f(f(X1,X2),X1)),X0)),X0),f(f(f(f(X0,f(f(X1,X2),X1)),X0),f(f(f(X1,X2),X1),f(f(f(f(X1,X2),X1),X0),X0))),f(f(X0,f(f(X1,X2),X1)),X0))) [superposition 3919,66089]
69537. f(f(X0,f(f(X1,X2),X1)),X0) = X0 [forward demodulation 68534,66089]
69728. f(f(X0,X6),f(f(X7,f(f(f(f(X1,X2),X1),X4),X0)),X7)) = X6 [forward demodulation 68297,68501]
69904. f(f(X0,X6),f(f(X7,f(f(f(X1,X2),X1),X0)),X7)) = X6 [forward demodulation 69728,68501]
70042. f(f(X0,X6),f(f(X7,f(f(X1,X2),X1)),X7)) = X6 [forward demodulation 69904,68501]
70067. f(f(X0,X6),X7) = X6 [forward demodulation 70042,69537]
71458. f(f(f(X0,f(f(X0,X1),f(X2,X3))),X2),f(f(f(f(f(X4,X5),X4),f(f(f(f(X4,X5),X4),f(f(X5,f(f(X5,X4),X2)),f(f(X0,f(f(X0,X1),f(X2,X3))),X2))),f(X6,X7))),X6),f(f(X0,f(f(X0,X1),f(X2,X3))),X2))) = f(f(f(f(f(f(X6,f(f(f(X4,X5),X4),f(f(f(f(X4,X5),X4),f(f(X5,f(f(X5,X4),X2)),f(f(X0,f(f(X0,X1),f(X2,X3))),X2))),f(X6,X7)))),X6),f(f(f(f(X6,f(f(f(X4,X5),X4),f(f(f(f(X4,X5),X4),f(f(X5,f(f(X5,X4),X2)),f(f(X0,f(f(X0,X1),f(X2,X3))),X2))),f(X6,X7)))),X6),f(f(f(f(f(X4,X5),X4),f(f(f(f(X4,X5),X4),f(f(X5,f(f(X5,X4),X2)),f(f(X0,f(f(X0,X1),f(X2,X3))),X2))),f(X6,X7))),X6),f(f(X0,f(f(X0,X1),f(X2,X3))),X2))),f(f(f(f(X0,f(f(X0,X1),f(X2,X3))),X2),f(f(f(f(f(X4,X5),X4),f(f(f(f(X4,X5),X4),f(f(X5,f(f(X5,X4),X2)),f(f(X0,f(f(X0,X1),f(X2,X3))),X2))),f(X6,X7))),X6),f(f(X0,f(f(X0,X1),f(X2,X3))),X2))),X8))),f(f(f(X0,f(f(X0,X1),f(X2,X3))),X2),f(f(f(f(f(X4,X5),X4),f(f(f(f(X4,X5),X4),f(f(X5,f(f(X5,X4),X2)),f(f(X0,f(f(X0,X1),f(X2,X3))),X2))),f(X6,X7))),X6),f(f(X0,f(f(X0,X1),f(X2,X3))),X2)))),f(f(f(f(X0,f(f(X0,X1),f(X2,X3))),X2),f(f(f(f(f(X4,X5),X4),f(f(f(f(X4,X5),X4),f(f(X5,f(f(X5,X4),X2)),f(f(X0,f(f(X0,X1),f(X2,X3))),X2))),f(X6,X7))),X6),f(f(X0,f(f(X0,X1),f(X2,X3))),X2))),X8)),f(f(f(f(f(X0,f(f(X0,X1),f(X2,X3))),X2),f(f(f(f(f(X4,X5),X4),f(f(f(f(X4,X5),X4),f(f(X5,f(f(X5,X4),X2)),f(f(X0,f(f(X0,X1),f(X2,X3))),X2))),f(X6,X7))),X6),f(f(X0,f(f(X0,X1),f(X2,X3))),X2))),f(f(f(X6,f(f(f(X4,X5),X4),f(f(f(f(X4,X5),X4),f(f(X5,f(f(X5,X4),X2)),f(f(X0,f(f(X0,X1),f(X2,X3))),X2))),f(X6,X7)))),X6),f(f(f(f(X6,f(f(f(X4,X5),X4),f(f(f(f(X4,X5),X4),f(f(X5,f(f(X5,X4),X2)),f(f(X0,f(f(X0,X1),f(X2,X3))),X2))),f(X6,X7)))),X6),f(f(f(f(f(X4,X5),X4),f(f(f(f(X4,X5),X4),f(f(X5,f(f(X5,X4),X2)),f(f(X0,f(f(X0,X1),f(X2,X3))),X2))),f(X6,X7))),X6),f(f(X0,f(f(X0,X1),f(X2,X3))),X2))),f(f(f(f(X0,f(f(X0,X1),f(X2,X3))),X2),f(f(f(f(f(X4,X5),X4),f(f(f(f(X4,X5),X4),f(f(X5,f(f(X5,X4),X2)),f(f(X0,f(f(X0,X1),f(X2,X3))),X2))),f(X6,X7))),X6),f(f(X0,f(f(X0,X1),f(X2,X3))),X2))),X8)))),f(f(f(X0,f(f(X0,X1),f(X2,X3))),X2),f(f(f(f(f(X4,X5),X4),f(f(f(f(X4,X5),X4),f(f(X5,f(f(X5,X4),X2)),f(f(X0,f(f(X0,X1),f(X2,X3))),X2))),f(X6,X7))),X6),f(f(X0,f(f(X0,X1),f(X2,X3))),X2))))) [superposition 3919,52]
71487. f(f(f(X0,f(f(X0,X1),f(X2,X3))),X2),f(f(f(f(f(X4,X5),X4),f(f(f(f(X4,X5),X4),f(f(X5,f(f(X5,X4),X2)),f(f(X0,f(f(X0,X1),f(X2,X3))),X2))),f(X6,X7))),X6),f(f(X0,f(f(X0,X1),f(X2,X3))),X2))) = f(f(f(f(X0,f(f(X0,X1),f(X2,X3))),X2),f(f(f(f(f(X4,X5),X4),f(f(f(f(X4,X5),X4),f(f(X5,f(f(X5,X4),X2)),f(f(X0,f(f(X0,X1),f(X2,X3))),X2))),f(X6,X7))),X6),f(f(X0,f(f(X0,X1),f(X2,X3))),X2))),X8) [forward demodulation 71458,66007]
71489. f(f(f(f(f(X4,X5),X4),f(f(f(f(X4,X5),X4),f(f(X5,f(f(X5,X4),X2)),f(f(X0,f(f(X0,X1),f(X2,X3))),X2))),f(X6,X7))),X6),f(f(X0,f(f(X0,X1),f(X2,X3))),X2)) = f(f(f(X0,f(f(X0,X1),f(X2,X3))),X2),f(f(f(f(f(X4,X5),X4),f(f(f(f(X4,X5),X4),f(f(X5,f(f(X5,X4),X2)),f(f(X0,f(f(X0,X1),f(X2,X3))),X2))),f(X6,X7))),X6),f(f(X0,f(f(X0,X1),f(X2,X3))),X2))) [forward demodulation 71487,70067]
71491. f(f(f(f(f(X4,X5),X4),f(f(f(f(X4,X5),X4),f(f(X5,f(f(X5,X4),X2)),f(f(X0,f(f(X0,X1),f(X2,X3))),X2))),f(X6,X7))),X6),f(f(X0,f(f(X0,X1),f(X2,X3))),X2)) = X2 [forward demodulation 71489,70067]
71493. X2 = X6 [forward demodulation 71491,70067]
73090. sK0 != X0 [superposition 6,71493]
74685. $false [forward subsumption resolution 73090,71493]
% SZS output end Proof for p
% ------------------------------
% Version: Vampire 5.0.1 (Release build, commit 1b13eaf on 2026-01-18 12:14:50 +0000)
% Linked with Z3 4.14.0.0 3c47fd96cf5645d0c42b2c819d9e9a84380aa721 NOTFOUND
% CaDiCaL version: 2.1.3
% Termination reason: Refutation
% Time elapsed: 8.656 s
% Peak memory usage: 475 MB
% Instructions burned: 31231 (million)
% ------------------------------
% ------------------------------
