% law: x = (((y ◇ ((y ◇ z) ◇ x)) ◇ x) ◇ ((z ◇ y) ◇ z))
% config: vampire/sat/otter+lpo @ 30s

% Running in auto input_syntax mode. Trying TPTP
[SA] active: 6. sK0 != sK1 [cnf transformation 4]
[SA] active: 5. f(f(f(X1,f(f(X1,X2),X0)),X0),f(f(X2,X1),X2)) = X0 [cnf transformation 1]
[SA] active: 10. f(f(X2,X1),X2) = f(X0,f(f(X0,f(X1,f(f(X1,X2),X0))),X0)) [forward demodulation 8,5]
[SA] active: 7. f(f(f(f(f(X1,f(f(X1,X2),X0)),X0),f(X0,X3)),X3),f(f(f(f(X2,X1),X2),f(f(X1,f(f(X1,X2),X0)),X0)),f(f(X2,X1),X2))) = X3 [superposition 5,5]
[SA] active: 43. f(f(f(X0,X1),f(X1,f(f(X1,X0),f(X0,X1)))),f(X0,X1)) = X0 [forward demodulation 23,13]
[SA] active: 9. f(f(f(f(f(X1,X2),X1),f(f(f(f(X1,X2),X1),f(f(X2,f(f(X2,X1),X0)),X0)),X3)),X3),f(X0,f(f(X2,f(f(X2,X1),X0)),X0))) = X3 [superposition 5,5]
[SA] active: 16. f(f(f(f(X0,X1),X0),X2),f(f(f(X1,f(f(X1,X0),X2)),X2),f(X1,f(f(X1,X0),X2)))) = X2 [superposition 5,10]
[SA] active: 15. f(f(f(X1,f(f(X1,X0),X2)),X2),f(X1,f(f(X1,X0),X2))) = f(X2,f(f(X2,f(f(X0,X1),X0)),X2)) [superposition 10,10]
[SA] active: 187. f(f(X0,X2),f(X2,f(f(X2,X0),X2))) = X2 [forward demodulation 172,43]
[SA] active: 13. f(f(X0,f(X1,f(f(X1,X2),X0))),X0) = f(f(f(X2,X1),X2),f(f(f(f(X2,X1),X2),f(f(X1,f(f(X1,X2),X0)),X0)),f(f(X2,X1),X2))) [superposition 10,5]
[SA] active: 257. f(X1,X0) = f(f(f(X0,f(f(X0,X1),X0)),f(X1,X0)),f(f(X1,X0),f(X0,f(X1,X0)))) [superposition 187,187]
[SA] active: 17. f(f(f(f(f(X2,f(X1,f(f(X1,X0),X2))),X2),f(f(f(f(X2,f(X1,f(f(X1,X0),X2))),X2),X2),X3)),X3),f(f(f(X0,X1),X0),X2)) = X3 [superposition 5,10]
[SA] active: 262. f(f(f(f(X2,f(X1,f(f(X1,X0),X2))),X2),X2),f(X2,f(f(f(X0,X1),X0),X2))) = X2 [superposition 187,10]
[SA] active: 18. f(f(f(X2,f(f(f(X0,X1),X0),X3)),X3),f(f(f(f(X2,f(X1,f(f(X1,X0),X2))),X2),X2),f(f(X2,f(X1,f(f(X1,X0),X2))),X2))) = X3 [superposition 5,10]
[SA] active: 294. f(X0,f(f(X0,X1),X0)) = f(f(f(f(X0,X1),X0),f(X0,f(f(X0,X1),X0))),f(X0,f(X1,X0))) [forward demodulation 267,187]
[SA] active: 11. f(f(f(f(X1,X2),X1),f(f(X2,f(f(X2,X1),X0)),X0)),f(f(X1,X2),X1)) = f(X3,f(f(X3,f(f(f(X2,f(f(X2,X1),X0)),X0),f(X0,X3))),X3)) [superposition 10,5]
[SA] active: 221. f(f(f(X0,f(f(X0,f(X2,f(f(X2,X1),X0))),X3)),X3),f(X0,f(f(X0,f(f(X1,X2),X1)),X0))) = X3 [superposition 5,15]
[SA] active: 12. f(f(f(f(X2,f(X1,f(f(X1,X0),X2))),X2),X2),f(f(X2,f(X1,f(f(X1,X0),X2))),X2)) = f(X3,f(f(X3,f(X2,f(f(f(X0,X1),X0),X3))),X3)) [superposition 10,10]
[SA] active: 1313. f(f(f(X1,f(f(f(X2,X3),X2),X4)),X4),f(X0,f(f(X0,f(X1,f(f(f(X2,X3),X2),X0))),X0))) = X4 [superposition 18,12]
[SA] active: 40. f(f(f(f(f(f(X0,X1),X0),X2),f(X2,X3)),X3),f(f(f(X2,f(f(X2,f(f(X0,X1),X0)),X2)),f(f(f(X0,X1),X0),X2)),f(X2,f(f(X2,f(f(X0,X1),X0)),X2)))) = X3 [forward demodulation 30,15]
[SA] active: 1543. f(f(f(X1,f(X0,X3)),X3),f(X4,f(f(X4,f(X1,f(X0,X4))),X4))) = X3 [superposition 1313,43]
[SA] active: 98. f(f(f(f(X2,f(f(X2,f(f(X0,X1),X0)),X2)),f(f(f(X2,f(f(X2,f(f(X0,X1),X0)),X2)),f(f(f(X0,X1),X0),X2)),X3)),X3),f(X2,f(f(f(X0,X1),X0),X2))) = X3 [forward demodulation 81,15]
[SA] active: 2125. f(X0,f(f(X0,f(X1,f(X2,X0))),X0)) = f(X3,f(f(X3,f(X1,f(X2,X3))),X3)) [forward demodulation 2035,1543]
[SA] active: 19. f(f(f(X2,X3),f(X1,f(f(X1,X0),f(X2,X3)))),f(X2,X3)) = f(f(f(X2,f(f(X0,X1),X0)),f(f(f(X2,X3),f(X1,f(f(X1,X0),f(X2,X3)))),f(X2,X3))),f(f(X3,X2),X3)) [superposition 5,10]
[SA] active: 1949. f(f(X0,X1),X0) = f(f(X0,f(f(X0,X1),X0)),f(X2,f(f(X2,f(f(X1,X0),f(X0,X2))),X2))) [superposition 1543,187]
[SA] active: 22. f(f(X4,f(X1,f(f(X1,X0),X4))),X4) = f(f(f(f(f(X2,f(f(X2,X3),X4)),X4),f(f(X0,X1),X0)),f(f(X4,f(X1,f(f(X1,X0),X4))),X4)),f(f(f(f(X3,X2),X3),f(f(X2,f(f(X2,X3),X4)),X4)),f(f(X3,X2),X3))) [superposition 7,10]
[SA] active: 1953. f(f(X0,X2),f(X3,f(f(X3,f(f(f(X1,f(f(X1,X2),X0)),X0),f(f(X2,X1),X3))),X3))) = X2 [superposition 1543,5]
[SA] active: 14. f(f(X2,X3),X2) = f(f(f(f(X3,X2),f(X1,f(f(X1,X0),f(X3,X2)))),f(X3,X2)),f(f(f(f(f(X3,X2),f(X1,f(f(X1,X0),f(X3,X2)))),f(X3,X2)),f(X3,f(f(X0,X1),X0))),f(f(f(X3,X2),f(X1,f(f(X1,X0),f(X3,X2)))),f(X3,X2)))) [superposition 10,10]
[SA] active: 2004. f(f(f(f(f(X1,f(f(X1,X2),X0)),X0),f(f(X2,X1),X3)),X3),f(X2,f(f(X2,X0),X2))) = X3 [superposition 1543,5]
[SA] active: 41. f(f(f(X0,f(f(f(f(f(X2,X1),X2),f(f(X1,f(f(X1,X2),X3)),X3)),f(f(X2,X1),X2)),X4)),X4),f(f(f(f(X0,f(f(f(X1,f(f(X1,X2),X3)),X3),f(X3,X0))),X0),X0),f(f(X0,f(f(f(X1,f(f(X1,X2),X3)),X3),f(X3,X0))),X0))) = X4 [forward demodulation 28,7]
[SA] active: 2141. f(f(X0,X1),f(f(f(X0,X1),f(f(X0,X1),f(X1,f(f(X1,X0),f(X0,X1))))),f(X0,X1))) = X1 [forward demodulation 1944,62]
[SA] active: 101. f(f(f(f(f(X0,f(f(f(X1,f(f(X1,X2),X3)),X3),f(X3,X0))),X0),f(f(f(f(X0,f(f(f(X1,f(f(X1,X2),X3)),X3),f(X3,X0))),X0),X0),X4)),X4),f(f(f(f(f(X2,X1),X2),f(f(X1,f(f(X1,X2),X3)),X3)),f(f(X2,X1),X2)),X0)) = X4 [forward demodulation 77,7]
[SA] active: 5726. f(X1,X0) = f(f(X0,f(X1,X0)),f(X1,f(f(X1,X0),f(X0,f(f(X0,X1),f(X1,X0)))))) [forward demodulation 5546,43]
[SA] active: 20. f(f(X4,X3),X4) = f(f(f(f(f(X1,f(f(X1,X2),f(f(X3,f(f(X3,X4),X0)),X0))),f(f(X3,f(f(X3,X4),X0)),X0)),X0),f(f(X4,X3),X4)),f(f(f(f(X2,X1),X2),f(f(X1,f(f(X1,X2),f(f(X3,f(f(X3,X4),X0)),X0))),f(f(X3,f(f(X3,X4),X0)),X0))),f(f(X2,X1),X2))) [superposition 7,5]
[SA] active: 286. f(X1,X0) = f(f(X0,f(f(X0,f(f(X0,X1),X0)),f(f(f(X0,f(f(X0,X1),X0)),f(X1,X0)),X0))),X0) [superposition 43,187]
[SA] active: 96. f(f(f(X0,f(f(X3,f(f(X2,f(f(X2,X1),X3)),X3)),X4)),X4),f(f(f(f(X0,f(f(f(X1,X2),X1),f(f(f(f(X1,X2),X1),f(f(X2,f(f(X2,X1),X3)),X3)),X0))),X0),X0),f(f(X0,f(f(f(X1,X2),X1),f(f(f(f(X1,X2),X1),f(f(X2,f(f(X2,X1),X3)),X3)),X0))),X0))) = X4 [forward demodulation 83,9]
[SA] active: 1995. f(f(f(f(f(X0,X1),f(X1,f(f(X1,X0),f(X0,X1)))),f(X0,X2)),X2),f(X1,f(f(X1,X0),X1))) = X2 [superposition 1543,43]
[SA] active: 99. f(f(f(f(f(X0,f(f(f(X1,X2),X1),f(f(f(f(X1,X2),X1),f(f(X2,f(f(X2,X1),X3)),X3)),X0))),X0),f(f(f(f(X0,f(f(f(X1,X2),X1),f(f(f(f(X1,X2),X1),f(f(X2,f(f(X2,X1),X3)),X3)),X0))),X0),X0),X4)),X4),f(f(X3,f(f(X2,f(f(X2,X1),X3)),X3)),X0)) = X4 [forward demodulation 80,9]
[SA] active: 2423. f(X1,f(f(X1,f(f(f(X2,f(f(X2,X3),X0)),X0),f(f(X3,X2),X1))),X1)) = f(X3,f(f(X3,X0),X3)) [superposition 2125,5]
[SA] active: 26. f(f(f(f(f(X2,f(f(f(X0,X1),X0),X3)),X3),f(X3,X4)),X4),f(f(f(f(f(f(X2,f(X1,f(f(X1,X0),X2))),X2),X2),f(f(X2,f(X1,f(f(X1,X0),X2))),X2)),f(f(X2,f(f(f(X0,X1),X0),X3)),X3)),f(f(f(f(X2,f(X1,f(f(X1,X0),X2))),X2),X2),f(f(X2,f(X1,f(f(X1,X0),X2))),X2)))) = X4 [superposition 7,10]
[SA] active: 2556. f(f(f(X0,f(f(X0,f(X1,f(X2,X0))),X0)),X3),f(f(f(X1,f(X2,X3)),X3),f(X1,f(X2,X3)))) = X3 [superposition 5,2125]
[SA] active: 31. f(f(f(f(f(f(f(X1,X2),X1),f(f(f(f(X1,X2),X1),f(f(X2,f(f(X2,X1),X0)),X0)),X3)),X3),f(X3,X4)),X4),f(f(f(X0,f(f(X2,f(f(X2,X1),X0)),X0)),f(f(f(f(X1,X2),X1),f(f(f(f(X1,X2),X1),f(f(X2,f(f(X2,X1),X0)),X0)),X3)),X3)),f(X0,f(f(X2,f(f(X2,X1),X0)),X0)))) = X4 [superposition 7,5]
[SA] active: 2604. f(f(f(f(X3,f(X1,f(X2,X3))),X3),X3),f(X3,f(f(X0,f(f(X0,f(X1,f(X2,X0))),X0)),X3))) = X3 [superposition 187,2125]
[SA] active: 33. f(f(f(f(f(f(f(X2,f(X1,f(f(X1,X0),X2))),X2),f(f(f(f(X2,f(X1,f(f(X1,X0),X2))),X2),X2),X3)),X3),f(X3,X4)),X4),f(f(f(f(f(X0,X1),X0),X2),f(f(f(f(X2,f(X1,f(f(X1,X0),X2))),X2),f(f(f(f(X2,f(X1,f(f(X1,X0),X2))),X2),X2),X3)),X3)),f(f(f(X0,X1),X0),X2))) = X4 [superposition 7,10]
[SA] active: 3265. f(f(f(X0,X1),f(f(X0,X1),f(X1,f(f(X1,X0),f(X0,X1))))),f(X0,X1)) = f(X1,f(f(X1,X0),X1)) [forward demodulation 3226,2141]
[SA] active: 37. f(f(f(f(f(f(f(X1,X2),X1),f(f(X2,f(f(X2,X1),X3)),X3)),f(f(X1,X2),X1)),f(f(f(f(f(f(X1,X2),X1),f(f(X2,f(f(X2,X1),X3)),X3)),f(f(X1,X2),X1)),f(f(f(f(X2,f(f(X2,X1),X3)),X3),f(X3,X0)),X0)),X4)),X4),f(X0,f(f(f(f(X2,f(f(X2,X1),X3)),X3),f(X3,X0)),X0))) = X4 [superposition 5,7]
[SA] active: 5723. f(f(X1,X0),f(f(f(X1,X0),X0),f(X1,X0))) = f(X1,f(f(X1,X0),f(X0,f(f(X0,X1),f(X1,X0))))) [forward demodulation 5549,43]
[SA] active: 38. f(f(f(f(f(f(f(X1,f(f(X1,X2),X3)),X3),f(X3,X0)),X0),f(X0,X4)),X4),f(f(f(f(f(f(X2,X1),X2),f(f(X1,f(f(X1,X2),X3)),X3)),f(f(X2,X1),X2)),f(f(f(f(X1,f(f(X1,X2),X3)),X3),f(X3,X0)),X0)),f(f(f(f(X2,X1),X2),f(f(X1,f(f(X1,X2),X3)),X3)),f(f(X2,X1),X2)))) = X4 [superposition 5,7]
[SA] active: 56. f(f(f(f(X1,f(f(X1,X0),f(X0,X1))),f(f(f(X1,f(f(X1,X0),f(X0,X1))),f(X0,X1)),X2)),X2),X0) = X2 [superposition 5,43]
[SA] active: 66. f(f(f(f(f(f(X0,X1),X0),X2),f(f(f(f(f(X0,X1),X0),X2),f(f(f(f(X2,f(X1,f(f(X1,X0),X2))),X2),f(f(f(f(X2,f(X1,f(f(X1,X0),X2))),X2),X2),X3)),X3)),X4)),X4),f(X3,f(f(f(f(X2,f(X1,f(f(X1,X0),X2))),X2),f(f(f(f(X2,f(X1,f(f(X1,X0),X2))),X2),X2),X3)),X3))) = X4 [superposition 9,10]
[SA] active: 1283. f(X0,f(f(X0,f(X1,f(f(f(X2,X3),X2),X0))),X0)) = f(X4,f(f(X4,f(X1,f(f(f(X2,X3),X2),X4))),X4)) [superposition 12,12]
[SA] active: 73. f(f(f(f(f(f(f(X2,f(X1,f(f(X1,X0),X2))),X2),X2),f(f(X2,f(X1,f(f(X1,X0),X2))),X2)),f(f(f(f(f(f(X2,f(X1,f(f(X1,X0),X2))),X2),X2),f(f(X2,f(X1,f(f(X1,X0),X2))),X2)),f(f(X2,f(f(f(X0,X1),X0),X3)),X3)),X4)),X4),f(X3,f(f(X2,f(f(f(X0,X1),X0),X3)),X3))) = X4 [superposition 9,10]
[SA] active: 247. f(X0,X1) = f(X0,f(f(X0,X1),f(f(f(X0,X1),f(f(X0,X1),f(X1,f(f(X1,X0),f(X0,X1))))),f(X0,X1)))) [superposition 187,43]
[SA] active: 87. f(f(f(f(X1,f(f(X2,f(f(X2,X3),X1)),X1)),f(f(f(X1,f(f(X2,f(f(X2,X3),X1)),X1)),f(f(f(f(X3,X2),X3),f(f(f(f(X3,X2),X3),f(f(X2,f(f(X2,X3),X1)),X1)),X0)),X0)),X4)),X4),f(X0,f(f(f(f(X3,X2),X3),f(f(f(f(X3,X2),X3),f(f(X2,f(f(X2,X3),X1)),X1)),X0)),X0))) = X4 [superposition 5,9]
[SA] active: 275. f(f(f(f(X1,X0),f(X0,X2)),X2),f(f(f(X0,f(f(X0,X1),X0)),f(X1,X0)),f(X0,f(f(X0,X1),X0)))) = X2 [superposition 5,187]
[SA] active: 36. f(f(f(f(f(f(X1,X2),X1),f(f(X2,f(f(X2,X1),X3)),X3)),f(f(X1,X2),X1)),f(f(f(f(X2,f(f(X2,X1),X3)),X3),f(X3,X0)),X0)),f(f(f(f(X1,X2),X1),f(f(X2,f(f(X2,X1),X3)),X3)),f(f(X1,X2),X1))) = f(X4,f(f(X4,f(f(f(f(f(X2,f(f(X2,X1),X3)),X3),f(X3,X0)),X0),f(X0,X4))),X4)) [superposition 10,7]
[SA] active: 276. f(f(f(f(X0,f(f(X0,X1),X0)),f(f(f(X0,f(f(X0,X1),X0)),f(X1,X0)),X2)),X2),f(X0,f(X1,X0))) = X2 [superposition 5,187]
[SA] active: 29. f(f(f(f(f(X2,f(f(X0,X1),X0)),f(f(f(X2,X3),f(X1,f(f(X1,X0),f(X2,X3)))),f(X2,X3))),f(f(f(f(X2,X3),f(X1,f(f(X1,X0),f(X2,X3)))),f(X2,X3)),X4)),X4),f(f(f(f(X3,X2),X3),f(f(X2,f(f(X0,X1),X0)),f(f(f(X2,X3),f(X1,f(f(X1,X0),f(X2,X3)))),f(X2,X3)))),f(f(X3,X2),X3))) = X4 [superposition 7,10]
[SA] active: 828. f(f(X0,X1),X0) = f(f(X0,f(f(X0,X1),X0)),f(f(X0,X1),f(f(X1,f(f(X1,X0),f(X0,X1))),f(X0,X1)))) [superposition 294,43]
[SA] active: 78. f(f(f(f(f(X2,X3),X2),f(f(f(f(X2,X3),X2),f(f(X3,f(f(X0,X1),X0)),f(f(f(X3,X2),f(X1,f(f(X1,X0),f(X3,X2)))),f(X3,X2)))),X4)),X4),f(f(f(f(X3,X2),f(X1,f(f(X1,X0),f(X3,X2)))),f(X3,X2)),f(f(X3,f(f(X0,X1),X0)),f(f(f(X3,X2),f(X1,f(f(X1,X0),f(X3,X2)))),f(X3,X2))))) = X4 [superposition 9,10]
[SA] active: 2000. f(f(f(f(X1,X0),f(X0,X2)),X2),f(f(f(X0,X1),X0),f(f(f(f(X0,X1),X0),X0),f(f(X0,X1),X0)))) = X2 [superposition 1543,187]
[SA] active: 84. f(f(X0,f(f(f(X1,X2),X1),f(f(f(f(X1,X2),X1),f(f(X2,f(f(X2,X1),X3)),X3)),X0))),X0) = f(f(X3,f(f(X2,f(f(X2,X1),X3)),X3)),f(f(f(X3,f(f(X2,f(f(X2,X1),X3)),X3)),f(f(f(f(X1,X2),X1),f(f(f(f(X1,X2),X1),f(f(X2,f(f(X2,X1),X3)),X3)),X0)),X0)),f(X3,f(f(X2,f(f(X2,X1),X3)),X3)))) [superposition 10,9]
[SA] active: 27239. f(f(f(f(X0,X1),f(X1,X2)),X2),f(f(X1,X0),f(f(X0,f(f(X0,X1),f(X1,X0))),f(X1,X0)))) = X2 [forward demodulation 27162,2141]
[SA] active: 34. f(f(X0,f(f(f(X1,f(f(X1,X2),X3)),X3),f(X3,X0))),X0) = f(f(f(f(f(X2,X1),X2),f(f(X1,f(f(X1,X2),X3)),X3)),f(f(X2,X1),X2)),f(f(f(f(f(f(X2,X1),X2),f(f(X1,f(f(X1,X2),X3)),X3)),f(f(X2,X1),X2)),f(f(f(f(X1,f(f(X1,X2),X3)),X3),f(X3,X0)),X0)),f(f(f(f(X2,X1),X2),f(f(X1,f(f(X1,X2),X3)),X3)),f(f(X2,X1),X2)))) [superposition 10,7]
[SA] active: 2131. f(f(f(f(f(f(X0,X1),X0),f(X0,f(f(X0,X1),X0))),f(X0,X2)),X2),f(f(X1,X0),f(X0,f(X1,X0)))) = X2 [forward demodulation 1999,187]
[SA] active: 70. f(f(f(f(f(X2,X3),X2),f(f(X3,f(f(X3,X2),X4)),X4)),f(X1,f(f(X1,X0),f(f(f(X2,X3),X2),f(f(X3,f(f(X3,X2),X4)),X4))))),f(f(f(X2,X3),X2),f(f(X3,f(f(X3,X2),X4)),X4))) = f(f(f(f(f(X2,X3),X2),f(f(X0,X1),X0)),f(f(f(f(f(X2,X3),X2),f(f(X3,f(f(X3,X2),X4)),X4)),f(X1,f(f(X1,X0),f(f(f(X2,X3),X2),f(f(X3,f(f(X3,X2),X4)),X4))))),f(f(f(X2,X3),X2),f(f(X3,f(f(X3,X2),X4)),X4)))),f(X4,f(f(X3,f(f(X3,X2),X4)),X4))) [superposition 9,10]
[SA] active: 2413. f(X2,f(f(X2,X0),X2)) = f(X1,f(f(X1,f(f(f(X0,X2),f(X2,f(f(X2,X0),f(X0,X2)))),f(X0,X1))),X1)) [superposition 2125,43]
[SA] active: 21. f(f(f(f(X4,X3),X4),f(f(X3,f(f(X3,X4),X5)),X5)),f(f(X4,X3),X4)) = f(f(f(f(f(X1,f(f(X1,X2),f(f(f(f(X3,f(f(X3,X4),X5)),X5),f(X5,X0)),X0))),f(f(f(f(X3,f(f(X3,X4),X5)),X5),f(X5,X0)),X0)),X0),f(f(f(f(X4,X3),X4),f(f(X3,f(f(X3,X4),X5)),X5)),f(f(X4,X3),X4))),f(f(f(f(X2,X1),X2),f(f(X1,f(f(X1,X2),f(f(f(f(X3,f(f(X3,X4),X5)),X5),f(X5,X0)),X0))),f(f(f(f(X3,f(f(X3,X4),X5)),X5),f(X5,X0)),X0))),f(f(X2,X1),X2))) [superposition 7,7]
[SA] active: 2559. f(X3,f(f(X3,f(X0,f(f(X0,f(X1,f(X2,X0))),X0))),X3)) = f(f(f(X1,f(X2,X3)),X3),f(X1,f(X2,X3))) [superposition 10,2125]
[SA] active: 90. f(X5,f(f(X4,f(f(X4,X3),X5)),X5)) = f(f(f(f(f(X1,f(f(X1,X2),f(f(f(f(X3,X4),X3),f(f(f(f(X3,X4),X3),f(f(X4,f(f(X4,X3),X5)),X5)),X0)),X0))),f(f(f(f(X3,X4),X3),f(f(f(f(X3,X4),X3),f(f(X4,f(f(X4,X3),X5)),X5)),X0)),X0)),X0),f(X5,f(f(X4,f(f(X4,X3),X5)),X5))),f(f(f(f(X2,X1),X2),f(f(X1,f(f(X1,X2),f(f(f(f(X3,X4),X3),f(f(f(f(X3,X4),X3),f(f(X4,f(f(X4,X3),X5)),X5)),X0)),X0))),f(f(f(f(X3,X4),X3),f(f(f(f(X3,X4),X3),f(f(X4,f(f(X4,X3),X5)),X5)),X0)),X0))),f(f(X2,X1),X2))) [superposition 7,9]
[SA] active: 5718. f(X1,X0) = f(f(f(X1,f(f(X1,X0),f(X0,f(f(X0,X1),f(X1,X0))))),f(X1,X0)),f(f(X0,f(X1,X0)),X0)) [forward demodulation 5554,43]
[SA] active: 25. f(f(f(f(f(f(f(f(f(X1,f(f(X1,X2),X3)),X3),f(X3,X0)),X0),f(X0,X4)),X4),f(X4,X5)),X5),f(f(f(f(f(f(f(f(X2,X1),X2),f(f(X1,f(f(X1,X2),X3)),X3)),f(f(X2,X1),X2)),f(f(f(f(X1,f(f(X1,X2),X3)),X3),f(X3,X0)),X0)),f(f(f(f(X2,X1),X2),f(f(X1,f(f(X1,X2),X3)),X3)),f(f(X2,X1),X2))),f(f(f(f(f(f(X1,f(f(X1,X2),X3)),X3),f(X3,X0)),X0),f(X0,X4)),X4)),f(f(f(f(f(f(X2,X1),X2),f(f(X1,f(f(X1,X2),X3)),X3)),f(f(X2,X1),X2)),f(f(f(f(X1,f(f(X1,X2),X3)),X3),f(X3,X0)),X0)),f(f(f(f(X2,X1),X2),f(f(X1,f(f(X1,X2),X3)),X3)),f(f(X2,X1),X2))))) = X5 [superposition 7,7]
[SA] active: 12776. f(X0,f(f(X3,f(f(X3,f(X1,f(X2,X3))),X3)),X0)) = f(X0,f(f(X0,f(f(X0,f(X1,f(X2,X0))),X0)),X0)) [forward demodulation 12603,2604]
[SA] active: 32. f(f(f(f(f(f(f(f(f(X1,X2),X1),f(f(X2,f(f(X2,X1),X3)),X3)),f(f(X1,X2),X1)),f(f(f(f(f(f(X1,X2),X1),f(f(X2,f(f(X2,X1),X3)),X3)),f(f(X1,X2),X1)),f(f(f(f(X2,f(f(X2,X1),X3)),X3),f(X3,X0)),X0)),X4)),X4),f(X4,X5)),X5),f(f(f(X0,f(f(f(f(X2,f(f(X2,X1),X3)),X3),f(X3,X0)),X0)),f(f(f(f(f(f(X1,X2),X1),f(f(X2,f(f(X2,X1),X3)),X3)),f(f(X1,X2),X1)),f(f(f(f(f(f(X1,X2),X1),f(f(X2,f(f(X2,X1),X3)),X3)),f(f(X1,X2),X1)),f(f(f(f(X2,f(f(X2,X1),X3)),X3),f(X3,X0)),X0)),X4)),X4)),f(X0,f(f(f(f(X2,f(f(X2,X1),X3)),X3),f(X3,X0)),X0)))) = X5 [superposition 7,7]
[SA] active: 13907. f(f(f(f(f(X1,X0),f(f(X1,X0),f(X0,f(f(X0,X1),f(X1,X0))))),f(X1,X2)),X2),f(f(X1,X0),X1)) = X2 [forward demodulation 13779,10]
[SA] active: 65. f(f(f(f(X0,f(f(f(f(X1,f(f(X1,X2),X3)),X3),f(X3,X0)),X0)),f(f(f(X0,f(f(f(f(X1,f(f(X1,X2),X3)),X3),f(X3,X0)),X0)),f(f(f(f(f(f(X2,X1),X2),f(f(X1,f(f(X1,X2),X3)),X3)),f(f(X2,X1),X2)),f(f(f(f(f(f(X2,X1),X2),f(f(X1,f(f(X1,X2),X3)),X3)),f(f(X2,X1),X2)),f(f(f(f(X1,f(f(X1,X2),X3)),X3),f(X3,X0)),X0)),X4)),X4)),X5)),X5),f(X4,f(f(f(f(f(f(X2,X1),X2),f(f(X1,f(f(X1,X2),X3)),X3)),f(f(X2,X1),X2)),f(f(f(f(f(f(X2,X1),X2),f(f(X1,f(f(X1,X2),X3)),X3)),f(f(X2,X1),X2)),f(f(f(f(X1,f(f(X1,X2),X3)),X3),f(X3,X0)),X0)),X4)),X4))) = X5 [superposition 9,7]
[SA] active: 14015. f(f(X0,f(X0,f(f(X0,X1),f(f(f(X0,X1),f(f(X0,X1),f(X1,f(f(X1,X0),f(X0,X1))))),X0)))),X0) = X1 [forward demodulation 13654,2141]
[SA] active: 68. f(f(f(f(X0,f(f(f(f(X1,X2),X1),f(f(f(f(X1,X2),X1),f(f(X2,f(f(X2,X1),X3)),X3)),X0)),X0)),f(f(f(X0,f(f(f(f(X1,X2),X1),f(f(f(f(X1,X2),X1),f(f(X2,f(f(X2,X1),X3)),X3)),X0)),X0)),f(f(f(X3,f(f(X2,f(f(X2,X1),X3)),X3)),f(f(f(X3,f(f(X2,f(f(X2,X1),X3)),X3)),f(f(f(f(X1,X2),X1),f(f(f(f(X1,X2),X1),f(f(X2,f(f(X2,X1),X3)),X3)),X0)),X0)),X4)),X4)),X5)),X5),f(X4,f(f(f(X3,f(f(X2,f(f(X2,X1),X3)),X3)),f(f(f(X3,f(f(X2,f(f(X2,X1),X3)),X3)),f(f(f(f(X1,X2),X1),f(f(f(f(X1,X2),X1),f(f(X2,f(f(X2,X1),X3)),X3)),X0)),X0)),X4)),X4))) = X5 [superposition 9,9]
[SA] active: 28688. f(X0,f(f(X0,f(f(X1,X2),f(X2,X0))),X0)) = f(f(X2,X1),f(f(X1,f(f(X1,X2),f(X2,X1))),f(X2,X1))) [forward demodulation 28419,27239]
[SA] active: 72. f(f(f(f(f(f(f(f(f(X1,X2),X1),f(f(X2,f(f(X2,X1),X3)),X3)),f(f(X1,X2),X1)),f(f(f(f(X2,f(f(X2,X1),X3)),X3),f(X3,X0)),X0)),f(f(f(f(X1,X2),X1),f(f(X2,f(f(X2,X1),X3)),X3)),f(f(X1,X2),X1))),f(f(f(f(f(f(f(f(X1,X2),X1),f(f(X2,f(f(X2,X1),X3)),X3)),f(f(X1,X2),X1)),f(f(f(f(X2,f(f(X2,X1),X3)),X3),f(X3,X0)),X0)),f(f(f(f(X1,X2),X1),f(f(X2,f(f(X2,X1),X3)),X3)),f(f(X1,X2),X1))),f(f(f(f(f(f(X2,f(f(X2,X1),X3)),X3),f(X3,X0)),X0),f(X0,X4)),X4)),X5)),X5),f(X4,f(f(f(f(f(f(X2,f(f(X2,X1),X3)),X3),f(X3,X0)),X0),f(X0,X4)),X4))) = X5 [superposition 9,7]
[SA] active: 28835. f(f(X1,f(f(X1,X0),f(X0,X1))),f(X0,X1)) = f(f(f(X0,X1),f(f(X1,X0),f(X0,f(X0,X1)))),f(X0,X1)) [forward demodulation 28789,5726]
[SA] active: 75. f(f(f(f(f(f(X1,f(f(X2,f(f(X2,X3),X1)),X1)),f(f(f(f(X3,X2),X3),f(f(f(f(X3,X2),X3),f(f(X2,f(f(X2,X3),X1)),X1)),X0)),X0)),f(X1,f(f(X2,f(f(X2,X3),X1)),X1))),f(f(f(f(f(X1,f(f(X2,f(f(X2,X3),X1)),X1)),f(f(f(f(X3,X2),X3),f(f(f(f(X3,X2),X3),f(f(X2,f(f(X2,X3),X1)),X1)),X0)),X0)),f(X1,f(f(X2,f(f(X2,X3),X1)),X1))),f(f(f(f(f(f(X3,X2),X3),f(f(f(f(X3,X2),X3),f(f(X2,f(f(X2,X3),X1)),X1)),X0)),X0),f(X0,X4)),X4)),X5)),X5),f(X4,f(f(f(f(f(f(X3,X2),X3),f(f(f(f(X3,X2),X3),f(f(X2,f(f(X2,X3),X1)),X1)),X0)),X0),f(X0,X4)),X4))) = X5 [superposition 9,9]
[SA] active: 48695. f(f(f(X1,X0),f(f(X1,X0),f(f(X0,X1),f(X1,f(X1,X0))))),f(X1,X0)) = X1 [forward demodulation 48686,43]
[SA] active: 88. f(f(f(f(f(f(f(f(f(X1,X2),X1),f(f(f(f(X1,X2),X1),f(f(X2,f(f(X2,X1),X3)),X3)),X0)),X0),f(X0,X4)),X4),f(X4,X5)),X5),f(f(f(f(f(X3,f(f(X2,f(f(X2,X1),X3)),X3)),f(f(f(f(X1,X2),X1),f(f(f(f(X1,X2),X1),f(f(X2,f(f(X2,X1),X3)),X3)),X0)),X0)),f(X3,f(f(X2,f(f(X2,X1),X3)),X3))),f(f(f(f(f(f(X1,X2),X1),f(f(f(f(X1,X2),X1),f(f(X2,f(f(X2,X1),X3)),X3)),X0)),X0),f(X0,X4)),X4)),f(f(f(X3,f(f(X2,f(f(X2,X1),X3)),X3)),f(f(f(f(X1,X2),X1),f(f(f(f(X1,X2),X1),f(f(X2,f(f(X2,X1),X3)),X3)),X0)),X0)),f(X3,f(f(X2,f(f(X2,X1),X3)),X3))))) = X5 [superposition 7,9]
[SA] active: 50069. f(X1,X0) = f(f(X0,f(X0,f(f(f(X0,f(f(X0,X1),X0)),f(X1,X0)),f(f(X1,X0),X0)))),X0) [superposition 48695,187]
[SA] active: 89. f(f(f(f(f(f(X1,f(f(X2,f(f(X2,X3),X1)),X1)),f(f(f(X1,f(f(X2,f(f(X2,X3),X1)),X1)),f(f(f(f(X3,X2),X3),f(f(f(f(X3,X2),X3),f(f(X2,f(f(X2,X3),X1)),X1)),X0)),X0)),X4)),X4),f(X4,X5)),X5),f(f(f(X0,f(f(f(f(X3,X2),X3),f(f(f(f(X3,X2),X3),f(f(X2,f(f(X2,X3),X1)),X1)),X0)),X0)),f(f(f(X1,f(f(X2,f(f(X2,X3),X1)),X1)),f(f(f(X1,f(f(X2,f(f(X2,X3),X1)),X1)),f(f(f(f(X3,X2),X3),f(f(f(f(X3,X2),X3),f(f(X2,f(f(X2,X3),X1)),X1)),X0)),X0)),X4)),X4)),f(X0,f(f(f(f(X3,X2),X3),f(f(f(f(X3,X2),X3),f(f(X2,f(f(X2,X3),X1)),X1)),X0)),X0)))) = X5 [superposition 7,9]
[SA] active: 38856. f(X0,f(f(X1,f(f(X1,f(X2,f(X3,X1))),X1)),X0)) = f(X0,f(f(X4,f(f(X4,f(X2,f(X3,X4))),X4)),X0)) [superposition 12776,12776]
[SA] active: 165. f(f(X2,X1),X2) = f(f(f(f(X0,f(X1,f(f(X1,X2),X0))),X0),f(f(X2,X1),X2)),f(X0,f(f(X1,f(f(X1,X2),X0)),X0))) [forward demodulation 123,5]
[SA] active: 57257. f(f(X1,f(f(X1,X0),f(f(X0,X1),X0))),f(f(X0,X1),X0)) = f(f(f(X0,X1),X0),f(f(X0,X1),X0)) [forward demodulation 57240,5726]
[SA] active: 961. f(f(f(f(X0,X1),X0),f(f(X1,f(f(X1,X0),f(X0,X1))),f(X0,X1))),f(f(X0,X1),X0)) = f(X0,f(f(X0,f(X0,X1)),X0)) [superposition 11,5]
[SA] active: 57943. f(f(X0,X0),X0) = X0 [forward demodulation 57570,43]
[SA] active: 48. f(f(X1,f(f(X1,X2),X0)),X0) = f(f(X0,f(f(f(X2,X1),X2),f(f(f(f(X2,X1),X2),f(f(X1,f(f(X1,X2),X0)),X0)),X0))),X0) [superposition 43,5]
[SA] active: 59672. f(X0,X0) = X0 [forward demodulation 59278,57943]
[SA] active: 51. f(f(X0,X1),f(X1,f(f(X1,X0),f(X0,X1)))) = f(f(X0,f(f(X0,X1),f(f(f(X0,X1),f(f(X0,X1),f(X1,f(f(X1,X0),f(X0,X1))))),X0))),X0) [superposition 43,43]
[SA] active: 59253. f(f(X0,X0),f(X0,X0)) = X0 [superposition 187,57943]
[SA] active: 242. f(X0,f(f(X1,f(f(X1,X2),X0)),X0)) = f(f(f(X2,X1),X2),f(f(f(f(X2,X1),X2),f(f(X0,f(X1,f(f(X1,X2),X0))),X0)),f(f(X2,X1),X2))) [forward demodulation 202,5]
[SA] active: 59667. f(X0,X0) = f(X0,f(X0,X0)) [forward demodulation 59285,57943]
[SA] active: 57. f(f(f(f(f(X0,X1),f(X1,f(f(X1,X0),f(X0,X1)))),f(X0,X2)),X2),f(f(f(X0,X1),f(f(X0,X1),f(X1,f(f(X1,X0),f(X0,X1))))),f(X0,X1))) = X2 [superposition 5,43]
[SA] active: 59281. f(X0,f(f(X0,f(X0,X0)),X0)) = X0 [superposition 10,57943]
[SA] active: 58. f(f(f(f(X0,X1),f(f(f(X0,X1),f(f(X0,X1),f(X1,f(f(X1,X0),f(X0,X1))))),X2)),X2),f(X0,f(f(X0,X1),f(X1,f(f(X1,X0),f(X0,X1)))))) = X2 [superposition 5,43]
[SA] active: 59735. f(f(f(X0,f(X0,X1)),X1),X0) = X1 [forward demodulation 59671,57943]
[SA] active: 182. f(X0,f(f(X0,f(f(X1,X2),X1)),X0)) = f(f(f(f(X0,f(f(X1,X2),X1)),X0),f(X0,f(f(X0,f(f(X1,X2),X1)),X0))),f(X0,f(f(f(X1,X2),X1),X0))) [forward demodulation 163,15]
[SA] active: 59203. f(f(f(X0,f(f(X0,X0),X1)),X1),X0) = X1 [superposition 5,57943]
[SA] active: 50. f(f(f(f(X0,X1),X0),f(f(f(X2,f(X1,f(f(X1,X0),X2))),X2),f(f(f(f(X2,f(X1,f(f(X1,X0),X2))),X2),X2),f(f(X0,X1),X0)))),f(f(X0,X1),X0)) = X2 [superposition 43,10]
[SA] active: 59469. f(X0,f(X0,f(f(X0,f(X0,X0)),X0))) = X0 [superposition 187,57943]
[SA] active: 62. f(f(f(X0,X1),f(f(X0,X1),f(X1,f(f(X1,X0),f(X0,X1))))),f(X0,X1)) = f(X2,f(f(X2,f(f(f(X0,X1),f(X1,f(f(X1,X0),f(X0,X1)))),f(X0,X2))),X2)) [superposition 10,43]
[SA] active: 59734. f(X1,f(f(X1,f(X0,f(X0,X1))),X1)) = X0 [forward demodulation 59669,57943]
[SA] active: 146. f(f(f(X1,X2),X1),X0) = f(f(X0,f(f(X0,f(f(X0,f(f(X1,X2),X1)),X0)),f(f(f(X0,f(f(X0,f(f(X1,X2),X1)),X0)),f(f(f(X1,X2),X1),X0)),X0))),X0) [forward demodulation 143,15]
[SA] active: 59260. f(X0,X0) = f(f(X0,f(X0,X0)),f(X0,f(X0,X0))) [superposition 294,57943]
[SA] active: 210. f(f(X0,X1),X0) = f(f(f(X0,f(f(X0,f(f(X1,X0),X1)),X0)),f(f(X0,X1),X0)),f(f(f(f(X1,X0),X1),f(f(X0,f(f(X0,X1),X0)),X0)),f(f(X1,X0),X1))) [superposition 7,15]
[SA] active: 59637. f(f(f(X0,f(f(X0,X0),X1)),X1),f(X0,X0)) = X1 [forward demodulation 59323,57943]
[SA] active: 217. f(X2,f(f(X2,X1),X0)) = f(f(f(f(X2,f(f(X2,X1),X0)),f(X0,f(f(X0,f(f(X1,X2),X1)),X0))),f(X2,f(f(X2,X1),X0))),f(f(X0,f(X2,f(f(X2,X1),X0))),X0)) [superposition 5,15]
[SA] active: 59641. f(f(f(f(X0,f(X0,X0)),X0),X0),f(X0,X0)) = X0 [forward demodulation 59318,57943]
[SA] active: 4529. f(f(f(f(X2,X3),X2),X1),f(f(X2,X3),X2)) = f(f(f(f(X2,X3),X2),f(f(X3,f(f(X3,X2),f(X1,f(f(X2,X3),X2)))),f(X1,f(f(X2,X3),X2)))),f(f(X2,X3),X2)) [forward demodulation 4321,3217]
[SA] active: 72270. f(f(X0,f(f(X0,X1),f(f(X0,X1),X0))),X0) = X1 [forward demodulation 72132,187]
[SA] active: 147. f(X3,f(f(X3,f(f(f(f(X2,X1),X2),X0),f(X0,X3))),X3)) = f(f(f(X0,f(f(X0,f(f(X2,X1),X2)),X0)),f(f(f(X2,X1),X2),X0)),f(X0,f(f(X0,f(f(X2,X1),X2)),X0))) [forward demodulation 142,15]
[SA] active: 59320. f(f(f(f(X0,f(X0,X0)),X0),X0),f(X0,f(X0,X0))) = X0 [superposition 262,57943]
[SA] active: 2811. f(f(f(X0,X1),X0),f(f(f(f(X0,X1),X0),X2),f(f(X0,X1),X0))) = f(f(f(X2,f(f(X0,X1),X0)),f(X1,f(f(X1,X0),f(X2,f(f(X0,X1),X0))))),f(X2,f(f(X0,X1),X0))) [superposition 19,10]
[SA] active: 59640. f(f(f(X0,f(f(X0,f(X0,X0)),X1)),X1),f(X0,X0)) = X1 [forward demodulation 59319,57943]
[SA] active: 120. f(f(f(f(f(f(X2,f(X1,f(f(X1,X0),X2))),X2),X2),f(f(X2,f(X1,f(f(X1,X0),X2))),X2)),X3),f(f(f(X2,f(f(f(X0,X1),X0),X3)),X3),f(X2,f(f(f(X0,X1),X0),X3)))) = X3 [superposition 16,10]
[SA] active: 59789. f(X0,f(f(X0,X2),X0)) = f(f(X0,X2),f(X2,f(X0,X2))) [forward demodulation 59776,187]
[SA] active: 958. f(f(f(f(X1,X0),X1),f(f(X0,f(f(X0,X1),X0)),X0)),f(f(X1,X0),X1)) = f(f(f(X0,X1),X0),f(f(f(f(X0,X1),X0),f(X0,f(f(X0,f(f(X1,X0),X1)),X0))),f(f(X0,X1),X0))) [superposition 11,15]
[SA] active: 80931. f(f(X0,X1),X0) = f(X1,f(f(X1,X0),f(f(X0,X1),X0))) [forward demodulation 80924,59672]
[SA] active: 1467. f(f(f(X0,f(f(X0,f(X1,f(f(f(X2,X3),X2),X0))),X0)),X4),f(X4,f(f(X4,f(f(f(f(X1,f(X3,f(f(X3,X2),X1))),X1),X1),f(f(X1,f(X3,f(f(X3,X2),X1))),X1))),X4))) = X4 [forward demodulation 1319,15]
[SA] active: 59335. f(f(f(f(X0,X0),f(X0,X1)),X1),f(f(X0,f(X0,X0)),X0)) = X1 [superposition 5,57943]
[SA] active: 156. f(f(X0,f(f(X1,X2),X1)),X0) = f(f(X0,f(f(X0,f(f(X1,X2),X1)),X0)),f(f(f(X0,f(f(X0,f(f(X1,X2),X1)),X0)),f(f(f(X1,X2),X1),X0)),f(X0,f(f(X0,f(f(X1,X2),X1)),X0)))) [forward demodulation 133,15]
[SA] active: 59336. f(f(f(X0,f(f(X0,f(X0,X0)),X1)),X1),f(X0,f(X0,X0))) = X1 [superposition 5,57943]
[SA] active: 198. f(f(f(X2,f(f(f(X0,X1),X0),X3)),X3),f(X2,f(f(f(X0,X1),X0),X3))) = f(X3,f(f(X3,f(f(f(f(X2,f(X1,f(f(X1,X0),X2))),X2),X2),f(f(X2,f(X1,f(f(X1,X0),X2))),X2))),X3)) [superposition 15,10]
[SA] active: 59470. f(X0,X0) = f(f(X0,f(X0,X0)),f(f(X0,X0),f(X0,f(X0,X0)))) [superposition 187,57943]
[SA] active: 222. f(f(f(f(f(X2,f(f(X2,X1),X0)),X0),f(f(X0,f(f(X0,f(f(X1,X2),X1)),X0)),X3)),X3),f(f(f(X2,f(f(X2,X1),X0)),f(f(X2,f(f(X2,X1),X0)),X0)),f(X2,f(f(X2,X1),X0)))) = X3 [superposition 5,15]
[SA] active: 59476. f(f(f(X0,f(f(X0,f(X0,X0)),X0)),X0),f(X0,f(X0,X0))) = X0 [superposition 257,57943]
[SA] active: 223. f(f(f(f(X2,f(f(X2,X1),X0)),f(f(f(X2,f(f(X2,X1),X0)),f(f(X2,f(f(X2,X1),X0)),X0)),X3)),X3),f(f(X0,f(f(X0,f(f(X1,X2),X1)),X0)),f(f(X2,f(f(X2,X1),X0)),X0))) = X3 [superposition 5,15]
[SA] active: 59746. f(f(f(X1,f(X0,X2)),X2),f(X0,f(f(X0,f(X1,X0)),X0))) = X2 [forward demodulation 59683,59281]
[SA] active: 236. f(X0,f(f(X0,X1),X0)) = f(f(X0,f(f(X0,f(f(X1,X0),X1)),X0)),f(f(X0,f(f(X0,X1),X0)),f(f(f(X0,f(f(X0,X1),X0)),f(f(X0,f(f(X0,X1),X0)),X0)),f(X0,f(f(X0,X1),X0))))) [forward demodulation 212,15]
[SA] active: 137480. f(f(f(X0,f(X1,X0)),X0),f(X1,f(f(X1,X0),X1))) = X0 [forward demodulation 137205,5719]
[SA] active: 366. f(f(X2,X1),X2) = f(f(f(X0,f(f(X1,f(f(X1,X2),X0)),X0)),f(f(X2,X1),X2)),f(f(f(f(X0,f(X1,f(f(X1,X2),X0))),X0),f(f(X2,X1),X2)),f(f(X0,f(X1,f(f(X1,X2),X0))),X0))) [forward demodulation 347,5]
[SA] active: 138755. f(f(f(X1,X0),X1),f(X0,f(X1,X0))) = X1 [forward demodulation 138121,104533]
[SA] active: 1465. f(f(f(X4,f(f(X0,f(f(X0,f(X1,f(f(f(X2,X3),X2),X0))),X0)),X5)),X5),f(f(f(f(X4,f(X1,f(f(f(X2,X3),X2),X4))),X4),X4),f(f(X4,f(X1,f(f(f(X2,X3),X2),X4))),X4))) = X5 [forward demodulation 1321,10]
[SA] active: 142596. f(X0,f(f(X0,f(X0,X1)),X0)) = f(X1,f(X0,X1)) [forward demodulation 142591,91277]
[SA] active: 1466. f(f(f(f(f(X4,f(X1,f(f(f(X2,X3),X2),X4))),X4),f(f(f(f(X4,f(X1,f(f(f(X2,X3),X2),X4))),X4),X4),X5)),X5),f(f(X0,f(f(X0,f(X1,f(f(f(X2,X3),X2),X0))),X0)),X4)) = X5 [forward demodulation 1320,10]
[SA] active: 147215. f(f(X0,f(f(X0,X1),X0)),X0) = X0 [forward demodulation 147162,9747]
[SA] active: 117. f(f(f(f(f(f(X1,X2),X1),f(f(X2,f(f(X2,X1),X0)),X0)),f(f(X1,X2),X1)),X3),f(f(f(f(f(X2,f(f(X2,X1),X0)),X0),f(X0,X3)),X3),f(f(f(X2,f(f(X2,X1),X0)),X0),f(X0,X3)))) = X3 [superposition 16,5]
[SA] active: 151356. X0 = X2 [forward demodulation 151004,150276]
% Refutation found. Thanks to Tanya!
% SZS status Unsatisfiable for p
% SZS output start Proof for p
1. ! [X0,X1,X2] : X0 = f(f(f(X1,f(f(X1,X2),X0)),X0),f(f(X2,X1),X2)) [input(axiom)]
2. ? [X0,X1] : X0 != X1 [input(axiom)]
3. ? [X0,X1] : X0 != X1 => sK0 != sK1 [skolem symbol introduction]
4. sK0 != sK1 [skolemisation 2,3]
5. f(f(f(X1,f(f(X1,X2),X0)),X0),f(f(X2,X1),X2)) = X0 [cnf transformation 1]
6. sK0 != sK1 [cnf transformation 4]
7. f(f(f(f(f(X1,f(f(X1,X2),X0)),X0),f(X0,X3)),X3),f(f(f(f(X2,X1),X2),f(f(X1,f(f(X1,X2),X0)),X0)),f(f(X2,X1),X2))) = X3 [superposition 5,5]
8. f(f(X2,X1),X2) = f(f(f(f(X1,f(f(X1,X2),X0)),X0),f(f(X2,X1),X2)),f(f(X0,f(X1,f(f(X1,X2),X0))),X0)) [superposition 5,5]
10. f(f(X2,X1),X2) = f(X0,f(f(X0,f(X1,f(f(X1,X2),X0))),X0)) [forward demodulation 8,5]
11. f(f(f(f(X1,X2),X1),f(f(X2,f(f(X2,X1),X0)),X0)),f(f(X1,X2),X1)) = f(X3,f(f(X3,f(f(f(X2,f(f(X2,X1),X0)),X0),f(X0,X3))),X3)) [superposition 10,5]
12. f(f(f(f(X2,f(X1,f(f(X1,X0),X2))),X2),X2),f(f(X2,f(X1,f(f(X1,X0),X2))),X2)) = f(X3,f(f(X3,f(X2,f(f(f(X0,X1),X0),X3))),X3)) [superposition 10,10]
13. f(f(X0,f(X1,f(f(X1,X2),X0))),X0) = f(f(f(X2,X1),X2),f(f(f(f(X2,X1),X2),f(f(X1,f(f(X1,X2),X0)),X0)),f(f(X2,X1),X2))) [superposition 10,5]
15. f(f(f(X1,f(f(X1,X0),X2)),X2),f(X1,f(f(X1,X0),X2))) = f(X2,f(f(X2,f(f(X0,X1),X0)),X2)) [superposition 10,10]
16. f(f(f(f(X0,X1),X0),X2),f(f(f(X1,f(f(X1,X0),X2)),X2),f(X1,f(f(X1,X0),X2)))) = X2 [superposition 5,10]
17. f(f(f(f(f(X2,f(X1,f(f(X1,X0),X2))),X2),f(f(f(f(X2,f(X1,f(f(X1,X0),X2))),X2),X2),X3)),X3),f(f(f(X0,X1),X0),X2)) = X3 [superposition 5,10]
18. f(f(f(X2,f(f(f(X0,X1),X0),X3)),X3),f(f(f(f(X2,f(X1,f(f(X1,X0),X2))),X2),X2),f(f(X2,f(X1,f(f(X1,X0),X2))),X2))) = X3 [superposition 5,10]
23. f(f(f(X0,X1),X0),f(f(f(f(X0,X1),X0),f(f(X1,f(f(X1,X0),f(X0,X1))),f(X0,X1))),f(f(X0,X1),X0))) = X0 [superposition 7,5]
43. f(f(f(X0,X1),f(X1,f(f(X1,X0),f(X0,X1)))),f(X0,X1)) = X0 [forward demodulation 23,13]
51. f(f(X0,X1),f(X1,f(f(X1,X0),f(X0,X1)))) = f(f(X0,f(f(X0,X1),f(f(f(X0,X1),f(f(X0,X1),f(X1,f(f(X1,X0),f(X0,X1))))),X0))),X0) [superposition 43,43]
56. f(f(f(f(X1,f(f(X1,X0),f(X0,X1))),f(f(f(X1,f(f(X1,X0),f(X0,X1))),f(X0,X1)),X2)),X2),X0) = X2 [superposition 5,43]
62. f(f(f(X0,X1),f(f(X0,X1),f(X1,f(f(X1,X0),f(X0,X1))))),f(X0,X1)) = f(X2,f(f(X2,f(f(f(X0,X1),f(X1,f(f(X1,X0),f(X0,X1)))),f(X0,X2))),X2)) [superposition 10,43]
111. f(f(X0,X2),f(f(f(f(X1,f(f(X1,X0),f(X0,X1))),f(f(f(X1,f(f(X1,X0),f(X0,X1))),f(X0,X1)),X2)),X2),f(f(X1,f(f(X1,X0),f(X0,X1))),f(f(f(X1,f(f(X1,X0),f(X0,X1))),f(X0,X1)),X2)))) = X2 [superposition 16,43]
123. f(f(X2,X1),X2) = f(f(f(f(X0,f(X1,f(f(X1,X2),X0))),X0),f(f(X2,X1),X2)),f(f(f(f(X1,f(f(X1,X2),X0)),X0),f(f(X2,X1),X2)),f(f(X1,f(f(X1,X2),X0)),X0))) [superposition 16,5]
165. f(f(X2,X1),X2) = f(f(f(f(X0,f(X1,f(f(X1,X2),X0))),X0),f(f(X2,X1),X2)),f(X0,f(f(X1,f(f(X1,X2),X0)),X0))) [forward demodulation 123,5]
172. f(f(X0,X2),f(X2,f(f(X2,f(f(f(X0,X1),f(X1,f(f(X1,X0),f(X0,X1)))),f(X0,X1))),X2))) = X2 [forward demodulation 111,15]
187. f(f(X0,X2),f(X2,f(f(X2,X0),X2))) = X2 [forward demodulation 172,43]
212. f(X0,f(f(X0,X1),X0)) = f(f(X0,f(f(X0,f(f(X1,X0),X1)),X0)),f(f(f(f(f(X0,X1),X0),f(f(f(f(X0,X1),X0),X0),f(X0,f(f(X0,X1),X0)))),f(X0,f(f(X0,X1),X0))),f(f(f(X0,X1),X0),f(f(f(f(X0,X1),X0),X0),f(X0,f(f(X0,X1),X0)))))) [superposition 16,15]
236. f(X0,f(f(X0,X1),X0)) = f(f(X0,f(f(X0,f(f(X1,X0),X1)),X0)),f(f(X0,f(f(X0,X1),X0)),f(f(f(X0,f(f(X0,X1),X0)),f(f(X0,f(f(X0,X1),X0)),X0)),f(X0,f(f(X0,X1),X0))))) [forward demodulation 212,15]
247. f(X0,X1) = f(X0,f(f(X0,X1),f(f(f(X0,X1),f(f(X0,X1),f(X1,f(f(X1,X0),f(X0,X1))))),f(X0,X1)))) [superposition 187,43]
276. f(f(f(f(X0,f(f(X0,X1),X0)),f(f(f(X0,f(f(X0,X1),X0)),f(X1,X0)),X2)),X2),f(X0,f(X1,X0))) = X2 [superposition 5,187]
1313. f(f(f(X1,f(f(f(X2,X3),X2),X4)),X4),f(X0,f(f(X0,f(X1,f(f(f(X2,X3),X2),X0))),X0))) = X4 [superposition 18,12]
1543. f(f(f(X1,f(X0,X3)),X3),f(X4,f(f(X4,f(X1,f(X0,X4))),X4))) = X3 [superposition 1313,43]
1944. f(f(X0,X1),f(X2,f(f(X2,f(f(f(X0,X1),f(X1,f(f(X1,X0),f(X0,X1)))),f(X0,X2))),X2))) = X1 [superposition 1543,43]
1949. f(f(X0,X1),X0) = f(f(X0,f(f(X0,X1),X0)),f(X2,f(f(X2,f(f(X1,X0),f(X0,X2))),X2))) [superposition 1543,187]
1953. f(f(X0,X2),f(X3,f(f(X3,f(f(f(X1,f(f(X1,X2),X0)),X0),f(f(X2,X1),X3))),X3))) = X2 [superposition 1543,5]
2000. f(f(f(f(X1,X0),f(X0,X2)),X2),f(f(f(X0,X1),X0),f(f(f(f(X0,X1),X0),X0),f(f(X0,X1),X0)))) = X2 [superposition 1543,187]
2035. f(X3,f(f(X3,f(X1,f(X2,X3))),X3)) = f(f(f(f(X1,f(X2,X0)),X0),f(X3,f(f(X3,f(X1,f(X2,X3))),X3))),f(f(X0,f(X1,f(X2,X0))),X0)) [superposition 5,1543]
2125. f(X0,f(f(X0,f(X1,f(X2,X0))),X0)) = f(X3,f(f(X3,f(X1,f(X2,X3))),X3)) [forward demodulation 2035,1543]
2141. f(f(X0,X1),f(f(f(X0,X1),f(f(X0,X1),f(X1,f(f(X1,X0),f(X0,X1))))),f(X0,X1))) = X1 [forward demodulation 1944,62]
2395. f(X1,f(f(X1,f(X2,f(f(X3,X0),X1))),X1)) = f(f(X0,f(f(X0,X3),X0)),f(f(f(X0,f(f(X0,X3),X0)),f(X2,X0)),f(X0,f(f(X0,X3),X0)))) [superposition 2125,187]
2414. f(X3,f(f(X3,f(f(f(X2,f(f(X2,X1),X0)),X0),f(X2,X3))),X3)) = f(f(f(X2,X1),X0),f(f(f(f(X2,X1),X0),f(X0,f(f(X0,f(f(X1,X2),X1)),X0))),f(f(X2,X1),X0))) [superposition 2125,15]
2423. f(X1,f(f(X1,f(f(f(X2,f(f(X2,X3),X0)),X0),f(f(X3,X2),X1))),X1)) = f(X3,f(f(X3,X0),X3)) [superposition 2125,5]
3005. f(f(f(X0,X1),f(f(X0,X1),f(X1,f(f(X1,X0),f(X0,X1))))),f(X0,X1)) = f(f(f(X0,X1),f(f(f(X0,X1),f(f(X0,X1),f(X1,f(f(X1,X0),f(X0,X1))))),f(X0,X1))),f(X2,f(f(X2,f(X0,f(f(X0,X1),X2))),X2))) [superposition 1949,43]
3226. f(f(f(X0,X1),f(f(X0,X1),f(X1,f(f(X1,X0),f(X0,X1))))),f(X0,X1)) = f(f(f(X0,X1),f(f(f(X0,X1),f(f(X0,X1),f(X1,f(f(X1,X0),f(X0,X1))))),f(X0,X1))),f(f(X1,X0),X1)) [forward demodulation 3005,10]
3265. f(f(f(X0,X1),f(f(X0,X1),f(X1,f(f(X1,X0),f(X0,X1))))),f(X0,X1)) = f(X1,f(f(X1,X0),X1)) [forward demodulation 3226,2141]
5526. f(f(f(f(X1,f(X2,f(f(X2,X0),X1))),X1),X1),f(f(X1,f(X2,f(f(X2,X0),X1))),X1)) = f(f(f(f(f(X0,X2),X0),f(f(f(X0,X2),X0),f(X0,f(f(X0,f(X0,X2)),f(f(X0,X2),X0))))),f(f(X0,X2),X0)),f(f(f(f(f(f(X0,X2),X0),f(f(f(X0,X2),X0),f(X0,f(f(X0,f(X0,X2)),f(f(X0,X2),X0))))),f(f(X0,X2),X0)),f(X1,X0)),f(f(f(f(X0,X2),X0),f(f(f(X0,X2),X0),f(X0,f(f(X0,f(X0,X2)),f(f(X0,X2),X0))))),f(f(X0,X2),X0)))) [superposition 12,2141]
5546. f(X1,X0) = f(f(X0,f(X1,X0)),f(f(f(f(X1,X0),f(X0,f(f(X0,X1),f(X1,X0)))),f(X1,X0)),f(f(X1,X0),f(X0,f(f(X0,X1),f(X1,X0)))))) [superposition 5,2141]
5549. f(f(f(f(X1,X0),f(X0,f(f(X0,X1),f(X1,X0)))),f(X1,X0)),f(f(X1,X0),f(X0,f(f(X0,X1),f(X1,X0))))) = f(f(X1,X0),f(f(f(X1,X0),X0),f(X1,X0))) [superposition 10,2141]
5553. f(f(X0,f(X1,X0)),X0) = f(f(X1,X0),f(f(f(X1,X0),f(f(f(f(X1,X0),f(X0,f(f(X0,X1),f(X1,X0)))),f(X1,X0)),f(f(X1,X0),f(X0,f(f(X0,X1),f(X1,X0)))))),f(X1,X0))) [superposition 15,2141]
5719. f(f(X0,f(X1,X0)),X0) = f(f(X1,X0),f(f(f(X1,X0),f(X1,f(f(X1,X0),f(X0,f(f(X0,X1),f(X1,X0)))))),f(X1,X0))) [forward demodulation 5553,43]
5723. f(f(X1,X0),f(f(f(X1,X0),X0),f(X1,X0))) = f(X1,f(f(X1,X0),f(X0,f(f(X0,X1),f(X1,X0))))) [forward demodulation 5549,43]
5726. f(X1,X0) = f(f(X0,f(X1,X0)),f(X1,f(f(X1,X0),f(X0,f(f(X0,X1),f(X1,X0)))))) [forward demodulation 5546,43]
5744. f(f(f(f(X1,f(X2,f(f(X2,X0),X1))),X1),X1),f(f(X1,f(X2,f(f(X2,X0),X1))),X1)) = f(f(X0,f(f(X0,f(X0,X2)),X0)),f(f(f(X0,f(f(X0,f(X0,X2)),X0)),f(X1,X0)),f(X0,f(f(X0,f(X0,X2)),X0)))) [forward demodulation 5526,3265]
9747. f(X1,f(f(X1,X2),X1)) = f(f(X0,f(f(X0,X1),X0)),f(f(f(X0,f(f(X0,X1),X0)),f(f(f(X0,f(f(X0,X1),X2)),X2),X0)),f(X0,f(f(X0,X1),X0)))) [superposition 2423,187]
13654. f(f(X0,X1),f(f(f(X0,X1),f(f(X0,X1),f(X1,f(f(X1,X0),f(X0,X1))))),f(X0,X1))) = f(f(X0,f(X0,f(f(X0,X1),f(f(f(X0,X1),f(f(X0,X1),f(X1,f(f(X1,X0),f(X0,X1))))),X0)))),X0) [superposition 3265,43]
14015. f(f(X0,f(X0,f(f(X0,X1),f(f(f(X0,X1),f(f(X0,X1),f(X1,f(f(X1,X0),f(X0,X1))))),X0)))),X0) = X1 [forward demodulation 13654,2141]
14842. f(X0,f(f(X0,f(X0,X1)),X0)) = f(f(f(X0,X1),f(X1,f(f(X1,X0),f(X0,X1)))),f(X0,f(f(X0,X1),f(f(f(X0,X1),f(f(X0,X1),f(X1,f(f(X1,X0),f(X0,X1))))),X0)))) [superposition 5723,43]
56601. f(f(f(X0,X1),X0),f(f(X1,f(f(X1,X0),f(f(X0,X1),X0))),f(f(X0,X1),X0))) = f(f(f(f(f(f(f(X0,X1),X0),f(X1,f(f(X1,X0),f(f(X0,X1),X0)))),f(f(X0,X1),X0)),f(f(X0,X1),X0)),f(f(f(X0,X1),X0),f(f(X1,f(f(X1,X0),f(f(X0,X1),X0))),f(f(X0,X1),X0)))),f(f(f(X0,X1),X0),f(f(X0,X1),X0))) [superposition 17,165]
56604. f(f(X1,f(f(X1,X0),f(f(X0,X1),X0))),f(f(X0,X1),X0)) = f(f(f(f(X0,X1),X0),f(f(X1,f(f(X1,X0),f(f(X0,X1),X0))),f(f(X0,X1),X0))),f(f(f(f(f(X0,X1),X0),f(f(f(f(X0,X1),X0),f(X1,f(f(X1,X0),f(f(X0,X1),X0)))),f(f(X0,X1),X0))),f(f(X0,X1),X0)),f(f(f(f(f(f(X0,X1),X0),f(f(f(f(X0,X1),X0),f(X1,f(f(X1,X0),f(f(X0,X1),X0)))),f(f(X0,X1),X0))),f(f(X0,X1),X0)),f(f(X0,X1),X0)),f(f(f(f(X0,X1),X0),f(f(f(f(X0,X1),X0),f(X1,f(f(X1,X0),f(f(X0,X1),X0)))),f(f(X0,X1),X0))),f(f(X0,X1),X0))))) [superposition 2000,165]
57000. f(f(X1,f(f(X1,X0),f(f(X0,X1),X0))),f(f(X0,X1),X0)) = f(f(f(f(X0,X1),X0),f(f(X1,f(f(X1,X0),f(f(X0,X1),X0))),f(f(X0,X1),X0))),f(f(f(f(X0,X1),X0),f(f(f(f(X0,X1),X0),f(X1,f(f(X1,X0),f(f(X0,X1),X0)))),f(f(X0,X1),X0))),f(f(f(f(f(X0,X1),X0),f(f(f(f(X0,X1),X0),f(X1,f(f(X1,X0),f(f(X0,X1),X0)))),f(f(X0,X1),X0))),f(f(X0,X1),X0)),f(f(f(X0,X1),X0),f(f(f(f(X0,X1),X0),f(f(f(X0,X1),X0),f(f(f(f(X0,X1),X0),f(X1,f(f(X1,X0),f(f(X0,X1),X0)))),f(f(X0,X1),X0)))),f(f(f(f(X0,X1),X0),f(f(f(f(X0,X1),X0),f(X1,f(f(X1,X0),f(f(X0,X1),X0)))),f(f(X0,X1),X0))),f(f(X0,X1),X0))))))) [forward demodulation 56604,5723]
57003. f(f(f(X0,X1),X0),f(f(X1,f(f(X1,X0),f(f(X0,X1),X0))),f(f(X0,X1),X0))) = f(f(f(X0,X1),X0),f(f(f(X0,X1),X0),f(f(X0,X1),X0))) [forward demodulation 56601,165]
57185. f(f(X1,f(f(X1,X0),f(f(X0,X1),X0))),f(f(X0,X1),X0)) = f(f(f(f(X0,X1),X0),f(f(X1,f(f(X1,X0),f(f(X0,X1),X0))),f(f(X0,X1),X0))),f(f(f(X0,X1),X0),f(f(f(f(X0,X1),X0),f(f(X0,X1),X0)),f(f(f(X0,X1),X0),f(f(f(f(X0,X1),X0),f(f(X0,X1),X0)),f(f(f(X0,X1),X0),f(f(X0,X1),X0))))))) [forward demodulation 57000,10]
57240. f(f(X1,f(f(X1,X0),f(f(X0,X1),X0))),f(f(X0,X1),X0)) = f(f(f(f(X0,X1),X0),f(f(f(X0,X1),X0),f(f(X0,X1),X0))),f(f(f(X0,X1),X0),f(f(f(f(X0,X1),X0),f(f(X0,X1),X0)),f(f(f(X0,X1),X0),f(f(f(f(X0,X1),X0),f(f(X0,X1),X0)),f(f(f(X0,X1),X0),f(f(X0,X1),X0))))))) [forward demodulation 57185,57003]
57257. f(f(X1,f(f(X1,X0),f(f(X0,X1),X0))),f(f(X0,X1),X0)) = f(f(f(X0,X1),X0),f(f(X0,X1),X0)) [forward demodulation 57240,5726]
57570. f(f(f(X0,X1),f(X1,f(f(X1,X0),f(X0,X1)))),f(X0,X1)) = f(f(f(f(f(X0,X1),f(X1,f(f(X1,X0),f(X0,X1)))),f(X0,X1)),f(f(f(X0,X1),f(X1,f(f(X1,X0),f(X0,X1)))),f(X0,X1))),X0) [superposition 56,57257]
57943. f(f(X0,X0),X0) = X0 [forward demodulation 57570,43]
59206. f(X2,f(f(X2,f(X1,f(X0,X2))),X2)) = f(f(f(f(X1,f(X0,f(f(X0,X0),X1))),X1),X1),f(f(X1,f(X0,f(f(X0,X0),X1))),X1)) [superposition 12,57943]
59278. f(f(f(X0,X0),X0),X0) = X0 [superposition 5,57943]
59279. f(f(f(f(f(X0,X0),X0),f(X0,X1)),X1),f(f(X0,f(f(X0,X0),X0)),X0)) = X1 [superposition 7,57943]
59281. f(X0,f(f(X0,f(X0,X0)),X0)) = X0 [superposition 10,57943]
59282. f(f(X0,f(f(X0,X0),X0)),X0) = f(X1,f(f(X1,f(f(f(X0,X0),X0),f(X0,X1))),X1)) [superposition 11,57943]
59285. f(f(f(X0,X0),X0),f(X0,X0)) = f(X0,f(f(X0,X0),X0)) [superposition 15,57943]
59522. f(f(X0,X0),f(f(f(X0,X0),X2),f(X0,X0))) = f(X1,f(f(X1,f(f(f(X0,f(f(X0,f(X0,X0)),X2)),X2),f(X0,X1))),X1)) [superposition 2423,57943]
59602. f(f(X0,X0),f(f(f(X0,X0),X2),f(X0,X0))) = f(f(f(X0,f(X0,X0)),X2),f(f(f(f(X0,f(X0,X0)),X2),f(X2,f(f(X2,f(f(f(X0,X0),X0),f(X0,X0))),X2))),f(f(X0,f(X0,X0)),X2))) [forward demodulation 59522,2414]
59667. f(X0,X0) = f(X0,f(X0,X0)) [forward demodulation 59285,57943]
59669. f(f(X0,X0),X0) = f(X1,f(f(X1,f(X0,f(X0,X1))),X1)) [forward demodulation 59282,57943]
59671. f(f(f(X0,f(X0,X1)),X1),f(f(X0,X0),X0)) = X1 [forward demodulation 59279,57943]
59672. f(X0,X0) = X0 [forward demodulation 59278,57943]
59685. f(X2,f(f(X2,f(X1,f(X0,X2))),X2)) = f(f(X0,f(f(X0,f(X0,X0)),X0)),f(f(f(X0,f(f(X0,f(X0,X0)),X0)),f(X1,X0)),f(X0,f(f(X0,f(X0,X0)),X0)))) [forward demodulation 59206,5744]
59690. f(f(X0,X0),f(f(f(X0,X0),X2),f(X0,X0))) = f(f(f(X0,f(X0,X0)),X2),f(f(f(f(X0,f(X0,X0)),X2),f(X2,f(f(X2,f(X0,f(X0,X0))),X2))),f(f(X0,f(X0,X0)),X2))) [forward demodulation 59602,57943]
59734. f(X1,f(f(X1,f(X0,f(X0,X1))),X1)) = X0 [forward demodulation 59669,57943]
59735. f(f(f(X0,f(X0,X1)),X1),X0) = X1 [forward demodulation 59671,57943]
59748. f(X2,f(f(X2,f(X1,f(X0,X2))),X2)) = f(X0,f(f(X0,f(X1,X0)),X0)) [forward demodulation 59685,59281]
59753. f(f(X0,X0),f(f(f(X0,X0),X2),f(X0,X0))) = f(f(f(X0,X0),X2),f(f(f(f(X0,X0),X2),f(X2,f(f(X2,f(X0,X0)),X2))),f(f(X0,X0),X2))) [forward demodulation 59690,59667]
59776. f(X0,f(f(X0,X2),X0)) = f(f(X0,X2),f(f(f(X0,X2),f(X2,f(f(X2,X0),X2))),f(X0,X2))) [forward demodulation 59753,59672]
59789. f(X0,f(f(X0,X2),X0)) = f(f(X0,X2),f(X2,f(X0,X2))) [forward demodulation 59776,187]
61503. f(X1,f(f(X1,f(X0,X1)),X1)) = f(X2,f(f(X2,f(f(X0,X1),f(X0,X2))),X2)) [superposition 2125,59672]
61546. f(f(X1,X0),X1) = f(f(X0,X1),f(f(f(X0,X1),f(X0,f(X0,X1))),f(X0,X1))) [superposition 10,59672]
61699. f(X0,f(f(X0,f(f(X0,X1),X0)),X0)) = f(X1,f(f(X1,f(X0,X1)),X1)) [forward demodulation 61503,59748]
71770. f(f(X0,f(f(X0,X1),f(f(X0,X1),X0))),X0) = f(f(X0,f(f(X0,f(f(X0,X1),f(f(X0,X1),X0))),X0)),f(X1,f(f(X1,X0),X1))) [superposition 1949,59735]
72132. f(f(X0,X1),f(X1,f(f(X1,X0),X1))) = f(f(X0,f(f(X0,X1),f(f(X0,X1),X0))),X0) [forward demodulation 71770,59734]
72270. f(f(X0,f(f(X0,X1),f(f(X0,X1),X0))),X0) = X1 [forward demodulation 72132,187]
91277. f(X0,f(f(X0,X1),X0)) = f(f(f(X1,X0),f(X0,f(X0,f(X1,X0)))),f(X1,X0)) [superposition 72270,187]
104524. f(X0,f(f(X0,X1),X0)) = f(f(X0,X1),f(f(f(X0,X1),f(f(f(X0,X1),f(f(X0,X1),f(X1,f(f(X1,X0),f(X0,X1))))),f(X0,X1))),f(X0,X1))) [superposition 59789,247]
104533. f(X0,f(X1,X0)) = f(f(X1,f(X1,f(f(X1,X0),f(f(f(X1,X0),f(f(X1,X0),f(X0,f(f(X0,X1),f(X1,X0))))),X1)))),f(X0,f(X1,f(X1,f(f(X1,X0),f(f(f(X1,X0),f(f(X1,X0),f(X0,f(f(X0,X1),f(X1,X0))))),X1)))))) [superposition 59789,14015]
105247. f(X0,f(f(X0,X1),X0)) = f(f(f(X0,X1),f(X1,f(f(X1,X0),f(X0,X1)))),f(f(f(f(X0,X1),f(X1,f(f(X1,X0),f(X0,X1)))),f(f(X0,X1),f(f(X0,X1),f(X1,f(f(X1,X0),f(X0,X1)))))),f(f(X0,X1),f(X1,f(f(X1,X0),f(X0,X1)))))) [forward demodulation 104524,61699]
105440. f(f(f(X1,f(f(X1,X0),f(X0,X1))),f(X0,X1)),f(X1,f(f(X1,X0),f(X0,X1)))) = f(X0,f(f(X0,X1),X0)) [forward demodulation 105247,61546]
105544. f(f(X0,X1),f(f(f(X0,X1),f(f(X0,X1),X0)),f(X0,X1))) = f(X0,f(f(X0,X1),X0)) [forward demodulation 105440,15]
134924. f(f(X1,X0),f(X0,f(f(X0,X1),X0))) = f(f(f(X1,X0),f(f(f(X1,X0),f(f(f(f(X1,X0),f(X0,f(f(X0,X1),f(X1,X0)))),f(X1,X0)),f(f(X1,X0),f(X0,f(f(X0,X1),f(X1,X0)))))),f(X1,X0))),f(f(f(X1,X0),f(X0,f(f(X0,X1),X0))),f(f(f(f(X1,X0),f(X0,f(f(X0,X1),X0))),f(f(f(X1,X0),f(X0,f(f(X0,X1),X0))),f(X1,X0))),f(f(X1,X0),f(X0,f(f(X0,X1),X0)))))) [superposition 236,3265]
135717. f(f(X1,X0),f(X0,f(f(X0,X1),X0))) = f(f(f(X1,X0),f(f(f(X1,X0),f(f(f(f(X1,X0),f(X0,f(f(X0,X1),f(X1,X0)))),f(X1,X0)),f(f(X1,X0),f(X0,f(f(X0,X1),f(X1,X0)))))),f(X1,X0))),f(f(X1,X0),f(f(f(X1,X0),f(X0,f(f(X0,X1),X0))),f(X1,X0)))) [forward demodulation 134924,105544]
136351. f(f(f(X1,X0),f(f(f(X1,X0),f(f(f(f(X1,X0),f(X0,f(f(X0,X1),f(X1,X0)))),f(X1,X0)),f(f(X1,X0),f(X0,f(f(X0,X1),f(X1,X0)))))),f(X1,X0))),f(f(X1,X0),f(X0,f(X1,X0)))) = X0 [forward demodulation 135717,187]
136835. f(f(f(X1,X0),f(f(f(X1,X0),f(f(f(f(X1,X0),f(X0,f(f(X0,X1),f(X1,X0)))),f(X1,X0)),f(f(X1,X0),f(X0,f(f(X0,X1),f(X1,X0)))))),f(X1,X0))),f(X1,f(f(X1,X0),X1))) = X0 [forward demodulation 136351,59789]
137205. f(f(f(X1,X0),f(f(f(X1,X0),f(X1,f(f(X1,X0),f(X0,f(f(X0,X1),f(X1,X0)))))),f(X1,X0))),f(X1,f(f(X1,X0),X1))) = X0 [forward demodulation 136835,43]
137480. f(f(f(X0,f(X1,X0)),X0),f(X1,f(f(X1,X0),X1))) = X0 [forward demodulation 137205,5719]
138121. f(f(f(X1,X0),X1),f(f(X1,f(X1,f(f(X1,X0),f(f(f(X1,X0),f(f(X1,X0),f(X0,f(f(X0,X1),f(X1,X0))))),X1)))),f(X0,f(X1,f(X1,f(f(X1,X0),f(f(f(X1,X0),f(f(X1,X0),f(X0,f(f(X0,X1),f(X1,X0))))),X1))))))) = X1 [superposition 137480,14015]
138755. f(f(f(X1,X0),X1),f(X0,f(X1,X0))) = X1 [forward demodulation 138121,104533]
142135. f(X0,f(f(X0,X1),f(f(f(X0,X1),f(f(X0,X1),f(X1,f(f(X1,X0),f(X0,X1))))),X0))) = f(f(f(f(X0,X1),f(X1,f(f(X1,X0),f(X0,X1)))),f(X0,f(f(X0,X1),f(f(f(X0,X1),f(f(X0,X1),f(X1,f(f(X1,X0),f(X0,X1))))),X0)))),f(X0,f(f(X0,X1),f(X1,f(f(X1,X0),f(X0,X1)))))) [superposition 138755,51]
142591. f(X1,f(X0,X1)) = f(f(f(f(X0,X1),X0),f(X0,f(X0,f(f(X0,X1),X0)))),f(f(X0,X1),X0)) [superposition 72270,138755]
142596. f(X0,f(f(X0,f(X0,X1)),X0)) = f(X1,f(X0,X1)) [forward demodulation 142591,91277]
142793. f(X0,f(f(X0,X1),f(f(f(X0,X1),f(f(X0,X1),f(X1,f(f(X1,X0),f(X0,X1))))),X0))) = f(f(X0,f(f(X0,f(X0,X1)),X0)),f(X0,f(f(X0,X1),f(X1,f(f(X1,X0),f(X0,X1)))))) [forward demodulation 142135,14842]
142988. f(X0,f(f(X0,X1),f(f(f(X0,X1),f(f(X0,X1),f(X1,f(f(X1,X0),f(X0,X1))))),X0))) = f(f(X1,f(X0,X1)),f(X0,f(f(X0,X1),f(X1,f(f(X1,X0),f(X0,X1)))))) [forward demodulation 142793,142596]
143097. f(X0,X1) = f(X0,f(f(X0,X1),f(f(f(X0,X1),f(f(X0,X1),f(X1,f(f(X1,X0),f(X0,X1))))),X0))) [forward demodulation 142988,5726]
145797. f(f(X2,f(f(X2,f(f(f(X3,f(f(X3,X0),X1)),X1),f(f(X0,X3),X2))),X2)),X0) = f(f(X1,X0),f(f(f(X1,X0),X0),f(X1,X0))) [superposition 142596,1953]
145898. f(X0,f(f(X0,X1),f(X1,f(f(X1,X0),f(X0,X1))))) = f(f(X0,f(f(X0,X1),f(f(f(X0,X1),f(f(X0,X1),f(X1,f(f(X1,X0),f(X0,X1))))),X0))),f(f(f(X0,f(f(X0,X1),f(f(f(X0,X1),f(f(X0,X1),f(X1,f(f(X1,X0),f(X0,X1))))),X0))),f(f(X0,X1),f(X1,f(f(X1,X0),f(X0,X1))))),f(X0,f(f(X0,X1),f(f(f(X0,X1),f(f(X0,X1),f(X1,f(f(X1,X0),f(X0,X1))))),X0))))) [superposition 142596,51]
146748. f(X0,f(f(X0,X1),f(X1,f(f(X1,X0),f(X0,X1))))) = f(f(X0,X1),f(f(f(X0,X1),f(f(X0,X1),f(X1,f(f(X1,X0),f(X0,X1))))),f(X0,X1))) [forward demodulation 145898,143097]
146834. f(f(X2,f(f(X2,f(f(f(X3,f(f(X3,X0),X1)),X1),f(f(X0,X3),X2))),X2)),X0) = f(X1,f(f(X1,X0),f(X0,f(f(X0,X1),f(X1,X0))))) [forward demodulation 145797,5723]
146997. f(X0,f(f(X0,X1),f(X1,f(f(X1,X0),f(X0,X1))))) = X1 [forward demodulation 146748,2141]
147045. f(f(f(X3,f(f(X3,X0),X3)),f(f(f(X3,f(f(X3,X0),X3)),f(f(f(X3,f(f(X3,X0),X1)),X1),X3)),f(X3,f(f(X3,X0),X3)))),X0) = f(X1,f(f(X1,X0),f(X0,f(f(X0,X1),f(X1,X0))))) [forward demodulation 146834,2395]
147162. f(f(f(X3,f(f(X3,X0),X3)),f(f(f(X3,f(f(X3,X0),X3)),f(f(f(X3,f(f(X3,X0),X1)),X1),X3)),f(X3,f(f(X3,X0),X3)))),X0) = X0 [forward demodulation 147045,146997]
147215. f(f(X0,f(f(X0,X1),X0)),X0) = X0 [forward demodulation 147162,9747]
150276. f(X0,X1) = X1 [superposition 147215,59734]
150764. f(f(f(f(X0,f(f(X0,f(X0,f(f(X0,X1),X0))),X0)),f(f(f(X0,f(f(X0,f(X0,f(f(X0,X1),X0))),X0)),X0),X2)),X2),f(X0,X0)) = X2 [superposition 276,147215]
151004. f(f(f(f(X0,f(f(X0,f(X0,f(f(X0,X1),X0))),X0)),f(f(f(X0,f(f(X0,f(X0,f(f(X0,X1),X0))),X0)),X0),X2)),X2),X0) = X2 [forward demodulation 150764,59672]
151356. X0 = X2 [forward demodulation 151004,150276]
154457. sK0 != X0 [superposition 6,151356]
156047. $false [forward subsumption resolution 154457,151356]
% SZS output end Proof for p
% ------------------------------
% Version: Vampire 5.0.1 (Release build, commit 1b13eaf on 2026-01-18 12:14:50 +0000)
% Linked with Z3 4.14.0.0 3c47fd96cf5645d0c42b2c819d9e9a84380aa721 NOTFOUND
% CaDiCaL version: 2.1.3
% Termination reason: Refutation
% Time elapsed: 24.198 s
% Peak memory usage: 479 MB
% Instructions burned: 49224 (million)
% ------------------------------
% ------------------------------
