% law: x = (((((y ◇ w) ◇ x) ◇ ((x ◇ x) ◇ z)) ◇ y) ◇ y)
% config: vampire/triv/discount @ 30s

% Running in auto input_syntax mode. Trying TPTP
% Refutation found. Thanks to Tanya!
% SZS status Theorem for p
% SZS output start Proof for p
1. ! [X0,X1,X2,X3] : X1 = f(f(f(f(f(X2,X0),X1),f(f(X1,X1),X3)),X2),X2) [input(axiom)]
2. ! [X0,X1] : X0 = X1 [input(conjecture)]
3. ~! [X0,X1] : X0 = X1 [negated conjecture 2]
4. ? [X0,X1] : X0 != X1 [ennf transformation 3]
5. ? [X0,X1] : X0 != X1 => sK0 != sK1 [skolem symbol introduction]
6. sK0 != sK1 [skolemisation 4,5]
7. f(f(f(f(f(X2,X0),X1),f(f(X1,X1),X3)),X2),X2) = X1 [cnf transformation 1]
8. sK0 != sK1 [cnf transformation 6]
9. f(f(f(f(X0,X4),f(f(X4,X4),X5)),f(f(f(f(X1,X2),X0),f(f(X0,X0),X3)),X1)),f(f(f(f(X1,X2),X0),f(f(X0,X0),X3)),X1)) = X4 [superposition 7,7]
10. f(f(f(X0,f(f(X1,X1),X4)),f(f(f(X1,X2),X0),f(f(X0,X0),X3))),f(f(f(X1,X2),X0),f(f(X0,X0),X3))) = X1 [superposition 7,7]
11. f(f(X0,f(f(f(X1,X5),f(f(f(f(f(f(X1,X1),X2),X3),X0),f(f(X0,X0),X4)),f(f(X1,X1),X2))),f(f(f(f(f(f(f(f(X1,X1),X2),X3),X0),f(f(X0,X0),X4)),f(f(X1,X1),X2)),f(f(f(f(f(f(X1,X1),X2),X3),X0),f(f(X0,X0),X4)),f(f(X1,X1),X2))),X6))),f(f(f(X1,X5),f(f(f(f(f(f(X1,X1),X2),X3),X0),f(f(X0,X0),X4)),f(f(X1,X1),X2))),f(f(f(f(f(f(f(f(X1,X1),X2),X3),X0),f(f(X0,X0),X4)),f(f(X1,X1),X2)),f(f(f(f(f(f(X1,X1),X2),X3),X0),f(f(X0,X0),X4)),f(f(X1,X1),X2))),X6))) = X1 [superposition 10,7]
24. f(f(f(f(X1,X2),f(f(X2,X2),X3)),f(f(f(X0,X1),f(f(X1,X1),X8)),f(f(X4,f(f(X0,X0),X5)),f(f(f(X0,X6),X4),f(f(X4,X4),X7))))),f(f(f(X0,X1),f(f(X1,X1),X8)),f(f(X4,f(f(X0,X0),X5)),f(f(f(X0,X6),X4),f(f(X4,X4),X7))))) = X2 [superposition 9,10]
28. f(f(X3,X0),f(f(X0,X0),X5)) = f(f(f(f(f(f(f(X1,X2),X3),f(f(X3,X3),X4)),X1),f(f(f(f(X3,X0),f(f(X0,X0),X5)),f(f(X3,X0),f(f(X0,X0),X5))),X6)),f(X0,f(f(f(f(f(f(X1,X2),X3),f(f(X3,X3),X4)),X1),f(f(f(f(X1,X2),X3),f(f(X3,X3),X4)),X1)),X7))),f(X0,f(f(f(f(f(f(X1,X2),X3),f(f(X3,X3),X4)),X1),f(f(f(f(X1,X2),X3),f(f(X3,X3),X4)),X1)),X7))) [superposition 10,9]
184. f(f(f(f(X1,X2),f(f(X2,X2),X3)),f(f(f(X4,X1),f(f(X1,X1),X5)),f(X0,f(f(f(X4,X9),f(f(f(f(f(f(X4,X4),X6),X7),X0),f(f(X0,X0),X8)),f(f(X4,X4),X6))),f(f(f(f(f(f(f(f(X4,X4),X6),X7),X0),f(f(X0,X0),X8)),f(f(X4,X4),X6)),f(f(f(f(f(f(X4,X4),X6),X7),X0),f(f(X0,X0),X8)),f(f(X4,X4),X6))),X10))))),f(f(f(X4,X1),f(f(X1,X1),X5)),f(X0,f(f(f(X4,X9),f(f(f(f(f(f(X4,X4),X6),X7),X0),f(f(X0,X0),X8)),f(f(X4,X4),X6))),f(f(f(f(f(f(f(f(X4,X4),X6),X7),X0),f(f(X0,X0),X8)),f(f(X4,X4),X6)),f(f(f(f(f(f(X4,X4),X6),X7),X0),f(f(X0,X0),X8)),f(f(X4,X4),X6))),X10))))) = X2 [superposition 24,7]
1011. f(f(X0,X1),f(f(X1,X1),X2)) = f(f(X0,f(X1,f(f(f(f(f(f(f(f(f(f(X0,X1),f(f(X1,X1),X2)),f(f(X0,X1),f(f(X1,X1),X2))),X3),X4),X0),f(f(X0,X0),X5)),f(f(f(f(X0,X1),f(f(X1,X1),X2)),f(f(X0,X1),f(f(X1,X1),X2))),X3)),f(f(f(f(f(f(f(f(X0,X1),f(f(X1,X1),X2)),f(f(X0,X1),f(f(X1,X1),X2))),X3),X4),X0),f(f(X0,X0),X5)),f(f(f(f(X0,X1),f(f(X1,X1),X2)),f(f(X0,X1),f(f(X1,X1),X2))),X3))),X6))),f(X1,f(f(f(f(f(f(f(f(f(f(X0,X1),f(f(X1,X1),X2)),f(f(X0,X1),f(f(X1,X1),X2))),X3),X4),X0),f(f(X0,X0),X5)),f(f(f(f(X0,X1),f(f(X1,X1),X2)),f(f(X0,X1),f(f(X1,X1),X2))),X3)),f(f(f(f(f(f(f(f(X0,X1),f(f(X1,X1),X2)),f(f(X0,X1),f(f(X1,X1),X2))),X3),X4),X0),f(f(X0,X0),X5)),f(f(f(f(X0,X1),f(f(X1,X1),X2)),f(f(X0,X1),f(f(X1,X1),X2))),X3))),X6))) [superposition 28,7]
118491. f(f(f(f(X1,X0),f(f(X0,X0),X2)),f(f(X3,X1),f(f(X1,X1),X4))),f(f(f(f(X3,X1),f(f(X1,X1),X4)),f(f(X3,X1),f(f(X1,X1),X4))),X5)) = X0 [superposition 1011,184]
119742. f(f(X3,X1),f(f(X1,X1),X4)) = f(f(X0,f(X1,X0)),f(X1,X0)) [superposition 7,118491]
123300. f(f(f(f(X0,f(X1,X0)),f(X1,X0)),X2),X2) = X1 [superposition 7,119742]
128682. X0 = X2 [superposition 123300,11]
135908. sK0 != X0 [superposition 8,128682]
140069. $false [forward subsumption resolution 135908,128682]
% SZS output end Proof for p
% ------------------------------
% Version: Vampire 5.0.1 (Release build, commit 1b13eaf on 2026-01-18 12:14:50 +0000)
% Linked with Z3 4.14.0.0 3c47fd96cf5645d0c42b2c819d9e9a84380aa721 NOTFOUND
% CaDiCaL version: 2.1.3
% Termination reason: Refutation
% Time elapsed: 14.545 s
% Peak memory usage: 257 MB
% Instructions burned: 114985 (million)
% ------------------------------
% ------------------------------
