% law: x = (y ◇ (x ◇ ((z ◇ y) ◇ ((z ◇ (w ◇ x)) ◇ z))))
% config: vampire/triv/discount @ 30s

% Running in auto input_syntax mode. Trying TPTP
% Refutation found. Thanks to Tanya!
% SZS status Theorem for p
% SZS output start Proof for p
1. ! [X0,X1,X2,X3] : X1 = f(X2,f(X1,f(f(X3,X2),f(f(X3,f(X0,X1)),X3)))) [input(axiom)]
2. ! [X0,X1] : X0 = X1 [input(conjecture)]
3. ~! [X0,X1] : X0 = X1 [negated conjecture 2]
4. ? [X0,X1] : X0 != X1 [ennf transformation 3]
5. ? [X0,X1] : X0 != X1 => sK0 != sK1 [skolem symbol introduction]
6. sK0 != sK1 [skolemisation 4,5]
7. f(X2,f(X1,f(f(X3,X2),f(f(X3,f(X0,X1)),X3)))) = X1 [cnf transformation 1]
8. sK0 != sK1 [cnf transformation 6]
9. f(f(X0,f(f(X1,X2),f(f(X1,f(X3,X0)),X1))),f(X4,f(X0,f(f(X2,f(X5,X4)),X2)))) = X4 [superposition 7,7]
23. f(X0,f(X2,f(f(X3,f(X4,X0)),X3))) = f(X1,f(f(X0,f(X2,f(f(X3,f(X4,X0)),X3))),f(f(X5,X1),f(f(X5,X0),X5)))) [superposition 7,9]
65. f(f(X8,X6),f(f(X8,X0),X8)) = f(f(X4,f(f(X5,X6),f(f(X5,f(X7,X4)),X5))),f(f(f(X8,X6),f(f(X8,X0),X8)),f(X4,f(f(X0,f(X1,f(f(X2,f(X3,X0)),X2))),X6)))) [superposition 9,23]
3507. f(f(X4,f(f(X5,X6),f(f(X5,X0),X5))),f(f(X4,X0),X4)) = f(f(X6,f(f(X7,f(f(X5,X6),f(f(X5,X0),X5))),f(f(X7,f(X8,X6)),X7))),f(f(f(X4,f(f(X5,X6),f(f(X5,X0),X5))),f(f(X4,X0),X4)),f(X0,f(X1,f(f(X2,f(X3,X0)),X2))))) [superposition 65,23]
285985. f(f(X1,f(f(X2,X3),f(f(X2,X0),X2))),f(f(X1,X0),X1)) = f(f(X3,f(f(X4,f(f(X2,X3),f(f(X2,X0),X2))),f(f(X4,f(X5,X3)),X4))),X0) [superposition 3507,7]
288699. f(f(f(X2,X0),f(f(X2,f(X3,X4)),X2)),f(X4,f(f(X0,f(f(X1,f(f(X2,X0),f(f(X2,f(X3,X4)),X2))),f(f(X1,f(X5,X0)),X1))),f(X3,X4)))) = X4 [superposition 7,285985]
367558. f(f(X3,X0),X3) = f(f(f(X2,X0),f(f(X2,f(f(X3,f(f(X3,X0),X3)),f(f(X3,X0),X3))),X2)),f(X0,f(f(X1,f(f(X2,X0),f(f(X2,f(f(X3,f(f(X3,X0),X3)),f(f(X3,X0),X3))),X2))),f(f(X1,f(X4,X0)),X1)))) [superposition 288699,23]
369325. f(f(X3,X0),X3) = X0 [forward demodulation 367558,7]
369548. f(X0,f(X1,X0)) = X1 [superposition 369325,369325]
379679. f(f(f(X0,f(X1,f(f(X2,f(X3,X0)),X2))),f(f(X4,X5),f(f(X4,X0),X4))),f(X0,f(X1,f(f(X2,f(X3,X0)),X2)))) = X5 [superposition 369548,23]
384401. f(f(X4,X5),f(f(X4,X0),X4)) = X5 [forward demodulation 379679,369325]
386644. f(f(X4,X5),X0) = X5 [forward demodulation 384401,369325]
388495. X0 = X2 [superposition 386644,7]
407072. sK0 != X0 [superposition 8,388495]
411315. $false [forward subsumption resolution 407072,388495]
% SZS output end Proof for p
% ------------------------------
% Version: Vampire 5.0.1 (Release build, commit 1b13eaf on 2026-01-18 12:14:50 +0000)
% Linked with Z3 4.14.0.0 3c47fd96cf5645d0c42b2c819d9e9a84380aa721 NOTFOUND
% CaDiCaL version: 2.1.3
% Termination reason: Refutation
% Time elapsed: 20.321 s
% Peak memory usage: 561 MB
% Instructions burned: 129806 (million)
% ------------------------------
% ------------------------------
