% law: x =  (y ◇ (y ◇ y)) ◇ ((x ◇ z) ◇ z)
% config: twee/complete @ 30s

Here is the input problem:
  Axiom 1 (hyp): X = f(f(Y, f(Y, Y)), f(f(X, Z), Z)).
  Goal 1 (goal): x = y.

1. f(f(X, f(X, X)), f(f(Y, Z), Z)) -> Y
2. f(f(X, f(X, X)), f(Y, f(f(Y, Z), Z))) -> f(?, f(?, ?))
3. f(X, f(X, X)) ~> f(?, f(?, ?))
4. f(f(?, f(?, ?)), f(f(?, f(?, ?)), f(X, X))) -> X
5. f(f(?, f(?, ?)), f(?, f(?, ?))) -> f(?, f(?, ?))
6. f(f(?, f(?, ?)), f(X, f(f(?, f(?, ?)), f(X, X)))) -> f(?, f(?, ?))

% SZS status CounterSatisfiable

% SZS output start Saturation
cnf(c1, axiom, X=f(f(Y, f(Y, Y)), f(f(X, Z), Z)), file('/tmp/tmpi7py2c8q/p.p', hyp)).
cnf(c2, plain, f(f(X3, f(X3, X3)), f(f(X4, X2), X2))=X4).
cnf(c3, plain, f(f(X2, f(X2, X2)), f(X3, f(f(X3, X4), X4)))=f(constant, f(constant, constant))).
cnf(c4, plain, f(X2, f(X2, X2))=f(constant, f(constant, constant))).
cnf(c5, plain, f(f(constant, f(constant, constant)), f(f(constant, f(constant, constant)), f(X2, X2)))=X2).
cnf(c6, plain, f(f(constant, f(constant, constant)), f(constant, f(constant, constant)))=f(constant, f(constant, constant))).
cnf(c7, plain, f(f(constant, f(constant, constant)), f(X2, f(f(constant, f(constant, constant)), f(X2, X2))))=f(constant, f(constant, constant))).
% SZS output end Saturation

Ran out of critical pairs. This means the conjecture is not true.
Here is the final rewrite system:
  f(X, f(X, X)) ~> f(?, f(?, ?))
  f(f(?, f(?, ?)), f(?, f(?, ?))) -> f(?, f(?, ?))
  f(f(?, f(?, ?)), f(f(X, Y), Y)) -> X
  f(f(?, f(?, ?)), f(X, f(f(X, Y), Y))) -> f(?, f(?, ?))
  f(f(?, f(?, ?)), f(f(?, f(?, ?)), f(X, X))) -> X
  f(f(?, f(?, ?)), f(X, f(f(?, f(?, ?)), f(X, X)))) -> f(?, f(?, ?))

RESULT: CounterSatisfiable (the conjecture is false).
