% law: x = (((((y ◇ z) ◇ x) ◇ y) ◇ ((y ◇ w) ◇ x)) ◇ y)
% config: vampire/triv/discount @ 30s

% Running in auto input_syntax mode. Trying TPTP
% Refutation found. Thanks to Tanya!
% SZS status Theorem for p
% SZS output start Proof for p
1. ! [X0,X1,X2,X3] : X1 = f(f(f(f(f(X2,X3),X1),X2),f(f(X2,X0),X1)),X2) [input(axiom)]
2. ! [X0,X1] : X0 = X1 [input(conjecture)]
3. ~! [X0,X1] : X0 = X1 [negated conjecture 2]
4. ? [X0,X1] : X0 != X1 [ennf transformation 3]
5. ? [X0,X1] : X0 != X1 => sK0 != sK1 [skolem symbol introduction]
6. sK0 != sK1 [skolemisation 4,5]
7. f(f(f(f(f(X2,X3),X1),X2),f(f(X2,X0),X1)),X2) = X1 [cnf transformation 1]
8. sK0 != sK1 [cnf transformation 6]
9. f(f(f(f(X0,X4),f(f(f(f(X1,X2),X0),X1),f(f(X1,X3),X0))),f(f(f(f(f(f(X1,X2),X0),X1),f(f(X1,X3),X0)),X5),X4)),f(f(f(f(X1,X2),X0),X1),f(f(X1,X3),X0))) = X4 [superposition 7,7]
10. f(f(f(X0,f(f(f(X1,X2),X0),X1)),f(f(f(f(f(X1,X2),X0),X1),X4),X1)),f(f(f(X1,X2),X0),X1)) = X1 [superposition 7,7]
11. f(f(f(f(f(f(f(f(f(X1,X2),X0),X1),f(f(X1,X3),X0)),X4),X5),f(f(f(f(X1,X2),X0),X1),f(f(X1,X3),X0))),f(X0,X5)),f(f(f(f(X1,X2),X0),X1),f(f(X1,X3),X0))) = X5 [superposition 7,7]
13. f(f(f(X0,f(f(f(X1,X2),X0),X1)),X0),f(f(f(X1,X2),X0),X1)) = X1 [superposition 10,7]
40. f(f(X2,f(f(f(X0,X3),X2),X0)),X2) = f(f(f(X1,f(f(X0,X1),f(f(X2,f(f(f(X0,X3),X2),X0)),X2))),X1),f(f(X0,X1),f(f(X2,f(f(f(X0,X3),X2),X0)),X2))) [superposition 13,13]
51. f(f(f(f(f(f(f(X1,f(f(f(X0,X2),X1),X0)),X1),X3),X4),f(f(X1,f(f(f(X0,X2),X1),X0)),X1)),f(X0,X4)),f(f(X1,f(f(f(X0,X2),X1),X0)),X1)) = X4 [superposition 7,13]
58. f(f(f(f(X0,X1),f(f(f(f(X2,X3),X0),X2),f(f(X2,X4),X0))),f(X0,X1)),f(f(f(f(X2,X3),X0),X2),f(f(X2,X4),X0))) = X1 [superposition 9,7]
99. f(f(f(X0,X4),X3),X0) = f(f(f(f(f(f(f(f(f(X1,X2),f(f(X3,f(f(f(X0,X4),X3),X0)),X3)),X1),f(f(X1,X5),f(f(X3,f(f(f(X0,X4),X3),X0)),X3))),X6),f(f(f(X0,X4),X3),X0)),f(f(f(f(X1,X2),f(f(X3,f(f(f(X0,X4),X3),X0)),X3)),X1),f(f(X1,X5),f(f(X3,f(f(f(X0,X4),X3),X0)),X3)))),X0),f(f(f(f(X1,X2),f(f(X3,f(f(f(X0,X4),X3),X0)),X3)),X1),f(f(X1,X5),f(f(X3,f(f(f(X0,X4),X3),X0)),X3)))) [superposition 11,13]
286. f(f(f(f(X0,X3),f(f(X1,f(f(f(X0,X2),X1),X0)),X1)),f(X0,X3)),f(f(X1,f(f(f(X0,X2),X1),X0)),X1)) = X3 [superposition 51,13]
416. f(f(f(X0,f(f(X4,f(f(f(f(f(f(f(X1,X2),X0),X1),f(f(X1,X3),X0)),X5),X4),f(f(f(f(X1,X2),X0),X1),f(f(X1,X3),X0)))),X4)),X0),f(f(X4,f(f(f(f(f(f(f(X1,X2),X0),X1),f(f(X1,X3),X0)),X5),X4),f(f(f(f(X1,X2),X0),X1),f(f(X1,X3),X0)))),X4)) = X1 [superposition 286,7]
584. f(f(X1,f(f(X0,X1),f(f(f(f(X2,X3),X0),X2),f(f(X2,X4),X0)))),X1) = f(f(f(X5,f(f(f(f(f(f(X2,X3),X0),X2),f(f(X2,X4),X0)),X5),f(f(X1,f(f(X0,X1),f(f(f(f(X2,X3),X0),X2),f(f(X2,X4),X0)))),X1))),X5),f(f(f(f(f(f(X2,X3),X0),X2),f(f(X2,X4),X0)),X5),f(f(X1,f(f(X0,X1),f(f(f(f(X2,X3),X0),X2),f(f(X2,X4),X0)))),X1))) [superposition 40,7]
165691. f(f(X1,f(f(X0,X1),f(f(f(f(X2,X3),X0),X2),f(f(X2,X4),X0)))),X1) = f(f(f(X2,f(X0,f(f(X1,f(f(X0,X1),f(f(f(f(X2,X3),X0),X2),f(f(X2,X4),X0)))),X1))),X2),f(X0,f(f(X1,f(f(X0,X1),f(f(f(f(X2,X3),X0),X2),f(f(X2,X4),X0)))),X1))) [superposition 584,7]
168539. f(f(X1,f(f(f(f(f(X1,X2),X1),X1),X1),f(f(f(f(f(X1,X0),X3),f(f(f(X1,X2),X1),X1)),f(X1,X0)),f(f(f(X1,X0),X4),f(f(f(X1,X2),X1),X1))))),X1) = X0 [superposition 165691,58]
170222. f(f(f(X0,X1),f(f(X1,X5),X1)),X1) = X1 [superposition 7,168539]
171617. f(X0,X1) = X1 [superposition 170222,416]
185120. f(f(f(X0,X4),X3),X0) = f(f(f(f(X1,X2),f(f(X3,f(f(f(X0,X4),X3),X0)),X3)),X1),f(f(X1,X5),f(f(X3,f(f(f(X0,X4),X3),X0)),X3))) [forward demodulation 99,171617]
185121. f(f(f(X0,X4),X3),X0) = f(f(X1,X5),f(f(X3,f(f(f(X0,X4),X3),X0)),X3)) [forward demodulation 185120,171617]
185122. f(f(f(X0,X4),X3),X0) = f(f(X3,f(f(f(X0,X4),X3),X0)),X3) [forward demodulation 185121,171617]
185123. f(f(f(X0,X4),X3),X0) = X3 [forward demodulation 185122,171617]
185124. X0 = X3 [forward demodulation 185123,171617]
188129. sK0 != X0 [superposition 8,185124]
191133. $false [forward subsumption resolution 188129,185124]
% SZS output end Proof for p
% ------------------------------
% Version: Vampire 5.0.1 (Release build, commit 1b13eaf on 2026-01-18 12:14:50 +0000)
% Linked with Z3 4.14.0.0 3c47fd96cf5645d0c42b2c819d9e9a84380aa721 NOTFOUND
% CaDiCaL version: 2.1.3
% Termination reason: Refutation
% Time elapsed: 11.856 s
% Peak memory usage: 279 MB
% Instructions burned: 88831 (million)
% ------------------------------
% ------------------------------
