% law: x = (((z ◇ (y ◇ z)) ◇ z) ◇ ((z ◇ x) ◇ (z ◇ (z ◇ z))))
% config: vampire/sat/otter+lpo @ 30s

% Running in auto input_syntax mode. Trying TPTP
[SA] active: 6. sK0 != sK1 [cnf transformation 4]
[SA] active: 5. f(f(f(X2,f(X1,X2)),X2),f(f(X2,X0),f(X2,f(X2,X2)))) = X0 [cnf transformation 1]
[SA] active: 8. f(f(X1,X0),f(X1,f(X1,X1))) = f(f(f(f(f(X1,f(X2,X1)),X1),f(X3,f(f(X1,f(X2,X1)),X1))),f(f(X1,f(X2,X1)),X1)),f(X0,f(f(f(X1,f(X2,X1)),X1),f(f(f(X1,f(X2,X1)),X1),f(f(X1,f(X2,X1)),X1))))) [superposition 5,5]
[SA] active: 7. f(f(f(f(f(X1,X0),f(X1,f(X1,X1))),X0),f(f(X1,X0),f(X1,f(X1,X1)))),f(f(f(f(X1,X0),f(X1,f(X1,X1))),X3),f(f(f(X1,X0),f(X1,f(X1,X1))),f(f(f(X1,X0),f(X1,f(X1,X1))),f(f(X1,X0),f(X1,f(X1,X1))))))) = X3 [superposition 5,5]
[SA] active: 21. f(f(X0,f(f(f(X0,f(X1,X0)),X0),X2)),f(X0,f(X0,X0))) = X2 [superposition 5,8]
[SA] active: 18. f(f(f(X0,f(X4,X0)),X0),f(f(f(f(f(X0,f(X1,X0)),X0),f(X2,f(f(X0,f(X1,X0)),X0))),f(f(X0,f(X1,X0)),X0)),f(X3,f(f(f(X0,f(X1,X0)),X0),f(f(f(X0,f(X1,X0)),X0),f(f(X0,f(X1,X0)),X0)))))) = X3 [superposition 5,8]
[SA] active: 44. f(f(f(X1,f(X2,X1)),X1),X0) = f(f(f(X1,f(X3,X1)),X1),X0) [superposition 5,21]
[SA] active: 19. f(X0,f(X0,X0)) = f(f(f(f(X0,X3),f(X4,f(X0,X3))),f(X0,X3)),f(f(f(f(f(f(X0,f(X1,X0)),X0),f(X2,f(f(X0,f(X1,X0)),X0))),f(f(X0,f(X1,X0)),X0)),f(X3,f(f(f(X0,f(X1,X0)),X0),f(f(f(X0,f(X1,X0)),X0),f(f(X0,f(X1,X0)),X0))))),f(f(X0,X3),f(f(X0,X3),f(X0,X3))))) [superposition 5,8]
[SA] active: 189. f(f(X0,f(X1,X0)),X0) = f(f(X0,f(X6,X0)),X0) [forward demodulation 183,18]
[SA] active: 20. f(f(f(f(X0,f(X0,X0)),f(f(f(f(f(X0,f(X1,X0)),X0),f(X2,f(f(X0,f(X1,X0)),X0))),f(f(X0,f(X1,X0)),X0)),f(X3,f(f(f(X0,f(X1,X0)),X0),f(f(f(X0,f(X1,X0)),X0),f(f(X0,f(X1,X0)),X0)))))),f(X0,f(X0,X0))),f(f(f(X0,f(X0,X0)),X4),f(f(X0,f(X0,X0)),f(f(X0,f(X0,X0)),f(X0,f(X0,X0)))))) = X4 [superposition 5,8]
[SA] active: 309. f(f(f(X1,f(X1,X1)),X0),f(X1,f(X1,X1))) = f(f(f(X1,f(X1,X1)),f(X2,f(X1,f(X1,X1)))),f(X1,f(X1,X1))) [superposition 189,21]
[SA] active: 11. f(f(f(f(f(X0,f(X1,X0)),X0),f(X2,f(f(X0,f(X1,X0)),X0))),f(f(X0,f(X1,X0)),X0)),f(X3,f(f(f(X0,f(X1,X0)),X0),f(f(f(X0,f(X1,X0)),X0),f(f(X0,f(X1,X0)),X0))))) = f(f(f(f(f(X0,f(X4,X0)),X0),f(X5,f(f(X0,f(X4,X0)),X0))),f(f(X0,f(X4,X0)),X0)),f(X3,f(f(f(X0,f(X4,X0)),X0),f(f(f(X0,f(X4,X0)),X0),f(f(X0,f(X4,X0)),X0))))) [superposition 8,8]
[SA] active: 471. f(f(f(X0,f(X0,X0)),X1),f(X0,f(X0,X0))) = f(f(f(X0,f(X0,X0)),X2),f(X0,f(X0,X0))) [superposition 309,309]
[SA] active: 23. f(f(f(f(X1,f(f(f(X0,f(X2,X0)),X0),f(f(f(X0,f(X2,X0)),X0),f(f(X0,f(X2,X0)),X0)))),f(f(X0,X1),f(X0,f(X0,X0)))),f(X1,f(f(f(X0,f(X2,X0)),X0),f(f(f(X0,f(X2,X0)),X0),f(f(X0,f(X2,X0)),X0))))),f(f(f(X1,f(f(f(X0,f(X2,X0)),X0),f(f(f(X0,f(X2,X0)),X0),f(f(X0,f(X2,X0)),X0)))),X4),f(f(X1,f(f(f(X0,f(X2,X0)),X0),f(f(f(X0,f(X2,X0)),X0),f(f(X0,f(X2,X0)),X0)))),f(f(X1,f(f(f(X0,f(X2,X0)),X0),f(f(f(X0,f(X2,X0)),X0),f(f(X0,f(X2,X0)),X0)))),f(X1,f(f(f(X0,f(X2,X0)),X0),f(f(f(X0,f(X2,X0)),X0),f(f(X0,f(X2,X0)),X0)))))))) = X4 [superposition 5,8]
[SA] active: 833. f(f(f(X0,f(X0,X0)),X1),f(X0,f(X0,X0))) = f(f(f(X0,f(X2,X0)),X0),f(X0,f(X0,X0))) [superposition 44,471]
[SA] active: 13. f(f(f(f(X1,X0),f(X1,f(X1,X1))),X2),f(f(f(X1,X0),f(X1,f(X1,X1))),f(f(f(X1,X0),f(X1,f(X1,X1))),f(f(X1,X0),f(X1,f(X1,X1)))))) = f(f(f(f(f(f(f(X1,X0),f(X1,f(X1,X1))),X0),f(f(X1,X0),f(X1,f(X1,X1)))),f(X4,f(f(f(f(X1,X0),f(X1,f(X1,X1))),X0),f(f(X1,X0),f(X1,f(X1,X1)))))),f(f(f(f(X1,X0),f(X1,f(X1,X1))),X0),f(f(X1,X0),f(X1,f(X1,X1))))),f(X2,f(f(f(f(f(X1,X0),f(X1,f(X1,X1))),X0),f(f(X1,X0),f(X1,f(X1,X1)))),f(f(f(f(f(X1,X0),f(X1,f(X1,X1))),X0),f(f(X1,X0),f(X1,f(X1,X1)))),f(f(f(f(X1,X0),f(X1,f(X1,X1))),X0),f(f(X1,X0),f(X1,f(X1,X1)))))))) [superposition 8,5]
[SA] active: 834. f(X0,f(X0,X0)) = f(f(X0,f(f(f(X0,f(X0,X0)),X1),f(X0,f(X0,X0)))),f(X0,f(X0,X0))) [superposition 21,471]
[SA] active: 22. f(X1,f(f(f(X0,f(X2,X0)),X0),f(f(f(X0,f(X2,X0)),X0),f(f(X0,f(X2,X0)),X0)))) = f(f(f(f(f(f(f(X0,f(X2,X0)),X0),f(X3,f(f(X0,f(X2,X0)),X0))),f(f(X0,f(X2,X0)),X0)),f(X4,f(f(f(f(X0,f(X2,X0)),X0),f(X3,f(f(X0,f(X2,X0)),X0))),f(f(X0,f(X2,X0)),X0)))),f(f(f(f(X0,f(X2,X0)),X0),f(X3,f(f(X0,f(X2,X0)),X0))),f(f(X0,f(X2,X0)),X0))),f(f(f(X0,X1),f(X0,f(X0,X0))),f(f(f(f(f(X0,f(X2,X0)),X0),f(X3,f(f(X0,f(X2,X0)),X0))),f(f(X0,f(X2,X0)),X0)),f(f(f(f(f(X0,f(X2,X0)),X0),f(X3,f(f(X0,f(X2,X0)),X0))),f(f(X0,f(X2,X0)),X0)),f(f(f(f(X0,f(X2,X0)),X0),f(X3,f(f(X0,f(X2,X0)),X0))),f(f(X0,f(X2,X0)),X0)))))) [superposition 5,8]
[SA] active: 96. f(f(f(f(X1,f(X1,X1)),X0),f(X1,f(X1,X1))),X3) = f(f(f(f(X1,f(X1,X1)),f(X2,f(X1,f(X1,X1)))),f(X1,f(X1,X1))),X3) [superposition 44,21]
[SA] active: 30. f(f(f(f(f(X0,X1),f(X0,f(X0,X0))),X1),f(f(X0,X1),f(X0,f(X0,X0)))),f(f(f(f(f(f(f(X0,X1),f(X0,f(X0,X0))),f(X2,f(f(X0,X1),f(X0,f(X0,X0))))),f(f(X0,X1),f(X0,f(X0,X0)))),f(X3,f(f(f(f(X0,X1),f(X0,f(X0,X0))),f(X2,f(f(X0,X1),f(X0,f(X0,X0))))),f(f(X0,X1),f(X0,f(X0,X0)))))),f(f(f(f(X0,X1),f(X0,f(X0,X0))),f(X2,f(f(X0,X1),f(X0,f(X0,X0))))),f(f(X0,X1),f(X0,f(X0,X0))))),f(X4,f(f(f(f(f(X0,X1),f(X0,f(X0,X0))),f(X2,f(f(X0,X1),f(X0,f(X0,X0))))),f(f(X0,X1),f(X0,f(X0,X0)))),f(f(f(f(f(X0,X1),f(X0,f(X0,X0))),f(X2,f(f(X0,X1),f(X0,f(X0,X0))))),f(f(X0,X1),f(X0,f(X0,X0)))),f(f(f(f(X0,X1),f(X0,f(X0,X0))),f(X2,f(f(X0,X1),f(X0,f(X0,X0))))),f(f(X0,X1),f(X0,f(X0,X0))))))))) = X4 [superposition 7,8]
[SA] active: 1564. f(f(f(f(X0,f(X0,X0)),X1),f(X0,f(X0,X0))),X2) = f(f(f(f(X0,f(X0,X0)),X3),f(X0,f(X0,X0))),X2) [superposition 96,96]
[SA] active: 29. f(f(f(f(f(f(f(f(X0,f(X1,X0)),X0),f(X2,f(f(X0,f(X1,X0)),X0))),f(f(X0,f(X1,X0)),X0)),f(X3,f(f(f(X0,f(X1,X0)),X0),f(f(f(X0,f(X1,X0)),X0),f(f(X0,f(X1,X0)),X0))))),X3),f(f(f(f(f(X0,f(X1,X0)),X0),f(X2,f(f(X0,f(X1,X0)),X0))),f(f(X0,f(X1,X0)),X0)),f(X3,f(f(f(X0,f(X1,X0)),X0),f(f(f(X0,f(X1,X0)),X0),f(f(X0,f(X1,X0)),X0)))))),f(f(f(f(f(f(f(X0,f(X1,X0)),X0),f(X2,f(f(X0,f(X1,X0)),X0))),f(f(X0,f(X1,X0)),X0)),f(X3,f(f(f(X0,f(X1,X0)),X0),f(f(f(X0,f(X1,X0)),X0),f(f(X0,f(X1,X0)),X0))))),X4),f(f(f(f(f(f(X0,f(X1,X0)),X0),f(X2,f(f(X0,f(X1,X0)),X0))),f(f(X0,f(X1,X0)),X0)),f(X3,f(f(f(X0,f(X1,X0)),X0),f(f(f(X0,f(X1,X0)),X0),f(f(X0,f(X1,X0)),X0))))),f(f(f(f(f(f(X0,f(X1,X0)),X0),f(X2,f(f(X0,f(X1,X0)),X0))),f(f(X0,f(X1,X0)),X0)),f(X3,f(f(f(X0,f(X1,X0)),X0),f(f(f(X0,f(X1,X0)),X0),f(f(X0,f(X1,X0)),X0))))),f(f(f(f(f(X0,f(X1,X0)),X0),f(X2,f(f(X0,f(X1,X0)),X0))),f(f(X0,f(X1,X0)),X0)),f(X3,f(f(f(X0,f(X1,X0)),X0),f(f(f(X0,f(X1,X0)),X0),f(f(X0,f(X1,X0)),X0))))))))) = X4 [superposition 7,8]
[SA] active: 1551. f(f(f(f(X0,f(X1,X0)),X0),f(X0,f(X0,X0))),X3) = f(f(f(f(X0,f(X0,X0)),X2),f(X0,f(X0,X0))),X3) [superposition 96,833]
[SA] active: 26. f(f(f(f(f(f(f(f(f(X0,f(X1,X0)),X0),f(X2,f(f(X0,f(X1,X0)),X0))),f(f(X0,f(X1,X0)),X0)),f(X3,f(f(f(X0,f(X1,X0)),X0),f(f(f(X0,f(X1,X0)),X0),f(f(X0,f(X1,X0)),X0))))),f(f(X0,X3),f(f(X0,X3),f(X0,X3)))),f(X0,f(X0,X0))),f(f(f(f(f(f(X0,f(X1,X0)),X0),f(X2,f(f(X0,f(X1,X0)),X0))),f(f(X0,f(X1,X0)),X0)),f(X3,f(f(f(X0,f(X1,X0)),X0),f(f(f(X0,f(X1,X0)),X0),f(f(X0,f(X1,X0)),X0))))),f(f(X0,X3),f(f(X0,X3),f(X0,X3))))),f(f(f(f(f(f(f(f(X0,f(X1,X0)),X0),f(X2,f(f(X0,f(X1,X0)),X0))),f(f(X0,f(X1,X0)),X0)),f(X3,f(f(f(X0,f(X1,X0)),X0),f(f(f(X0,f(X1,X0)),X0),f(f(X0,f(X1,X0)),X0))))),f(f(X0,X3),f(f(X0,X3),f(X0,X3)))),X4),f(f(f(f(f(f(f(X0,f(X1,X0)),X0),f(X2,f(f(X0,f(X1,X0)),X0))),f(f(X0,f(X1,X0)),X0)),f(X3,f(f(f(X0,f(X1,X0)),X0),f(f(f(X0,f(X1,X0)),X0),f(f(X0,f(X1,X0)),X0))))),f(f(X0,X3),f(f(X0,X3),f(X0,X3)))),f(f(f(f(f(f(f(X0,f(X1,X0)),X0),f(X2,f(f(X0,f(X1,X0)),X0))),f(f(X0,f(X1,X0)),X0)),f(X3,f(f(f(X0,f(X1,X0)),X0),f(f(f(X0,f(X1,X0)),X0),f(f(X0,f(X1,X0)),X0))))),f(f(X0,X3),f(f(X0,X3),f(X0,X3)))),f(f(f(f(f(f(X0,f(X1,X0)),X0),f(X2,f(f(X0,f(X1,X0)),X0))),f(f(X0,f(X1,X0)),X0)),f(X3,f(f(f(X0,f(X1,X0)),X0),f(f(f(X0,f(X1,X0)),X0),f(f(X0,f(X1,X0)),X0))))),f(f(X0,X3),f(f(X0,X3),f(X0,X3)))))))) = X4 [superposition 7,8]
[SA] active: 2689. f(f(f(f(X0,f(X1,X0)),X0),f(X0,f(X0,X0))),X2) = f(f(f(f(X0,f(X3,X0)),X0),f(X0,f(X0,X0))),X2) [superposition 1551,1551]
[SA] active: 14. f(f(f(X0,f(X0,X0)),X4),f(f(X0,f(X0,X0)),f(f(X0,f(X0,X0)),f(X0,f(X0,X0))))) = f(f(f(f(f(f(X0,f(X0,X0)),f(f(f(f(f(X0,f(X1,X0)),X0),f(X2,f(f(X0,f(X1,X0)),X0))),f(f(X0,f(X1,X0)),X0)),f(X3,f(f(f(X0,f(X1,X0)),X0),f(f(f(X0,f(X1,X0)),X0),f(f(X0,f(X1,X0)),X0)))))),f(X0,f(X0,X0))),f(X5,f(f(f(X0,f(X0,X0)),f(f(f(f(f(X0,f(X1,X0)),X0),f(X2,f(f(X0,f(X1,X0)),X0))),f(f(X0,f(X1,X0)),X0)),f(X3,f(f(f(X0,f(X1,X0)),X0),f(f(f(X0,f(X1,X0)),X0),f(f(X0,f(X1,X0)),X0)))))),f(X0,f(X0,X0))))),f(f(f(X0,f(X0,X0)),f(f(f(f(f(X0,f(X1,X0)),X0),f(X2,f(f(X0,f(X1,X0)),X0))),f(f(X0,f(X1,X0)),X0)),f(X3,f(f(f(X0,f(X1,X0)),X0),f(f(f(X0,f(X1,X0)),X0),f(f(X0,f(X1,X0)),X0)))))),f(X0,f(X0,X0)))),f(X4,f(f(f(f(X0,f(X0,X0)),f(f(f(f(f(X0,f(X1,X0)),X0),f(X2,f(f(X0,f(X1,X0)),X0))),f(f(X0,f(X1,X0)),X0)),f(X3,f(f(f(X0,f(X1,X0)),X0),f(f(f(X0,f(X1,X0)),X0),f(f(X0,f(X1,X0)),X0)))))),f(X0,f(X0,X0))),f(f(f(f(X0,f(X0,X0)),f(f(f(f(f(X0,f(X1,X0)),X0),f(X2,f(f(X0,f(X1,X0)),X0))),f(f(X0,f(X1,X0)),X0)),f(X3,f(f(f(X0,f(X1,X0)),X0),f(f(f(X0,f(X1,X0)),X0),f(f(X0,f(X1,X0)),X0)))))),f(X0,f(X0,X0))),f(f(f(X0,f(X0,X0)),f(f(f(f(f(X0,f(X1,X0)),X0),f(X2,f(f(X0,f(X1,X0)),X0))),f(f(X0,f(X1,X0)),X0)),f(X3,f(f(f(X0,f(X1,X0)),X0),f(f(f(X0,f(X1,X0)),X0),f(f(X0,f(X1,X0)),X0)))))),f(X0,f(X0,X0))))))) [superposition 8,8]
[SA] active: 1081. f(f(f(f(X0,f(X0,X0)),f(X2,f(X0,f(X0,X0)))),f(X0,f(X0,X0))),X3) = f(f(f(f(X0,f(X1,X0)),X0),f(X0,f(X0,X0))),X3) [superposition 44,833]
[SA] active: 28. f(f(f(f(X0,f(f(f(f(f(X1,X2),f(X1,f(X1,X1))),X2),f(f(X1,X2),f(X1,f(X1,X1)))),f(f(f(f(f(X1,X2),f(X1,f(X1,X1))),X2),f(f(X1,X2),f(X1,f(X1,X1)))),f(f(f(f(X1,X2),f(X1,f(X1,X1))),X2),f(f(X1,X2),f(X1,f(X1,X1))))))),f(f(f(f(X1,X2),f(X1,f(X1,X1))),X0),f(f(f(X1,X2),f(X1,f(X1,X1))),f(f(f(X1,X2),f(X1,f(X1,X1))),f(f(X1,X2),f(X1,f(X1,X1))))))),f(X0,f(f(f(f(f(X1,X2),f(X1,f(X1,X1))),X2),f(f(X1,X2),f(X1,f(X1,X1)))),f(f(f(f(f(X1,X2),f(X1,f(X1,X1))),X2),f(f(X1,X2),f(X1,f(X1,X1)))),f(f(f(f(X1,X2),f(X1,f(X1,X1))),X2),f(f(X1,X2),f(X1,f(X1,X1)))))))),f(f(f(X0,f(f(f(f(f(X1,X2),f(X1,f(X1,X1))),X2),f(f(X1,X2),f(X1,f(X1,X1)))),f(f(f(f(f(X1,X2),f(X1,f(X1,X1))),X2),f(f(X1,X2),f(X1,f(X1,X1)))),f(f(f(f(X1,X2),f(X1,f(X1,X1))),X2),f(f(X1,X2),f(X1,f(X1,X1))))))),X3),f(f(X0,f(f(f(f(f(X1,X2),f(X1,f(X1,X1))),X2),f(f(X1,X2),f(X1,f(X1,X1)))),f(f(f(f(f(X1,X2),f(X1,f(X1,X1))),X2),f(f(X1,X2),f(X1,f(X1,X1)))),f(f(f(f(X1,X2),f(X1,f(X1,X1))),X2),f(f(X1,X2),f(X1,f(X1,X1))))))),f(f(X0,f(f(f(f(f(X1,X2),f(X1,f(X1,X1))),X2),f(f(X1,X2),f(X1,f(X1,X1)))),f(f(f(f(f(X1,X2),f(X1,f(X1,X1))),X2),f(f(X1,X2),f(X1,f(X1,X1)))),f(f(f(f(X1,X2),f(X1,f(X1,X1))),X2),f(f(X1,X2),f(X1,f(X1,X1))))))),f(X0,f(f(f(f(f(X1,X2),f(X1,f(X1,X1))),X2),f(f(X1,X2),f(X1,f(X1,X1)))),f(f(f(f(f(X1,X2),f(X1,f(X1,X1))),X2),f(f(X1,X2),f(X1,f(X1,X1)))),f(f(f(f(X1,X2),f(X1,f(X1,X1))),X2),f(f(X1,X2),f(X1,f(X1,X1))))))))))) = X3 [superposition 7,7]
[SA] active: 37. f(f(f(X1,f(X1,X1)),f(f(f(f(X1,f(X1,X1)),X0),f(X1,f(X1,X1))),X3)),f(f(X1,f(X1,X1)),f(f(X1,f(X1,X1)),f(X1,f(X1,X1))))) = X3 [superposition 21,21]
[SA] active: 15. f(f(f(X1,f(f(f(X0,f(X2,X0)),X0),f(f(f(X0,f(X2,X0)),X0),f(f(X0,f(X2,X0)),X0)))),X3),f(f(X1,f(f(f(X0,f(X2,X0)),X0),f(f(f(X0,f(X2,X0)),X0),f(f(X0,f(X2,X0)),X0)))),f(f(X1,f(f(f(X0,f(X2,X0)),X0),f(f(f(X0,f(X2,X0)),X0),f(f(X0,f(X2,X0)),X0)))),f(X1,f(f(f(X0,f(X2,X0)),X0),f(f(f(X0,f(X2,X0)),X0),f(f(X0,f(X2,X0)),X0))))))) = f(f(f(f(f(f(X1,f(f(f(X0,f(X2,X0)),X0),f(f(f(X0,f(X2,X0)),X0),f(f(X0,f(X2,X0)),X0)))),f(f(X0,X1),f(X0,f(X0,X0)))),f(X1,f(f(f(X0,f(X2,X0)),X0),f(f(f(X0,f(X2,X0)),X0),f(f(X0,f(X2,X0)),X0))))),f(X5,f(f(f(X1,f(f(f(X0,f(X2,X0)),X0),f(f(f(X0,f(X2,X0)),X0),f(f(X0,f(X2,X0)),X0)))),f(f(X0,X1),f(X0,f(X0,X0)))),f(X1,f(f(f(X0,f(X2,X0)),X0),f(f(f(X0,f(X2,X0)),X0),f(f(X0,f(X2,X0)),X0))))))),f(f(f(X1,f(f(f(X0,f(X2,X0)),X0),f(f(f(X0,f(X2,X0)),X0),f(f(X0,f(X2,X0)),X0)))),f(f(X0,X1),f(X0,f(X0,X0)))),f(X1,f(f(f(X0,f(X2,X0)),X0),f(f(f(X0,f(X2,X0)),X0),f(f(X0,f(X2,X0)),X0)))))),f(X3,f(f(f(f(X1,f(f(f(X0,f(X2,X0)),X0),f(f(f(X0,f(X2,X0)),X0),f(f(X0,f(X2,X0)),X0)))),f(f(X0,X1),f(X0,f(X0,X0)))),f(X1,f(f(f(X0,f(X2,X0)),X0),f(f(f(X0,f(X2,X0)),X0),f(f(X0,f(X2,X0)),X0))))),f(f(f(f(X1,f(f(f(X0,f(X2,X0)),X0),f(f(f(X0,f(X2,X0)),X0),f(f(X0,f(X2,X0)),X0)))),f(f(X0,X1),f(X0,f(X0,X0)))),f(X1,f(f(f(X0,f(X2,X0)),X0),f(f(f(X0,f(X2,X0)),X0),f(f(X0,f(X2,X0)),X0))))),f(f(f(X1,f(f(f(X0,f(X2,X0)),X0),f(f(f(X0,f(X2,X0)),X0),f(f(X0,f(X2,X0)),X0)))),f(f(X0,X1),f(X0,f(X0,X0)))),f(X1,f(f(f(X0,f(X2,X0)),X0),f(f(f(X0,f(X2,X0)),X0),f(f(X0,f(X2,X0)),X0))))))))) [superposition 8,8]
[SA] active: 50. f(f(f(f(X1,f(X1,X1)),X0),f(X1,f(X1,X1))),f(f(f(X1,f(X1,X1)),X3),f(f(X1,f(X1,X1)),f(f(X1,f(X1,X1)),f(X1,f(X1,X1)))))) = X3 [superposition 5,21]
[SA] active: 32. f(X0,f(f(f(f(f(X1,X2),f(X1,f(X1,X1))),X2),f(f(X1,X2),f(X1,f(X1,X1)))),f(f(f(f(f(X1,X2),f(X1,f(X1,X1))),X2),f(f(X1,X2),f(X1,f(X1,X1)))),f(f(f(f(X1,X2),f(X1,f(X1,X1))),X2),f(f(X1,X2),f(X1,f(X1,X1))))))) = f(f(f(f(f(f(f(f(f(X1,X2),f(X1,f(X1,X1))),X2),f(f(X1,X2),f(X1,f(X1,X1)))),f(X3,f(f(f(f(X1,X2),f(X1,f(X1,X1))),X2),f(f(X1,X2),f(X1,f(X1,X1)))))),f(f(f(f(X1,X2),f(X1,f(X1,X1))),X2),f(f(X1,X2),f(X1,f(X1,X1))))),f(X4,f(f(f(f(f(f(X1,X2),f(X1,f(X1,X1))),X2),f(f(X1,X2),f(X1,f(X1,X1)))),f(X3,f(f(f(f(X1,X2),f(X1,f(X1,X1))),X2),f(f(X1,X2),f(X1,f(X1,X1)))))),f(f(f(f(X1,X2),f(X1,f(X1,X1))),X2),f(f(X1,X2),f(X1,f(X1,X1))))))),f(f(f(f(f(f(X1,X2),f(X1,f(X1,X1))),X2),f(f(X1,X2),f(X1,f(X1,X1)))),f(X3,f(f(f(f(X1,X2),f(X1,f(X1,X1))),X2),f(f(X1,X2),f(X1,f(X1,X1)))))),f(f(f(f(X1,X2),f(X1,f(X1,X1))),X2),f(f(X1,X2),f(X1,f(X1,X1)))))),f(f(f(f(f(X1,X2),f(X1,f(X1,X1))),X0),f(f(f(X1,X2),f(X1,f(X1,X1))),f(f(f(X1,X2),f(X1,f(X1,X1))),f(f(X1,X2),f(X1,f(X1,X1)))))),f(f(f(f(f(f(f(X1,X2),f(X1,f(X1,X1))),X2),f(f(X1,X2),f(X1,f(X1,X1)))),f(X3,f(f(f(f(X1,X2),f(X1,f(X1,X1))),X2),f(f(X1,X2),f(X1,f(X1,X1)))))),f(f(f(f(X1,X2),f(X1,f(X1,X1))),X2),f(f(X1,X2),f(X1,f(X1,X1))))),f(f(f(f(f(f(f(X1,X2),f(X1,f(X1,X1))),X2),f(f(X1,X2),f(X1,f(X1,X1)))),f(X3,f(f(f(f(X1,X2),f(X1,f(X1,X1))),X2),f(f(X1,X2),f(X1,f(X1,X1)))))),f(f(f(f(X1,X2),f(X1,f(X1,X1))),X2),f(f(X1,X2),f(X1,f(X1,X1))))),f(f(f(f(f(f(X1,X2),f(X1,f(X1,X1))),X2),f(f(X1,X2),f(X1,f(X1,X1)))),f(X3,f(f(f(f(X1,X2),f(X1,f(X1,X1))),X2),f(f(X1,X2),f(X1,f(X1,X1)))))),f(f(f(f(X1,X2),f(X1,f(X1,X1))),X2),f(f(X1,X2),f(X1,f(X1,X1))))))))) [superposition 8,7]
[SA] active: 5368. f(f(f(f(X0,f(X0,X0)),X2),f(X0,f(X0,X0))),f(f(f(X0,f(X1,X0)),X0),f(f(X0,f(X0,X0)),f(f(X0,f(X0,X0)),f(X0,f(X0,X0)))))) = X0 [superposition 50,44]
[SA] active: 12. f(f(f(f(f(X0,f(X1,X0)),X0),f(f(f(X0,f(X1,X0)),X0),f(f(X0,f(X1,X0)),X0))),X3),f(f(f(f(X0,f(X1,X0)),X0),f(f(f(X0,f(X1,X0)),X0),f(f(X0,f(X1,X0)),X0))),f(f(f(f(X0,f(X1,X0)),X0),f(f(f(X0,f(X1,X0)),X0),f(f(X0,f(X1,X0)),X0))),f(f(f(X0,f(X1,X0)),X0),f(f(f(X0,f(X1,X0)),X0),f(f(X0,f(X1,X0)),X0)))))) = f(f(f(f(f(f(f(f(X0,f(X1,X0)),X0),f(f(f(X0,f(X1,X0)),X0),f(f(X0,f(X1,X0)),X0))),f(X2,f(f(f(X0,f(X1,X0)),X0),f(f(f(X0,f(X1,X0)),X0),f(f(X0,f(X1,X0)),X0))))),f(f(f(X0,f(X1,X0)),X0),f(f(f(X0,f(X1,X0)),X0),f(f(X0,f(X1,X0)),X0)))),f(f(X0,f(f(f(f(X0,f(X1,X0)),X0),f(f(f(X0,f(X1,X0)),X0),f(f(X0,f(X1,X0)),X0))),f(X2,f(f(f(X0,f(X1,X0)),X0),f(f(f(X0,f(X1,X0)),X0),f(f(X0,f(X1,X0)),X0)))))),f(X0,f(X0,X0)))),f(f(f(f(f(X0,f(X1,X0)),X0),f(f(f(X0,f(X1,X0)),X0),f(f(X0,f(X1,X0)),X0))),f(X2,f(f(f(X0,f(X1,X0)),X0),f(f(f(X0,f(X1,X0)),X0),f(f(X0,f(X1,X0)),X0))))),f(f(f(X0,f(X1,X0)),X0),f(f(f(X0,f(X1,X0)),X0),f(f(X0,f(X1,X0)),X0))))),f(X3,f(f(f(f(f(f(X0,f(X1,X0)),X0),f(f(f(X0,f(X1,X0)),X0),f(f(X0,f(X1,X0)),X0))),f(X2,f(f(f(X0,f(X1,X0)),X0),f(f(f(X0,f(X1,X0)),X0),f(f(X0,f(X1,X0)),X0))))),f(f(f(X0,f(X1,X0)),X0),f(f(f(X0,f(X1,X0)),X0),f(f(X0,f(X1,X0)),X0)))),f(f(f(f(f(f(X0,f(X1,X0)),X0),f(f(f(X0,f(X1,X0)),X0),f(f(X0,f(X1,X0)),X0))),f(X2,f(f(f(X0,f(X1,X0)),X0),f(f(f(X0,f(X1,X0)),X0),f(f(X0,f(X1,X0)),X0))))),f(f(f(X0,f(X1,X0)),X0),f(f(f(X0,f(X1,X0)),X0),f(f(X0,f(X1,X0)),X0)))),f(f(f(f(f(X0,f(X1,X0)),X0),f(f(f(X0,f(X1,X0)),X0),f(f(X0,f(X1,X0)),X0))),f(X2,f(f(f(X0,f(X1,X0)),X0),f(f(f(X0,f(X1,X0)),X0),f(f(X0,f(X1,X0)),X0))))),f(f(f(X0,f(X1,X0)),X0),f(f(f(X0,f(X1,X0)),X0),f(f(X0,f(X1,X0)),X0)))))))) [superposition 8,8]
[SA] active: 1070. f(f(f(f(X0,f(X1,X0)),X0),f(X0,f(X0,X0))),f(f(f(X0,f(X0,X0)),X3),f(f(X0,f(X0,X0)),f(f(X0,f(X0,X0)),f(X0,f(X0,X0)))))) = X3 [superposition 5,833]
[SA] active: 27. f(f(f(f(f(f(X0,X1),f(X0,f(X0,X0))),f(f(f(f(f(X0,f(X2,X0)),X0),f(X3,f(f(X0,f(X2,X0)),X0))),f(f(X0,f(X2,X0)),X0)),f(f(f(f(f(X0,f(X2,X0)),X0),f(X3,f(f(X0,f(X2,X0)),X0))),f(f(X0,f(X2,X0)),X0)),f(f(f(f(X0,f(X2,X0)),X0),f(X3,f(f(X0,f(X2,X0)),X0))),f(f(X0,f(X2,X0)),X0))))),f(X1,f(f(f(X0,f(X2,X0)),X0),f(f(f(X0,f(X2,X0)),X0),f(f(X0,f(X2,X0)),X0))))),f(f(f(X0,X1),f(X0,f(X0,X0))),f(f(f(f(f(X0,f(X2,X0)),X0),f(X3,f(f(X0,f(X2,X0)),X0))),f(f(X0,f(X2,X0)),X0)),f(f(f(f(f(X0,f(X2,X0)),X0),f(X3,f(f(X0,f(X2,X0)),X0))),f(f(X0,f(X2,X0)),X0)),f(f(f(f(X0,f(X2,X0)),X0),f(X3,f(f(X0,f(X2,X0)),X0))),f(f(X0,f(X2,X0)),X0)))))),f(f(f(f(f(X0,X1),f(X0,f(X0,X0))),f(f(f(f(f(X0,f(X2,X0)),X0),f(X3,f(f(X0,f(X2,X0)),X0))),f(f(X0,f(X2,X0)),X0)),f(f(f(f(f(X0,f(X2,X0)),X0),f(X3,f(f(X0,f(X2,X0)),X0))),f(f(X0,f(X2,X0)),X0)),f(f(f(f(X0,f(X2,X0)),X0),f(X3,f(f(X0,f(X2,X0)),X0))),f(f(X0,f(X2,X0)),X0))))),X4),f(f(f(f(X0,X1),f(X0,f(X0,X0))),f(f(f(f(f(X0,f(X2,X0)),X0),f(X3,f(f(X0,f(X2,X0)),X0))),f(f(X0,f(X2,X0)),X0)),f(f(f(f(f(X0,f(X2,X0)),X0),f(X3,f(f(X0,f(X2,X0)),X0))),f(f(X0,f(X2,X0)),X0)),f(f(f(f(X0,f(X2,X0)),X0),f(X3,f(f(X0,f(X2,X0)),X0))),f(f(X0,f(X2,X0)),X0))))),f(f(f(f(X0,X1),f(X0,f(X0,X0))),f(f(f(f(f(X0,f(X2,X0)),X0),f(X3,f(f(X0,f(X2,X0)),X0))),f(f(X0,f(X2,X0)),X0)),f(f(f(f(f(X0,f(X2,X0)),X0),f(X3,f(f(X0,f(X2,X0)),X0))),f(f(X0,f(X2,X0)),X0)),f(f(f(f(X0,f(X2,X0)),X0),f(X3,f(f(X0,f(X2,X0)),X0))),f(f(X0,f(X2,X0)),X0))))),f(f(f(X0,X1),f(X0,f(X0,X0))),f(f(f(f(f(X0,f(X2,X0)),X0),f(X3,f(f(X0,f(X2,X0)),X0))),f(f(X0,f(X2,X0)),X0)),f(f(f(f(f(X0,f(X2,X0)),X0),f(X3,f(f(X0,f(X2,X0)),X0))),f(f(X0,f(X2,X0)),X0)),f(f(f(f(X0,f(X2,X0)),X0),f(X3,f(f(X0,f(X2,X0)),X0))),f(f(X0,f(X2,X0)),X0))))))))) = X4 [superposition 7,8]
[SA] active: 1078. f(f(f(X0,f(X0,X0)),f(f(f(f(X0,f(X1,X0)),X0),f(X0,f(X0,X0))),X3)),f(f(X0,f(X0,X0)),f(f(X0,f(X0,X0)),f(X0,f(X0,X0))))) = X3 [superposition 21,833]
[SA] active: 10. f(f(f(f(f(f(f(f(f(X0,f(X2,X0)),X0),f(X3,f(f(X0,f(X2,X0)),X0))),f(f(X0,f(X2,X0)),X0)),f(X4,f(f(f(f(X0,f(X2,X0)),X0),f(X3,f(f(X0,f(X2,X0)),X0))),f(f(X0,f(X2,X0)),X0)))),f(f(f(f(X0,f(X2,X0)),X0),f(X3,f(f(X0,f(X2,X0)),X0))),f(f(X0,f(X2,X0)),X0))),f(X5,f(f(f(f(f(f(X0,f(X2,X0)),X0),f(X3,f(f(X0,f(X2,X0)),X0))),f(f(X0,f(X2,X0)),X0)),f(X4,f(f(f(f(X0,f(X2,X0)),X0),f(X3,f(f(X0,f(X2,X0)),X0))),f(f(X0,f(X2,X0)),X0)))),f(f(f(f(X0,f(X2,X0)),X0),f(X3,f(f(X0,f(X2,X0)),X0))),f(f(X0,f(X2,X0)),X0))))),f(f(f(f(f(f(X0,f(X2,X0)),X0),f(X3,f(f(X0,f(X2,X0)),X0))),f(f(X0,f(X2,X0)),X0)),f(X4,f(f(f(f(X0,f(X2,X0)),X0),f(X3,f(f(X0,f(X2,X0)),X0))),f(f(X0,f(X2,X0)),X0)))),f(f(f(f(X0,f(X2,X0)),X0),f(X3,f(f(X0,f(X2,X0)),X0))),f(f(X0,f(X2,X0)),X0)))),f(f(X1,f(f(f(X0,f(X2,X0)),X0),f(f(f(X0,f(X2,X0)),X0),f(f(X0,f(X2,X0)),X0)))),f(f(f(f(f(f(f(X0,f(X2,X0)),X0),f(X3,f(f(X0,f(X2,X0)),X0))),f(f(X0,f(X2,X0)),X0)),f(X4,f(f(f(f(X0,f(X2,X0)),X0),f(X3,f(f(X0,f(X2,X0)),X0))),f(f(X0,f(X2,X0)),X0)))),f(f(f(f(X0,f(X2,X0)),X0),f(X3,f(f(X0,f(X2,X0)),X0))),f(f(X0,f(X2,X0)),X0))),f(f(f(f(f(f(f(X0,f(X2,X0)),X0),f(X3,f(f(X0,f(X2,X0)),X0))),f(f(X0,f(X2,X0)),X0)),f(X4,f(f(f(f(X0,f(X2,X0)),X0),f(X3,f(f(X0,f(X2,X0)),X0))),f(f(X0,f(X2,X0)),X0)))),f(f(f(f(X0,f(X2,X0)),X0),f(X3,f(f(X0,f(X2,X0)),X0))),f(f(X0,f(X2,X0)),X0))),f(f(f(f(f(f(X0,f(X2,X0)),X0),f(X3,f(f(X0,f(X2,X0)),X0))),f(f(X0,f(X2,X0)),X0)),f(X4,f(f(f(f(X0,f(X2,X0)),X0),f(X3,f(f(X0,f(X2,X0)),X0))),f(f(X0,f(X2,X0)),X0)))),f(f(f(f(X0,f(X2,X0)),X0),f(X3,f(f(X0,f(X2,X0)),X0))),f(f(X0,f(X2,X0)),X0))))))) = f(f(f(X0,X1),f(X0,f(X0,X0))),f(f(f(f(f(X0,f(X2,X0)),X0),f(X3,f(f(X0,f(X2,X0)),X0))),f(f(X0,f(X2,X0)),X0)),f(f(f(f(f(X0,f(X2,X0)),X0),f(X3,f(f(X0,f(X2,X0)),X0))),f(f(X0,f(X2,X0)),X0)),f(f(f(f(X0,f(X2,X0)),X0),f(X3,f(f(X0,f(X2,X0)),X0))),f(f(X0,f(X2,X0)),X0))))) [superposition 8,8]
[SA] active: 5801. f(f(f(f(X0,f(X2,X0)),X0),f(X0,f(X0,X0))),f(f(f(X0,f(X1,X0)),X0),f(f(X0,f(X0,X0)),f(f(X0,f(X0,X0)),f(X0,f(X0,X0)))))) = X0 [superposition 2689,5368]
[SA] active: 45. f(f(f(f(f(X1,X2),f(X1,f(X1,X1))),f(X3,f(f(X1,X2),f(X1,f(X1,X1))))),f(f(X1,X2),f(X1,f(X1,X1)))),X0) = f(f(f(f(f(X1,X2),f(X1,f(X1,X1))),X2),f(f(X1,X2),f(X1,f(X1,X1)))),X0) [superposition 7,21]
[SA] active: 162. f(f(f(f(X0,f(X2,X0)),f(X3,f(X0,f(X2,X0)))),f(X0,f(X2,X0))),f(f(f(X0,f(X1,X0)),X0),f(f(X0,f(X2,X0)),f(f(X0,f(X2,X0)),f(X0,f(X2,X0)))))) = X0 [superposition 5,44]
[SA] active: 43. f(f(f(f(f(X1,f(X3,X1)),X1),f(X4,f(f(X1,f(X3,X1)),X1))),f(f(X1,f(X3,X1)),X1)),f(f(f(f(X1,f(X2,X1)),X1),X0),f(f(f(X1,f(X3,X1)),X1),f(f(f(X1,f(X3,X1)),X1),f(f(X1,f(X3,X1)),X1))))) = X0 [superposition 8,21]
[SA] active: 319. f(f(f(f(X0,f(X3,X0)),X0),f(X4,f(f(X0,f(X3,X0)),X0))),f(f(X0,f(X3,X0)),X0)) = f(f(f(f(X0,f(X1,X0)),X0),f(X2,f(f(X0,f(X3,X0)),X0))),f(f(X0,f(X3,X0)),X0)) [superposition 189,44]
[SA] active: 35. f(f(f(f(X1,X0),f(X1,f(X1,X1))),f(f(f(f(f(X1,X0),f(X1,f(X1,X1))),X0),f(f(X1,X0),f(X1,f(X1,X1)))),X3)),f(f(f(X1,X0),f(X1,f(X1,X1))),f(f(f(X1,X0),f(X1,f(X1,X1))),f(f(X1,X0),f(X1,f(X1,X1)))))) = X3 [superposition 21,5]
[SA] active: 9227. f(f(f(f(X0,f(X1,X0)),X0),f(X2,f(f(X0,f(X3,X0)),X0))),f(f(X0,f(X3,X0)),X0)) = f(f(f(f(X0,f(X5,X0)),X0),f(X6,f(f(X0,f(X3,X0)),X0))),f(f(X0,f(X3,X0)),X0)) [superposition 319,319]
[SA] active: 66. f(f(f(X1,f(X3,X1)),X1),f(f(f(f(f(X1,f(X3,X1)),X1),f(X5,f(f(X1,f(X3,X1)),X1))),f(f(X1,f(X3,X1)),X1)),X0)) = f(f(f(X1,f(X2,X1)),X1),f(f(f(f(f(X1,f(X3,X1)),X1),f(X4,f(f(X1,f(X3,X1)),X1))),f(f(X1,f(X3,X1)),X1)),X0)) [superposition 18,21]
[SA] active: 874. f(f(f(f(X0,f(X1,X0)),X0),f(f(f(X0,f(X1,X0)),X0),f(f(X0,f(X1,X0)),X0))),X2) = f(f(f(f(X0,f(X1,X0)),X0),f(f(f(X0,f(X1,X0)),X0),f(f(X0,f(X1,X0)),X0))),X5) [forward demodulation 853,18]
[SA] active: 49. f(X1,f(X1,X1)) = f(f(f(f(X1,f(f(f(X1,f(X2,X1)),X1),X0)),f(X3,f(X1,f(f(f(X1,f(X2,X1)),X1),X0)))),f(X1,f(f(f(X1,f(X2,X1)),X1),X0))),f(X0,f(f(X1,f(f(f(X1,f(X2,X1)),X1),X0)),f(f(X1,f(f(f(X1,f(X2,X1)),X1),X0)),f(X1,f(f(f(X1,f(X2,X1)),X1),X0)))))) [superposition 5,21]
[SA] active: 12444. X2 = X4 [forward demodulation 12199,5]
% Refutation found. Thanks to Tanya!
% SZS status Unsatisfiable for p
% SZS output start Proof for p
1. ! [X0,X1,X2] : X0 = f(f(f(X2,f(X1,X2)),X2),f(f(X2,X0),f(X2,f(X2,X2)))) [input(axiom)]
2. ? [X0,X1] : X0 != X1 [input(axiom)]
3. ? [X0,X1] : X0 != X1 => sK0 != sK1 [skolem symbol introduction]
4. sK0 != sK1 [skolemisation 2,3]
5. f(f(f(X2,f(X1,X2)),X2),f(f(X2,X0),f(X2,f(X2,X2)))) = X0 [cnf transformation 1]
6. sK0 != sK1 [cnf transformation 4]
8. f(f(X1,X0),f(X1,f(X1,X1))) = f(f(f(f(f(X1,f(X2,X1)),X1),f(X3,f(f(X1,f(X2,X1)),X1))),f(f(X1,f(X2,X1)),X1)),f(X0,f(f(f(X1,f(X2,X1)),X1),f(f(f(X1,f(X2,X1)),X1),f(f(X1,f(X2,X1)),X1))))) [superposition 5,5]
18. f(f(f(X0,f(X4,X0)),X0),f(f(f(f(f(X0,f(X1,X0)),X0),f(X2,f(f(X0,f(X1,X0)),X0))),f(f(X0,f(X1,X0)),X0)),f(X3,f(f(f(X0,f(X1,X0)),X0),f(f(f(X0,f(X1,X0)),X0),f(f(X0,f(X1,X0)),X0)))))) = X3 [superposition 5,8]
21. f(f(X0,f(f(f(X0,f(X1,X0)),X0),X2)),f(X0,f(X0,X0))) = X2 [superposition 5,8]
44. f(f(f(X1,f(X2,X1)),X1),X0) = f(f(f(X1,f(X3,X1)),X1),X0) [superposition 5,21]
183. f(f(X0,f(X6,X0)),X0) = f(f(f(X2,f(X4,X2)),X2),f(f(f(f(f(X2,f(X3,X2)),X2),f(X5,f(f(X2,f(X3,X2)),X2))),f(f(X2,f(X3,X2)),X2)),f(f(f(X0,f(X1,X0)),X0),f(f(f(X2,f(X3,X2)),X2),f(f(f(X2,f(X3,X2)),X2),f(f(X2,f(X3,X2)),X2)))))) [superposition 18,44]
189. f(f(X0,f(X1,X0)),X0) = f(f(X0,f(X6,X0)),X0) [forward demodulation 183,18]
309. f(f(f(X1,f(X1,X1)),X0),f(X1,f(X1,X1))) = f(f(f(X1,f(X1,X1)),f(X2,f(X1,f(X1,X1)))),f(X1,f(X1,X1))) [superposition 189,21]
471. f(f(f(X0,f(X0,X0)),X1),f(X0,f(X0,X0))) = f(f(f(X0,f(X0,X0)),X2),f(X0,f(X0,X0))) [superposition 309,309]
853. f(f(f(f(X0,f(X1,X0)),X0),f(f(f(X0,f(X1,X0)),X0),f(f(X0,f(X1,X0)),X0))),X5) = f(f(f(X0,f(X3,X0)),X0),f(f(f(f(f(X0,f(X1,X0)),X0),f(X4,f(f(X0,f(X1,X0)),X0))),f(f(X0,f(X1,X0)),X0)),f(f(f(f(f(X0,f(X1,X0)),X0),f(f(f(X0,f(X1,X0)),X0),f(f(X0,f(X1,X0)),X0))),X2),f(f(f(X0,f(X1,X0)),X0),f(f(f(X0,f(X1,X0)),X0),f(f(X0,f(X1,X0)),X0)))))) [superposition 18,471]
874. f(f(f(f(X0,f(X1,X0)),X0),f(f(f(X0,f(X1,X0)),X0),f(f(X0,f(X1,X0)),X0))),X2) = f(f(f(f(X0,f(X1,X0)),X0),f(f(f(X0,f(X1,X0)),X0),f(f(X0,f(X1,X0)),X0))),X5) [forward demodulation 853,18]
12199. f(f(f(f(f(f(X0,f(X1,X0)),X0),f(f(f(X0,f(X1,X0)),X0),f(f(X0,f(X1,X0)),X0))),f(X3,f(f(f(X0,f(X1,X0)),X0),f(f(f(X0,f(X1,X0)),X0),f(f(X0,f(X1,X0)),X0))))),f(f(f(X0,f(X1,X0)),X0),f(f(f(X0,f(X1,X0)),X0),f(f(X0,f(X1,X0)),X0)))),f(f(f(f(f(X0,f(X1,X0)),X0),f(f(f(X0,f(X1,X0)),X0),f(f(X0,f(X1,X0)),X0))),X2),f(f(f(f(X0,f(X1,X0)),X0),f(f(f(X0,f(X1,X0)),X0),f(f(X0,f(X1,X0)),X0))),f(f(f(f(X0,f(X1,X0)),X0),f(f(f(X0,f(X1,X0)),X0),f(f(X0,f(X1,X0)),X0))),f(f(f(X0,f(X1,X0)),X0),f(f(f(X0,f(X1,X0)),X0),f(f(X0,f(X1,X0)),X0))))))) = X4 [superposition 5,874]
12444. X2 = X4 [forward demodulation 12199,5]
13411. sK0 != X0 [superposition 6,12444]
14053. $false [forward subsumption resolution 13411,12444]
% SZS output end Proof for p
% ------------------------------
% Version: Vampire 5.0.1 (Release build, commit 1b13eaf on 2026-01-18 12:14:50 +0000)
% Linked with Z3 4.14.0.0 3c47fd96cf5645d0c42b2c819d9e9a84380aa721 NOTFOUND
% CaDiCaL version: 2.1.3
% Termination reason: Refutation
% Time elapsed: 1.834 s
% Peak memory usage: 210 MB
% Instructions burned: 10194 (million)
% ------------------------------
% ------------------------------
